Archive member included to satisfy reference by file (symbol)

.\ARM_GCC_541\Debug\USBFS_Bulk_Wraparound.a(USBFS.o)
                              .\ARM_GCC_541\Debug\main.o (USBFS_Start)
.\ARM_GCC_541\Debug\USBFS_Bulk_Wraparound.a(USBFS_drv.o)
                              .\ARM_GCC_541\Debug\USBFS_Bulk_Wraparound.a(USBFS.o) (USBFS_EP)
.\ARM_GCC_541\Debug\USBFS_Bulk_Wraparound.a(USBFS_episr.o)
                              .\ARM_GCC_541\Debug\USBFS_Bulk_Wraparound.a(USBFS.o) (USBFS_EP_1_ISR)
.\ARM_GCC_541\Debug\USBFS_Bulk_Wraparound.a(USBFS_pm.o)
                              .\ARM_GCC_541\Debug\USBFS_Bulk_Wraparound.a(USBFS.o) (USBFS_DP_ISR)
.\ARM_GCC_541\Debug\USBFS_Bulk_Wraparound.a(USBFS_std.o)
                              .\ARM_GCC_541\Debug\USBFS_Bulk_Wraparound.a(USBFS_drv.o) (USBFS_HandleStandardRqst)
.\ARM_GCC_541\Debug\USBFS_Bulk_Wraparound.a(USBFS_vnd.o)
                              .\ARM_GCC_541\Debug\USBFS_Bulk_Wraparound.a(USBFS_drv.o) (USBFS_HandleVendorRqst)
.\ARM_GCC_541\Debug\USBFS_Bulk_Wraparound.a(USBFS_ep2_dma.o)
                              .\ARM_GCC_541\Debug\USBFS_Bulk_Wraparound.a(USBFS.o) (USBFS_ep2_DmaInitialize)
.\ARM_GCC_541\Debug\USBFS_Bulk_Wraparound.a(USBFS_ep1_dma.o)
                              .\ARM_GCC_541\Debug\USBFS_Bulk_Wraparound.a(USBFS.o) (USBFS_ep1_DmaInitialize)
.\ARM_GCC_541\Debug\USBFS_Bulk_Wraparound.a(USBFS_Dp.o)
                              .\ARM_GCC_541\Debug\USBFS_Bulk_Wraparound.a(USBFS.o) (USBFS_Dp_ClearInterrupt)
.\ARM_GCC_541\Debug\USBFS_Bulk_Wraparound.a(CyDmac.o)
                              .\ARM_GCC_541\Debug\Cm3Start.o (CyDmacConfigure)
.\ARM_GCC_541\Debug\USBFS_Bulk_Wraparound.a(CyLib.o)
                              .\ARM_GCC_541\Debug\Cm3Start.o (CyResetStatus)
.\ARM_GCC_541\Debug\USBFS_Bulk_Wraparound.a(cyPm.o)
                              .\ARM_GCC_541\Debug\USBFS_Bulk_Wraparound.a(CyLib.o) (CyPmReadStatus)
.\ARM_GCC_541\Debug\USBFS_Bulk_Wraparound.a(CyBootAsmGnu.o)
                              .\ARM_GCC_541\Debug\cyfitter_cfg.o (CyDelayCycles)
.\ARM_GCC_541\Debug\USBFS_Bulk_Wraparound.a(CyScBoostClk.o)
                              .\ARM_GCC_541\Debug\USBFS_Bulk_Wraparound.a(CyLib.o) (CyScBoostClk_Start)
.\ARM_GCC_541\Debug\USBFS_Bulk_Wraparound.a(USBFS_cls.o)
                              .\ARM_GCC_541\Debug\USBFS_Bulk_Wraparound.a(USBFS_drv.o) (USBFS_DispatchClassRqst)
.\ARM_GCC_541\Debug\USBFS_Bulk_Wraparound.a(USBFS_descr.o)
                              .\ARM_GCC_541\Debug\USBFS_Bulk_Wraparound.a(USBFS_std.o) (USBFS_DEVICE0_DESCR)
.\ARM_GCC_541\Debug\USBFS_Bulk_Wraparound.a(CyFlash.o)
                              .\ARM_GCC_541\Debug\USBFS_Bulk_Wraparound.a(cyPm.o) (CyFlash_SetWaitCycles)
.\ARM_GCC_541\Debug\USBFS_Bulk_Wraparound.a(CySpc.o)
                              .\ARM_GCC_541\Debug\USBFS_Bulk_Wraparound.a(CyFlash.o) (CySpcStart)
c:/program files (x86)/cypress/psoc creator/4.2/psoc creator/import/gnu/arm/5.4.1/bin/../lib/gcc/arm-none-eabi/5.4.1/../../../../arm-none-eabi/lib/armv7-m\libg_nano.a(lib_a-errno.o)
                              .\ARM_GCC_541\Debug\Cm3Start.o (__errno)
c:/program files (x86)/cypress/psoc creator/4.2/psoc creator/import/gnu/arm/5.4.1/bin/../lib/gcc/arm-none-eabi/5.4.1/../../../../arm-none-eabi/lib/armv7-m\libg_nano.a(lib_a-exit.o)
                              c:/program files (x86)/cypress/psoc creator/4.2/psoc creator/import/gnu/arm/5.4.1/bin/../lib/gcc/arm-none-eabi/5.4.1/../../../../arm-none-eabi/lib/armv7-m/crt0.o (exit)
c:/program files (x86)/cypress/psoc creator/4.2/psoc creator/import/gnu/arm/5.4.1/bin/../lib/gcc/arm-none-eabi/5.4.1/../../../../arm-none-eabi/lib/armv7-m\libg_nano.a(lib_a-impure.o)
                              c:/program files (x86)/cypress/psoc creator/4.2/psoc creator/import/gnu/arm/5.4.1/bin/../lib/gcc/arm-none-eabi/5.4.1/../../../../arm-none-eabi/lib/armv7-m\libg_nano.a(lib_a-exit.o) (_global_impure_ptr)
c:/program files (x86)/cypress/psoc creator/4.2/psoc creator/import/gnu/arm/5.4.1/bin/../lib/gcc/arm-none-eabi/5.4.1/../../../../arm-none-eabi/lib/armv7-m\libg_nano.a(lib_a-init.o)
                              c:/program files (x86)/cypress/psoc creator/4.2/psoc creator/import/gnu/arm/5.4.1/bin/../lib/gcc/arm-none-eabi/5.4.1/../../../../arm-none-eabi/lib/armv7-m/crt0.o (__libc_init_array)
c:/program files (x86)/cypress/psoc creator/4.2/psoc creator/import/gnu/arm/5.4.1/bin/../lib/gcc/arm-none-eabi/5.4.1/../../../../arm-none-eabi/lib/armv7-m\libg_nano.a(lib_a-memcpy-stub.o)
                              .\ARM_GCC_541\Debug\cyfitter_cfg.o (memcpy)
c:/program files (x86)/cypress/psoc creator/4.2/psoc creator/import/gnu/arm/5.4.1/bin/../lib/gcc/arm-none-eabi/5.4.1/../../../../arm-none-eabi/lib/armv7-m\libg_nano.a(lib_a-memset.o)
                              c:/program files (x86)/cypress/psoc creator/4.2/psoc creator/import/gnu/arm/5.4.1/bin/../lib/gcc/arm-none-eabi/5.4.1/../../../../arm-none-eabi/lib/armv7-m/crt0.o (memset)

Allocating common symbols
Common symbol       size              file

USBFS_deviceAddress
                    0x1               .\ARM_GCC_541\Debug\USBFS_Bulk_Wraparound.a(USBFS_drv.o)
USBFS_ep0Mode       0x1               .\ARM_GCC_541\Debug\USBFS_Bulk_Wraparound.a(USBFS_drv.o)
USBFS_interfaceSetting
                    0x1               .\ARM_GCC_541\Debug\USBFS_Bulk_Wraparound.a(USBFS_drv.o)
USBFS_currentTD     0xc               .\ARM_GCC_541\Debug\USBFS_Bulk_Wraparound.a(USBFS_drv.o)
USBFS_device        0x1               .\ARM_GCC_541\Debug\USBFS_Bulk_Wraparound.a(USBFS_drv.o)
USBFS_DmaChan       0x9               .\ARM_GCC_541\Debug\USBFS_Bulk_Wraparound.a(USBFS.o)
USBFS_interfaceNumber
                    0x1               .\ARM_GCC_541\Debug\USBFS_Bulk_Wraparound.a(USBFS_drv.o)
USBFS_ep0Toggle     0x1               .\ARM_GCC_541\Debug\USBFS_Bulk_Wraparound.a(USBFS_drv.o)
USBFS_deviceStatus  0x1               .\ARM_GCC_541\Debug\USBFS_Bulk_Wraparound.a(USBFS_drv.o)
USBFS_configurationChanged
                    0x1               .\ARM_GCC_541\Debug\USBFS_Bulk_Wraparound.a(USBFS_drv.o)
buffer              0x40              .\ARM_GCC_541\Debug\main.o
USBFS_configuration
                    0x1               .\ARM_GCC_541\Debug\USBFS_Bulk_Wraparound.a(USBFS_drv.o)
USBFS_DmaTd         0x9               .\ARM_GCC_541\Debug\USBFS_Bulk_Wraparound.a(USBFS.o)
USBFS_transferState
                    0x1               .\ARM_GCC_541\Debug\USBFS_Bulk_Wraparound.a(USBFS_drv.o)
USBFS_interfaceStatus
                    0x1               .\ARM_GCC_541\Debug\USBFS_Bulk_Wraparound.a(USBFS_drv.o)
USBFS_interfaceClass
                    0x4               .\ARM_GCC_541\Debug\USBFS_Bulk_Wraparound.a(USBFS_drv.o)
USBFS_EP            0x6c              .\ARM_GCC_541\Debug\USBFS_Bulk_Wraparound.a(USBFS_drv.o)
USBFS_idSerialNumberStringDescriptor
                    0x22              .\ARM_GCC_541\Debug\USBFS_Bulk_Wraparound.a(USBFS_descr.o)
USBFS_lastPacketSize
                    0x1               .\ARM_GCC_541\Debug\USBFS_Bulk_Wraparound.a(USBFS_drv.o)
dieTemperature      0x2               .\ARM_GCC_541\Debug\USBFS_Bulk_Wraparound.a(CyFlash.o)
USBFS_ep0Count      0x1               .\ARM_GCC_541\Debug\USBFS_Bulk_Wraparound.a(USBFS_drv.o)
USBFS_interfaceSettingLast
                    0x1               .\ARM_GCC_541\Debug\USBFS_Bulk_Wraparound.a(USBFS_drv.o)
USBFS_transferByteCount
                    0x2               .\ARM_GCC_541\Debug\USBFS_Bulk_Wraparound.a(USBFS_drv.o)

Discarded input sections

 .text          0x00000000        0x0 c:/program files (x86)/cypress/psoc creator/4.2/psoc creator/import/gnu/arm/5.4.1/bin/../lib/gcc/arm-none-eabi/5.4.1/armv7-m/crti.o
 .data          0x00000000        0x0 c:/program files (x86)/cypress/psoc creator/4.2/psoc creator/import/gnu/arm/5.4.1/bin/../lib/gcc/arm-none-eabi/5.4.1/armv7-m/crti.o
 .bss           0x00000000        0x0 c:/program files (x86)/cypress/psoc creator/4.2/psoc creator/import/gnu/arm/5.4.1/bin/../lib/gcc/arm-none-eabi/5.4.1/armv7-m/crti.o
 .data          0x00000000        0x4 c:/program files (x86)/cypress/psoc creator/4.2/psoc creator/import/gnu/arm/5.4.1/bin/../lib/gcc/arm-none-eabi/5.4.1/armv7-m/crtbegin.o
 .text          0x00000000       0x74 c:/program files (x86)/cypress/psoc creator/4.2/psoc creator/import/gnu/arm/5.4.1/bin/../lib/gcc/arm-none-eabi/5.4.1/../../../../arm-none-eabi/lib/armv7-m/crt0.o
 .data          0x00000000        0x0 c:/program files (x86)/cypress/psoc creator/4.2/psoc creator/import/gnu/arm/5.4.1/bin/../lib/gcc/arm-none-eabi/5.4.1/../../../../arm-none-eabi/lib/armv7-m/crt0.o
 .bss           0x00000000        0x0 c:/program files (x86)/cypress/psoc creator/4.2/psoc creator/import/gnu/arm/5.4.1/bin/../lib/gcc/arm-none-eabi/5.4.1/../../../../arm-none-eabi/lib/armv7-m/crt0.o
 .ARM.extab     0x00000000        0x0 c:/program files (x86)/cypress/psoc creator/4.2/psoc creator/import/gnu/arm/5.4.1/bin/../lib/gcc/arm-none-eabi/5.4.1/../../../../arm-none-eabi/lib/armv7-m/crt0.o
 .ARM.exidx     0x00000000        0x8 c:/program files (x86)/cypress/psoc creator/4.2/psoc creator/import/gnu/arm/5.4.1/bin/../lib/gcc/arm-none-eabi/5.4.1/../../../../arm-none-eabi/lib/armv7-m/crt0.o
 .text          0x00000000        0x0 .\ARM_GCC_541\Debug\main.o
 .data          0x00000000        0x0 .\ARM_GCC_541\Debug\main.o
 .bss           0x00000000        0x0 .\ARM_GCC_541\Debug\main.o
 .text          0x00000000        0x0 .\ARM_GCC_541\Debug\cyfitter_cfg.o
 .data          0x00000000        0x0 .\ARM_GCC_541\Debug\cyfitter_cfg.o
 .bss           0x00000000        0x0 .\ARM_GCC_541\Debug\cyfitter_cfg.o
 .text.CYCONFIGCPYCODE
                0x00000000       0x20 .\ARM_GCC_541\Debug\cyfitter_cfg.o
 .text.SetAnalogRoutingPumps
                0x00000000       0x28 .\ARM_GCC_541\Debug\cyfitter_cfg.o
 .text          0x00000000        0x0 .\ARM_GCC_541\Debug\cymetadata.o
 .data          0x00000000        0x0 .\ARM_GCC_541\Debug\cymetadata.o
 .bss           0x00000000        0x0 .\ARM_GCC_541\Debug\cymetadata.o
 .text          0x00000000        0x0 .\ARM_GCC_541\Debug\Cm3Start.o
 .data          0x00000000        0x4 .\ARM_GCC_541\Debug\Cm3Start.o
 .bss           0x00000000        0x0 .\ARM_GCC_541\Debug\Cm3Start.o
 .text._exit    0x00000000       0x14 .\ARM_GCC_541\Debug\Cm3Start.o
 .text._sbrk    0x00000000       0x50 .\ARM_GCC_541\Debug\Cm3Start.o
 .text          0x00000000        0x0 .\ARM_GCC_541\Debug\USBFS_Bulk_Wraparound.a(USBFS.o)
 .data          0x00000000        0x0 .\ARM_GCC_541\Debug\USBFS_Bulk_Wraparound.a(USBFS.o)
 .text.USBFS_Stop
                0x00000000      0x104 .\ARM_GCC_541\Debug\USBFS_Bulk_Wraparound.a(USBFS.o)
 .text.USBFS_CheckActivity
                0x00000000       0x38 .\ARM_GCC_541\Debug\USBFS_Bulk_Wraparound.a(USBFS.o)
 .text.USBFS_GetInterfaceSetting
                0x00000000       0x20 .\ARM_GCC_541\Debug\USBFS_Bulk_Wraparound.a(USBFS.o)
 .text.USBFS_Stop_DMA
                0x00000000       0x64 .\ARM_GCC_541\Debug\USBFS_Bulk_Wraparound.a(USBFS.o)
 .text.USBFS_DisableOutEP
                0x00000000       0x34 .\ARM_GCC_541\Debug\USBFS_Bulk_Wraparound.a(USBFS.o)
 .text.USBFS_Force
                0x00000000       0x20 .\ARM_GCC_541\Debug\USBFS_Bulk_Wraparound.a(USBFS.o)
 .text.USBFS_GetEPAckState
                0x00000000       0x40 .\ARM_GCC_541\Debug\USBFS_Bulk_Wraparound.a(USBFS.o)
 .text.USBFS_SetPowerStatus
                0x00000000       0x40 .\ARM_GCC_541\Debug\USBFS_Bulk_Wraparound.a(USBFS.o)
 .text.USBFS_RWUEnabled
                0x00000000       0x2c .\ARM_GCC_541\Debug\USBFS_Bulk_Wraparound.a(USBFS.o)
 .text.USBFS_GetDeviceAddress
                0x00000000       0x1c .\ARM_GCC_541\Debug\USBFS_Bulk_Wraparound.a(USBFS.o)
 .text.USBFS_EnableSofInt
                0x00000000        0xc .\ARM_GCC_541\Debug\USBFS_Bulk_Wraparound.a(USBFS.o)
 .text.USBFS_DisableSofInt
                0x00000000        0xc .\ARM_GCC_541\Debug\USBFS_Bulk_Wraparound.a(USBFS.o)
 .text          0x00000000        0x0 .\ARM_GCC_541\Debug\USBFS_Bulk_Wraparound.a(USBFS_drv.o)
 .data          0x00000000        0x0 .\ARM_GCC_541\Debug\USBFS_Bulk_Wraparound.a(USBFS_drv.o)
 .bss           0x00000000        0x0 .\ARM_GCC_541\Debug\USBFS_Bulk_Wraparound.a(USBFS_drv.o)
 .text.USBFS_InitControlWrite
                0x00000000       0x64 .\ARM_GCC_541\Debug\USBFS_Bulk_Wraparound.a(USBFS_drv.o)
 .text          0x00000000        0x0 .\ARM_GCC_541\Debug\USBFS_Bulk_Wraparound.a(USBFS_episr.o)
 .data          0x00000000        0x0 .\ARM_GCC_541\Debug\USBFS_Bulk_Wraparound.a(USBFS_episr.o)
 .bss           0x00000000        0x0 .\ARM_GCC_541\Debug\USBFS_Bulk_Wraparound.a(USBFS_episr.o)
 .text          0x00000000        0x0 .\ARM_GCC_541\Debug\USBFS_Bulk_Wraparound.a(USBFS_pm.o)
 .data          0x00000000        0x0 .\ARM_GCC_541\Debug\USBFS_Bulk_Wraparound.a(USBFS_pm.o)
 .bss           0x00000000        0x2 .\ARM_GCC_541\Debug\USBFS_Bulk_Wraparound.a(USBFS_pm.o)
 .text.USBFS_SaveConfig
                0x00000000        0xc .\ARM_GCC_541\Debug\USBFS_Bulk_Wraparound.a(USBFS_pm.o)
 .text.USBFS_RestoreConfig
                0x00000000       0x20 .\ARM_GCC_541\Debug\USBFS_Bulk_Wraparound.a(USBFS_pm.o)
 .text.USBFS_Suspend
                0x00000000      0x124 .\ARM_GCC_541\Debug\USBFS_Bulk_Wraparound.a(USBFS_pm.o)
 .text.USBFS_Resume
                0x00000000      0x114 .\ARM_GCC_541\Debug\USBFS_Bulk_Wraparound.a(USBFS_pm.o)
 .text          0x00000000        0x0 .\ARM_GCC_541\Debug\USBFS_Bulk_Wraparound.a(USBFS_std.o)
 .data          0x00000000        0x0 .\ARM_GCC_541\Debug\USBFS_Bulk_Wraparound.a(USBFS_std.o)
 .text.USBFS_EpStateInit
                0x00000000       0x6c .\ARM_GCC_541\Debug\USBFS_Bulk_Wraparound.a(USBFS_std.o)
 .text.USBFS_TerminateEP
                0x00000000       0xc0 .\ARM_GCC_541\Debug\USBFS_Bulk_Wraparound.a(USBFS_std.o)
 .text          0x00000000        0x0 .\ARM_GCC_541\Debug\USBFS_Bulk_Wraparound.a(USBFS_vnd.o)
 .data          0x00000000        0x0 .\ARM_GCC_541\Debug\USBFS_Bulk_Wraparound.a(USBFS_vnd.o)
 .bss           0x00000000        0x0 .\ARM_GCC_541\Debug\USBFS_Bulk_Wraparound.a(USBFS_vnd.o)
 .text          0x00000000        0x0 .\ARM_GCC_541\Debug\USBFS_Bulk_Wraparound.a(USBFS_ep2_dma.o)
 .bss           0x00000000        0x0 .\ARM_GCC_541\Debug\USBFS_Bulk_Wraparound.a(USBFS_ep2_dma.o)
 .text.USBFS_ep2_DmaRelease
                0x00000000       0x18 .\ARM_GCC_541\Debug\USBFS_Bulk_Wraparound.a(USBFS_ep2_dma.o)
 .text          0x00000000        0x0 .\ARM_GCC_541\Debug\USBFS_Bulk_Wraparound.a(USBFS_ep1_dma.o)
 .bss           0x00000000        0x0 .\ARM_GCC_541\Debug\USBFS_Bulk_Wraparound.a(USBFS_ep1_dma.o)
 .text.USBFS_ep1_DmaRelease
                0x00000000       0x18 .\ARM_GCC_541\Debug\USBFS_Bulk_Wraparound.a(USBFS_ep1_dma.o)
 .text          0x00000000        0x0 .\ARM_GCC_541\Debug\USBFS_Bulk_Wraparound.a(USBFS_Dp.o)
 .data          0x00000000        0x0 .\ARM_GCC_541\Debug\USBFS_Bulk_Wraparound.a(USBFS_Dp.o)
 .bss           0x00000000        0x0 .\ARM_GCC_541\Debug\USBFS_Bulk_Wraparound.a(USBFS_Dp.o)
 .text.USBFS_Dp_Write
                0x00000000       0x3c .\ARM_GCC_541\Debug\USBFS_Bulk_Wraparound.a(USBFS_Dp.o)
 .text.USBFS_Dp_SetDriveMode
                0x00000000       0x3c .\ARM_GCC_541\Debug\USBFS_Bulk_Wraparound.a(USBFS_Dp.o)
 .text.USBFS_Dp_Read
                0x00000000       0x20 .\ARM_GCC_541\Debug\USBFS_Bulk_Wraparound.a(USBFS_Dp.o)
 .text.USBFS_Dp_ReadDataReg
                0x00000000       0x20 .\ARM_GCC_541\Debug\USBFS_Bulk_Wraparound.a(USBFS_Dp.o)
 .text.USBFS_Dp_SetInterruptMode
                0x00000000       0x30 .\ARM_GCC_541\Debug\USBFS_Bulk_Wraparound.a(USBFS_Dp.o)
 .text          0x00000000        0x0 .\ARM_GCC_541\Debug\USBFS_Bulk_Wraparound.a(CyDmac.o)
 .bss           0x00000000        0x0 .\ARM_GCC_541\Debug\USBFS_Bulk_Wraparound.a(CyDmac.o)
 .text.CyDmacError
                0x00000000       0x1c .\ARM_GCC_541\Debug\USBFS_Bulk_Wraparound.a(CyDmac.o)
 .text.CyDmacClearError
                0x00000000       0x24 .\ARM_GCC_541\Debug\USBFS_Bulk_Wraparound.a(CyDmac.o)
 .text.CyDmacErrorAddress
                0x00000000       0x14 .\ARM_GCC_541\Debug\USBFS_Bulk_Wraparound.a(CyDmac.o)
 .text.CyDmaChAlloc
                0x00000000       0x64 .\ARM_GCC_541\Debug\USBFS_Bulk_Wraparound.a(CyDmac.o)
 .text.CyDmaChFree
                0x00000000       0x4c .\ARM_GCC_541\Debug\USBFS_Bulk_Wraparound.a(CyDmac.o)
 .text.CyDmaClearPendingDrq
                0x00000000       0x60 .\ARM_GCC_541\Debug\USBFS_Bulk_Wraparound.a(CyDmac.o)
 .text.CyDmaChSetRequest
                0x00000000       0x58 .\ARM_GCC_541\Debug\USBFS_Bulk_Wraparound.a(CyDmac.o)
 .text.CyDmaChGetRequest
                0x00000000       0x38 .\ARM_GCC_541\Debug\USBFS_Bulk_Wraparound.a(CyDmac.o)
 .text.CyDmaChStatus
                0x00000000       0x60 .\ARM_GCC_541\Debug\USBFS_Bulk_Wraparound.a(CyDmac.o)
 .text.CyDmaTdFree
                0x00000000       0x58 .\ARM_GCC_541\Debug\USBFS_Bulk_Wraparound.a(CyDmac.o)
 .text.CyDmaTdFreeCount
                0x00000000       0x18 .\ARM_GCC_541\Debug\USBFS_Bulk_Wraparound.a(CyDmac.o)
 .text.CyDmaTdGetConfiguration
                0x00000000       0x84 .\ARM_GCC_541\Debug\USBFS_Bulk_Wraparound.a(CyDmac.o)
 .text.CyDmaTdGetAddress
                0x00000000       0x6c .\ARM_GCC_541\Debug\USBFS_Bulk_Wraparound.a(CyDmac.o)
 .text.CyDmaChRoundRobin
                0x00000000       0x70 .\ARM_GCC_541\Debug\USBFS_Bulk_Wraparound.a(CyDmac.o)
 .text          0x00000000        0x0 .\ARM_GCC_541\Debug\USBFS_Bulk_Wraparound.a(CyLib.o)
 .bss           0x00000000       0x1d .\ARM_GCC_541\Debug\USBFS_Bulk_Wraparound.a(CyLib.o)
 .text.CyPLL_OUT_Start
                0x00000000       0xb0 .\ARM_GCC_541\Debug\USBFS_Bulk_Wraparound.a(CyLib.o)
 .text.CyPLL_OUT_Stop
                0x00000000       0x20 .\ARM_GCC_541\Debug\USBFS_Bulk_Wraparound.a(CyLib.o)
 .text.CyPLL_OUT_SetPQ
                0x00000000       0x94 .\ARM_GCC_541\Debug\USBFS_Bulk_Wraparound.a(CyLib.o)
 .text.CyPLL_OUT_SetSource
                0x00000000       0x58 .\ARM_GCC_541\Debug\USBFS_Bulk_Wraparound.a(CyLib.o)
 .text.CyIMO_Start
                0x00000000       0x94 .\ARM_GCC_541\Debug\USBFS_Bulk_Wraparound.a(CyLib.o)
 .text.CyIMO_Stop
                0x00000000       0x34 .\ARM_GCC_541\Debug\USBFS_Bulk_Wraparound.a(CyLib.o)
 .text.CyUSB_PowerOnCheck
                0x00000000       0x60 .\ARM_GCC_541\Debug\USBFS_Bulk_Wraparound.a(CyLib.o)
 .text.CyIMO_SetTrimValue
                0x00000000      0x108 .\ARM_GCC_541\Debug\USBFS_Bulk_Wraparound.a(CyLib.o)
 .text.CyIMO_SetFreq
                0x00000000      0x1b0 .\ARM_GCC_541\Debug\USBFS_Bulk_Wraparound.a(CyLib.o)
 .text.CyIMO_SetSource
                0x00000000       0x8c .\ARM_GCC_541\Debug\USBFS_Bulk_Wraparound.a(CyLib.o)
 .text.CyIMO_EnableDoubler
                0x00000000       0x20 .\ARM_GCC_541\Debug\USBFS_Bulk_Wraparound.a(CyLib.o)
 .text.CyIMO_DisableDoubler
                0x00000000       0x20 .\ARM_GCC_541\Debug\USBFS_Bulk_Wraparound.a(CyLib.o)
 .text.CyMasterClk_SetSource
                0x00000000       0x34 .\ARM_GCC_541\Debug\USBFS_Bulk_Wraparound.a(CyLib.o)
 .text.CyMasterClk_SetDivider
                0x00000000       0x20 .\ARM_GCC_541\Debug\USBFS_Bulk_Wraparound.a(CyLib.o)
 .text.CyBusClk_Internal_SetDivider
                0x00000000       0x78 .\ARM_GCC_541\Debug\USBFS_Bulk_Wraparound.a(CyLib.o)
 .text.CyBusClk_SetDivider
                0x00000000       0xb4 .\ARM_GCC_541\Debug\USBFS_Bulk_Wraparound.a(CyLib.o)
 .text.CyUsbClk_SetSource
                0x00000000       0x34 .\ARM_GCC_541\Debug\USBFS_Bulk_Wraparound.a(CyLib.o)
 .text.CyILO_Start1K
                0x00000000       0x20 .\ARM_GCC_541\Debug\USBFS_Bulk_Wraparound.a(CyLib.o)
 .text.CyILO_Stop1K
                0x00000000       0x20 .\ARM_GCC_541\Debug\USBFS_Bulk_Wraparound.a(CyLib.o)
 .text.CyILO_Start100K
                0x00000000       0x20 .\ARM_GCC_541\Debug\USBFS_Bulk_Wraparound.a(CyLib.o)
 .text.CyILO_Stop100K
                0x00000000       0x20 .\ARM_GCC_541\Debug\USBFS_Bulk_Wraparound.a(CyLib.o)
 .text.CyILO_Enable33K
                0x00000000       0x20 .\ARM_GCC_541\Debug\USBFS_Bulk_Wraparound.a(CyLib.o)
 .text.CyILO_Disable33K
                0x00000000       0x20 .\ARM_GCC_541\Debug\USBFS_Bulk_Wraparound.a(CyLib.o)
 .text.CyILO_SetSource
                0x00000000       0x38 .\ARM_GCC_541\Debug\USBFS_Bulk_Wraparound.a(CyLib.o)
 .text.CyILO_SetPowerMode
                0x00000000       0x4c .\ARM_GCC_541\Debug\USBFS_Bulk_Wraparound.a(CyLib.o)
 .text.CyXTAL_32KHZ_Start
                0x00000000       0x88 .\ARM_GCC_541\Debug\USBFS_Bulk_Wraparound.a(CyLib.o)
 .text.CyXTAL_32KHZ_Stop
                0x00000000       0x50 .\ARM_GCC_541\Debug\USBFS_Bulk_Wraparound.a(CyLib.o)
 .text.CyXTAL_32KHZ_ReadStatus
                0x00000000       0x1c .\ARM_GCC_541\Debug\USBFS_Bulk_Wraparound.a(CyLib.o)
 .text.CyXTAL_32KHZ_SetPowerMode
                0x00000000       0xb4 .\ARM_GCC_541\Debug\USBFS_Bulk_Wraparound.a(CyLib.o)
 .text.CyXTAL_Start
                0x00000000       0xd0 .\ARM_GCC_541\Debug\USBFS_Bulk_Wraparound.a(CyLib.o)
 .text.CyXTAL_Stop
                0x00000000       0x20 .\ARM_GCC_541\Debug\USBFS_Bulk_Wraparound.a(CyLib.o)
 .text.CyXTAL_EnableErrStatus
                0x00000000       0x20 .\ARM_GCC_541\Debug\USBFS_Bulk_Wraparound.a(CyLib.o)
 .text.CyXTAL_DisableErrStatus
                0x00000000       0x20 .\ARM_GCC_541\Debug\USBFS_Bulk_Wraparound.a(CyLib.o)
 .text.CyXTAL_ReadStatus
                0x00000000       0x24 .\ARM_GCC_541\Debug\USBFS_Bulk_Wraparound.a(CyLib.o)
 .text.CyXTAL_EnableFaultRecovery
                0x00000000       0x20 .\ARM_GCC_541\Debug\USBFS_Bulk_Wraparound.a(CyLib.o)
 .text.CyXTAL_DisableFaultRecovery
                0x00000000       0x20 .\ARM_GCC_541\Debug\USBFS_Bulk_Wraparound.a(CyLib.o)
 .text.CyXTAL_SetStartup
                0x00000000       0x34 .\ARM_GCC_541\Debug\USBFS_Bulk_Wraparound.a(CyLib.o)
 .text.CyXTAL_SetFbVoltage
                0x00000000       0x34 .\ARM_GCC_541\Debug\USBFS_Bulk_Wraparound.a(CyLib.o)
 .text.CyXTAL_SetWdVoltage
                0x00000000       0x38 .\ARM_GCC_541\Debug\USBFS_Bulk_Wraparound.a(CyLib.o)
 .text.CySoftwareReset
                0x00000000       0x20 .\ARM_GCC_541\Debug\USBFS_Bulk_Wraparound.a(CyLib.o)
 .text.CyDelay  0x00000000       0x44 .\ARM_GCC_541\Debug\USBFS_Bulk_Wraparound.a(CyLib.o)
 .text.CyDelayFreq
                0x00000000       0x7c .\ARM_GCC_541\Debug\USBFS_Bulk_Wraparound.a(CyLib.o)
 .text.CyWdtStart
                0x00000000       0x8c .\ARM_GCC_541\Debug\USBFS_Bulk_Wraparound.a(CyLib.o)
 .text.CyWdtClear
                0x00000000       0x18 .\ARM_GCC_541\Debug\USBFS_Bulk_Wraparound.a(CyLib.o)
 .text.CyVdLvDigitEnable
                0x00000000       0xcc .\ARM_GCC_541\Debug\USBFS_Bulk_Wraparound.a(CyLib.o)
 .text.CyVdLvAnalogEnable
                0x00000000       0xcc .\ARM_GCC_541\Debug\USBFS_Bulk_Wraparound.a(CyLib.o)
 .text.CyVdLvDigitDisable
                0x00000000       0x48 .\ARM_GCC_541\Debug\USBFS_Bulk_Wraparound.a(CyLib.o)
 .text.CyVdLvAnalogDisable
                0x00000000       0x44 .\ARM_GCC_541\Debug\USBFS_Bulk_Wraparound.a(CyLib.o)
 .text.CyVdHvAnalogEnable
                0x00000000       0x7c .\ARM_GCC_541\Debug\USBFS_Bulk_Wraparound.a(CyLib.o)
 .text.CyVdHvAnalogDisable
                0x00000000       0x30 .\ARM_GCC_541\Debug\USBFS_Bulk_Wraparound.a(CyLib.o)
 .text.CyVdStickyStatus
                0x00000000       0x5c .\ARM_GCC_541\Debug\USBFS_Bulk_Wraparound.a(CyLib.o)
 .text.CyVdRealTimeStatus
                0x00000000       0x30 .\ARM_GCC_541\Debug\USBFS_Bulk_Wraparound.a(CyLib.o)
 .text.CyDisableInts
                0x00000000       0x34 .\ARM_GCC_541\Debug\USBFS_Bulk_Wraparound.a(CyLib.o)
 .text.CyEnableInts
                0x00000000       0x2c .\ARM_GCC_541\Debug\USBFS_Bulk_Wraparound.a(CyLib.o)
 .text.CyFlushCache
                0x00000000       0x5c .\ARM_GCC_541\Debug\USBFS_Bulk_Wraparound.a(CyLib.o)
 .text.CyIntSetSysVector
                0x00000000       0x4c .\ARM_GCC_541\Debug\USBFS_Bulk_Wraparound.a(CyLib.o)
 .text.CyIntGetSysVector
                0x00000000       0x38 .\ARM_GCC_541\Debug\USBFS_Bulk_Wraparound.a(CyLib.o)
 .text.CyIntGetVector
                0x00000000       0x38 .\ARM_GCC_541\Debug\USBFS_Bulk_Wraparound.a(CyLib.o)
 .text.CyIntGetPriority
                0x00000000       0x38 .\ARM_GCC_541\Debug\USBFS_Bulk_Wraparound.a(CyLib.o)
 .text.CyIntGetState
                0x00000000       0x44 .\ARM_GCC_541\Debug\USBFS_Bulk_Wraparound.a(CyLib.o)
 .text.CySetScPumps
                0x00000000      0x1b0 .\ARM_GCC_541\Debug\USBFS_Bulk_Wraparound.a(CyLib.o)
 .text.CySysTickStart
                0x00000000       0x24 .\ARM_GCC_541\Debug\USBFS_Bulk_Wraparound.a(CyLib.o)
 .text.CySysTickInit
                0x00000000       0x6c .\ARM_GCC_541\Debug\USBFS_Bulk_Wraparound.a(CyLib.o)
 .text.CySysTickEnable
                0x00000000       0x1c .\ARM_GCC_541\Debug\USBFS_Bulk_Wraparound.a(CyLib.o)
 .text.CySysTickStop
                0x00000000       0x1c .\ARM_GCC_541\Debug\USBFS_Bulk_Wraparound.a(CyLib.o)
 .text.CySysTickEnableInterrupt
                0x00000000       0x1c .\ARM_GCC_541\Debug\USBFS_Bulk_Wraparound.a(CyLib.o)
 .text.CySysTickDisableInterrupt
                0x00000000       0x1c .\ARM_GCC_541\Debug\USBFS_Bulk_Wraparound.a(CyLib.o)
 .text.CySysTickSetReload
                0x00000000       0x20 .\ARM_GCC_541\Debug\USBFS_Bulk_Wraparound.a(CyLib.o)
 .text.CySysTickGetReload
                0x00000000       0x18 .\ARM_GCC_541\Debug\USBFS_Bulk_Wraparound.a(CyLib.o)
 .text.CySysTickGetValue
                0x00000000       0x18 .\ARM_GCC_541\Debug\USBFS_Bulk_Wraparound.a(CyLib.o)
 .text.CySysTickSetClockSource
                0x00000000       0x38 .\ARM_GCC_541\Debug\USBFS_Bulk_Wraparound.a(CyLib.o)
 .text.CySysTickGetClockSource
                0x00000000       0x1c .\ARM_GCC_541\Debug\USBFS_Bulk_Wraparound.a(CyLib.o)
 .text.CySysTickGetCountFlag
                0x00000000       0x1c .\ARM_GCC_541\Debug\USBFS_Bulk_Wraparound.a(CyLib.o)
 .text.CySysTickClear
                0x00000000       0x18 .\ARM_GCC_541\Debug\USBFS_Bulk_Wraparound.a(CyLib.o)
 .text.CySysTickSetCallback
                0x00000000       0x30 .\ARM_GCC_541\Debug\USBFS_Bulk_Wraparound.a(CyLib.o)
 .text.CySysTickGetCallback
                0x00000000       0x20 .\ARM_GCC_541\Debug\USBFS_Bulk_Wraparound.a(CyLib.o)
 .text.CySysTickServiceCallbacks
                0x00000000       0x44 .\ARM_GCC_541\Debug\USBFS_Bulk_Wraparound.a(CyLib.o)
 .text          0x00000000        0x0 .\ARM_GCC_541\Debug\USBFS_Bulk_Wraparound.a(cyPm.o)
 .data          0x00000000        0x0 .\ARM_GCC_541\Debug\USBFS_Bulk_Wraparound.a(cyPm.o)
 .bss           0x00000000       0x43 .\ARM_GCC_541\Debug\USBFS_Bulk_Wraparound.a(cyPm.o)
 .rodata        0x00000000        0xf .\ARM_GCC_541\Debug\USBFS_Bulk_Wraparound.a(cyPm.o)
 .text.CyPmSaveClocks
                0x00000000      0x288 .\ARM_GCC_541\Debug\USBFS_Bulk_Wraparound.a(cyPm.o)
 .text.CyPmRestoreClocks
                0x00000000      0x2f0 .\ARM_GCC_541\Debug\USBFS_Bulk_Wraparound.a(cyPm.o)
 .text.CyPmAltAct
                0x00000000       0xbc .\ARM_GCC_541\Debug\USBFS_Bulk_Wraparound.a(cyPm.o)
 .text.CyPmSleep
                0x00000000      0x170 .\ARM_GCC_541\Debug\USBFS_Bulk_Wraparound.a(cyPm.o)
 .text.CyPmHibernate
                0x00000000       0x10 .\ARM_GCC_541\Debug\USBFS_Bulk_Wraparound.a(cyPm.o)
 .text.CyPmHibernateEx
                0x00000000      0x158 .\ARM_GCC_541\Debug\USBFS_Bulk_Wraparound.a(cyPm.o)
 .text.CyPmReadStatus
                0x00000000       0x5c .\ARM_GCC_541\Debug\USBFS_Bulk_Wraparound.a(cyPm.o)
 .text.CyPmHibSaveSet
                0x00000000       0xe8 .\ARM_GCC_541\Debug\USBFS_Bulk_Wraparound.a(cyPm.o)
 .text.CyPmHibRestore
                0x00000000       0x78 .\ARM_GCC_541\Debug\USBFS_Bulk_Wraparound.a(cyPm.o)
 .text.CyPmCtwSetInterval
                0x00000000       0x94 .\ARM_GCC_541\Debug\USBFS_Bulk_Wraparound.a(cyPm.o)
 .text.CyPmOppsSet
                0x00000000       0x44 .\ARM_GCC_541\Debug\USBFS_Bulk_Wraparound.a(cyPm.o)
 .text.CyPmFtwSetInterval
                0x00000000       0x94 .\ARM_GCC_541\Debug\USBFS_Bulk_Wraparound.a(cyPm.o)
 .text.CyPmHibSlpSaveSet
                0x00000000      0x280 .\ARM_GCC_541\Debug\USBFS_Bulk_Wraparound.a(cyPm.o)
 .text.CyPmHibSlpRestore
                0x00000000      0x18c .\ARM_GCC_541\Debug\USBFS_Bulk_Wraparound.a(cyPm.o)
 .text.CyPmHviLviSaveDisable
                0x00000000       0xd8 .\ARM_GCC_541\Debug\USBFS_Bulk_Wraparound.a(cyPm.o)
 .text.CyPmHviLviRestore
                0x00000000       0x58 .\ARM_GCC_541\Debug\USBFS_Bulk_Wraparound.a(cyPm.o)
 .data          0x00000000        0x0 .\ARM_GCC_541\Debug\USBFS_Bulk_Wraparound.a(CyBootAsmGnu.o)
 .bss           0x00000000        0x0 .\ARM_GCC_541\Debug\USBFS_Bulk_Wraparound.a(CyBootAsmGnu.o)
 .text          0x00000000        0x0 .\ARM_GCC_541\Debug\USBFS_Bulk_Wraparound.a(CyScBoostClk.o)
 .data          0x00000000        0x0 .\ARM_GCC_541\Debug\USBFS_Bulk_Wraparound.a(CyScBoostClk.o)
 .bss           0x00000000        0x0 .\ARM_GCC_541\Debug\USBFS_Bulk_Wraparound.a(CyScBoostClk.o)
 .text.CyScBoostClk_Start
                0x00000000       0x34 .\ARM_GCC_541\Debug\USBFS_Bulk_Wraparound.a(CyScBoostClk.o)
 .text.CyScBoostClk_Stop
                0x00000000       0x34 .\ARM_GCC_541\Debug\USBFS_Bulk_Wraparound.a(CyScBoostClk.o)
 .text.CyScBoostClk_StopBlock
                0x00000000       0xb0 .\ARM_GCC_541\Debug\USBFS_Bulk_Wraparound.a(CyScBoostClk.o)
 .text.CyScBoostClk_StandbyPower
                0x00000000       0x40 .\ARM_GCC_541\Debug\USBFS_Bulk_Wraparound.a(CyScBoostClk.o)
 .text.CyScBoostClk_SetDividerRegister
                0x00000000      0x164 .\ARM_GCC_541\Debug\USBFS_Bulk_Wraparound.a(CyScBoostClk.o)
 .text.CyScBoostClk_GetDividerRegister
                0x00000000       0x18 .\ARM_GCC_541\Debug\USBFS_Bulk_Wraparound.a(CyScBoostClk.o)
 .text.CyScBoostClk_SetModeRegister
                0x00000000       0x34 .\ARM_GCC_541\Debug\USBFS_Bulk_Wraparound.a(CyScBoostClk.o)
 .text.CyScBoostClk_ClearModeRegister
                0x00000000       0x34 .\ARM_GCC_541\Debug\USBFS_Bulk_Wraparound.a(CyScBoostClk.o)
 .text.CyScBoostClk_GetModeRegister
                0x00000000       0x1c .\ARM_GCC_541\Debug\USBFS_Bulk_Wraparound.a(CyScBoostClk.o)
 .text.CyScBoostClk_SetSourceRegister
                0x00000000       0xc4 .\ARM_GCC_541\Debug\USBFS_Bulk_Wraparound.a(CyScBoostClk.o)
 .text.CyScBoostClk_GetSourceRegister
                0x00000000       0x1c .\ARM_GCC_541\Debug\USBFS_Bulk_Wraparound.a(CyScBoostClk.o)
 .text.CyScBoostClk_SetPhaseRegister
                0x00000000       0x24 .\ARM_GCC_541\Debug\USBFS_Bulk_Wraparound.a(CyScBoostClk.o)
 .text.CyScBoostClk_GetPhaseRegister
                0x00000000       0x1c .\ARM_GCC_541\Debug\USBFS_Bulk_Wraparound.a(CyScBoostClk.o)
 .text          0x00000000        0x0 .\ARM_GCC_541\Debug\USBFS_Bulk_Wraparound.a(USBFS_cls.o)
 .data          0x00000000        0x0 .\ARM_GCC_541\Debug\USBFS_Bulk_Wraparound.a(USBFS_cls.o)
 .bss           0x00000000        0x0 .\ARM_GCC_541\Debug\USBFS_Bulk_Wraparound.a(USBFS_cls.o)
 .text          0x00000000        0x0 .\ARM_GCC_541\Debug\USBFS_Bulk_Wraparound.a(USBFS_descr.o)
 .data          0x00000000        0x0 .\ARM_GCC_541\Debug\USBFS_Bulk_Wraparound.a(USBFS_descr.o)
 .bss           0x00000000        0x0 .\ARM_GCC_541\Debug\USBFS_Bulk_Wraparound.a(USBFS_descr.o)
 .text          0x00000000        0x0 .\ARM_GCC_541\Debug\USBFS_Bulk_Wraparound.a(CyFlash.o)
 .data          0x00000000        0x0 .\ARM_GCC_541\Debug\USBFS_Bulk_Wraparound.a(CyFlash.o)
 .bss           0x00000000        0x4 .\ARM_GCC_541\Debug\USBFS_Bulk_Wraparound.a(CyFlash.o)
 .text.CyFlash_Start
                0x00000000       0x8c .\ARM_GCC_541\Debug\USBFS_Bulk_Wraparound.a(CyFlash.o)
 .text.CyFlash_Stop
                0x00000000       0x48 .\ARM_GCC_541\Debug\USBFS_Bulk_Wraparound.a(CyFlash.o)
 .text.CySetTempInt
                0x00000000       0x7c .\ARM_GCC_541\Debug\USBFS_Bulk_Wraparound.a(CyFlash.o)
 .text.CyFlashGetSpcAlgorithm
                0x00000000       0x70 .\ARM_GCC_541\Debug\USBFS_Bulk_Wraparound.a(CyFlash.o)
 .text.CySetTemp
                0x00000000       0x24 .\ARM_GCC_541\Debug\USBFS_Bulk_Wraparound.a(CyFlash.o)
 .text.CySetFlashEEBuffer
                0x00000000       0x54 .\ARM_GCC_541\Debug\USBFS_Bulk_Wraparound.a(CyFlash.o)
 .text.CyWriteRowData
                0x00000000       0x38 .\ARM_GCC_541\Debug\USBFS_Bulk_Wraparound.a(CyFlash.o)
 .text.CyWriteRowFull
                0x00000000      0x154 .\ARM_GCC_541\Debug\USBFS_Bulk_Wraparound.a(CyFlash.o)
 .text.CyFlash_SetWaitCycles
                0x00000000       0xbc .\ARM_GCC_541\Debug\USBFS_Bulk_Wraparound.a(CyFlash.o)
 .text.CyEEPROM_Start
                0x00000000       0x8c .\ARM_GCC_541\Debug\USBFS_Bulk_Wraparound.a(CyFlash.o)
 .text.CyEEPROM_Stop
                0x00000000       0x48 .\ARM_GCC_541\Debug\USBFS_Bulk_Wraparound.a(CyFlash.o)
 .text.CyEEPROM_ReadReserve
                0x00000000       0x30 .\ARM_GCC_541\Debug\USBFS_Bulk_Wraparound.a(CyFlash.o)
 .text.CyEEPROM_ReadRelease
                0x00000000       0x20 .\ARM_GCC_541\Debug\USBFS_Bulk_Wraparound.a(CyFlash.o)
 COMMON         0x00000000        0x2 .\ARM_GCC_541\Debug\USBFS_Bulk_Wraparound.a(CyFlash.o)
 .text          0x00000000        0x0 .\ARM_GCC_541\Debug\USBFS_Bulk_Wraparound.a(CySpc.o)
 .data          0x00000000        0x0 .\ARM_GCC_541\Debug\USBFS_Bulk_Wraparound.a(CySpc.o)
 .bss           0x00000000        0x8 .\ARM_GCC_541\Debug\USBFS_Bulk_Wraparound.a(CySpc.o)
 .text.CySpcStart
                0x00000000       0x48 .\ARM_GCC_541\Debug\USBFS_Bulk_Wraparound.a(CySpc.o)
 .text.CySpcStop
                0x00000000       0x48 .\ARM_GCC_541\Debug\USBFS_Bulk_Wraparound.a(CySpc.o)
 .text.CySpcReadData
                0x00000000       0x54 .\ARM_GCC_541\Debug\USBFS_Bulk_Wraparound.a(CySpc.o)
 .text.CySpcLoadMultiByte
                0x00000000       0xd0 .\ARM_GCC_541\Debug\USBFS_Bulk_Wraparound.a(CySpc.o)
 .text.CySpcLoadRow
                0x00000000       0x88 .\ARM_GCC_541\Debug\USBFS_Bulk_Wraparound.a(CySpc.o)
 .text.CySpcLoadRowFull
                0x00000000       0xcc .\ARM_GCC_541\Debug\USBFS_Bulk_Wraparound.a(CySpc.o)
 .text.CySpcWriteRow
                0x00000000       0x98 .\ARM_GCC_541\Debug\USBFS_Bulk_Wraparound.a(CySpc.o)
 .text.CySpcEraseSector
                0x00000000       0x70 .\ARM_GCC_541\Debug\USBFS_Bulk_Wraparound.a(CySpc.o)
 .text.CySpcGetTemp
                0x00000000       0x64 .\ARM_GCC_541\Debug\USBFS_Bulk_Wraparound.a(CySpc.o)
 .text.CySpcLock
                0x00000000       0x68 .\ARM_GCC_541\Debug\USBFS_Bulk_Wraparound.a(CySpc.o)
 .text.CySpcUnlock
                0x00000000       0x50 .\ARM_GCC_541\Debug\USBFS_Bulk_Wraparound.a(CySpc.o)
 .text.CySpcGetAlgorithm
                0x00000000       0x44 .\ARM_GCC_541\Debug\USBFS_Bulk_Wraparound.a(CySpc.o)
 .text          0x00000000        0x0 c:/program files (x86)/cypress/psoc creator/4.2/psoc creator/import/gnu/arm/5.4.1/bin/../lib/gcc/arm-none-eabi/5.4.1/../../../../arm-none-eabi/lib/armv7-m\libg_nano.a(lib_a-errno.o)
 .data          0x00000000        0x0 c:/program files (x86)/cypress/psoc creator/4.2/psoc creator/import/gnu/arm/5.4.1/bin/../lib/gcc/arm-none-eabi/5.4.1/../../../../arm-none-eabi/lib/armv7-m\libg_nano.a(lib_a-errno.o)
 .bss           0x00000000        0x0 c:/program files (x86)/cypress/psoc creator/4.2/psoc creator/import/gnu/arm/5.4.1/bin/../lib/gcc/arm-none-eabi/5.4.1/../../../../arm-none-eabi/lib/armv7-m\libg_nano.a(lib_a-errno.o)
 .text          0x00000000        0x0 c:/program files (x86)/cypress/psoc creator/4.2/psoc creator/import/gnu/arm/5.4.1/bin/../lib/gcc/arm-none-eabi/5.4.1/../../../../arm-none-eabi/lib/armv7-m\libg_nano.a(lib_a-exit.o)
 .data          0x00000000        0x0 c:/program files (x86)/cypress/psoc creator/4.2/psoc creator/import/gnu/arm/5.4.1/bin/../lib/gcc/arm-none-eabi/5.4.1/../../../../arm-none-eabi/lib/armv7-m\libg_nano.a(lib_a-exit.o)
 .bss           0x00000000        0x0 c:/program files (x86)/cypress/psoc creator/4.2/psoc creator/import/gnu/arm/5.4.1/bin/../lib/gcc/arm-none-eabi/5.4.1/../../../../arm-none-eabi/lib/armv7-m\libg_nano.a(lib_a-exit.o)
 .text.exit     0x00000000       0x28 c:/program files (x86)/cypress/psoc creator/4.2/psoc creator/import/gnu/arm/5.4.1/bin/../lib/gcc/arm-none-eabi/5.4.1/../../../../arm-none-eabi/lib/armv7-m\libg_nano.a(lib_a-exit.o)
 .text          0x00000000        0x0 c:/program files (x86)/cypress/psoc creator/4.2/psoc creator/import/gnu/arm/5.4.1/bin/../lib/gcc/arm-none-eabi/5.4.1/../../../../arm-none-eabi/lib/armv7-m\libg_nano.a(lib_a-impure.o)
 .data          0x00000000        0x0 c:/program files (x86)/cypress/psoc creator/4.2/psoc creator/import/gnu/arm/5.4.1/bin/../lib/gcc/arm-none-eabi/5.4.1/../../../../arm-none-eabi/lib/armv7-m\libg_nano.a(lib_a-impure.o)
 .bss           0x00000000        0x0 c:/program files (x86)/cypress/psoc creator/4.2/psoc creator/import/gnu/arm/5.4.1/bin/../lib/gcc/arm-none-eabi/5.4.1/../../../../arm-none-eabi/lib/armv7-m\libg_nano.a(lib_a-impure.o)
 .rodata._global_impure_ptr
                0x00000000        0x4 c:/program files (x86)/cypress/psoc creator/4.2/psoc creator/import/gnu/arm/5.4.1/bin/../lib/gcc/arm-none-eabi/5.4.1/../../../../arm-none-eabi/lib/armv7-m\libg_nano.a(lib_a-impure.o)
 .text          0x00000000        0x0 c:/program files (x86)/cypress/psoc creator/4.2/psoc creator/import/gnu/arm/5.4.1/bin/../lib/gcc/arm-none-eabi/5.4.1/../../../../arm-none-eabi/lib/armv7-m\libg_nano.a(lib_a-init.o)
 .data          0x00000000        0x0 c:/program files (x86)/cypress/psoc creator/4.2/psoc creator/import/gnu/arm/5.4.1/bin/../lib/gcc/arm-none-eabi/5.4.1/../../../../arm-none-eabi/lib/armv7-m\libg_nano.a(lib_a-init.o)
 .bss           0x00000000        0x0 c:/program files (x86)/cypress/psoc creator/4.2/psoc creator/import/gnu/arm/5.4.1/bin/../lib/gcc/arm-none-eabi/5.4.1/../../../../arm-none-eabi/lib/armv7-m\libg_nano.a(lib_a-init.o)
 .text          0x00000000        0x0 c:/program files (x86)/cypress/psoc creator/4.2/psoc creator/import/gnu/arm/5.4.1/bin/../lib/gcc/arm-none-eabi/5.4.1/../../../../arm-none-eabi/lib/armv7-m\libg_nano.a(lib_a-memcpy-stub.o)
 .data          0x00000000        0x0 c:/program files (x86)/cypress/psoc creator/4.2/psoc creator/import/gnu/arm/5.4.1/bin/../lib/gcc/arm-none-eabi/5.4.1/../../../../arm-none-eabi/lib/armv7-m\libg_nano.a(lib_a-memcpy-stub.o)
 .bss           0x00000000        0x0 c:/program files (x86)/cypress/psoc creator/4.2/psoc creator/import/gnu/arm/5.4.1/bin/../lib/gcc/arm-none-eabi/5.4.1/../../../../arm-none-eabi/lib/armv7-m\libg_nano.a(lib_a-memcpy-stub.o)
 .text          0x00000000        0x0 c:/program files (x86)/cypress/psoc creator/4.2/psoc creator/import/gnu/arm/5.4.1/bin/../lib/gcc/arm-none-eabi/5.4.1/../../../../arm-none-eabi/lib/armv7-m\libg_nano.a(lib_a-memset.o)
 .data          0x00000000        0x0 c:/program files (x86)/cypress/psoc creator/4.2/psoc creator/import/gnu/arm/5.4.1/bin/../lib/gcc/arm-none-eabi/5.4.1/../../../../arm-none-eabi/lib/armv7-m\libg_nano.a(lib_a-memset.o)
 .bss           0x00000000        0x0 c:/program files (x86)/cypress/psoc creator/4.2/psoc creator/import/gnu/arm/5.4.1/bin/../lib/gcc/arm-none-eabi/5.4.1/../../../../arm-none-eabi/lib/armv7-m\libg_nano.a(lib_a-memset.o)
 .text          0x00000000        0x0 c:/program files (x86)/cypress/psoc creator/4.2/psoc creator/import/gnu/arm/5.4.1/bin/../lib/gcc/arm-none-eabi/5.4.1/armv7-m/crtend.o
 .data          0x00000000        0x0 c:/program files (x86)/cypress/psoc creator/4.2/psoc creator/import/gnu/arm/5.4.1/bin/../lib/gcc/arm-none-eabi/5.4.1/armv7-m/crtend.o
 .bss           0x00000000        0x0 c:/program files (x86)/cypress/psoc creator/4.2/psoc creator/import/gnu/arm/5.4.1/bin/../lib/gcc/arm-none-eabi/5.4.1/armv7-m/crtend.o
 .text          0x00000000        0x0 c:/program files (x86)/cypress/psoc creator/4.2/psoc creator/import/gnu/arm/5.4.1/bin/../lib/gcc/arm-none-eabi/5.4.1/armv7-m/crtn.o
 .data          0x00000000        0x0 c:/program files (x86)/cypress/psoc creator/4.2/psoc creator/import/gnu/arm/5.4.1/bin/../lib/gcc/arm-none-eabi/5.4.1/armv7-m/crtn.o
 .bss           0x00000000        0x0 c:/program files (x86)/cypress/psoc creator/4.2/psoc creator/import/gnu/arm/5.4.1/bin/../lib/gcc/arm-none-eabi/5.4.1/armv7-m/crtn.o

Memory Configuration

Name             Origin             Length             Attributes
rom              0x00000000         0x00040000         xr
ram              0x1fff8000         0x00010000         xrw
*default*        0x00000000         0xffffffff

Linker script and memory map

LOAD c:/program files (x86)/cypress/psoc creator/4.2/psoc creator/import/gnu/arm/5.4.1/bin/../lib/gcc/arm-none-eabi/5.4.1/armv7-m/crti.o
LOAD c:/program files (x86)/cypress/psoc creator/4.2/psoc creator/import/gnu/arm/5.4.1/bin/../lib/gcc/arm-none-eabi/5.4.1/armv7-m/crtbegin.o
LOAD c:/program files (x86)/cypress/psoc creator/4.2/psoc creator/import/gnu/arm/5.4.1/bin/../lib/gcc/arm-none-eabi/5.4.1/../../../../arm-none-eabi/lib/armv7-m/crt0.o
START GROUP
LOAD .\ARM_GCC_541\Debug\main.o
LOAD .\ARM_GCC_541\Debug\cyfitter_cfg.o
LOAD .\ARM_GCC_541\Debug\cymetadata.o
LOAD .\ARM_GCC_541\Debug\Cm3Start.o
LOAD .\ARM_GCC_541\Debug\USBFS_Bulk_Wraparound.a
LOAD C:\Program Files (x86)\Cypress\PSoC Creator\4.2\PSoC Creator\psoc\content\cycomponentlibrary\CyComponentLibrary.cylib\CortexM3\ARM_GCC_541\Debug\CyComponentLibrary.a
END GROUP
START GROUP
LOAD c:/program files (x86)/cypress/psoc creator/4.2/psoc creator/import/gnu/arm/5.4.1/bin/../lib/gcc/arm-none-eabi/5.4.1/armv7-m\libgcc.a
LOAD c:/program files (x86)/cypress/psoc creator/4.2/psoc creator/import/gnu/arm/5.4.1/bin/../lib/gcc/arm-none-eabi/5.4.1/../../../../arm-none-eabi/lib/armv7-m\libg_nano.a
LOAD c:/program files (x86)/cypress/psoc creator/4.2/psoc creator/import/gnu/arm/5.4.1/bin/../lib/gcc/arm-none-eabi/5.4.1/../../../../arm-none-eabi/lib/armv7-m\libc_nano.a
END GROUP
START GROUP
LOAD c:/program files (x86)/cypress/psoc creator/4.2/psoc creator/import/gnu/arm/5.4.1/bin/../lib/gcc/arm-none-eabi/5.4.1/armv7-m\libgcc.a
LOAD c:/program files (x86)/cypress/psoc creator/4.2/psoc creator/import/gnu/arm/5.4.1/bin/../lib/gcc/arm-none-eabi/5.4.1/../../../../arm-none-eabi/lib/armv7-m\libc_nano.a
END GROUP
LOAD c:/program files (x86)/cypress/psoc creator/4.2/psoc creator/import/gnu/arm/5.4.1/bin/../lib/gcc/arm-none-eabi/5.4.1/armv7-m/crtend.o
LOAD c:/program files (x86)/cypress/psoc creator/4.2/psoc creator/import/gnu/arm/5.4.1/bin/../lib/gcc/arm-none-eabi/5.4.1/armv7-m/crtn.o
START GROUP
LOAD c:/program files (x86)/cypress/psoc creator/4.2/psoc creator/import/gnu/arm/5.4.1/bin/../lib/gcc/arm-none-eabi/5.4.1/armv7-m\libgcc.a
LOAD c:/program files (x86)/cypress/psoc creator/4.2/psoc creator/import/gnu/arm/5.4.1/bin/../lib/gcc/arm-none-eabi/5.4.1/../../../../arm-none-eabi/lib/armv7-m\libc.a
LOAD c:/program files (x86)/cypress/psoc creator/4.2/psoc creator/import/gnu/arm/5.4.1/bin/../lib/gcc/arm-none-eabi/5.4.1/../../../../arm-none-eabi/lib/armv7-m\libnosys.a
END GROUP
                0x00000000                CY_APPL_ORIGIN = 0x0
                0x00000100                CY_FLASH_ROW_SIZE = 0x100
                0x00000020                CY_ECC_ROW_SIZE = 0x20
                0x00000000                CY_EE_IN_BTLDR = 0x0
                0x00000000                CY_APPL_LOADABLE = 0x0
                0x00000800                CY_EE_SIZE = 0x800
                0x00000001                CY_APPL_NUM = 0x1
                0x00000001                CY_APPL_MAX = 0x1
                0x00000040                CY_METADATA_SIZE = 0x40
                0x00000000                CY_APPL_LOADABLE = 0x0
                0x00000000                CY_CHECKSUM_EXCLUDE_SIZE = ALIGN (0x0, CY_FLASH_ROW_SIZE)
                [!provide]                PROVIDE (__cy_heap_start, _end)
                0x00000001                PROVIDE (__cy_region_num, ((__cy_regions_end - __cy_regions) / 0x10))
                0x20008000                PROVIDE (__cy_stack, (ORIGIN (ram) + LENGTH (ram)))
                [!provide]                PROVIDE (__cy_heap_end, (__cy_stack - 0x800))

.cybootloader   0x00000000        0x0
 *(.cybootloader)
                0x00000000                appl1_start = CY_APPL_ORIGIN?CY_APPL_ORIGIN:ALIGN (CY_FLASH_ROW_SIZE)
                0x0001ff00                appl2_start = (appl1_start + ALIGN ((((LENGTH (rom) - appl1_start) - (0x2 * CY_FLASH_ROW_SIZE)) / 0x2), CY_FLASH_ROW_SIZE))
                0x00000000                appl_start = (CY_APPL_NUM == 0x1)?appl1_start:appl2_start
                0x00000000                ecc_offset = ((appl_start / CY_FLASH_ROW_SIZE) * CY_ECC_ROW_SIZE)
                0x00000000                ee_offset = (CY_APPL_LOADABLE && ! (CY_EE_IN_BTLDR))?((CY_EE_SIZE / CY_APPL_MAX) * (CY_APPL_NUM - 0x1)):0x0
                0x00000800                ee_size = (CY_APPL_LOADABLE && ! (CY_EE_IN_BTLDR))?(CY_EE_SIZE / CY_APPL_MAX):CY_EE_SIZE
                [!provide]                PROVIDE (CY_ECC_OFFSET, ecc_offset)

.text           0x00000000     0x2c9a
 CREATE_OBJECT_SYMBOLS
                0x00000000                PROVIDE (__cy_interrupt_vector, RomVectors)
 *(.romvectors)
 .romvectors    0x00000000       0x10 .\ARM_GCC_541\Debug\Cm3Start.o
                0x00000000                RomVectors
                0x00000001                ASSERT ((. != __cy_interrupt_vector), No interrupt vector)
                0x00000001                ASSERT (CY_APPL_ORIGIN?(SIZEOF (.cybootloader) <= CY_APPL_ORIGIN):0x1, Wrong image location)
                0x00000010                PROVIDE (__cy_reset, Reset)
 *(.text.Reset)
 .text.Reset    0x00000010       0x18 .\ARM_GCC_541\Debug\Cm3Start.o
                0x00000010                Reset
                0x00000001                ASSERT ((. != __cy_reset), No reset code)
 *(.dma_init)
                0x00000001                ASSERT ((((appl_start + .) <= 0x10000) || 0x1), DMA Init must be within the first 64k of flash)
 *(.text .text.* .gnu.linkonce.t.*)
 .text          0x00000028       0x5c c:/program files (x86)/cypress/psoc creator/4.2/psoc creator/import/gnu/arm/5.4.1/bin/../lib/gcc/arm-none-eabi/5.4.1/armv7-m/crtbegin.o
 .text.main     0x00000084       0x94 .\ARM_GCC_541\Debug\main.o
                0x00000084                main
 .text.CYMEMZERO
                0x00000118       0x1c .\ARM_GCC_541\Debug\cyfitter_cfg.o
 .text.CYCONFIGCPY
                0x00000134       0x20 .\ARM_GCC_541\Debug\cyfitter_cfg.o
 .text.CyClockStartupError
                0x00000154        0xc .\ARM_GCC_541\Debug\cyfitter_cfg.o
 .text.cfg_write_bytes32
                0x00000160       0x74 .\ARM_GCC_541\Debug\cyfitter_cfg.o
 .text.ClockSetup
                0x000001d4       0xf0 .\ARM_GCC_541\Debug\cyfitter_cfg.o
 .text.AnalogSetDefault
                0x000002c4       0x44 .\ARM_GCC_541\Debug\cyfitter_cfg.o
 .text.cyfitter_cfg
                0x00000308      0x10c .\ARM_GCC_541\Debug\cyfitter_cfg.o
                0x00000308                cyfitter_cfg
 .text.IntDefaultHandler
                0x00000414       0x14 .\ARM_GCC_541\Debug\Cm3Start.o
                0x00000414                IntDefaultHandler
 .text.Start_c  0x00000428       0x98 .\ARM_GCC_541\Debug\Cm3Start.o
                0x00000428                Start_c
 .text.initialize_psoc
                0x000004c0       0x94 .\ARM_GCC_541\Debug\Cm3Start.o
                0x000004c0                initialize_psoc
 .text.USBFS_Start
                0x00000554       0x3c .\ARM_GCC_541\Debug\USBFS_Bulk_Wraparound.a(USBFS.o)
                0x00000554                USBFS_Start
 .text.USBFS_Init
                0x00000590      0x1ac .\ARM_GCC_541\Debug\USBFS_Bulk_Wraparound.a(USBFS.o)
                0x00000590                USBFS_Init
 .text.USBFS_InitComponent
                0x0000073c      0x110 .\ARM_GCC_541\Debug\USBFS_Bulk_Wraparound.a(USBFS.o)
                0x0000073c                USBFS_InitComponent
 .text.USBFS_ReInitComponent
                0x0000084c       0x68 .\ARM_GCC_541\Debug\USBFS_Bulk_Wraparound.a(USBFS.o)
                0x0000084c                USBFS_ReInitComponent
 .text.USBFS_GetConfiguration
                0x000008b4       0x18 .\ARM_GCC_541\Debug\USBFS_Bulk_Wraparound.a(USBFS.o)
                0x000008b4                USBFS_GetConfiguration
 .text.USBFS_IsConfigurationChanged
                0x000008cc       0x30 .\ARM_GCC_541\Debug\USBFS_Bulk_Wraparound.a(USBFS.o)
                0x000008cc                USBFS_IsConfigurationChanged
 .text.USBFS_GetEPState
                0x000008fc       0x2c .\ARM_GCC_541\Debug\USBFS_Bulk_Wraparound.a(USBFS.o)
                0x000008fc                USBFS_GetEPState
 .text.USBFS_GetEPCount
                0x00000928       0x60 .\ARM_GCC_541\Debug\USBFS_Bulk_Wraparound.a(USBFS.o)
                0x00000928                USBFS_GetEPCount
 .text.USBFS_InitEP_DMA
                0x00000988       0xac .\ARM_GCC_541\Debug\USBFS_Bulk_Wraparound.a(USBFS.o)
                0x00000988                USBFS_InitEP_DMA
 .text.USBFS_LoadInEP
                0x00000a34      0x198 .\ARM_GCC_541\Debug\USBFS_Bulk_Wraparound.a(USBFS.o)
                0x00000a34                USBFS_LoadInEP
 .text.USBFS_ReadOutEP
                0x00000bcc      0x108 .\ARM_GCC_541\Debug\USBFS_Bulk_Wraparound.a(USBFS.o)
                0x00000bcc                USBFS_ReadOutEP
 .text.USBFS_EnableOutEP
                0x00000cd4       0x5c .\ARM_GCC_541\Debug\USBFS_Bulk_Wraparound.a(USBFS.o)
                0x00000cd4                USBFS_EnableOutEP
 .text.USBFS_EP_0_ISR
                0x00000d30       0xf8 .\ARM_GCC_541\Debug\USBFS_Bulk_Wraparound.a(USBFS_drv.o)
                0x00000d30                USBFS_EP_0_ISR
 .text.USBFS_HandleSetup
                0x00000e28       0x88 .\ARM_GCC_541\Debug\USBFS_Bulk_Wraparound.a(USBFS_drv.o)
                0x00000e28                USBFS_HandleSetup
 .text.USBFS_HandleIN
                0x00000eb0       0x4c .\ARM_GCC_541\Debug\USBFS_Bulk_Wraparound.a(USBFS_drv.o)
                0x00000eb0                USBFS_HandleIN
 .text.USBFS_HandleOUT
                0x00000efc       0x58 .\ARM_GCC_541\Debug\USBFS_Bulk_Wraparound.a(USBFS_drv.o)
                0x00000efc                USBFS_HandleOUT
 .text.USBFS_LoadEP0
                0x00000f54       0xd0 .\ARM_GCC_541\Debug\USBFS_Bulk_Wraparound.a(USBFS_drv.o)
                0x00000f54                USBFS_LoadEP0
 .text.USBFS_InitControlRead
                0x00001024       0x70 .\ARM_GCC_541\Debug\USBFS_Bulk_Wraparound.a(USBFS_drv.o)
                0x00001024                USBFS_InitControlRead
 .text.USBFS_InitZeroLengthControlTransfer
                0x00001094       0x40 .\ARM_GCC_541\Debug\USBFS_Bulk_Wraparound.a(USBFS_drv.o)
                0x00001094                USBFS_InitZeroLengthControlTransfer
 .text.USBFS_ControlReadDataStage
                0x000010d4        0xc .\ARM_GCC_541\Debug\USBFS_Bulk_Wraparound.a(USBFS_drv.o)
                0x000010d4                USBFS_ControlReadDataStage
 .text.USBFS_ControlReadStatusStage
                0x000010e0       0x40 .\ARM_GCC_541\Debug\USBFS_Bulk_Wraparound.a(USBFS_drv.o)
                0x000010e0                USBFS_ControlReadStatusStage
 .text.USBFS_ControlWriteDataStage
                0x00001120       0xb4 .\ARM_GCC_541\Debug\USBFS_Bulk_Wraparound.a(USBFS_drv.o)
                0x00001120                USBFS_ControlWriteDataStage
 .text.USBFS_ControlWriteStatusStage
                0x000011d4       0x24 .\ARM_GCC_541\Debug\USBFS_Bulk_Wraparound.a(USBFS_drv.o)
                0x000011d4                USBFS_ControlWriteStatusStage
 .text.USBFS_InitNoDataControlTransfer
                0x000011f8       0x38 .\ARM_GCC_541\Debug\USBFS_Bulk_Wraparound.a(USBFS_drv.o)
                0x000011f8                USBFS_InitNoDataControlTransfer
 .text.USBFS_NoDataControlStatusStage
                0x00001230       0x4c .\ARM_GCC_541\Debug\USBFS_Bulk_Wraparound.a(USBFS_drv.o)
                0x00001230                USBFS_NoDataControlStatusStage
 .text.USBFS_UpdateStatusBlock
                0x0000127c       0x40 .\ARM_GCC_541\Debug\USBFS_Bulk_Wraparound.a(USBFS_drv.o)
                0x0000127c                USBFS_UpdateStatusBlock
 .text.USBFS_InitializeStatusBlock
                0x000012bc       0x34 .\ARM_GCC_541\Debug\USBFS_Bulk_Wraparound.a(USBFS_drv.o)
                0x000012bc                USBFS_InitializeStatusBlock
 .text.USBFS_EP_1_ISR
                0x000012f0       0x48 .\ARM_GCC_541\Debug\USBFS_Bulk_Wraparound.a(USBFS_episr.o)
                0x000012f0                USBFS_EP_1_ISR
 .text.USBFS_EP_2_ISR
                0x00001338       0x4c .\ARM_GCC_541\Debug\USBFS_Bulk_Wraparound.a(USBFS_episr.o)
                0x00001338                USBFS_EP_2_ISR
 .text.USBFS_BUS_RESET_ISR
                0x00001384        0xc .\ARM_GCC_541\Debug\USBFS_Bulk_Wraparound.a(USBFS_episr.o)
                0x00001384                USBFS_BUS_RESET_ISR
 .text.USBFS_ARB_ISR
                0x00001390      0x110 .\ARM_GCC_541\Debug\USBFS_Bulk_Wraparound.a(USBFS_episr.o)
                0x00001390                USBFS_ARB_ISR
 .text.USBFS_DP_ISR
                0x000014a0        0xc .\ARM_GCC_541\Debug\USBFS_Bulk_Wraparound.a(USBFS_pm.o)
                0x000014a0                USBFS_DP_ISR
 .text.USBFS_HandleStandardRqst
                0x000014ac      0x4a4 .\ARM_GCC_541\Debug\USBFS_Bulk_Wraparound.a(USBFS_std.o)
                0x000014ac                USBFS_HandleStandardRqst
 .text.USBFS_ReadDieID
                0x00001950       0xd8 .\ARM_GCC_541\Debug\USBFS_Bulk_Wraparound.a(USBFS_std.o)
                0x00001950                USBFS_ReadDieID
 .text.USBFS_ConfigReg
                0x00001a28      0x144 .\ARM_GCC_541\Debug\USBFS_Bulk_Wraparound.a(USBFS_std.o)
                0x00001a28                USBFS_ConfigReg
 .text.USBFS_Config
                0x00001b6c      0x32c .\ARM_GCC_541\Debug\USBFS_Bulk_Wraparound.a(USBFS_std.o)
                0x00001b6c                USBFS_Config
 .text.USBFS_ConfigAltChanged
                0x00001e98      0x25c .\ARM_GCC_541\Debug\USBFS_Bulk_Wraparound.a(USBFS_std.o)
                0x00001e98                USBFS_ConfigAltChanged
 .text.USBFS_GetConfigTablePtr
                0x000020f4       0x50 .\ARM_GCC_541\Debug\USBFS_Bulk_Wraparound.a(USBFS_std.o)
                0x000020f4                USBFS_GetConfigTablePtr
 .text.USBFS_GetDeviceTablePtr
                0x00002144       0x24 .\ARM_GCC_541\Debug\USBFS_Bulk_Wraparound.a(USBFS_std.o)
                0x00002144                USBFS_GetDeviceTablePtr
 .text.USBFS_GetInterfaceClassTablePtr
                0x00002168       0x4c .\ARM_GCC_541\Debug\USBFS_Bulk_Wraparound.a(USBFS_std.o)
                0x00002168                USBFS_GetInterfaceClassTablePtr
 .text.USBFS_SetEndpointHalt
                0x000021b4       0xe8 .\ARM_GCC_541\Debug\USBFS_Bulk_Wraparound.a(USBFS_std.o)
                0x000021b4                USBFS_SetEndpointHalt
 .text.USBFS_ClearEndpointHalt
                0x0000229c      0x148 .\ARM_GCC_541\Debug\USBFS_Bulk_Wraparound.a(USBFS_std.o)
                0x0000229c                USBFS_ClearEndpointHalt
 .text.USBFS_ValidateAlternateSetting
                0x000023e4       0x70 .\ARM_GCC_541\Debug\USBFS_Bulk_Wraparound.a(USBFS_std.o)
                0x000023e4                USBFS_ValidateAlternateSetting
 .text.USBFS_HandleVendorRqst
                0x00002454       0x54 .\ARM_GCC_541\Debug\USBFS_Bulk_Wraparound.a(USBFS_vnd.o)
                0x00002454                USBFS_HandleVendorRqst
 .text.USBFS_ep2_DmaInitialize
                0x000024a8       0x64 .\ARM_GCC_541\Debug\USBFS_Bulk_Wraparound.a(USBFS_ep2_dma.o)
                0x000024a8                USBFS_ep2_DmaInitialize
 .text.USBFS_ep1_DmaInitialize
                0x0000250c       0x64 .\ARM_GCC_541\Debug\USBFS_Bulk_Wraparound.a(USBFS_ep1_dma.o)
                0x0000250c                USBFS_ep1_DmaInitialize
 .text.USBFS_Dp_ClearInterrupt
                0x00002570       0x20 .\ARM_GCC_541\Debug\USBFS_Bulk_Wraparound.a(USBFS_Dp.o)
                0x00002570                USBFS_Dp_ClearInterrupt
 .text.CyDmacConfigure
                0x00002590       0x5c .\ARM_GCC_541\Debug\USBFS_Bulk_Wraparound.a(CyDmac.o)
                0x00002590                CyDmacConfigure
 .text.CyDmaChEnable
                0x000025ec       0x8c .\ARM_GCC_541\Debug\USBFS_Bulk_Wraparound.a(CyDmac.o)
                0x000025ec                CyDmaChEnable
 .text.CyDmaChDisable
                0x00002678       0x60 .\ARM_GCC_541\Debug\USBFS_Bulk_Wraparound.a(CyDmac.o)
                0x00002678                CyDmaChDisable
 .text.CyDmaChPriority
                0x000026d8       0x64 .\ARM_GCC_541\Debug\USBFS_Bulk_Wraparound.a(CyDmac.o)
                0x000026d8                CyDmaChPriority
 .text.CyDmaChSetExtendedAddress
                0x0000273c       0x78 .\ARM_GCC_541\Debug\USBFS_Bulk_Wraparound.a(CyDmac.o)
                0x0000273c                CyDmaChSetExtendedAddress
 .text.CyDmaChSetInitialTd
                0x000027b4       0x3c .\ARM_GCC_541\Debug\USBFS_Bulk_Wraparound.a(CyDmac.o)
                0x000027b4                CyDmaChSetInitialTd
 .text.CyDmaChSetConfiguration
                0x000027f0       0xa0 .\ARM_GCC_541\Debug\USBFS_Bulk_Wraparound.a(CyDmac.o)
                0x000027f0                CyDmaChSetConfiguration
 .text.CyDmaTdAllocate
                0x00002890       0x5c .\ARM_GCC_541\Debug\USBFS_Bulk_Wraparound.a(CyDmac.o)
                0x00002890                CyDmaTdAllocate
 .text.CyDmaTdSetConfiguration
                0x000028ec       0x80 .\ARM_GCC_541\Debug\USBFS_Bulk_Wraparound.a(CyDmac.o)
                0x000028ec                CyDmaTdSetConfiguration
 .text.CyDmaTdSetAddress
                0x0000296c       0x5c .\ARM_GCC_541\Debug\USBFS_Bulk_Wraparound.a(CyDmac.o)
                0x0000296c                CyDmaTdSetAddress
 .text.CyHalt   0x000029c8       0x18 .\ARM_GCC_541\Debug\USBFS_Bulk_Wraparound.a(CyLib.o)
                0x000029c8                CyHalt
 .text.CyDelayUs
                0x000029e0       0x28 .\ARM_GCC_541\Debug\USBFS_Bulk_Wraparound.a(CyLib.o)
                0x000029e0                CyDelayUs
 .text.CyIntSetVector
                0x00002a08       0x50 .\ARM_GCC_541\Debug\USBFS_Bulk_Wraparound.a(CyLib.o)
                0x00002a08                CyIntSetVector
 .text.CyIntSetPriority
                0x00002a58       0x48 .\ARM_GCC_541\Debug\USBFS_Bulk_Wraparound.a(CyLib.o)
                0x00002a58                CyIntSetPriority
 .text.CyGetUniqueId
                0x00002aa0       0xc4 .\ARM_GCC_541\Debug\USBFS_Bulk_Wraparound.a(CyLib.o)
                0x00002aa0                CyGetUniqueId
 *fill*         0x00002b64        0x4 
 .text          0x00002b68       0x54 .\ARM_GCC_541\Debug\USBFS_Bulk_Wraparound.a(CyBootAsmGnu.o)
                0x00002b68                CyDelayCycles
                0x00002ba6                CyEnterCriticalSection
                0x00002bae                CyExitCriticalSection
 .text.USBFS_DispatchClassRqst
                0x00002bbc       0x60 .\ARM_GCC_541\Debug\USBFS_Bulk_Wraparound.a(USBFS_cls.o)
                0x00002bbc                USBFS_DispatchClassRqst
 .text.__errno  0x00002c1c        0xc c:/program files (x86)/cypress/psoc creator/4.2/psoc creator/import/gnu/arm/5.4.1/bin/../lib/gcc/arm-none-eabi/5.4.1/../../../../arm-none-eabi/lib/armv7-m\libg_nano.a(lib_a-errno.o)
                0x00002c1c                __errno
 .text.__libc_init_array
                0x00002c28       0x4c c:/program files (x86)/cypress/psoc creator/4.2/psoc creator/import/gnu/arm/5.4.1/bin/../lib/gcc/arm-none-eabi/5.4.1/../../../../arm-none-eabi/lib/armv7-m\libg_nano.a(lib_a-init.o)
                0x00002c28                __libc_init_array
 .text.memcpy   0x00002c74       0x16 c:/program files (x86)/cypress/psoc creator/4.2/psoc creator/import/gnu/arm/5.4.1/bin/../lib/gcc/arm-none-eabi/5.4.1/../../../../arm-none-eabi/lib/armv7-m\libg_nano.a(lib_a-memcpy-stub.o)
                0x00002c74                memcpy
 .text.memset   0x00002c8a       0x10 c:/program files (x86)/cypress/psoc creator/4.2/psoc creator/import/gnu/arm/5.4.1/bin/../lib/gcc/arm-none-eabi/5.4.1/../../../../arm-none-eabi/lib/armv7-m\libg_nano.a(lib_a-memset.o)
                0x00002c8a                memset
 *(.plt)
 *(.gnu.warning)
 *(.glue_7t)
 .glue_7t       0x00002c9a        0x0 linker stubs
 *(.glue_7)
 .glue_7        0x00002c9a        0x0 linker stubs
 *(.vfp11_veneer)
 .vfp11_veneer  0x00002c9a        0x0 linker stubs
 *(.bootloader)
 *(.ARM.extab* .gnu.linkonce.armextab.*)
 *(.gcc_except_table)

.v4_bx          0x00002c9c        0x0
 .v4_bx         0x00002c9c        0x0 linker stubs

.iplt           0x00002c9c        0x0
 .iplt          0x00002c9c        0x0 c:/program files (x86)/cypress/psoc creator/4.2/psoc creator/import/gnu/arm/5.4.1/bin/../lib/gcc/arm-none-eabi/5.4.1/armv7-m/crtbegin.o

.eh_frame_hdr
 *(.eh_frame_hdr)

.eh_frame       0x00002c9c        0x4
 *(.eh_frame)
 .eh_frame      0x00002c9c        0x0 c:/program files (x86)/cypress/psoc creator/4.2/psoc creator/import/gnu/arm/5.4.1/bin/../lib/gcc/arm-none-eabi/5.4.1/armv7-m/crtbegin.o
 .eh_frame      0x00002c9c        0x4 c:/program files (x86)/cypress/psoc creator/4.2/psoc creator/import/gnu/arm/5.4.1/bin/../lib/gcc/arm-none-eabi/5.4.1/armv7-m/crtend.o
                [!provide]                PROVIDE (__exidx_start, .)

.ARM.exidx
 *(.ARM.exidx* .gnu.linkonce.armexidx.*)
                0x00002ca0                __exidx_end = .

.rodata         0x00002ca0      0x1e0
 *(.rodata .rodata.* .gnu.linkonce.r.*)
 .rodata        0x00002ca0       0x30 .\ARM_GCC_541\Debug\cyfitter_cfg.o
 .rodata        0x00002cd0       0x11 .\ARM_GCC_541\Debug\USBFS_Bulk_Wraparound.a(USBFS_std.o)
 *fill*         0x00002ce1        0x3 
 .rodata        0x00002ce4      0x160 .\ARM_GCC_541\Debug\USBFS_Bulk_Wraparound.a(USBFS_descr.o)
                0x00002ce4                USBFS_DEVICE0_DESCR
                0x00002cf8                USBFS_DEVICE0_CONFIGURATION0_DESCR
                0x00002d18                USBFS_STRING_DESCRIPTORS
                0x00002db0                USBFS_SN_STRING_DESCRIPTOR
                0x00002db4                USBFS_DEVICE0_CONFIGURATION0_EP_SETTINGS_TABLE
                0x00002dc4                USBFS_DEVICE0_CONFIGURATION0_INTERFACE_CLASS
                0x00002dc8                USBFS_DEVICE0_CONFIGURATION0_TABLE
                0x00002de8                USBFS_DEVICE0_TABLE
                0x00002e00                USBFS_TABLE
                0x00002e08                USBFS_MSOS_DESCRIPTOR
                0x00002e1c                USBFS_MSOS_CONFIGURATION_DESCR
 .rodata.str1.1
                0x00002e44        0x2 c:/program files (x86)/cypress/psoc creator/4.2/psoc creator/import/gnu/arm/5.4.1/bin/../lib/gcc/arm-none-eabi/5.4.1/../../../../arm-none-eabi/lib/armv7-m\libg_nano.a(lib_a-impure.o)
                0x00002e48                . = ALIGN (0x4)
 *fill*         0x00002e46        0x2 
 *(.init)
 .init          0x00002e48        0x4 c:/program files (x86)/cypress/psoc creator/4.2/psoc creator/import/gnu/arm/5.4.1/bin/../lib/gcc/arm-none-eabi/5.4.1/armv7-m/crti.o
                0x00002e48                _init
 .init          0x00002e4c        0x8 c:/program files (x86)/cypress/psoc creator/4.2/psoc creator/import/gnu/arm/5.4.1/bin/../lib/gcc/arm-none-eabi/5.4.1/armv7-m/crtn.o
                0x00002e54                . = ALIGN (0x4)
                0x00002e54                __preinit_array_start = .
 *(.preinit_array)
                0x00002e54                __preinit_array_end = .
                0x00002e54                . = ALIGN (0x4)
                0x00002e54                __init_array_start = .
 *(SORT(.init_array.*))
 *(.init_array)
 .init_array    0x00002e54        0x4 c:/program files (x86)/cypress/psoc creator/4.2/psoc creator/import/gnu/arm/5.4.1/bin/../lib/gcc/arm-none-eabi/5.4.1/armv7-m/crtbegin.o
 .init_array    0x00002e58        0x4 .\ARM_GCC_541\Debug\Cm3Start.o
                0x00002e5c                __init_array_end = .
                0x00002e5c                . = ALIGN (0x4)
 *(.fini)
 .fini          0x00002e5c        0x4 c:/program files (x86)/cypress/psoc creator/4.2/psoc creator/import/gnu/arm/5.4.1/bin/../lib/gcc/arm-none-eabi/5.4.1/armv7-m/crti.o
                0x00002e5c                _fini
 .fini          0x00002e60        0x8 c:/program files (x86)/cypress/psoc creator/4.2/psoc creator/import/gnu/arm/5.4.1/bin/../lib/gcc/arm-none-eabi/5.4.1/armv7-m/crtn.o
                0x00002e68                . = ALIGN (0x4)
                0x00002e68                __fini_array_start = .
 *(.fini_array)
 .fini_array    0x00002e68        0x4 c:/program files (x86)/cypress/psoc creator/4.2/psoc creator/import/gnu/arm/5.4.1/bin/../lib/gcc/arm-none-eabi/5.4.1/armv7-m/crtbegin.o
 *(SORT(.fini_array.*))
                0x00002e6c                __fini_array_end = .
                0x00002e6c                . = ALIGN (0x4)
 *crtbegin.o(.ctors)
 *(EXCLUDE_FILE(*crtend.o) .ctors)
 *(SORT(.ctors.*))
 *crtend.o(.ctors)
                0x00002e6c                . = ALIGN (0x4)
 *crtbegin.o(.dtors)
 *(EXCLUDE_FILE(*crtend.o) .dtors)
 *(SORT(.dtors.*))
 *crtend.o(.dtors)
                0x00002e6c                . = ALIGN (0x4)
                0x00002e6c                __cy_regions = .
                0x00002e6c        0x4 LONG 0x2e80 __cy_region_init_ram
                0x00002e70        0x4 LONG 0x1fff80c8 __cy_region_start_data
                0x00002e74        0x4 LONG 0x88 __cy_region_init_size_ram
                0x00002e78        0x4 LONG 0x138 __cy_region_zero_size_ram
                0x00002e7c                __cy_regions_end = .
                0x00002e80                . = ALIGN (0x8)
 *fill*         0x00002e7c        0x4 
                0x00002e80                _etext = .

.cy_checksum_exclude
                0x00002e80        0x0
 *(.cy_checksum_exclude)

.ramvectors     0x1fff8000       0xc0
                0x1fff8000                __cy_region_start_ram = .
 *(.ramvectors)
 .ramvectors    0x1fff8000       0xc0 .\ARM_GCC_541\Debug\Cm3Start.o
                0x1fff8000                CyRamVectors

.noinit         0x1fff80c0        0x5
 *(.noinit)
 .noinit        0x1fff80c0        0x4 .\ARM_GCC_541\Debug\Cm3Start.o
 .noinit        0x1fff80c4        0x1 .\ARM_GCC_541\Debug\USBFS_Bulk_Wraparound.a(CyLib.o)
                0x1fff80c4                CyResetStatus

.data           0x1fff80c8       0x88 load address 0x00002e80
                0x1fff80c8                __cy_region_start_data = .
 *(.jcr)
 .jcr           0x1fff80c8        0x0 c:/program files (x86)/cypress/psoc creator/4.2/psoc creator/import/gnu/arm/5.4.1/bin/../lib/gcc/arm-none-eabi/5.4.1/armv7-m/crtbegin.o
 .jcr           0x1fff80c8        0x4 c:/program files (x86)/cypress/psoc creator/4.2/psoc creator/import/gnu/arm/5.4.1/bin/../lib/gcc/arm-none-eabi/5.4.1/armv7-m/crtend.o
 *(.got.plt)
 *(.got)
 *(.shdata)
 *(.data .data.* .gnu.linkonce.d.*)
 .data          0x1fff80cc        0x1 .\ARM_GCC_541\Debug\USBFS_Bulk_Wraparound.a(USBFS_ep2_dma.o)
                0x1fff80cc                USBFS_ep2_DmaHandle
 .data          0x1fff80cd        0x1 .\ARM_GCC_541\Debug\USBFS_Bulk_Wraparound.a(USBFS_ep1_dma.o)
                0x1fff80cd                USBFS_ep1_DmaHandle
 *fill*         0x1fff80ce        0x2 
 .data          0x1fff80d0        0x8 .\ARM_GCC_541\Debug\USBFS_Bulk_Wraparound.a(CyDmac.o)
 .data          0x1fff80d8       0x10 .\ARM_GCC_541\Debug\USBFS_Bulk_Wraparound.a(CyLib.o)
                0x1fff80d8                cydelay_freq_hz
                0x1fff80dc                cydelay_freq_khz
                0x1fff80e0                cydelay_freq_mhz
                0x1fff80e4                cydelay_32k_ms
 .data.impure_data
                0x1fff80e8       0x60 c:/program files (x86)/cypress/psoc creator/4.2/psoc creator/import/gnu/arm/5.4.1/bin/../lib/gcc/arm-none-eabi/5.4.1/../../../../arm-none-eabi/lib/armv7-m\libg_nano.a(lib_a-impure.o)
 .data._impure_ptr
                0x1fff8148        0x4 c:/program files (x86)/cypress/psoc creator/4.2/psoc creator/import/gnu/arm/5.4.1/bin/../lib/gcc/arm-none-eabi/5.4.1/../../../../arm-none-eabi/lib/armv7-m\libg_nano.a(lib_a-impure.o)
                0x1fff8148                _impure_ptr
                0x1fff8150                . = ALIGN (0x8)
 *fill*         0x1fff814c        0x4 
 *(.ram)
                0x1fff8150                _edata = .

.igot.plt       0x1fff8150        0x0 load address 0x00002f08
 .igot.plt      0x1fff8150        0x0 c:/program files (x86)/cypress/psoc creator/4.2/psoc creator/import/gnu/arm/5.4.1/bin/../lib/gcc/arm-none-eabi/5.4.1/armv7-m/crtbegin.o

.bss            0x1fff8150      0x138 load address 0x00002f08
                0x1fff8150                PROVIDE (__bss_start__, .)
 *(.shbss)
 *(.bss .bss.* .gnu.linkonce.b.*)
 .bss           0x1fff8150       0x1c c:/program files (x86)/cypress/psoc creator/4.2/psoc creator/import/gnu/arm/5.4.1/bin/../lib/gcc/arm-none-eabi/5.4.1/armv7-m/crtbegin.o
 .bss           0x1fff816c        0x1 .\ARM_GCC_541\Debug\USBFS_Bulk_Wraparound.a(USBFS.o)
                0x1fff816c                USBFS_initVar
 *fill*         0x1fff816d        0x3 
 .bss           0x1fff8170        0x2 .\ARM_GCC_541\Debug\USBFS_Bulk_Wraparound.a(USBFS_std.o)
 *(COMMON)
 *fill*         0x1fff8172        0x2 
 COMMON         0x1fff8174       0x40 .\ARM_GCC_541\Debug\main.o
                0x1fff8174                buffer
 COMMON         0x1fff81b4       0x15 .\ARM_GCC_541\Debug\USBFS_Bulk_Wraparound.a(USBFS.o)
                0x1fff81b4                USBFS_DmaChan
                0x1fff81c0                USBFS_DmaTd
 *fill*         0x1fff81c9        0x3 
 COMMON         0x1fff81cc       0x98 .\ARM_GCC_541\Debug\USBFS_Bulk_Wraparound.a(USBFS_drv.o)
                0x1fff81cc                USBFS_deviceAddress
                0x1fff81cd                USBFS_ep0Mode
                0x1fff81d0                USBFS_interfaceSetting
                0x1fff81d4                USBFS_currentTD
                0x1fff81e0                USBFS_device
                0x1fff81e1                USBFS_interfaceNumber
                0x1fff81e2                USBFS_ep0Toggle
                0x1fff81e3                USBFS_deviceStatus
                0x1fff81e4                USBFS_configurationChanged
                0x1fff81e5                USBFS_configuration
                0x1fff81e6                USBFS_transferState
                0x1fff81e8                USBFS_interfaceStatus
                0x1fff81ec                USBFS_interfaceClass
                0x1fff81f0                USBFS_EP
                0x1fff825c                USBFS_lastPacketSize
                0x1fff825d                USBFS_ep0Count
                0x1fff8260                USBFS_interfaceSettingLast
                0x1fff8262                USBFS_transferByteCount
 COMMON         0x1fff8264       0x22 .\ARM_GCC_541\Debug\USBFS_Bulk_Wraparound.a(USBFS_descr.o)
                0x1fff8264                USBFS_idSerialNumberStringDescriptor
                0x1fff8288                . = ALIGN (0x8)
 *fill*         0x1fff8286        0x2 
 *(.ram.b)
                0x1fff8288                _end = .
                0x1fff8288                __end = .
                0x1fff8288                PROVIDE (end, .)
                0x1fff8288                PROVIDE (__bss_end__, .)
                0x00002e80                __cy_region_init_ram = LOADADDR (.data)
                0x00000088                __cy_region_init_size_ram = (_edata - ADDR (.data))
                0x00000138                __cy_region_zero_size_ram = (_end - _edata)

.heap           0x1fff8288       0x80 load address 0x00002f08
                0x1fff8288                . = _end
                0x1fff8308                . = (. + 0x80)
 *fill*         0x1fff8288       0x80 
                0x1fff8308                __cy_heap_limit = .

.stack          0x20007800      0x800
                0x20007800                __cy_stack_limit = .
                0x20008000                . = (. + 0x800)
 *fill*         0x20007800      0x800 
                0x00000001                ASSERT ((__cy_stack_limit >= __cy_heap_limit), region RAM overflowed with stack)
                0x00000000                cy_checksum_exclude_size = (CY_APPL_LOADABLE == 0x1)?SIZEOF (.cy_checksum_exclude):0x0
                0x00000001                ASSERT ((cy_checksum_exclude_size <= CY_CHECKSUM_EXCLUDE_SIZE), CY_BOOT: Section .cy_checksum_exclude size exceedes specified limit.)

.cyloadermeta
 *(.cyloadermeta)

.cyloadablemeta
 *(.cyloadablemeta)

.cyconfigecc    0x80000000       0x74
 *(.cyconfigecc)
 .cyconfigecc   0x80000000       0x74 .\ARM_GCC_541\Debug\cymetadata.o
                0x80000000                cy_meta_configecc

.cycustnvl      0x90000000        0x4
 *(.cycustnvl)
 .cycustnvl     0x90000000        0x4 .\ARM_GCC_541\Debug\cymetadata.o
                0x90000000                cy_meta_custnvl

.cywolatch      0x90100000        0x4
 *(.cywolatch)
 .cywolatch     0x90100000        0x4 .\ARM_GCC_541\Debug\cymetadata.o
                0x90100000                cy_meta_wonvl

.cyeeprom       0x90200000        0x0
 *(.cyeeprom)
                0x00000001                ASSERT ((. <= ((0x90200000 + ee_offset) + ee_size)), .cyeeprom data will not fit in EEPROM)

.cyflashprotect
                0x90400000      0x100
 *(.cyflashprotect)
 .cyflashprotect
                0x90400000      0x100 .\ARM_GCC_541\Debug\cymetadata.o
                0x90400000                cy_meta_flashprotect

.cymeta         0x90500000        0xc
 *(.cymeta)
 .cymeta        0x90500000        0xc .\ARM_GCC_541\Debug\cymetadata.o
                0x90500000                cy_metadata

.rel.dyn        0x00002f08        0x0 load address 0x9050000c
 .rel.iplt      0x00002f08        0x0 c:/program files (x86)/cypress/psoc creator/4.2/psoc creator/import/gnu/arm/5.4.1/bin/../lib/gcc/arm-none-eabi/5.4.1/armv7-m/crtbegin.o

.stab
 *(.stab)

.stabstr
 *(.stabstr)

.debug
 *(.debug)

.line
 *(.line)

.debug_srcinfo
 *(.debug_srcinfo)

.debug_sfnames
 *(.debug_sfnames)

.debug_aranges  0x00000000      0x9e8
 *(.debug_aranges)
 .debug_aranges
                0x00000000       0x20 .\ARM_GCC_541\Debug\main.o
 .debug_aranges
                0x00000020       0x60 .\ARM_GCC_541\Debug\cyfitter_cfg.o
 .debug_aranges
                0x00000080       0x18 .\ARM_GCC_541\Debug\cymetadata.o
 .debug_aranges
                0x00000098       0x48 .\ARM_GCC_541\Debug\Cm3Start.o
 .debug_aranges
                0x000000e0       0xd8 .\ARM_GCC_541\Debug\USBFS_Bulk_Wraparound.a(USBFS.o)
 .debug_aranges
                0x000001b8       0x98 .\ARM_GCC_541\Debug\USBFS_Bulk_Wraparound.a(USBFS_drv.o)
 .debug_aranges
                0x00000250       0x38 .\ARM_GCC_541\Debug\USBFS_Bulk_Wraparound.a(USBFS_episr.o)
 .debug_aranges
                0x00000288       0x40 .\ARM_GCC_541\Debug\USBFS_Bulk_Wraparound.a(USBFS_pm.o)
 .debug_aranges
                0x000002c8       0x80 .\ARM_GCC_541\Debug\USBFS_Bulk_Wraparound.a(USBFS_std.o)
 .debug_aranges
                0x00000348       0x20 .\ARM_GCC_541\Debug\USBFS_Bulk_Wraparound.a(USBFS_vnd.o)
 .debug_aranges
                0x00000368       0x28 .\ARM_GCC_541\Debug\USBFS_Bulk_Wraparound.a(USBFS_ep2_dma.o)
 .debug_aranges
                0x00000390       0x28 .\ARM_GCC_541\Debug\USBFS_Bulk_Wraparound.a(USBFS_ep1_dma.o)
 .debug_aranges
                0x000003b8       0x48 .\ARM_GCC_541\Debug\USBFS_Bulk_Wraparound.a(USBFS_Dp.o)
 .debug_aranges
                0x00000400       0xd8 .\ARM_GCC_541\Debug\USBFS_Bulk_Wraparound.a(CyDmac.o)
 .debug_aranges
                0x000004d8      0x2a8 .\ARM_GCC_541\Debug\USBFS_Bulk_Wraparound.a(CyLib.o)
 .debug_aranges
                0x00000780       0x98 .\ARM_GCC_541\Debug\USBFS_Bulk_Wraparound.a(cyPm.o)
 .debug_aranges
                0x00000818       0x20 .\ARM_GCC_541\Debug\USBFS_Bulk_Wraparound.a(CyBootAsmGnu.o)
 .debug_aranges
                0x00000838       0x80 .\ARM_GCC_541\Debug\USBFS_Bulk_Wraparound.a(CyScBoostClk.o)
 .debug_aranges
                0x000008b8       0x20 .\ARM_GCC_541\Debug\USBFS_Bulk_Wraparound.a(USBFS_cls.o)
 .debug_aranges
                0x000008d8       0x18 .\ARM_GCC_541\Debug\USBFS_Bulk_Wraparound.a(USBFS_descr.o)
 .debug_aranges
                0x000008f0       0x80 .\ARM_GCC_541\Debug\USBFS_Bulk_Wraparound.a(CyFlash.o)
 .debug_aranges
                0x00000970       0x78 .\ARM_GCC_541\Debug\USBFS_Bulk_Wraparound.a(CySpc.o)

.debug_pubnames
 *(.debug_pubnames)

.debug_info     0x00000000     0x55b1
 *(.debug_info .gnu.linkonce.wi.*)
 .debug_info    0x00000000      0x117 .\ARM_GCC_541\Debug\main.o
 .debug_info    0x00000117      0x39a .\ARM_GCC_541\Debug\cyfitter_cfg.o
 .debug_info    0x000004b1      0x134 .\ARM_GCC_541\Debug\cymetadata.o
 .debug_info    0x000005e5      0x32b .\ARM_GCC_541\Debug\Cm3Start.o
 .debug_info    0x00000910      0x7ad .\ARM_GCC_541\Debug\USBFS_Bulk_Wraparound.a(USBFS.o)
 .debug_info    0x000010bd      0x52d .\ARM_GCC_541\Debug\USBFS_Bulk_Wraparound.a(USBFS_drv.o)
 .debug_info    0x000015ea      0x32a .\ARM_GCC_541\Debug\USBFS_Bulk_Wraparound.a(USBFS_episr.o)
 .debug_info    0x00001914      0x18d .\ARM_GCC_541\Debug\USBFS_Bulk_Wraparound.a(USBFS_pm.o)
 .debug_info    0x00001aa1      0x958 .\ARM_GCC_541\Debug\USBFS_Bulk_Wraparound.a(USBFS_std.o)
 .debug_info    0x000023f9      0x1a9 .\ARM_GCC_541\Debug\USBFS_Bulk_Wraparound.a(USBFS_vnd.o)
 .debug_info    0x000025a2      0x11b .\ARM_GCC_541\Debug\USBFS_Bulk_Wraparound.a(USBFS_ep2_dma.o)
 .debug_info    0x000026bd      0x11b .\ARM_GCC_541\Debug\USBFS_Bulk_Wraparound.a(USBFS_ep1_dma.o)
 .debug_info    0x000027d8      0x171 .\ARM_GCC_541\Debug\USBFS_Bulk_Wraparound.a(USBFS_Dp.o)
 .debug_info    0x00002949      0x8c0 .\ARM_GCC_541\Debug\USBFS_Bulk_Wraparound.a(CyDmac.o)
 .debug_info    0x00003209      0xe88 .\ARM_GCC_541\Debug\USBFS_Bulk_Wraparound.a(CyLib.o)
 .debug_info    0x00004091      0x57a .\ARM_GCC_541\Debug\USBFS_Bulk_Wraparound.a(cyPm.o)
 .debug_info    0x0000460b       0xa2 .\ARM_GCC_541\Debug\USBFS_Bulk_Wraparound.a(CyBootAsmGnu.o)
 .debug_info    0x000046ad      0x299 .\ARM_GCC_541\Debug\USBFS_Bulk_Wraparound.a(CyScBoostClk.o)
 .debug_info    0x00004946      0x1b2 .\ARM_GCC_541\Debug\USBFS_Bulk_Wraparound.a(USBFS_cls.o)
 .debug_info    0x00004af8      0x2ee .\ARM_GCC_541\Debug\USBFS_Bulk_Wraparound.a(USBFS_descr.o)
 .debug_info    0x00004de6      0x371 .\ARM_GCC_541\Debug\USBFS_Bulk_Wraparound.a(CyFlash.o)
 .debug_info    0x00005157      0x45a .\ARM_GCC_541\Debug\USBFS_Bulk_Wraparound.a(CySpc.o)

.debug_abbrev   0x00000000     0x1821
 *(.debug_abbrev)
 .debug_abbrev  0x00000000       0xa8 .\ARM_GCC_541\Debug\main.o
 .debug_abbrev  0x000000a8      0x19d .\ARM_GCC_541\Debug\cyfitter_cfg.o
 .debug_abbrev  0x00000245       0x5d .\ARM_GCC_541\Debug\cymetadata.o
 .debug_abbrev  0x000002a2      0x1d6 .\ARM_GCC_541\Debug\Cm3Start.o
 .debug_abbrev  0x00000478      0x1f9 .\ARM_GCC_541\Debug\USBFS_Bulk_Wraparound.a(USBFS.o)
 .debug_abbrev  0x00000671      0x161 .\ARM_GCC_541\Debug\USBFS_Bulk_Wraparound.a(USBFS_drv.o)
 .debug_abbrev  0x000007d2      0x11d .\ARM_GCC_541\Debug\USBFS_Bulk_Wraparound.a(USBFS_episr.o)
 .debug_abbrev  0x000008ef       0xd1 .\ARM_GCC_541\Debug\USBFS_Bulk_Wraparound.a(USBFS_pm.o)
 .debug_abbrev  0x000009c0      0x1b9 .\ARM_GCC_541\Debug\USBFS_Bulk_Wraparound.a(USBFS_std.o)
 .debug_abbrev  0x00000b79       0xc5 .\ARM_GCC_541\Debug\USBFS_Bulk_Wraparound.a(USBFS_vnd.o)
 .debug_abbrev  0x00000c3e       0x8b .\ARM_GCC_541\Debug\USBFS_Bulk_Wraparound.a(USBFS_ep2_dma.o)
 .debug_abbrev  0x00000cc9       0x8b .\ARM_GCC_541\Debug\USBFS_Bulk_Wraparound.a(USBFS_ep1_dma.o)
 .debug_abbrev  0x00000d54       0x90 .\ARM_GCC_541\Debug\USBFS_Bulk_Wraparound.a(USBFS_Dp.o)
 .debug_abbrev  0x00000de4      0x194 .\ARM_GCC_541\Debug\USBFS_Bulk_Wraparound.a(CyDmac.o)
 .debug_abbrev  0x00000f78      0x217 .\ARM_GCC_541\Debug\USBFS_Bulk_Wraparound.a(CyLib.o)
 .debug_abbrev  0x0000118f      0x161 .\ARM_GCC_541\Debug\USBFS_Bulk_Wraparound.a(cyPm.o)
 .debug_abbrev  0x000012f0       0x14 .\ARM_GCC_541\Debug\USBFS_Bulk_Wraparound.a(CyBootAsmGnu.o)
 .debug_abbrev  0x00001304      0x11d .\ARM_GCC_541\Debug\USBFS_Bulk_Wraparound.a(CyScBoostClk.o)
 .debug_abbrev  0x00001421       0xb5 .\ARM_GCC_541\Debug\USBFS_Bulk_Wraparound.a(USBFS_cls.o)
 .debug_abbrev  0x000014d6       0xa3 .\ARM_GCC_541\Debug\USBFS_Bulk_Wraparound.a(USBFS_descr.o)
 .debug_abbrev  0x00001579      0x13c .\ARM_GCC_541\Debug\USBFS_Bulk_Wraparound.a(CyFlash.o)
 .debug_abbrev  0x000016b5      0x16c .\ARM_GCC_541\Debug\USBFS_Bulk_Wraparound.a(CySpc.o)

.debug_line     0x00000000     0x2ad9
 *(.debug_line)
 .debug_line    0x00000000      0x18c .\ARM_GCC_541\Debug\main.o
 .debug_line    0x0000018c      0x1ea .\ARM_GCC_541\Debug\cyfitter_cfg.o
 .debug_line    0x00000376      0x141 .\ARM_GCC_541\Debug\cymetadata.o
 .debug_line    0x000004b7      0x1db .\ARM_GCC_541\Debug\Cm3Start.o
 .debug_line    0x00000692      0x37a .\ARM_GCC_541\Debug\USBFS_Bulk_Wraparound.a(USBFS.o)
 .debug_line    0x00000a0c      0x21b .\ARM_GCC_541\Debug\USBFS_Bulk_Wraparound.a(USBFS_drv.o)
 .debug_line    0x00000c27       0xeb .\ARM_GCC_541\Debug\USBFS_Bulk_Wraparound.a(USBFS_episr.o)
 .debug_line    0x00000d12       0xe3 .\ARM_GCC_541\Debug\USBFS_Bulk_Wraparound.a(USBFS_pm.o)
 .debug_line    0x00000df5      0x466 .\ARM_GCC_541\Debug\USBFS_Bulk_Wraparound.a(USBFS_std.o)
 .debug_line    0x0000125b       0x89 .\ARM_GCC_541\Debug\USBFS_Bulk_Wraparound.a(USBFS_vnd.o)
 .debug_line    0x000012e4       0x7c .\ARM_GCC_541\Debug\USBFS_Bulk_Wraparound.a(USBFS_ep2_dma.o)
 .debug_line    0x00001360       0x7c .\ARM_GCC_541\Debug\USBFS_Bulk_Wraparound.a(USBFS_ep1_dma.o)
 .debug_line    0x000013dc       0xbd .\ARM_GCC_541\Debug\USBFS_Bulk_Wraparound.a(USBFS_Dp.o)
 .debug_line    0x00001499      0x2b6 .\ARM_GCC_541\Debug\USBFS_Bulk_Wraparound.a(CyDmac.o)
 .debug_line    0x0000174f      0x8b5 .\ARM_GCC_541\Debug\USBFS_Bulk_Wraparound.a(CyLib.o)
 .debug_line    0x00002004      0x38e .\ARM_GCC_541\Debug\USBFS_Bulk_Wraparound.a(cyPm.o)
 .debug_line    0x00002392       0x7d .\ARM_GCC_541\Debug\USBFS_Bulk_Wraparound.a(CyBootAsmGnu.o)
 .debug_line    0x0000240f      0x1cf .\ARM_GCC_541\Debug\USBFS_Bulk_Wraparound.a(CyScBoostClk.o)
 .debug_line    0x000025de       0x87 .\ARM_GCC_541\Debug\USBFS_Bulk_Wraparound.a(USBFS_cls.o)
 .debug_line    0x00002665       0x5d .\ARM_GCC_541\Debug\USBFS_Bulk_Wraparound.a(USBFS_descr.o)
 .debug_line    0x000026c2      0x205 .\ARM_GCC_541\Debug\USBFS_Bulk_Wraparound.a(CyFlash.o)
 .debug_line    0x000028c7      0x212 .\ARM_GCC_541\Debug\USBFS_Bulk_Wraparound.a(CySpc.o)

.debug_frame    0x00000000     0x270c
 *(.debug_frame)
 .debug_frame   0x00000000       0x30 .\ARM_GCC_541\Debug\main.o
 .debug_frame   0x00000030      0x16c .\ARM_GCC_541\Debug\cyfitter_cfg.o
 .debug_frame   0x0000019c       0xd8 .\ARM_GCC_541\Debug\Cm3Start.o
 .debug_frame   0x00000274      0x3c8 .\ARM_GCC_541\Debug\USBFS_Bulk_Wraparound.a(USBFS.o)
 .debug_frame   0x0000063c      0x23c .\ARM_GCC_541\Debug\USBFS_Bulk_Wraparound.a(USBFS_drv.o)
 .debug_frame   0x00000878       0xa4 .\ARM_GCC_541\Debug\USBFS_Bulk_Wraparound.a(USBFS_episr.o)
 .debug_frame   0x0000091c       0xbc .\ARM_GCC_541\Debug\USBFS_Bulk_Wraparound.a(USBFS_pm.o)
 .debug_frame   0x000009d8      0x224 .\ARM_GCC_541\Debug\USBFS_Bulk_Wraparound.a(USBFS_std.o)
 .debug_frame   0x00000bfc       0x38 .\ARM_GCC_541\Debug\USBFS_Bulk_Wraparound.a(USBFS_vnd.o)
 .debug_frame   0x00000c34       0x58 .\ARM_GCC_541\Debug\USBFS_Bulk_Wraparound.a(USBFS_ep2_dma.o)
 .debug_frame   0x00000c8c       0x58 .\ARM_GCC_541\Debug\USBFS_Bulk_Wraparound.a(USBFS_ep1_dma.o)
 .debug_frame   0x00000ce4       0xf4 .\ARM_GCC_541\Debug\USBFS_Bulk_Wraparound.a(USBFS_Dp.o)
 .debug_frame   0x00000dd8      0x3d0 .\ARM_GCC_541\Debug\USBFS_Bulk_Wraparound.a(CyDmac.o)
 .debug_frame   0x000011a8      0xc34 .\ARM_GCC_541\Debug\USBFS_Bulk_Wraparound.a(CyLib.o)
 .debug_frame   0x00001ddc      0x234 .\ARM_GCC_541\Debug\USBFS_Bulk_Wraparound.a(cyPm.o)
 .debug_frame   0x00002010      0x200 .\ARM_GCC_541\Debug\USBFS_Bulk_Wraparound.a(CyScBoostClk.o)
 .debug_frame   0x00002210       0x38 .\ARM_GCC_541\Debug\USBFS_Bulk_Wraparound.a(USBFS_cls.o)
 .debug_frame   0x00002248      0x210 .\ARM_GCC_541\Debug\USBFS_Bulk_Wraparound.a(CyFlash.o)
 .debug_frame   0x00002458      0x1f8 .\ARM_GCC_541\Debug\USBFS_Bulk_Wraparound.a(CySpc.o)
 .debug_frame   0x00002650       0x20 c:/program files (x86)/cypress/psoc creator/4.2/psoc creator/import/gnu/arm/5.4.1/bin/../lib/gcc/arm-none-eabi/5.4.1/../../../../arm-none-eabi/lib/armv7-m\libg_nano.a(lib_a-errno.o)
 .debug_frame   0x00002670       0x28 c:/program files (x86)/cypress/psoc creator/4.2/psoc creator/import/gnu/arm/5.4.1/bin/../lib/gcc/arm-none-eabi/5.4.1/../../../../arm-none-eabi/lib/armv7-m\libg_nano.a(lib_a-exit.o)
 .debug_frame   0x00002698       0x2c c:/program files (x86)/cypress/psoc creator/4.2/psoc creator/import/gnu/arm/5.4.1/bin/../lib/gcc/arm-none-eabi/5.4.1/../../../../arm-none-eabi/lib/armv7-m\libg_nano.a(lib_a-init.o)
 .debug_frame   0x000026c4       0x28 c:/program files (x86)/cypress/psoc creator/4.2/psoc creator/import/gnu/arm/5.4.1/bin/../lib/gcc/arm-none-eabi/5.4.1/../../../../arm-none-eabi/lib/armv7-m\libg_nano.a(lib_a-memcpy-stub.o)
 .debug_frame   0x000026ec       0x20 c:/program files (x86)/cypress/psoc creator/4.2/psoc creator/import/gnu/arm/5.4.1/bin/../lib/gcc/arm-none-eabi/5.4.1/../../../../arm-none-eabi/lib/armv7-m\libg_nano.a(lib_a-memset.o)

.debug_str      0x00000000     0x25bc
 *(.debug_str)
 .debug_str     0x00000000      0x18b .\ARM_GCC_541\Debug\main.o
                                0x1d3 (size before relaxing)
 .debug_str     0x0000018b      0x16e .\ARM_GCC_541\Debug\cyfitter_cfg.o
                                0x315 (size before relaxing)
 .debug_str     0x000002f9       0x7f .\ARM_GCC_541\Debug\cymetadata.o
                                0x1f6 (size before relaxing)
 .debug_str     0x00000378      0x123 .\ARM_GCC_541\Debug\Cm3Start.o
                                0x2e9 (size before relaxing)
 .debug_str     0x0000049b      0x419 .\ARM_GCC_541\Debug\USBFS_Bulk_Wraparound.a(USBFS.o)
                                0x5e9 (size before relaxing)
 .debug_str     0x000008b4      0x2d4 .\ARM_GCC_541\Debug\USBFS_Bulk_Wraparound.a(USBFS_drv.o)
                                0x5be (size before relaxing)
 .debug_str     0x00000b88       0x7c .\ARM_GCC_541\Debug\USBFS_Bulk_Wraparound.a(USBFS_episr.o)
                                0x337 (size before relaxing)
 .debug_str     0x00000c04       0x9c .\ARM_GCC_541\Debug\USBFS_Bulk_Wraparound.a(USBFS_pm.o)
                                0x26b (size before relaxing)
 .debug_str     0x00000ca0      0x2d4 .\ARM_GCC_541\Debug\USBFS_Bulk_Wraparound.a(USBFS_std.o)
                                0x70d (size before relaxing)
 .debug_str     0x00000f74       0x59 .\ARM_GCC_541\Debug\USBFS_Bulk_Wraparound.a(USBFS_vnd.o)
                                0x27b (size before relaxing)
 .debug_str     0x00000fcd       0xa3 .\ARM_GCC_541\Debug\USBFS_Bulk_Wraparound.a(USBFS_ep2_dma.o)
                                0x23d (size before relaxing)
 .debug_str     0x00001070       0x68 .\ARM_GCC_541\Debug\USBFS_Bulk_Wraparound.a(USBFS_ep1_dma.o)
                                0x23d (size before relaxing)
 .debug_str     0x000010d8       0xb0 .\ARM_GCC_541\Debug\USBFS_Bulk_Wraparound.a(USBFS_Dp.o)
                                0x245 (size before relaxing)
 .debug_str     0x00001188      0x35e .\ARM_GCC_541\Debug\USBFS_Bulk_Wraparound.a(CyDmac.o)
                                0x52f (size before relaxing)
 .debug_str     0x000014e6      0x7f4 .\ARM_GCC_541\Debug\USBFS_Bulk_Wraparound.a(CyLib.o)
                                0xa20 (size before relaxing)
 .debug_str     0x00001cda      0x371 .\ARM_GCC_541\Debug\USBFS_Bulk_Wraparound.a(cyPm.o)
                                0x555 (size before relaxing)
 .debug_str     0x0000204b      0x1e3 .\ARM_GCC_541\Debug\USBFS_Bulk_Wraparound.a(CyScBoostClk.o)
                                0x381 (size before relaxing)
 .debug_str     0x0000222e       0x3b .\ARM_GCC_541\Debug\USBFS_Bulk_Wraparound.a(USBFS_cls.o)
                                0x280 (size before relaxing)
 .debug_str     0x00002269       0xf6 .\ARM_GCC_541\Debug\USBFS_Bulk_Wraparound.a(USBFS_descr.o)
                                0x386 (size before relaxing)
 .debug_str     0x0000235f      0x13e .\ARM_GCC_541\Debug\USBFS_Bulk_Wraparound.a(CyFlash.o)
                                0x308 (size before relaxing)
 .debug_str     0x0000249d      0x11f .\ARM_GCC_541\Debug\USBFS_Bulk_Wraparound.a(CySpc.o)
                                0x305 (size before relaxing)

.debug_loc
 *(.debug_loc)

.debug_macinfo
 *(.debug_macinfo)

.debug_ranges   0x00000000      0x868
 *(.debug_ranges)
 .debug_ranges  0x00000000       0x10 .\ARM_GCC_541\Debug\main.o
 .debug_ranges  0x00000010       0x50 .\ARM_GCC_541\Debug\cyfitter_cfg.o
 .debug_ranges  0x00000060       0x38 .\ARM_GCC_541\Debug\Cm3Start.o
 .debug_ranges  0x00000098       0xc8 .\ARM_GCC_541\Debug\USBFS_Bulk_Wraparound.a(USBFS.o)
 .debug_ranges  0x00000160       0x88 .\ARM_GCC_541\Debug\USBFS_Bulk_Wraparound.a(USBFS_drv.o)
 .debug_ranges  0x000001e8       0x28 .\ARM_GCC_541\Debug\USBFS_Bulk_Wraparound.a(USBFS_episr.o)
 .debug_ranges  0x00000210       0x30 .\ARM_GCC_541\Debug\USBFS_Bulk_Wraparound.a(USBFS_pm.o)
 .debug_ranges  0x00000240       0x70 .\ARM_GCC_541\Debug\USBFS_Bulk_Wraparound.a(USBFS_std.o)
 .debug_ranges  0x000002b0       0x10 .\ARM_GCC_541\Debug\USBFS_Bulk_Wraparound.a(USBFS_vnd.o)
 .debug_ranges  0x000002c0       0x18 .\ARM_GCC_541\Debug\USBFS_Bulk_Wraparound.a(USBFS_ep2_dma.o)
 .debug_ranges  0x000002d8       0x18 .\ARM_GCC_541\Debug\USBFS_Bulk_Wraparound.a(USBFS_ep1_dma.o)
 .debug_ranges  0x000002f0       0x38 .\ARM_GCC_541\Debug\USBFS_Bulk_Wraparound.a(USBFS_Dp.o)
 .debug_ranges  0x00000328       0xc8 .\ARM_GCC_541\Debug\USBFS_Bulk_Wraparound.a(CyDmac.o)
 .debug_ranges  0x000003f0      0x298 .\ARM_GCC_541\Debug\USBFS_Bulk_Wraparound.a(CyLib.o)
 .debug_ranges  0x00000688       0x88 .\ARM_GCC_541\Debug\USBFS_Bulk_Wraparound.a(cyPm.o)
 .debug_ranges  0x00000710       0x70 .\ARM_GCC_541\Debug\USBFS_Bulk_Wraparound.a(CyScBoostClk.o)
 .debug_ranges  0x00000780       0x10 .\ARM_GCC_541\Debug\USBFS_Bulk_Wraparound.a(USBFS_cls.o)
 .debug_ranges  0x00000790       0x70 .\ARM_GCC_541\Debug\USBFS_Bulk_Wraparound.a(CyFlash.o)
 .debug_ranges  0x00000800       0x68 .\ARM_GCC_541\Debug\USBFS_Bulk_Wraparound.a(CySpc.o)

.comment        0x00000000       0x6e
 .comment       0x00000000       0x6e .\ARM_GCC_541\Debug\main.o
                                 0x6f (size before relaxing)
 .comment       0x0000006e       0x6f .\ARM_GCC_541\Debug\cyfitter_cfg.o
 .comment       0x0000006e       0x6f .\ARM_GCC_541\Debug\cymetadata.o
 .comment       0x0000006e       0x6f .\ARM_GCC_541\Debug\Cm3Start.o
 .comment       0x0000006e       0x6f .\ARM_GCC_541\Debug\USBFS_Bulk_Wraparound.a(USBFS.o)
 .comment       0x0000006e       0x6f .\ARM_GCC_541\Debug\USBFS_Bulk_Wraparound.a(USBFS_drv.o)
 .comment       0x0000006e       0x6f .\ARM_GCC_541\Debug\USBFS_Bulk_Wraparound.a(USBFS_episr.o)
 .comment       0x0000006e       0x6f .\ARM_GCC_541\Debug\USBFS_Bulk_Wraparound.a(USBFS_pm.o)
 .comment       0x0000006e       0x6f .\ARM_GCC_541\Debug\USBFS_Bulk_Wraparound.a(USBFS_std.o)
 .comment       0x0000006e       0x6f .\ARM_GCC_541\Debug\USBFS_Bulk_Wraparound.a(USBFS_vnd.o)
 .comment       0x0000006e       0x6f .\ARM_GCC_541\Debug\USBFS_Bulk_Wraparound.a(USBFS_ep2_dma.o)
 .comment       0x0000006e       0x6f .\ARM_GCC_541\Debug\USBFS_Bulk_Wraparound.a(USBFS_ep1_dma.o)
 .comment       0x0000006e       0x6f .\ARM_GCC_541\Debug\USBFS_Bulk_Wraparound.a(USBFS_Dp.o)
 .comment       0x0000006e       0x6f .\ARM_GCC_541\Debug\USBFS_Bulk_Wraparound.a(CyDmac.o)
 .comment       0x0000006e       0x6f .\ARM_GCC_541\Debug\USBFS_Bulk_Wraparound.a(CyLib.o)
 .comment       0x0000006e       0x6f .\ARM_GCC_541\Debug\USBFS_Bulk_Wraparound.a(cyPm.o)
 .comment       0x0000006e       0x6f .\ARM_GCC_541\Debug\USBFS_Bulk_Wraparound.a(CyScBoostClk.o)
 .comment       0x0000006e       0x6f .\ARM_GCC_541\Debug\USBFS_Bulk_Wraparound.a(USBFS_cls.o)
 .comment       0x0000006e       0x6f .\ARM_GCC_541\Debug\USBFS_Bulk_Wraparound.a(USBFS_descr.o)
 .comment       0x0000006e       0x6f .\ARM_GCC_541\Debug\USBFS_Bulk_Wraparound.a(CyFlash.o)
 .comment       0x0000006e       0x6f .\ARM_GCC_541\Debug\USBFS_Bulk_Wraparound.a(CySpc.o)

.debug_weaknames
 *(.debug_weaknames)

.debug_funcnames
 *(.debug_funcnames)

.debug_typenames
 *(.debug_typenames)

.debug_varnames
 *(.debug_varnames)

.note.gnu.arm.ident
 *(.note.gnu.arm.ident)

.ARM.attributes
                0x00000000       0x29
 *(.ARM.attributes)
 .ARM.attributes
                0x00000000       0x1d c:/program files (x86)/cypress/psoc creator/4.2/psoc creator/import/gnu/arm/5.4.1/bin/../lib/gcc/arm-none-eabi/5.4.1/armv7-m/crti.o
 .ARM.attributes
                0x0000001d       0x2d c:/program files (x86)/cypress/psoc creator/4.2/psoc creator/import/gnu/arm/5.4.1/bin/../lib/gcc/arm-none-eabi/5.4.1/armv7-m/crtbegin.o
 .ARM.attributes
                0x0000004a       0x1b c:/program files (x86)/cypress/psoc creator/4.2/psoc creator/import/gnu/arm/5.4.1/bin/../lib/gcc/arm-none-eabi/5.4.1/../../../../arm-none-eabi/lib/armv7-m/crt0.o
 .ARM.attributes
                0x00000065       0x33 .\ARM_GCC_541\Debug\main.o
 .ARM.attributes
                0x00000098       0x33 .\ARM_GCC_541\Debug\cyfitter_cfg.o
 .ARM.attributes
                0x000000cb       0x33 .\ARM_GCC_541\Debug\cymetadata.o
 .ARM.attributes
                0x000000fe       0x33 .\ARM_GCC_541\Debug\Cm3Start.o
 .ARM.attributes
                0x00000131       0x33 .\ARM_GCC_541\Debug\USBFS_Bulk_Wraparound.a(USBFS.o)
 .ARM.attributes
                0x00000164       0x33 .\ARM_GCC_541\Debug\USBFS_Bulk_Wraparound.a(USBFS_drv.o)
 .ARM.attributes
                0x00000197       0x33 .\ARM_GCC_541\Debug\USBFS_Bulk_Wraparound.a(USBFS_episr.o)
 .ARM.attributes
                0x000001ca       0x33 .\ARM_GCC_541\Debug\USBFS_Bulk_Wraparound.a(USBFS_pm.o)
 .ARM.attributes
                0x000001fd       0x33 .\ARM_GCC_541\Debug\USBFS_Bulk_Wraparound.a(USBFS_std.o)
 .ARM.attributes
                0x00000230       0x33 .\ARM_GCC_541\Debug\USBFS_Bulk_Wraparound.a(USBFS_vnd.o)
 .ARM.attributes
                0x00000263       0x33 .\ARM_GCC_541\Debug\USBFS_Bulk_Wraparound.a(USBFS_ep2_dma.o)
 .ARM.attributes
                0x00000296       0x33 .\ARM_GCC_541\Debug\USBFS_Bulk_Wraparound.a(USBFS_ep1_dma.o)
 .ARM.attributes
                0x000002c9       0x33 .\ARM_GCC_541\Debug\USBFS_Bulk_Wraparound.a(USBFS_Dp.o)
 .ARM.attributes
                0x000002fc       0x33 .\ARM_GCC_541\Debug\USBFS_Bulk_Wraparound.a(CyDmac.o)
 .ARM.attributes
                0x0000032f       0x33 .\ARM_GCC_541\Debug\USBFS_Bulk_Wraparound.a(CyLib.o)
 .ARM.attributes
                0x00000362       0x33 .\ARM_GCC_541\Debug\USBFS_Bulk_Wraparound.a(cyPm.o)
 .ARM.attributes
                0x00000395       0x21 .\ARM_GCC_541\Debug\USBFS_Bulk_Wraparound.a(CyBootAsmGnu.o)
 .ARM.attributes
                0x000003b6       0x33 .\ARM_GCC_541\Debug\USBFS_Bulk_Wraparound.a(CyScBoostClk.o)
 .ARM.attributes
                0x000003e9       0x33 .\ARM_GCC_541\Debug\USBFS_Bulk_Wraparound.a(USBFS_cls.o)
 .ARM.attributes
                0x0000041c       0x33 .\ARM_GCC_541\Debug\USBFS_Bulk_Wraparound.a(USBFS_descr.o)
 .ARM.attributes
                0x0000044f       0x33 .\ARM_GCC_541\Debug\USBFS_Bulk_Wraparound.a(CyFlash.o)
 .ARM.attributes
                0x00000482       0x33 .\ARM_GCC_541\Debug\USBFS_Bulk_Wraparound.a(CySpc.o)
 .ARM.attributes
                0x000004b5       0x2d c:/program files (x86)/cypress/psoc creator/4.2/psoc creator/import/gnu/arm/5.4.1/bin/../lib/gcc/arm-none-eabi/5.4.1/../../../../arm-none-eabi/lib/armv7-m\libg_nano.a(lib_a-errno.o)
 .ARM.attributes
                0x000004e2       0x2d c:/program files (x86)/cypress/psoc creator/4.2/psoc creator/import/gnu/arm/5.4.1/bin/../lib/gcc/arm-none-eabi/5.4.1/../../../../arm-none-eabi/lib/armv7-m\libg_nano.a(lib_a-exit.o)
 .ARM.attributes
                0x0000050f       0x2d c:/program files (x86)/cypress/psoc creator/4.2/psoc creator/import/gnu/arm/5.4.1/bin/../lib/gcc/arm-none-eabi/5.4.1/../../../../arm-none-eabi/lib/armv7-m\libg_nano.a(lib_a-impure.o)
 .ARM.attributes
                0x0000053c       0x2d c:/program files (x86)/cypress/psoc creator/4.2/psoc creator/import/gnu/arm/5.4.1/bin/../lib/gcc/arm-none-eabi/5.4.1/../../../../arm-none-eabi/lib/armv7-m\libg_nano.a(lib_a-init.o)
 .ARM.attributes
                0x00000569       0x2d c:/program files (x86)/cypress/psoc creator/4.2/psoc creator/import/gnu/arm/5.4.1/bin/../lib/gcc/arm-none-eabi/5.4.1/../../../../arm-none-eabi/lib/armv7-m\libg_nano.a(lib_a-memcpy-stub.o)
 .ARM.attributes
                0x00000596       0x2d c:/program files (x86)/cypress/psoc creator/4.2/psoc creator/import/gnu/arm/5.4.1/bin/../lib/gcc/arm-none-eabi/5.4.1/../../../../arm-none-eabi/lib/armv7-m\libg_nano.a(lib_a-memset.o)
 .ARM.attributes
                0x000005c3       0x2d c:/program files (x86)/cypress/psoc creator/4.2/psoc creator/import/gnu/arm/5.4.1/bin/../lib/gcc/arm-none-eabi/5.4.1/armv7-m/crtend.o
 .ARM.attributes
                0x000005f0       0x1d c:/program files (x86)/cypress/psoc creator/4.2/psoc creator/import/gnu/arm/5.4.1/bin/../lib/gcc/arm-none-eabi/5.4.1/armv7-m/crtn.o

/DISCARD/
 *(.note.GNU-stack)
OUTPUT(C:\Users\Caleb Cotter\Documents\GitHub\3HC\3HC_Firmware\USBFS_Bulk_Wraparound.cydsn\ARM_GCC_541\Debug\USBFS_Bulk_Wraparound.elf elf32-littlearm)
