Archive member included to satisfy reference by file (symbol)

.\CortexM3\ARM_GCC_541\Debug\3HC_Firmware_0_1.a(LCD.o)
                              .\CortexM3\ARM_GCC_541\Debug\main.o (LCD_PrintString)
.\CortexM3\ARM_GCC_541\Debug\3HC_Firmware_0_1.a(QuadDec.o)
                              .\CortexM3\ARM_GCC_541\Debug\main.o (QuadDec_GetCounter)
.\CortexM3\ARM_GCC_541\Debug\3HC_Firmware_0_1.a(QuadDec_INT.o)
                              .\CortexM3\ARM_GCC_541\Debug\3HC_Firmware_0_1.a(QuadDec.o) (QuadDec_ISR)
.\CortexM3\ARM_GCC_541\Debug\3HC_Firmware_0_1.a(QuadDec_Cnt16.o)
                              .\CortexM3\ARM_GCC_541\Debug\3HC_Firmware_0_1.a(QuadDec.o) (QuadDec_Cnt16_Stop)
.\CortexM3\ARM_GCC_541\Debug\3HC_Firmware_0_1.a(CyLib.o)
                              .\CortexM3\ARM_GCC_541\Debug\Cm3Start.o (CyHalt)
.\CortexM3\ARM_GCC_541\Debug\3HC_Firmware_0_1.a(cyPm.o)
                              .\CortexM3\ARM_GCC_541\Debug\3HC_Firmware_0_1.a(CyLib.o) (CyPmReadStatus)
.\CortexM3\ARM_GCC_541\Debug\3HC_Firmware_0_1.a(UPDATE_UI.o)
                              .\CortexM3\ARM_GCC_541\Debug\main.o (UPDATE_UI_SetPriority)
.\CortexM3\ARM_GCC_541\Debug\3HC_Firmware_0_1.a(UpdateTimer_UI.o)
                              .\CortexM3\ARM_GCC_541\Debug\main.o (UpdateTimer_UI_Start)
.\CortexM3\ARM_GCC_541\Debug\3HC_Firmware_0_1.a(I2C_Module.o)
                              .\CortexM3\ARM_GCC_541\Debug\I2C.o (I2C_Module_Start)
.\CortexM3\ARM_GCC_541\Debug\3HC_Firmware_0_1.a(I2C_Module_INT.o)
                              .\CortexM3\ARM_GCC_541\Debug\3HC_Firmware_0_1.a(I2C_Module.o) (I2C_Module_ISR)
.\CortexM3\ARM_GCC_541\Debug\3HC_Firmware_0_1.a(I2C_Module_PM.o)
                              .\CortexM3\ARM_GCC_541\Debug\3HC_Firmware_0_1.a(I2C_Module.o) (I2C_Module_backup)
.\CortexM3\ARM_GCC_541\Debug\3HC_Firmware_0_1.a(I2C_Module_MASTER.o)
                              .\CortexM3\ARM_GCC_541\Debug\3HC_Firmware_0_1.a(I2C_Module.o) (I2C_Module_mstrStatus)
.\CortexM3\ARM_GCC_541\Debug\3HC_Firmware_0_1.a(CyBootAsmGnu.o)
                              .\CortexM3\ARM_GCC_541\Debug\cyfitter_cfg.o (CyDelayCycles)
.\CortexM3\ARM_GCC_541\Debug\3HC_Firmware_0_1.a(CyFlash.o)
                              .\CortexM3\ARM_GCC_541\Debug\3HC_Firmware_0_1.a(cyPm.o) (CyFlash_SetWaitCycles)
.\CortexM3\ARM_GCC_541\Debug\3HC_Firmware_0_1.a(CySpc.o)
                              .\CortexM3\ARM_GCC_541\Debug\3HC_Firmware_0_1.a(CyFlash.o) (CySpcStart)
c:/program files (x86)/cypress/psoc creator/4.2/psoc creator/import/gnu/arm/5.4.1/bin/../lib/gcc/arm-none-eabi/5.4.1/../../../../arm-none-eabi/lib/armv7-m\libg_nano.a(lib_a-errno.o)
                              .\CortexM3\ARM_GCC_541\Debug\Cm3Start.o (__errno)
c:/program files (x86)/cypress/psoc creator/4.2/psoc creator/import/gnu/arm/5.4.1/bin/../lib/gcc/arm-none-eabi/5.4.1/../../../../arm-none-eabi/lib/armv7-m\libg_nano.a(lib_a-exit.o)
                              c:/program files (x86)/cypress/psoc creator/4.2/psoc creator/import/gnu/arm/5.4.1/bin/../lib/gcc/arm-none-eabi/5.4.1/../../../../arm-none-eabi/lib/armv7-m/crt0.o (exit)
c:/program files (x86)/cypress/psoc creator/4.2/psoc creator/import/gnu/arm/5.4.1/bin/../lib/gcc/arm-none-eabi/5.4.1/../../../../arm-none-eabi/lib/armv7-m\libg_nano.a(lib_a-impure.o)
                              c:/program files (x86)/cypress/psoc creator/4.2/psoc creator/import/gnu/arm/5.4.1/bin/../lib/gcc/arm-none-eabi/5.4.1/../../../../arm-none-eabi/lib/armv7-m\libg_nano.a(lib_a-exit.o) (_global_impure_ptr)
c:/program files (x86)/cypress/psoc creator/4.2/psoc creator/import/gnu/arm/5.4.1/bin/../lib/gcc/arm-none-eabi/5.4.1/../../../../arm-none-eabi/lib/armv7-m\libg_nano.a(lib_a-init.o)
                              c:/program files (x86)/cypress/psoc creator/4.2/psoc creator/import/gnu/arm/5.4.1/bin/../lib/gcc/arm-none-eabi/5.4.1/../../../../arm-none-eabi/lib/armv7-m/crt0.o (__libc_init_array)
c:/program files (x86)/cypress/psoc creator/4.2/psoc creator/import/gnu/arm/5.4.1/bin/../lib/gcc/arm-none-eabi/5.4.1/../../../../arm-none-eabi/lib/armv7-m\libg_nano.a(lib_a-memcpy-stub.o)
                              .\CortexM3\ARM_GCC_541\Debug\cyfitter_cfg.o (memcpy)
c:/program files (x86)/cypress/psoc creator/4.2/psoc creator/import/gnu/arm/5.4.1/bin/../lib/gcc/arm-none-eabi/5.4.1/../../../../arm-none-eabi/lib/armv7-m\libg_nano.a(lib_a-memset.o)
                              c:/program files (x86)/cypress/psoc creator/4.2/psoc creator/import/gnu/arm/5.4.1/bin/../lib/gcc/arm-none-eabi/5.4.1/../../../../arm-none-eabi/lib/armv7-m/crt0.o (memset)
c:/program files (x86)/cypress/psoc creator/4.2/psoc creator/import/gnu/arm/5.4.1/bin/../lib/gcc/arm-none-eabi/5.4.1/../../../../arm-none-eabi/lib/armv7-m\libg_nano.a(lib_a-sprintf.o)
                              .\CortexM3\ARM_GCC_541\Debug\main.o (sprintf)
[...]
Memory Configuration

Name             Origin             Length             Attributes
rom              0x00000000         0x00040000         xr
ram              0x1fff8000         0x00010000         xrw
*default*        0x00000000         0xffffffff

Linker script and memory map

LOAD c:/program files (x86)/cypress/psoc creator/4.2/psoc creator/import/gnu/arm/5.4.1/bin/../lib/gcc/arm-none-eabi/5.4.1/armv7-m/crti.o
LOAD c:/program files (x86)/cypress/psoc creator/4.2/psoc creator/import/gnu/arm/5.4.1/bin/../lib/gcc/arm-none-eabi/5.4.1/armv7-m/crtbegin.o
LOAD c:/program files (x86)/cypress/psoc creator/4.2/psoc creator/import/gnu/arm/5.4.1/bin/../lib/gcc/arm-none-eabi/5.4.1/../../../../arm-none-eabi/lib/armv7-m/crt0.o
START GROUP
LOAD .\CortexM3\ARM_GCC_541\Debug\main.o
LOAD .\CortexM3\ARM_GCC_541\Debug\I2C.o
LOAD .\CortexM3\ARM_GCC_541\Debug\MPU9250.o
LOAD .\CortexM3\ARM_GCC_541\Debug\cyfitter_cfg.o
LOAD .\CortexM3\ARM_GCC_541\Debug\cymetadata.o
LOAD .\CortexM3\ARM_GCC_541\Debug\Cm3Start.o
LOAD .\CortexM3\ARM_GCC_541\Debug\3HC_Firmware_0_1.a
LOAD C:\Program Files (x86)\Cypress\PSoC Creator\4.2\PSoC Creator\psoc\content\cycomponentlibrary\CyComponentLibrary.cylib\CortexM3\ARM_GCC_541\Debug\CyComponentLibrary.a
END GROUP
START GROUP
LOAD c:/program files (x86)/cypress/psoc creator/4.2/psoc creator/import/gnu/arm/5.4.1/bin/../lib/gcc/arm-none-eabi/5.4.1/armv7-m\libgcc.a
LOAD c:/program files (x86)/cypress/psoc creator/4.2/psoc creator/import/gnu/arm/5.4.1/bin/../lib/gcc/arm-none-eabi/5.4.1/../../../../arm-none-eabi/lib/armv7-m\libg_nano.a
LOAD c:/program files (x86)/cypress/psoc creator/4.2/psoc creator/import/gnu/arm/5.4.1/bin/../lib/gcc/arm-none-eabi/5.4.1/../../../../arm-none-eabi/lib/armv7-m\libc_nano.a
END GROUP
START GROUP
LOAD c:/program files (x86)/cypress/psoc creator/4.2/psoc creator/import/gnu/arm/5.4.1/bin/../lib/gcc/arm-none-eabi/5.4.1/armv7-m\libgcc.a
LOAD c:/program files (x86)/cypress/psoc creator/4.2/psoc creator/import/gnu/arm/5.4.1/bin/../lib/gcc/arm-none-eabi/5.4.1/../../../../arm-none-eabi/lib/armv7-m\libc_nano.a
END GROUP
LOAD c:/program files (x86)/cypress/psoc creator/4.2/psoc creator/import/gnu/arm/5.4.1/bin/../lib/gcc/arm-none-eabi/5.4.1/armv7-m/crtend.o
LOAD c:/program files (x86)/cypress/psoc creator/4.2/psoc creator/import/gnu/arm/5.4.1/bin/../lib/gcc/arm-none-eabi/5.4.1/armv7-m/crtn.o
START GROUP
LOAD c:/program files (x86)/cypress/psoc creator/4.2/psoc creator/import/gnu/arm/5.4.1/bin/../lib/gcc/arm-none-eabi/5.4.1/armv7-m\libgcc.a
LOAD c:/program files (x86)/cypress/psoc creator/4.2/psoc creator/import/gnu/arm/5.4.1/bin/../lib/gcc/arm-none-eabi/5.4.1/../../../../arm-none-eabi/lib/armv7-m\libc.a
LOAD c:/program files (x86)/cypress/psoc creator/4.2/psoc creator/import/gnu/arm/5.4.1/bin/../lib/gcc/arm-none-eabi/5.4.1/../../../../arm-none-eabi/lib/armv7-m\libnosys.a
END GROUP
                0x00000000                CY_APPL_ORIGIN = 0x0
                0x00000100                CY_FLASH_ROW_SIZE = 0x100
                0x00000020                CY_ECC_ROW_SIZE = 0x20
                0x00000000                CY_EE_IN_BTLDR = 0x0
                0x00000000                CY_APPL_LOADABLE = 0x0
                0x00000800                CY_EE_SIZE = 0x800
                0x00000001                CY_APPL_NUM = 0x1
                0x00000001                CY_APPL_MAX = 0x1
                0x00000040                CY_METADATA_SIZE = 0x40
                0x00000000                CY_APPL_LOADABLE = 0x0
                0x00000000                CY_CHECKSUM_EXCLUDE_SIZE = ALIGN (0x0, CY_FLASH_ROW_SIZE)
                [!provide]                PROVIDE (__cy_heap_start, _end)
                0x00000001                PROVIDE (__cy_region_num, ((__cy_regions_end - __cy_regions) / 0x10))
                0x20008000                PROVIDE (__cy_stack, (ORIGIN (ram) + LENGTH (ram)))
                [!provide]                PROVIDE (__cy_heap_end, (__cy_stack - 0x800))

.cybootloader   0x00000000        0x0
 *(.cybootloader)
                0x00000000                appl1_start = CY_APPL_ORIGIN?CY_APPL_ORIGIN:ALIGN (CY_FLASH_ROW_SIZE)
                0x0001ff00                appl2_start = (appl1_start + ALIGN ((((LENGTH (rom) - appl1_start) - (0x2 * CY_FLASH_ROW_SIZE)) / 0x2), CY_FLASH_ROW_SIZE))
                0x00000000                appl_start = (CY_APPL_NUM == 0x1)?appl1_start:appl2_start
                0x00000000                ecc_offset = ((appl_start / CY_FLASH_ROW_SIZE) * CY_ECC_ROW_SIZE)
                0x00000000                ee_offset = (CY_APPL_LOADABLE && ! (CY_EE_IN_BTLDR))?((CY_EE_SIZE / CY_APPL_MAX) * (CY_APPL_NUM - 0x1)):0x0
                0x00000800                ee_size = (CY_APPL_LOADABLE && ! (CY_EE_IN_BTLDR))?(CY_EE_SIZE / CY_APPL_MAX):CY_EE_SIZE
                [!provide]                PROVIDE (CY_ECC_OFFSET, ecc_offset)

.text           0x00000000     0x1a60
 CREATE_OBJECT_SYMBOLS
                0x00000000                PROVIDE (__cy_interrupt_vector, RomVectors)
 *(.romvectors)
 .romvectors    0x00000000       0x10 .\CortexM3\ARM_GCC_541\Debug\Cm3Start.o
                0x00000000                RomVectors
                0x00000001                ASSERT ((. != __cy_interrupt_vector), No interrupt vector)
                0x00000001                ASSERT (CY_APPL_ORIGIN?(SIZEOF (.cybootloader) <= CY_APPL_ORIGIN):0x1, Wrong image location)
                0x00000010                PROVIDE (__cy_reset, Reset)
 *(.text.Reset)
 .text.Reset    0x00000010       0x18 .\CortexM3\ARM_GCC_541\Debug\Cm3Start.o
                0x00000010                Reset
                0x00000001                ASSERT ((. != __cy_reset), No reset code)
 *(.dma_init)
                0x00000001                ASSERT ((((appl_start + .) <= 0x10000) || 0x1), DMA Init must be within the first 64k of flash)
 *(.text .text.* .gnu.linkonce.t.*)
 .text          0x00000028       0x5c c:/program files (x86)/cypress/psoc creator/4.2/psoc creator/import/gnu/arm/5.4.1/bin/../lib/gcc/arm-none-eabi/5.4.1/armv7-m/crtbegin.o
 .text.UPDATE_UI
                0x00000084        0xc .\CortexM3\ARM_GCC_541\Debug\main.o
                0x00000084                UPDATE_UI
 .text.main     0x00000090       0x94 .\CortexM3\ARM_GCC_541\Debug\main.o
                0x00000090                main
 .text.I2C_Init
                0x00000124        0x8 .\CortexM3\ARM_GCC_541\Debug\I2C.o
                0x00000124                I2C_Init
 .text.I2C_ReadRegister
                0x0000012c       0x38 .\CortexM3\ARM_GCC_541\Debug\I2C.o
                0x0000012c                I2C_ReadRegister
 .text.I2C_WriteReg
                0x00000164       0x28 .\CortexM3\ARM_GCC_541\Debug\I2C.o
                0x00000164                I2C_WriteReg
 .text.I2C_ReadInt
                0x0000018c       0x50 .\CortexM3\ARM_GCC_541\Debug\I2C.o
                0x0000018c                I2C_ReadInt
 .text.MPU9250_Init
                0x000001dc       0x7c .\CortexM3\ARM_GCC_541\Debug\MPU9250.o
                0x000001dc                MPU9250_Init
 .text.MPU9250_ReadMagX
                0x00000258       0x1c .\CortexM3\ARM_GCC_541\Debug\MPU9250.o
                0x00000258                MPU9250_ReadMagX
 .text.MPU9250_ReadMagY
                0x00000274       0x1c .\CortexM3\ARM_GCC_541\Debug\MPU9250.o
                0x00000274                MPU9250_ReadMagY
 .text.CyClockStartupError
                0x00000290        0x4 .\CortexM3\ARM_GCC_541\Debug\cyfitter_cfg.o
 .text.cfg_write_bytes32
                0x00000294       0x34 .\CortexM3\ARM_GCC_541\Debug\cyfitter_cfg.o
 .text.AnalogSetDefault
                0x000002c8       0x28 .\CortexM3\ARM_GCC_541\Debug\cyfitter_cfg.o
 .text.CYMEMZERO
                0x000002f0        0xc .\CortexM3\ARM_GCC_541\Debug\cyfitter_cfg.o
 .text.ClockSetup
                0x000002fc       0xbc .\CortexM3\ARM_GCC_541\Debug\cyfitter_cfg.o
 .text.CYCONFIGCPY
                0x000003b8        0x8 .\CortexM3\ARM_GCC_541\Debug\cyfitter_cfg.o
 .text.cyfitter_cfg
                0x000003c0      0x128 .\CortexM3\ARM_GCC_541\Debug\cyfitter_cfg.o
                0x000003c0                cyfitter_cfg
 .text.IntDefaultHandler
                0x000004e8       0x10 .\CortexM3\ARM_GCC_541\Debug\Cm3Start.o
                0x000004e8                IntDefaultHandler
 .text._sbrk    0x000004f8       0x30 .\CortexM3\ARM_GCC_541\Debug\Cm3Start.o
                0x000004f8                _sbrk
 .text.Start_c  0x00000528       0x4c .\CortexM3\ARM_GCC_541\Debug\Cm3Start.o
                0x00000528                Start_c
 .text.initialize_psoc
                0x00000574       0x68 .\CortexM3\ARM_GCC_541\Debug\Cm3Start.o
                0x00000574                initialize_psoc
 .text.LCD_WrCntrlNib
                0x000005dc       0x34 .\CortexM3\ARM_GCC_541\Debug\3HC_Firmware_0_1.a(LCD.o)
 .text.LCD_WrDatNib
                0x00000610       0x44 .\CortexM3\ARM_GCC_541\Debug\3HC_Firmware_0_1.a(LCD.o)
 .text.LCD_IsReady
                0x00000654       0xe4 .\CortexM3\ARM_GCC_541\Debug\3HC_Firmware_0_1.a(LCD.o)
                0x00000654                LCD_IsReady
 .text.LCD_WriteData
                0x00000738       0x18 .\CortexM3\ARM_GCC_541\Debug\3HC_Firmware_0_1.a(LCD.o)
                0x00000738                LCD_WriteData
 .text.LCD_PrintString
                0x00000750       0x1c .\CortexM3\ARM_GCC_541\Debug\3HC_Firmware_0_1.a(LCD.o)
                0x00000750                LCD_PrintString
 .text.LCD_WriteControl
                0x0000076c       0x18 .\CortexM3\ARM_GCC_541\Debug\3HC_Firmware_0_1.a(LCD.o)
                0x0000076c                LCD_WriteControl
 .text.LCD_Init
                0x00000784       0x6c .\CortexM3\ARM_GCC_541\Debug\3HC_Firmware_0_1.a(LCD.o)
                0x00000784                LCD_Init
 .text.LCD_Enable
                0x000007f0       0x14 .\CortexM3\ARM_GCC_541\Debug\3HC_Firmware_0_1.a(LCD.o)
                0x000007f0                LCD_Enable
 .text.LCD_Start
                0x00000804       0x1c .\CortexM3\ARM_GCC_541\Debug\3HC_Firmware_0_1.a(LCD.o)
                0x00000804                LCD_Start
 .text.LCD_Position
                0x00000820       0x3c .\CortexM3\ARM_GCC_541\Debug\3HC_Firmware_0_1.a(LCD.o)
                0x00000820                LCD_Position
 .text.QuadDec_Init
                0x0000085c       0x24 .\CortexM3\ARM_GCC_541\Debug\3HC_Firmware_0_1.a(QuadDec.o)
                0x0000085c                QuadDec_Init
 .text.QuadDec_GetCounter
                0x00000880       0x2c .\CortexM3\ARM_GCC_541\Debug\3HC_Firmware_0_1.a(QuadDec.o)
                0x00000880                QuadDec_GetCounter
 .text.QuadDec_GetEvents
                0x000008ac       0x10 .\CortexM3\ARM_GCC_541\Debug\3HC_Firmware_0_1.a(QuadDec.o)
                0x000008ac                QuadDec_GetEvents
 .text.QuadDec_SetInterruptMask
                0x000008bc       0x10 .\CortexM3\ARM_GCC_541\Debug\3HC_Firmware_0_1.a(QuadDec.o)
                0x000008bc                QuadDec_SetInterruptMask
 .text.QuadDec_Enable
                0x000008cc       0x30 .\CortexM3\ARM_GCC_541\Debug\3HC_Firmware_0_1.a(QuadDec.o)
                0x000008cc                QuadDec_Enable
 .text.QuadDec_Start
                0x000008fc       0x34 .\CortexM3\ARM_GCC_541\Debug\3HC_Firmware_0_1.a(QuadDec.o)
                0x000008fc                QuadDec_Start
 .text.QuadDec_ISR
                0x00000930       0x40 .\CortexM3\ARM_GCC_541\Debug\3HC_Firmware_0_1.a(QuadDec_INT.o)
                0x00000930                QuadDec_ISR
 .text.QuadDec_Cnt16_Enable
                0x00000970       0x10 .\CortexM3\ARM_GCC_541\Debug\3HC_Firmware_0_1.a(QuadDec_Cnt16.o)
                0x00000970                QuadDec_Cnt16_Enable
 .text.QuadDec_Cnt16_SetInterruptMode
                0x00000980        0xc .\CortexM3\ARM_GCC_541\Debug\3HC_Firmware_0_1.a(QuadDec_Cnt16.o)
                0x00000980                QuadDec_Cnt16_SetInterruptMode
 .text.QuadDec_Cnt16_ReadStatusRegister
                0x0000098c        0xc .\CortexM3\ARM_GCC_541\Debug\3HC_Firmware_0_1.a(QuadDec_Cnt16.o)
                0x0000098c                QuadDec_Cnt16_ReadStatusRegister
 .text.QuadDec_Cnt16_WriteCounter
                0x00000998        0xc .\CortexM3\ARM_GCC_541\Debug\3HC_Firmware_0_1.a(QuadDec_Cnt16.o)
                0x00000998                QuadDec_Cnt16_WriteCounter
 .text.QuadDec_Cnt16_ReadCounter
                0x000009a4       0x14 .\CortexM3\ARM_GCC_541\Debug\3HC_Firmware_0_1.a(QuadDec_Cnt16.o)
                0x000009a4                QuadDec_Cnt16_ReadCounter
 .text.QuadDec_Cnt16_ReadCapture
                0x000009b8        0xc .\CortexM3\ARM_GCC_541\Debug\3HC_Firmware_0_1.a(QuadDec_Cnt16.o)
                0x000009b8                QuadDec_Cnt16_ReadCapture
 .text.QuadDec_Cnt16_WritePeriod
                0x000009c4        0xc .\CortexM3\ARM_GCC_541\Debug\3HC_Firmware_0_1.a(QuadDec_Cnt16.o)
                0x000009c4                QuadDec_Cnt16_WritePeriod
 .text.QuadDec_Cnt16_WriteCompare
                0x000009d0        0xc .\CortexM3\ARM_GCC_541\Debug\3HC_Firmware_0_1.a(QuadDec_Cnt16.o)
                0x000009d0                QuadDec_Cnt16_WriteCompare
 .text.QuadDec_Cnt16_ClearFIFO
                0x000009dc       0x14 .\CortexM3\ARM_GCC_541\Debug\3HC_Firmware_0_1.a(QuadDec_Cnt16.o)
                0x000009dc                QuadDec_Cnt16_ClearFIFO
 .text.QuadDec_Cnt16_Init
                0x000009f0       0x58 .\CortexM3\ARM_GCC_541\Debug\3HC_Firmware_0_1.a(QuadDec_Cnt16.o)
                0x000009f0                QuadDec_Cnt16_Init
 .text.QuadDec_Cnt16_Start
                0x00000a48       0x1c .\CortexM3\ARM_GCC_541\Debug\3HC_Firmware_0_1.a(QuadDec_Cnt16.o)
                0x00000a48                QuadDec_Cnt16_Start
 .text.CyHalt   0x00000a64        0x4 .\CortexM3\ARM_GCC_541\Debug\3HC_Firmware_0_1.a(CyLib.o)
                0x00000a64                CyHalt
 .text.CyDelay  0x00000a68       0x2c .\CortexM3\ARM_GCC_541\Debug\3HC_Firmware_0_1.a(CyLib.o)
                0x00000a68                CyDelay
 .text.CyDelayUs
                0x00000a94       0x14 .\CortexM3\ARM_GCC_541\Debug\3HC_Firmware_0_1.a(CyLib.o)
                0x00000a94                CyDelayUs
 .text.CyIntSetVector
                0x00000aa8       0x28 .\CortexM3\ARM_GCC_541\Debug\3HC_Firmware_0_1.a(CyLib.o)
                0x00000aa8                CyIntSetVector
 .text.CyIntSetPriority
                0x00000ad0       0x30 .\CortexM3\ARM_GCC_541\Debug\3HC_Firmware_0_1.a(CyLib.o)
                0x00000ad0                CyIntSetPriority
 .text.UPDATE_UI_SetVector
                0x00000b00        0xc .\CortexM3\ARM_GCC_541\Debug\3HC_Firmware_0_1.a(UPDATE_UI.o)
                0x00000b00                UPDATE_UI_SetVector
 .text.UPDATE_UI_SetPriority
                0x00000b0c       0x10 .\CortexM3\ARM_GCC_541\Debug\3HC_Firmware_0_1.a(UPDATE_UI.o)
                0x00000b0c                UPDATE_UI_SetPriority
 .text.UPDATE_UI_Enable
                0x00000b1c        0xc .\CortexM3\ARM_GCC_541\Debug\3HC_Firmware_0_1.a(UPDATE_UI.o)
                0x00000b1c                UPDATE_UI_Enable
 .text.UPDATE_UI_Disable
                0x00000b28        0xc .\CortexM3\ARM_GCC_541\Debug\3HC_Firmware_0_1.a(UPDATE_UI.o)
                0x00000b28                UPDATE_UI_Disable
 .text.UPDATE_UI_StartEx
                0x00000b34       0x1c .\CortexM3\ARM_GCC_541\Debug\3HC_Firmware_0_1.a(UPDATE_UI.o)
                0x00000b34                UPDATE_UI_StartEx
 .text.UpdateTimer_UI_Enable
                0x00000b50       0x28 .\CortexM3\ARM_GCC_541\Debug\3HC_Firmware_0_1.a(UpdateTimer_UI.o)
                0x00000b50                UpdateTimer_UI_Enable
 .text.UpdateTimer_UI_SetInterruptMode
                0x00000b78        0xc .\CortexM3\ARM_GCC_541\Debug\3HC_Firmware_0_1.a(UpdateTimer_UI.o)
                0x00000b78                UpdateTimer_UI_SetInterruptMode
 .text.UpdateTimer_UI_WritePeriod
                0x00000b84        0xc .\CortexM3\ARM_GCC_541\Debug\3HC_Firmware_0_1.a(UpdateTimer_UI.o)
                0x00000b84                UpdateTimer_UI_WritePeriod
 .text.UpdateTimer_UI_WriteCounter
                0x00000b90        0xc .\CortexM3\ARM_GCC_541\Debug\3HC_Firmware_0_1.a(UpdateTimer_UI.o)
                0x00000b90                UpdateTimer_UI_WriteCounter
 .text.UpdateTimer_UI_Init
                0x00000b9c       0x64 .\CortexM3\ARM_GCC_541\Debug\3HC_Firmware_0_1.a(UpdateTimer_UI.o)
                0x00000b9c                UpdateTimer_UI_Init
 .text.UpdateTimer_UI_Start
                0x00000c00       0x1c .\CortexM3\ARM_GCC_541\Debug\3HC_Firmware_0_1.a(UpdateTimer_UI.o)
                0x00000c00                UpdateTimer_UI_Start
 .text.I2C_Module_Init
                0x00000c1c       0x68 .\CortexM3\ARM_GCC_541\Debug\3HC_Firmware_0_1.a(I2C_Module.o)
                0x00000c1c                I2C_Module_Init
 .text.I2C_Module_Enable
                0x00000c84       0x24 .\CortexM3\ARM_GCC_541\Debug\3HC_Firmware_0_1.a(I2C_Module.o)
                0x00000c84                I2C_Module_Enable
 .text.I2C_Module_Start
                0x00000ca8       0x28 .\CortexM3\ARM_GCC_541\Debug\3HC_Firmware_0_1.a(I2C_Module.o)
                0x00000ca8                I2C_Module_Start
 .text.I2C_Module_ISR
                0x00000cd0      0x2d0 .\CortexM3\ARM_GCC_541\Debug\3HC_Firmware_0_1.a(I2C_Module_INT.o)
                0x00000cd0                I2C_Module_ISR
 .text.I2C_Module_MasterSendStart
                0x00000fa0       0x80 .\CortexM3\ARM_GCC_541\Debug\3HC_Firmware_0_1.a(I2C_Module_MASTER.o)
                0x00000fa0                I2C_Module_MasterSendStart
 .text.I2C_Module_MasterSendRestart
                0x00001020       0x6c .\CortexM3\ARM_GCC_541\Debug\3HC_Firmware_0_1.a(I2C_Module_MASTER.o)
                0x00001020                I2C_Module_MasterSendRestart
 .text.I2C_Module_MasterSendStop
                0x0000108c       0x38 .\CortexM3\ARM_GCC_541\Debug\3HC_Firmware_0_1.a(I2C_Module_MASTER.o)
                0x0000108c                I2C_Module_MasterSendStop
 .text.I2C_Module_MasterWriteByte
                0x000010c4       0x58 .\CortexM3\ARM_GCC_541\Debug\3HC_Firmware_0_1.a(I2C_Module_MASTER.o)
                0x000010c4                I2C_Module_MasterWriteByte
 .text.I2C_Module_MasterReadByte
                0x0000111c       0x58 .\CortexM3\ARM_GCC_541\Debug\3HC_Firmware_0_1.a(I2C_Module_MASTER.o)
                0x0000111c                I2C_Module_MasterReadByte
 *fill*         0x00001174        0x4 
 .text          0x00001178       0x20 .\CortexM3\ARM_GCC_541\Debug\3HC_Firmware_0_1.a(CyBootAsmGnu.o)
                0x00001178                CyDelayCycles
                0x00001188                CyEnterCriticalSection
                0x00001190                CyExitCriticalSection
 .text.__errno  0x00001198        0xc c:/program files (x86)/cypress/psoc creator/4.2/psoc creator/import/gnu/arm/5.4.1/bin/../lib/gcc/arm-none-eabi/5.4.1/../../../../arm-none-eabi/lib/armv7-m\libg_nano.a(lib_a-errno.o)
                0x00001198                __errno
 .text.__libc_init_array
                0x000011a4       0x4c c:/program files (x86)/cypress/psoc creator/4.2/psoc creator/import/gnu/arm/5.4.1/bin/../lib/gcc/arm-none-eabi/5.4.1/../../../../arm-none-eabi/lib/armv7-m\libg_nano.a(lib_a-init.o)
                0x000011a4                __libc_init_array
 .text.memcpy   0x000011f0       0x16 c:/program files (x86)/cypress/psoc creator/4.2/psoc creator/import/gnu/arm/5.4.1/bin/../lib/gcc/arm-none-eabi/5.4.1/../../../../arm-none-eabi/lib/armv7-m\libg_nano.a(lib_a-memcpy-stub.o)
                0x000011f0                memcpy
 .text.memset   0x00001206       0x10 c:/program files (x86)/cypress/psoc creator/4.2/psoc creator/import/gnu/arm/5.4.1/bin/../lib/gcc/arm-none-eabi/5.4.1/../../../../arm-none-eabi/lib/armv7-m\libg_nano.a(lib_a-memset.o)
                0x00001206                memset
 *fill*         0x00001216        0x2 
 .text.sprintf  0x00001218       0x48 c:/program files (x86)/cypress/psoc creator/4.2/psoc creator/import/gnu/arm/5.4.1/bin/../lib/gcc/arm-none-eabi/5.4.1/../../../../arm-none-eabi/lib/armv7-m\libg_nano.a(lib_a-sprintf.o)
                0x00001218                siprintf
                0x00001218                sprintf
 .text.__ssputs_r
                0x00001260       0xb2 c:/program files (x86)/cypress/psoc creator/4.2/psoc creator/import/gnu/arm/5.4.1/bin/../lib/gcc/arm-none-eabi/5.4.1/../../../../arm-none-eabi/lib/armv7-m\libg_nano.a(lib_a-nano-svfprintf.o)
                0x00001260                __ssputs_r
 *fill*         0x00001312        0x2 
 .text._svfprintf_r
                0x00001314      0x1e8 c:/program files (x86)/cypress/psoc creator/4.2/psoc creator/import/gnu/arm/5.4.1/bin/../lib/gcc/arm-none-eabi/5.4.1/../../../../arm-none-eabi/lib/armv7-m\libg_nano.a(lib_a-nano-svfprintf.o)
                0x00001314                _svfiprintf_r
                0x00001314                _svfprintf_r
 .text._printf_common
                0x000014fc       0xec c:/program files (x86)/cypress/psoc creator/4.2/psoc creator/import/gnu/arm/5.4.1/bin/../lib/gcc/arm-none-eabi/5.4.1/../../../../arm-none-eabi/lib/armv7-m\libg_nano.a(lib_a-nano-vfprintf_i.o)
                0x000014fc                _printf_common
 .text._printf_i
                0x000015e8      0x24c c:/program files (x86)/cypress/psoc creator/4.2/psoc creator/import/gnu/arm/5.4.1/bin/../lib/gcc/arm-none-eabi/5.4.1/../../../../arm-none-eabi/lib/armv7-m\libg_nano.a(lib_a-nano-vfprintf_i.o)
                0x000015e8                _printf_i
 .text.memchr   0x00001834       0x1c c:/program files (x86)/cypress/psoc creator/4.2/psoc creator/import/gnu/arm/5.4.1/bin/../lib/gcc/arm-none-eabi/5.4.1/../../../../arm-none-eabi/lib/armv7-m\libg_nano.a(lib_a-memchr-stub.o)
                0x00001834                memchr
 .text.memmove  0x00001850       0x36 c:/program files (x86)/cypress/psoc creator/4.2/psoc creator/import/gnu/arm/5.4.1/bin/../lib/gcc/arm-none-eabi/5.4.1/../../../../arm-none-eabi/lib/armv7-m\libg_nano.a(lib_a-memmove.o)
                0x00001850                memmove
 *fill*         0x00001886        0x2 
 .text._free_r  0x00001888       0x98 c:/program files (x86)/cypress/psoc creator/4.2/psoc creator/import/gnu/arm/5.4.1/bin/../lib/gcc/arm-none-eabi/5.4.1/../../../../arm-none-eabi/lib/armv7-m\libg_nano.a(lib_a-nano-freer.o)
                0x00001888                _free_r
 .text._malloc_r
                0x00001920       0xbc c:/program files (x86)/cypress/psoc creator/4.2/psoc creator/import/gnu/arm/5.4.1/bin/../lib/gcc/arm-none-eabi/5.4.1/../../../../arm-none-eabi/lib/armv7-m\libg_nano.a(lib_a-nano-mallocr.o)
                0x00001920                _malloc_r
 .text._realloc_r
                0x000019dc       0x4c c:/program files (x86)/cypress/psoc creator/4.2/psoc creator/import/gnu/arm/5.4.1/bin/../lib/gcc/arm-none-eabi/5.4.1/../../../../arm-none-eabi/lib/armv7-m\libg_nano.a(lib_a-nano-reallocr.o)
                0x000019dc                _realloc_r
 .text._sbrk_r  0x00001a28       0x20 c:/program files (x86)/cypress/psoc creator/4.2/psoc creator/import/gnu/arm/5.4.1/bin/../lib/gcc/arm-none-eabi/5.4.1/../../../../arm-none-eabi/lib/armv7-m\libg_nano.a(lib_a-sbrkr.o)
                0x00001a28                _sbrk_r
 .text.__malloc_lock
                0x00001a48        0x2 c:/program files (x86)/cypress/psoc creator/4.2/psoc creator/import/gnu/arm/5.4.1/bin/../lib/gcc/arm-none-eabi/5.4.1/../../../../arm-none-eabi/lib/armv7-m\libg_nano.a(lib_a-mlock.o)
                0x00001a48                __malloc_lock
 .text.__malloc_unlock
                0x00001a4a        0x2 c:/program files (x86)/cypress/psoc creator/4.2/psoc creator/import/gnu/arm/5.4.1/bin/../lib/gcc/arm-none-eabi/5.4.1/../../../../arm-none-eabi/lib/armv7-m\libg_nano.a(lib_a-mlock.o)
                0x00001a4a                __malloc_unlock
 .text._malloc_usable_size_r
                0x00001a4c       0x14 c:/program files (x86)/cypress/psoc creator/4.2/psoc creator/import/gnu/arm/5.4.1/bin/../lib/gcc/arm-none-eabi/5.4.1/../../../../arm-none-eabi/lib/armv7-m\libg_nano.a(lib_a-nano-msizer.o)
                0x00001a4c                _malloc_usable_size_r
 *(.plt)
 *(.gnu.warning)
 *(.glue_7t)
 .glue_7t       0x00001a60        0x0 linker stubs
 *(.glue_7)
 .glue_7        0x00001a60        0x0 linker stubs
 *(.vfp11_veneer)
 .vfp11_veneer  0x00001a60        0x0 linker stubs
 *(.bootloader)
 *(.ARM.extab* .gnu.linkonce.armextab.*)
 *(.gcc_except_table)

.v4_bx          0x00001a60        0x0
 .v4_bx         0x00001a60        0x0 linker stubs

.iplt           0x00001a60        0x0
 .iplt          0x00001a60        0x0 c:/program files (x86)/cypress/psoc creator/4.2/psoc creator/import/gnu/arm/5.4.1/bin/../lib/gcc/arm-none-eabi/5.4.1/armv7-m/crtbegin.o

.eh_frame_hdr
 *(.eh_frame_hdr)

.eh_frame       0x00001a60        0x4
 *(.eh_frame)
 .eh_frame      0x00001a60        0x0 c:/program files (x86)/cypress/psoc creator/4.2/psoc creator/import/gnu/arm/5.4.1/bin/../lib/gcc/arm-none-eabi/5.4.1/armv7-m/crtbegin.o
 .eh_frame      0x00001a60        0x4 c:/program files (x86)/cypress/psoc creator/4.2/psoc creator/import/gnu/arm/5.4.1/bin/../lib/gcc/arm-none-eabi/5.4.1/armv7-m/crtend.o
                [!provide]                PROVIDE (__exidx_start, .)

.ARM.exidx
 *(.ARM.exidx* .gnu.linkonce.armexidx.*)
                0x00001a64                __exidx_end = .

.rodata         0x00001a64       0xb4
 *(.rodata .rodata.* .gnu.linkonce.r.*)
 .rodata.str1.4
                0x00001a64       0x18 .\CortexM3\ARM_GCC_541\Debug\main.o
                                 0x15 (size before relaxing)
 .rodata        0x00001a7c       0x30 .\CortexM3\ARM_GCC_541\Debug\cyfitter_cfg.o
 .rodata.str1.1
                0x00001aac        0x2 c:/program files (x86)/cypress/psoc creator/4.2/psoc creator/import/gnu/arm/5.4.1/bin/../lib/gcc/arm-none-eabi/5.4.1/../../../../arm-none-eabi/lib/armv7-m\libg_nano.a(lib_a-impure.o)
 .rodata.str1.1
                0x00001aae       0x11 c:/program files (x86)/cypress/psoc creator/4.2/psoc creator/import/gnu/arm/5.4.1/bin/../lib/gcc/arm-none-eabi/5.4.1/../../../../arm-none-eabi/lib/armv7-m\libg_nano.a(lib_a-nano-svfprintf.o)
 .rodata.str1.1
                0x00001abf       0x22 c:/program files (x86)/cypress/psoc creator/4.2/psoc creator/import/gnu/arm/5.4.1/bin/../lib/gcc/arm-none-eabi/5.4.1/../../../../arm-none-eabi/lib/armv7-m\libg_nano.a(lib_a-nano-vfprintf_i.o)
                0x00001ae4                . = ALIGN (0x4)
 *fill*         0x00001ae1        0x3 
 *(.init)
 .init          0x00001ae4        0x4 c:/program files (x86)/cypress/psoc creator/4.2/psoc creator/import/gnu/arm/5.4.1/bin/../lib/gcc/arm-none-eabi/5.4.1/armv7-m/crti.o
                0x00001ae4                _init
 .init          0x00001ae8        0x8 c:/program files (x86)/cypress/psoc creator/4.2/psoc creator/import/gnu/arm/5.4.1/bin/../lib/gcc/arm-none-eabi/5.4.1/armv7-m/crtn.o
                0x00001af0                . = ALIGN (0x4)
                0x00001af0                __preinit_array_start = .
 *(.preinit_array)
                0x00001af0                __preinit_array_end = .
                0x00001af0                . = ALIGN (0x4)
                0x00001af0                __init_array_start = .
 *(SORT(.init_array.*))
 *(.init_array)
 .init_array    0x00001af0        0x4 c:/program files (x86)/cypress/psoc creator/4.2/psoc creator/import/gnu/arm/5.4.1/bin/../lib/gcc/arm-none-eabi/5.4.1/armv7-m/crtbegin.o
 .init_array    0x00001af4        0x4 .\CortexM3\ARM_GCC_541\Debug\Cm3Start.o
                0x00001af8                __init_array_end = .
                0x00001af8                . = ALIGN (0x4)
 *(.fini)
 .fini          0x00001af8        0x4 c:/program files (x86)/cypress/psoc creator/4.2/psoc creator/import/gnu/arm/5.4.1/bin/../lib/gcc/arm-none-eabi/5.4.1/armv7-m/crti.o
                0x00001af8                _fini
 .fini          0x00001afc        0x8 c:/program files (x86)/cypress/psoc creator/4.2/psoc creator/import/gnu/arm/5.4.1/bin/../lib/gcc/arm-none-eabi/5.4.1/armv7-m/crtn.o
                0x00001b04                . = ALIGN (0x4)
                0x00001b04                __fini_array_start = .
 *(.fini_array)
 .fini_array    0x00001b04        0x4 c:/program files (x86)/cypress/psoc creator/4.2/psoc creator/import/gnu/arm/5.4.1/bin/../lib/gcc/arm-none-eabi/5.4.1/armv7-m/crtbegin.o
 *(SORT(.fini_array.*))
                0x00001b08                __fini_array_end = .
                0x00001b08                . = ALIGN (0x4)
 *crtbegin.o(.ctors)
 *(EXCLUDE_FILE(*crtend.o) .ctors)
 *(SORT(.ctors.*))
 *crtend.o(.ctors)
                0x00001b08                . = ALIGN (0x4)
 *crtbegin.o(.dtors)
 *(EXCLUDE_FILE(*crtend.o) .dtors)
 *(SORT(.dtors.*))
 *crtend.o(.dtors)
                0x00001b08                . = ALIGN (0x4)
                0x00001b08                __cy_regions = .
                0x00001b08        0x4 LONG 0x1b18 __cy_region_init_ram
                0x00001b0c        0x4 LONG 0x1fff80c8 __cy_region_start_data
                0x00001b10        0x4 LONG 0x80 __cy_region_init_size_ram
                0x00001b14        0x4 LONG 0x70 __cy_region_zero_size_ram
                0x00001b18                __cy_regions_end = .
                0x00001b18                . = ALIGN (0x8)
                0x00001b18                _etext = .

.cy_checksum_exclude
                0x00001b18        0x0
 *(.cy_checksum_exclude)

.ramvectors     0x1fff8000       0xc0
                0x1fff8000                __cy_region_start_ram = .
 *(.ramvectors)
 .ramvectors    0x1fff8000       0xc0 .\CortexM3\ARM_GCC_541\Debug\Cm3Start.o
                0x1fff8000                CyRamVectors

.noinit         0x1fff80c0        0x1
 *(.noinit)
 .noinit        0x1fff80c0        0x1 .\CortexM3\ARM_GCC_541\Debug\3HC_Firmware_0_1.a(CyLib.o)
                0x1fff80c0                CyResetStatus

.data           0x1fff80c8       0x80 load address 0x00001b18
                0x1fff80c8                __cy_region_start_data = .
 *(.jcr)
 .jcr           0x1fff80c8        0x0 c:/program files (x86)/cypress/psoc creator/4.2/psoc creator/import/gnu/arm/5.4.1/bin/../lib/gcc/arm-none-eabi/5.4.1/armv7-m/crtbegin.o
 .jcr           0x1fff80c8        0x4 c:/program files (x86)/cypress/psoc creator/4.2/psoc creator/import/gnu/arm/5.4.1/bin/../lib/gcc/arm-none-eabi/5.4.1/armv7-m/crtend.o
 *(.got.plt)
 *(.got)
 *(.shdata)
 *(.data .data.* .gnu.linkonce.d.*)
 .data          0x1fff80cc        0x1 .\CortexM3\ARM_GCC_541\Debug\main.o
                0x1fff80cc                update
 *fill*         0x1fff80cd        0x3 
 .data          0x1fff80d0        0x4 .\CortexM3\ARM_GCC_541\Debug\Cm3Start.o
 .data          0x1fff80d4       0x10 .\CortexM3\ARM_GCC_541\Debug\3HC_Firmware_0_1.a(CyLib.o)
                0x1fff80d4                cydelay_32k_ms
                0x1fff80d8                cydelay_freq_khz
                0x1fff80dc                cydelay_freq_mhz
                0x1fff80e0                cydelay_freq_hz
 .data.impure_data
                0x1fff80e4       0x60 c:/program files (x86)/cypress/psoc creator/4.2/psoc creator/import/gnu/arm/5.4.1/bin/../lib/gcc/arm-none-eabi/5.4.1/../../../../arm-none-eabi/lib/armv7-m\libg_nano.a(lib_a-impure.o)
 .data._impure_ptr
                0x1fff8144        0x4 c:/program files (x86)/cypress/psoc creator/4.2/psoc creator/import/gnu/arm/5.4.1/bin/../lib/gcc/arm-none-eabi/5.4.1/../../../../arm-none-eabi/lib/armv7-m\libg_nano.a(lib_a-impure.o)
                0x1fff8144                _impure_ptr
                0x1fff8148                . = ALIGN (0x8)
 *(.ram)
                0x1fff8148                _edata = .

.igot.plt       0x1fff8148        0x0 load address 0x00001b98
 .igot.plt      0x1fff8148        0x0 c:/program files (x86)/cypress/psoc creator/4.2/psoc creator/import/gnu/arm/5.4.1/bin/../lib/gcc/arm-none-eabi/5.4.1/armv7-m/crtbegin.o

.bss            0x1fff8148       0x70 load address 0x00001b98
                0x1fff8148                PROVIDE (__bss_start__, .)
 *(.shbss)
 *(.bss .bss.* .gnu.linkonce.b.*)
 .bss           0x1fff8148       0x1c c:/program files (x86)/cypress/psoc creator/4.2/psoc creator/import/gnu/arm/5.4.1/bin/../lib/gcc/arm-none-eabi/5.4.1/armv7-m/crtbegin.o
 .bss           0x1fff8164        0x2 .\CortexM3\ARM_GCC_541\Debug\3HC_Firmware_0_1.a(LCD.o)
                0x1fff8164                LCD_enableState
                0x1fff8165                LCD_initVar
 .bss           0x1fff8166        0x1 .\CortexM3\ARM_GCC_541\Debug\3HC_Firmware_0_1.a(QuadDec.o)
                0x1fff8166                QuadDec_initVar
 *fill*         0x1fff8167        0x1 
 .bss           0x1fff8168        0x4 .\CortexM3\ARM_GCC_541\Debug\3HC_Firmware_0_1.a(QuadDec_INT.o)
                0x1fff8168                QuadDec_count32SoftPart
 .bss           0x1fff816c        0x1 .\CortexM3\ARM_GCC_541\Debug\3HC_Firmware_0_1.a(QuadDec_Cnt16.o)
                0x1fff816c                QuadDec_Cnt16_initVar
 .bss           0x1fff816d        0x1 .\CortexM3\ARM_GCC_541\Debug\3HC_Firmware_0_1.a(UpdateTimer_UI.o)
                0x1fff816d                UpdateTimer_UI_initVar
 .bss           0x1fff816e        0x1 .\CortexM3\ARM_GCC_541\Debug\3HC_Firmware_0_1.a(I2C_Module.o)
                0x1fff816e                I2C_Module_initVar
 *fill*         0x1fff816f        0x1 
 .bss.__malloc_sbrk_start
                0x1fff8170        0x4 c:/program files (x86)/cypress/psoc creator/4.2/psoc creator/import/gnu/arm/5.4.1/bin/../lib/gcc/arm-none-eabi/5.4.1/../../../../arm-none-eabi/lib/armv7-m\libg_nano.a(lib_a-nano-mallocr.o)
                0x1fff8170                __malloc_sbrk_start
 .bss.__malloc_free_list
                0x1fff8174        0x4 c:/program files (x86)/cypress/psoc creator/4.2/psoc creator/import/gnu/arm/5.4.1/bin/../lib/gcc/arm-none-eabi/5.4.1/../../../../arm-none-eabi/lib/armv7-m\libg_nano.a(lib_a-nano-mallocr.o)
                0x1fff8174                __malloc_free_list
 *(COMMON)
 COMMON         0x1fff8178       0x24 .\CortexM3\ARM_GCC_541\Debug\main.o
                0x1fff8178                LCD_MSG
                0x1fff8198                count
 COMMON         0x1fff819c        0x1 .\CortexM3\ARM_GCC_541\Debug\3HC_Firmware_0_1.a(I2C_Module.o)
                0x1fff819c                I2C_Module_state
 *fill*         0x1fff819d        0x3 
 COMMON         0x1fff81a0       0x13 .\CortexM3\ARM_GCC_541\Debug\3HC_Firmware_0_1.a(I2C_Module_MASTER.o)
                0x1fff81a0                I2C_Module_mstrWrBufIndex
                0x1fff81a1                I2C_Module_mstrStatus
                0x1fff81a4                I2C_Module_mstrRdBufPtr
                0x1fff81a8                I2C_Module_mstrRdBufSize
                0x1fff81ac                I2C_Module_mstrWrBufPtr
                0x1fff81b0                I2C_Module_mstrControl
                0x1fff81b1                I2C_Module_mstrRdBufIndex
                0x1fff81b2                I2C_Module_mstrWrBufSize
 *fill*         0x1fff81b3        0x1 
 COMMON         0x1fff81b4        0x4 c:/program files (x86)/cypress/psoc creator/4.2/psoc creator/import/gnu/arm/5.4.1/bin/../lib/gcc/arm-none-eabi/5.4.1/../../../../arm-none-eabi/lib/armv7-m\libg_nano.a(lib_a-reent.o)
                0x1fff81b4                errno
                0x1fff81b8                . = ALIGN (0x8)
 *(.ram.b)
                0x1fff81b8                _end = .
                0x1fff81b8                __end = .
                0x1fff81b8                PROVIDE (end, .)
                0x1fff81b8                PROVIDE (__bss_end__, .)
                0x00001b18                __cy_region_init_ram = LOADADDR (.data)
                0x00000080                __cy_region_init_size_ram = (_edata - ADDR (.data))
                0x00000070                __cy_region_zero_size_ram = (_end - _edata)

.heap           0x1fff81b8       0x80 load address 0x00001b98
                0x1fff81b8                . = _end
                0x1fff8238                . = (. + 0x80)
 *fill*         0x1fff81b8       0x80 
                0x1fff8238                __cy_heap_limit = .

.stack          0x20007800      0x800
                0x20007800                __cy_stack_limit = .
                0x20008000                . = (. + 0x800)
 *fill*         0x20007800      0x800 
                0x00000001                ASSERT ((__cy_stack_limit >= __cy_heap_limit), region RAM overflowed with stack)
                0x00000000                cy_checksum_exclude_size = (CY_APPL_LOADABLE == 0x1)?SIZEOF (.cy_checksum_exclude):0x0
                0x00000001                ASSERT ((cy_checksum_exclude_size <= CY_CHECKSUM_EXCLUDE_SIZE), CY_BOOT: Section .cy_checksum_exclude size exceedes specified limit.)

.cyloadermeta
 *(.cyloadermeta)

.cyloadablemeta
 *(.cyloadablemeta)

.cyconfigecc    0x80000000      0x724
 *(.cyconfigecc)
 .cyconfigecc   0x80000000      0x724 .\CortexM3\ARM_GCC_541\Debug\cymetadata.o
                0x80000000                cy_meta_configecc

.cycustnvl      0x90000000        0x4
 *(.cycustnvl)
 .cycustnvl     0x90000000        0x4 .\CortexM3\ARM_GCC_541\Debug\cymetadata.o
                0x90000000                cy_meta_custnvl

.cywolatch      0x90100000        0x4
 *(.cywolatch)
 .cywolatch     0x90100000        0x4 .\CortexM3\ARM_GCC_541\Debug\cymetadata.o
                0x90100000                cy_meta_wonvl

.cyeeprom       0x90200000        0x0
 *(.cyeeprom)
                0x00000001                ASSERT ((. <= ((0x90200000 + ee_offset) + ee_size)), .cyeeprom data will not fit in EEPROM)

.cyflashprotect
                0x90400000      0x100
 *(.cyflashprotect)
 .cyflashprotect
                0x90400000      0x100 .\CortexM3\ARM_GCC_541\Debug\cymetadata.o
                0x90400000                cy_meta_flashprotect

.cymeta         0x90500000        0xc
 *(.cymeta)
 .cymeta        0x90500000        0xc .\CortexM3\ARM_GCC_541\Debug\cymetadata.o
                0x90500000                cy_metadata

.rel.dyn        0x00001b98        0x0 load address 0x9050000c
 .rel.iplt      0x00001b98        0x0 c:/program files (x86)/cypress/psoc creator/4.2/psoc creator/import/gnu/arm/5.4.1/bin/../lib/gcc/arm-none-eabi/5.4.1/armv7-m/crtbegin.o

.stab
 *(.stab)

.stabstr
 *(.stabstr)

.debug
 *(.debug)

.line
 *(.line)

.debug_srcinfo
 *(.debug_srcinfo)

.debug_sfnames
 *(.debug_sfnames)

.debug_aranges  0x00000000      0x9a8
 *(.debug_aranges)
 .debug_aranges
                0x00000000       0x28 .\CortexM3\ARM_GCC_541\Debug\main.o
 .debug_aranges
                0x00000028       0x38 .\CortexM3\ARM_GCC_541\Debug\I2C.o
 .debug_aranges
                0x00000060       0x68 .\CortexM3\ARM_GCC_541\Debug\MPU9250.o
 .debug_aranges
                0x000000c8       0x58 .\CortexM3\ARM_GCC_541\Debug\cyfitter_cfg.o
 .debug_aranges
                0x00000120       0x18 .\CortexM3\ARM_GCC_541\Debug\cymetadata.o
 .debug_aranges
                0x00000138       0x48 .\CortexM3\ARM_GCC_541\Debug\Cm3Start.o
 .debug_aranges
                0x00000180       0x98 .\CortexM3\ARM_GCC_541\Debug\3HC_Firmware_0_1.a(LCD.o)
 .debug_aranges
                0x00000218       0x60 .\CortexM3\ARM_GCC_541\Debug\3HC_Firmware_0_1.a(QuadDec.o)
 .debug_aranges
                0x00000278       0x20 .\CortexM3\ARM_GCC_541\Debug\3HC_Firmware_0_1.a(QuadDec_INT.o)
 .debug_aranges
                0x00000298       0x98 .\CortexM3\ARM_GCC_541\Debug\3HC_Firmware_0_1.a(QuadDec_Cnt16.o)
 .debug_aranges
                0x00000330      0x2a0 .\CortexM3\ARM_GCC_541\Debug\3HC_Firmware_0_1.a(CyLib.o)
 .debug_aranges
                0x000005d0       0x98 .\CortexM3\ARM_GCC_541\Debug\3HC_Firmware_0_1.a(cyPm.o)
 .debug_aranges
                0x00000668       0x80 .\CortexM3\ARM_GCC_541\Debug\3HC_Firmware_0_1.a(UPDATE_UI.o)
 .debug_aranges
                0x000006e8       0x88 .\CortexM3\ARM_GCC_541\Debug\3HC_Firmware_0_1.a(UpdateTimer_UI.o)
 .debug_aranges
                0x00000770       0x38 .\CortexM3\ARM_GCC_541\Debug\3HC_Firmware_0_1.a(I2C_Module.o)
 .debug_aranges
                0x000007a8       0x20 .\CortexM3\ARM_GCC_541\Debug\3HC_Firmware_0_1.a(I2C_Module_INT.o)
 .debug_aranges
                0x000007c8       0x38 .\CortexM3\ARM_GCC_541\Debug\3HC_Firmware_0_1.a(I2C_Module_PM.o)
 .debug_aranges
                0x00000800       0x80 .\CortexM3\ARM_GCC_541\Debug\3HC_Firmware_0_1.a(I2C_Module_MASTER.o)
 .debug_aranges
                0x00000880       0x20 .\CortexM3\ARM_GCC_541\Debug\3HC_Firmware_0_1.a(CyBootAsmGnu.o)
 .debug_aranges
                0x000008a0       0x88 .\CortexM3\ARM_GCC_541\Debug\3HC_Firmware_0_1.a(CyFlash.o)
 .debug_aranges
                0x00000928       0x80 .\CortexM3\ARM_GCC_541\Debug\3HC_Firmware_0_1.a(CySpc.o)

.debug_pubnames
 *(.debug_pubnames)

.debug_info     0x00000000     0x5d86
 *(.debug_info .gnu.linkonce.wi.*)
 .debug_info    0x00000000      0x2c3 .\CortexM3\ARM_GCC_541\Debug\main.o
 .debug_info    0x000002c3      0x361 .\CortexM3\ARM_GCC_541\Debug\I2C.o
 .debug_info    0x00000624      0x502 .\CortexM3\ARM_GCC_541\Debug\MPU9250.o
 .debug_info    0x00000b26      0x549 .\CortexM3\ARM_GCC_541\Debug\cyfitter_cfg.o
 .debug_info    0x0000106f      0x139 .\CortexM3\ARM_GCC_541\Debug\cymetadata.o
 .debug_info    0x000011a8      0x3bb .\CortexM3\ARM_GCC_541\Debug\Cm3Start.o
 .debug_info    0x00001563      0x715 .\CortexM3\ARM_GCC_541\Debug\3HC_Firmware_0_1.a(LCD.o)
 .debug_info    0x00001c78      0x357 .\CortexM3\ARM_GCC_541\Debug\3HC_Firmware_0_1.a(QuadDec.o)
 .debug_info    0x00001fcf       0xf3 .\CortexM3\ARM_GCC_541\Debug\3HC_Firmware_0_1.a(QuadDec_INT.o)
 .debug_info    0x000020c2      0x348 .\CortexM3\ARM_GCC_541\Debug\3HC_Firmware_0_1.a(QuadDec_Cnt16.o)
 .debug_info    0x0000240a     0x1374 .\CortexM3\ARM_GCC_541\Debug\3HC_Firmware_0_1.a(CyLib.o)
 .debug_info    0x0000377e      0xa2a .\CortexM3\ARM_GCC_541\Debug\3HC_Firmware_0_1.a(cyPm.o)
 .debug_info    0x000041a8      0x2d2 .\CortexM3\ARM_GCC_541\Debug\3HC_Firmware_0_1.a(UPDATE_UI.o)
 .debug_info    0x0000447a      0x293 .\CortexM3\ARM_GCC_541\Debug\3HC_Firmware_0_1.a(UpdateTimer_UI.o)
 .debug_info    0x0000470d      0x2ad .\CortexM3\ARM_GCC_541\Debug\3HC_Firmware_0_1.a(I2C_Module.o)
 .debug_info    0x000049ba      0x184 .\CortexM3\ARM_GCC_541\Debug\3HC_Firmware_0_1.a(I2C_Module_INT.o)
 .debug_info    0x00004b3e      0x207 .\CortexM3\ARM_GCC_541\Debug\3HC_Firmware_0_1.a(I2C_Module_PM.o)
 .debug_info    0x00004d45      0x407 .\CortexM3\ARM_GCC_541\Debug\3HC_Firmware_0_1.a(I2C_Module_MASTER.o)
 .debug_info    0x0000514c       0x9d .\CortexM3\ARM_GCC_541\Debug\3HC_Firmware_0_1.a(CyBootAsmGnu.o)
 .debug_info    0x000051e9      0x64d .\CortexM3\ARM_GCC_541\Debug\3HC_Firmware_0_1.a(CyFlash.o)
 .debug_info    0x00005836      0x550 .\CortexM3\ARM_GCC_541\Debug\3HC_Firmware_0_1.a(CySpc.o)

.debug_abbrev   0x00000000     0x18c8
 *(.debug_abbrev)
 .debug_abbrev  0x00000000       0xe9 .\CortexM3\ARM_GCC_541\Debug\main.o
 .debug_abbrev  0x000000e9       0xd6 .\CortexM3\ARM_GCC_541\Debug\I2C.o
 .debug_abbrev  0x000001bf       0xc9 .\CortexM3\ARM_GCC_541\Debug\MPU9250.o
 .debug_abbrev  0x00000288      0x1fe .\CortexM3\ARM_GCC_541\Debug\cyfitter_cfg.o
 .debug_abbrev  0x00000486       0x77 .\CortexM3\ARM_GCC_541\Debug\cymetadata.o
 .debug_abbrev  0x000004fd      0x1e8 .\CortexM3\ARM_GCC_541\Debug\Cm3Start.o
 .debug_abbrev  0x000006e5      0x157 .\CortexM3\ARM_GCC_541\Debug\3HC_Firmware_0_1.a(LCD.o)
 .debug_abbrev  0x0000083c      0x128 .\CortexM3\ARM_GCC_541\Debug\3HC_Firmware_0_1.a(QuadDec.o)
 .debug_abbrev  0x00000964       0x78 .\CortexM3\ARM_GCC_541\Debug\3HC_Firmware_0_1.a(QuadDec_INT.o)
 .debug_abbrev  0x000009dc      0x117 .\CortexM3\ARM_GCC_541\Debug\3HC_Firmware_0_1.a(QuadDec_Cnt16.o)
 .debug_abbrev  0x00000af3      0x254 .\CortexM3\ARM_GCC_541\Debug\3HC_Firmware_0_1.a(CyLib.o)
 .debug_abbrev  0x00000d47      0x1ab .\CortexM3\ARM_GCC_541\Debug\3HC_Firmware_0_1.a(cyPm.o)
 .debug_abbrev  0x00000ef2      0x173 .\CortexM3\ARM_GCC_541\Debug\3HC_Firmware_0_1.a(UPDATE_UI.o)
 .debug_abbrev  0x00001065      0x11a .\CortexM3\ARM_GCC_541\Debug\3HC_Firmware_0_1.a(UpdateTimer_UI.o)
 .debug_abbrev  0x0000117f      0x10a .\CortexM3\ARM_GCC_541\Debug\3HC_Firmware_0_1.a(I2C_Module.o)
 .debug_abbrev  0x00001289       0xb6 .\CortexM3\ARM_GCC_541\Debug\3HC_Firmware_0_1.a(I2C_Module_INT.o)
 .debug_abbrev  0x0000133f       0xfe .\CortexM3\ARM_GCC_541\Debug\3HC_Firmware_0_1.a(I2C_Module_PM.o)
 .debug_abbrev  0x0000143d      0x13c .\CortexM3\ARM_GCC_541\Debug\3HC_Firmware_0_1.a(I2C_Module_MASTER.o)
 .debug_abbrev  0x00001579       0x14 .\CortexM3\ARM_GCC_541\Debug\3HC_Firmware_0_1.a(CyBootAsmGnu.o)
 .debug_abbrev  0x0000158d      0x1a7 .\CortexM3\ARM_GCC_541\Debug\3HC_Firmware_0_1.a(CyFlash.o)
 .debug_abbrev  0x00001734      0x194 .\CortexM3\ARM_GCC_541\Debug\3HC_Firmware_0_1.a(CySpc.o)

.debug_line     0x00000000     0x271e
 *(.debug_line)
 .debug_line    0x00000000      0x237 .\CortexM3\ARM_GCC_541\Debug\main.o
 .debug_line    0x00000237      0x1bc .\CortexM3\ARM_GCC_541\Debug\I2C.o
 .debug_line    0x000003f3       0xff .\CortexM3\ARM_GCC_541\Debug\MPU9250.o
 .debug_line    0x000004f2      0x1da .\CortexM3\ARM_GCC_541\Debug\cyfitter_cfg.o
 .debug_line    0x000006cc      0x141 .\CortexM3\ARM_GCC_541\Debug\cymetadata.o
 .debug_line    0x0000080d      0x234 .\CortexM3\ARM_GCC_541\Debug\Cm3Start.o
 .debug_line    0x00000a41      0x1dc .\CortexM3\ARM_GCC_541\Debug\3HC_Firmware_0_1.a(LCD.o)
 .debug_line    0x00000c1d      0x137 .\CortexM3\ARM_GCC_541\Debug\3HC_Firmware_0_1.a(QuadDec.o)
 .debug_line    0x00000d54       0x6a .\CortexM3\ARM_GCC_541\Debug\3HC_Firmware_0_1.a(QuadDec_INT.o)
 .debug_line    0x00000dbe      0x18d .\CortexM3\ARM_GCC_541\Debug\3HC_Firmware_0_1.a(QuadDec_Cnt16.o)
 .debug_line    0x00000f4b      0x816 .\CortexM3\ARM_GCC_541\Debug\3HC_Firmware_0_1.a(CyLib.o)
 .debug_line    0x00001761      0x367 .\CortexM3\ARM_GCC_541\Debug\3HC_Firmware_0_1.a(cyPm.o)
 .debug_line    0x00001ac8      0x136 .\CortexM3\ARM_GCC_541\Debug\3HC_Firmware_0_1.a(UPDATE_UI.o)
 .debug_line    0x00001bfe      0x15c .\CortexM3\ARM_GCC_541\Debug\3HC_Firmware_0_1.a(UpdateTimer_UI.o)
 .debug_line    0x00001d5a       0xee .\CortexM3\ARM_GCC_541\Debug\3HC_Firmware_0_1.a(I2C_Module.o)
 .debug_line    0x00001e48      0x122 .\CortexM3\ARM_GCC_541\Debug\3HC_Firmware_0_1.a(I2C_Module_INT.o)
 .debug_line    0x00001f6a       0xc9 .\CortexM3\ARM_GCC_541\Debug\3HC_Firmware_0_1.a(I2C_Module_PM.o)
 .debug_line    0x00002033      0x20b .\CortexM3\ARM_GCC_541\Debug\3HC_Firmware_0_1.a(I2C_Module_MASTER.o)
 .debug_line    0x0000223e       0x66 .\CortexM3\ARM_GCC_541\Debug\3HC_Firmware_0_1.a(CyBootAsmGnu.o)
 .debug_line    0x000022a4      0x21a .\CortexM3\ARM_GCC_541\Debug\3HC_Firmware_0_1.a(CyFlash.o)
 .debug_line    0x000024be      0x260 .\CortexM3\ARM_GCC_541\Debug\3HC_Firmware_0_1.a(CySpc.o)

.debug_frame    0x00000000     0x1c58
 *(.debug_frame)
 .debug_frame   0x00000000       0x3c .\CortexM3\ARM_GCC_541\Debug\main.o
 .debug_frame   0x0000003c       0x8c .\CortexM3\ARM_GCC_541\Debug\I2C.o
 .debug_frame   0x000000c8      0x128 .\CortexM3\ARM_GCC_541\Debug\MPU9250.o
 .debug_frame   0x000001f0       0xe4 .\CortexM3\ARM_GCC_541\Debug\cyfitter_cfg.o
 .debug_frame   0x000002d4       0xb8 .\CortexM3\ARM_GCC_541\Debug\Cm3Start.o
 .debug_frame   0x0000038c      0x1e8 .\CortexM3\ARM_GCC_541\Debug\3HC_Firmware_0_1.a(LCD.o)
 .debug_frame   0x00000574       0xec .\CortexM3\ARM_GCC_541\Debug\3HC_Firmware_0_1.a(QuadDec.o)
 .debug_frame   0x00000660       0x20 .\CortexM3\ARM_GCC_541\Debug\3HC_Firmware_0_1.a(QuadDec_INT.o)
 .debug_frame   0x00000680      0x134 .\CortexM3\ARM_GCC_541\Debug\3HC_Firmware_0_1.a(QuadDec_Cnt16.o)
 .debug_frame   0x000007b4      0x738 .\CortexM3\ARM_GCC_541\Debug\3HC_Firmware_0_1.a(CyLib.o)
 .debug_frame   0x00000eec      0x1f8 .\CortexM3\ARM_GCC_541\Debug\3HC_Firmware_0_1.a(cyPm.o)
 .debug_frame   0x000010e4      0x104 .\CortexM3\ARM_GCC_541\Debug\3HC_Firmware_0_1.a(UPDATE_UI.o)
 .debug_frame   0x000011e8      0x108 .\CortexM3\ARM_GCC_541\Debug\3HC_Firmware_0_1.a(UpdateTimer_UI.o)
 .debug_frame   0x000012f0       0x94 .\CortexM3\ARM_GCC_541\Debug\3HC_Firmware_0_1.a(I2C_Module.o)
 .debug_frame   0x00001384       0x30 .\CortexM3\ARM_GCC_541\Debug\3HC_Firmware_0_1.a(I2C_Module_INT.o)
 .debug_frame   0x000013b4       0x74 .\CortexM3\ARM_GCC_541\Debug\3HC_Firmware_0_1.a(I2C_Module_PM.o)
 .debug_frame   0x00001428      0x138 .\CortexM3\ARM_GCC_541\Debug\3HC_Firmware_0_1.a(I2C_Module_MASTER.o)
 .debug_frame   0x00001560      0x194 .\CortexM3\ARM_GCC_541\Debug\3HC_Firmware_0_1.a(CyFlash.o)
 .debug_frame   0x000016f4      0x180 .\CortexM3\ARM_GCC_541\Debug\3HC_Firmware_0_1.a(CySpc.o)
 .debug_frame   0x00001874       0x20 c:/program files (x86)/cypress/psoc creator/4.2/psoc creator/import/gnu/arm/5.4.1/bin/../lib/gcc/arm-none-eabi/5.4.1/../../../../arm-none-eabi/lib/armv7-m\libg_nano.a(lib_a-errno.o)
 .debug_frame   0x00001894       0x28 c:/program files (x86)/cypress/psoc creator/4.2/psoc creator/import/gnu/arm/5.4.1/bin/../lib/gcc/arm-none-eabi/5.4.1/../../../../arm-none-eabi/lib/armv7-m\libg_nano.a(lib_a-exit.o)
 .debug_frame   0x000018bc       0x2c c:/program files (x86)/cypress/psoc creator/4.2/psoc creator/import/gnu/arm/5.4.1/bin/../lib/gcc/arm-none-eabi/5.4.1/../../../../arm-none-eabi/lib/armv7-m\libg_nano.a(lib_a-init.o)
 .debug_frame   0x000018e8       0x28 c:/program files (x86)/cypress/psoc creator/4.2/psoc creator/import/gnu/arm/5.4.1/bin/../lib/gcc/arm-none-eabi/5.4.1/../../../../arm-none-eabi/lib/armv7-m\libg_nano.a(lib_a-memcpy-stub.o)
 .debug_frame   0x00001910       0x20 c:/program files (x86)/cypress/psoc creator/4.2/psoc creator/import/gnu/arm/5.4.1/bin/../lib/gcc/arm-none-eabi/5.4.1/../../../../arm-none-eabi/lib/armv7-m\libg_nano.a(lib_a-memset.o)
 .debug_frame   0x00001930       0x70 c:/program files (x86)/cypress/psoc creator/4.2/psoc creator/import/gnu/arm/5.4.1/bin/../lib/gcc/arm-none-eabi/5.4.1/../../../../arm-none-eabi/lib/armv7-m\libg_nano.a(lib_a-sprintf.o)
 .debug_frame   0x000019a0       0x90 c:/program files (x86)/cypress/psoc creator/4.2/psoc creator/import/gnu/arm/5.4.1/bin/../lib/gcc/arm-none-eabi/5.4.1/../../../../arm-none-eabi/lib/armv7-m\libg_nano.a(lib_a-nano-svfprintf.o)
 .debug_frame   0x00001a30       0x60 c:/program files (x86)/cypress/psoc creator/4.2/psoc creator/import/gnu/arm/5.4.1/bin/../lib/gcc/arm-none-eabi/5.4.1/../../../../arm-none-eabi/lib/armv7-m\libg_nano.a(lib_a-nano-vfprintf_i.o)
 .debug_frame   0x00001a90       0x28 c:/program files (x86)/cypress/psoc creator/4.2/psoc creator/import/gnu/arm/5.4.1/bin/../lib/gcc/arm-none-eabi/5.4.1/../../../../arm-none-eabi/lib/armv7-m\libg_nano.a(lib_a-memchr-stub.o)
 .debug_frame   0x00001ab8       0x28 c:/program files (x86)/cypress/psoc creator/4.2/psoc creator/import/gnu/arm/5.4.1/bin/../lib/gcc/arm-none-eabi/5.4.1/../../../../arm-none-eabi/lib/armv7-m\libg_nano.a(lib_a-memmove.o)
 .debug_frame   0x00001ae0       0x38 c:/program files (x86)/cypress/psoc creator/4.2/psoc creator/import/gnu/arm/5.4.1/bin/../lib/gcc/arm-none-eabi/5.4.1/../../../../arm-none-eabi/lib/armv7-m\libg_nano.a(lib_a-nano-freer.o)
 .debug_frame   0x00001b18       0x2c c:/program files (x86)/cypress/psoc creator/4.2/psoc creator/import/gnu/arm/5.4.1/bin/../lib/gcc/arm-none-eabi/5.4.1/../../../../arm-none-eabi/lib/armv7-m\libg_nano.a(lib_a-nano-mallocr.o)
 .debug_frame   0x00001b44       0x3c c:/program files (x86)/cypress/psoc creator/4.2/psoc creator/import/gnu/arm/5.4.1/bin/../lib/gcc/arm-none-eabi/5.4.1/../../../../arm-none-eabi/lib/armv7-m\libg_nano.a(lib_a-nano-reallocr.o)
 .debug_frame   0x00001b80       0x2c c:/program files (x86)/cypress/psoc creator/4.2/psoc creator/import/gnu/arm/5.4.1/bin/../lib/gcc/arm-none-eabi/5.4.1/../../../../arm-none-eabi/lib/armv7-m\libg_nano.a(lib_a-sbrkr.o)
 .debug_frame   0x00001bac       0x30 c:/program files (x86)/cypress/psoc creator/4.2/psoc creator/import/gnu/arm/5.4.1/bin/../lib/gcc/arm-none-eabi/5.4.1/../../../../arm-none-eabi/lib/armv7-m\libg_nano.a(lib_a-mlock.o)
 .debug_frame   0x00001bdc       0x20 c:/program files (x86)/cypress/psoc creator/4.2/psoc creator/import/gnu/arm/5.4.1/bin/../lib/gcc/arm-none-eabi/5.4.1/../../../../arm-none-eabi/lib/armv7-m\libg_nano.a(lib_a-nano-msizer.o)
 .debug_frame   0x00001bfc       0x5c c:/program files (x86)/cypress/psoc creator/4.2/psoc creator/import/gnu/arm/5.4.1/bin/../lib/gcc/arm-none-eabi/5.4.1/../../../../arm-none-eabi/lib/armv7-m\libg_nano.a(lib_a-reent.o)

.debug_str      0x00000000     0x21ed
 *(.debug_str)
 .debug_str     0x00000000      0x257 .\CortexM3\ARM_GCC_541\Debug\main.o
                                0x29f (size before relaxing)
 .debug_str     0x00000257      0x121 .\CortexM3\ARM_GCC_541\Debug\I2C.o
                                0x2d4 (size before relaxing)
 .debug_str     0x00000378      0x250 .\CortexM3\ARM_GCC_541\Debug\MPU9250.o
                                0x3b9 (size before relaxing)
 .debug_str     0x000005c8      0x187 .\CortexM3\ARM_GCC_541\Debug\cyfitter_cfg.o
                                0x322 (size before relaxing)
 .debug_str     0x0000074f       0x7f .\CortexM3\ARM_GCC_541\Debug\cymetadata.o
                                0x1f1 (size before relaxing)
 .debug_str     0x000007ce      0x13e .\CortexM3\ARM_GCC_541\Debug\Cm3Start.o
                                0x317 (size before relaxing)
 .debug_str     0x0000090c      0x14b .\CortexM3\ARM_GCC_541\Debug\3HC_Firmware_0_1.a(LCD.o)
                                0x338 (size before relaxing)
 .debug_str     0x00000a57      0x197 .\CortexM3\ARM_GCC_541\Debug\3HC_Firmware_0_1.a(QuadDec.o)
                                0x377 (size before relaxing)
 .debug_str     0x00000bee       0x42 .\CortexM3\ARM_GCC_541\Debug\3HC_Firmware_0_1.a(QuadDec_INT.o)
                                0x1f3 (size before relaxing)
 .debug_str     0x00000c30      0x1d4 .\CortexM3\ARM_GCC_541\Debug\3HC_Firmware_0_1.a(QuadDec_Cnt16.o)
                                0x3fd (size before relaxing)
 .debug_str     0x00000e04      0x7cc .\CortexM3\ARM_GCC_541\Debug\3HC_Firmware_0_1.a(CyLib.o)
                                0xa54 (size before relaxing)
 .debug_str     0x000015d0      0x365 .\CortexM3\ARM_GCC_541\Debug\3HC_Firmware_0_1.a(cyPm.o)
                                0x740 (size before relaxing)
 .debug_str     0x00001935       0xf6 .\CortexM3\ARM_GCC_541\Debug\3HC_Firmware_0_1.a(UPDATE_UI.o)
                                0x2eb (size before relaxing)
 .debug_str     0x00001a2b      0x1c6 .\CortexM3\ARM_GCC_541\Debug\3HC_Firmware_0_1.a(UpdateTimer_UI.o)
                                0x392 (size before relaxing)
 .debug_str     0x00001bf1      0x11a .\CortexM3\ARM_GCC_541\Debug\3HC_Firmware_0_1.a(I2C_Module.o)
                                0x342 (size before relaxing)
 .debug_str     0x00001d0b       0xb7 .\CortexM3\ARM_GCC_541\Debug\3HC_Firmware_0_1.a(I2C_Module_INT.o)
                                0x2b9 (size before relaxing)
 .debug_str     0x00001dc2       0x79 .\CortexM3\ARM_GCC_541\Debug\3HC_Firmware_0_1.a(I2C_Module_PM.o)
                                0x2c9 (size before relaxing)
 .debug_str     0x00001e3b      0x14b .\CortexM3\ARM_GCC_541\Debug\3HC_Firmware_0_1.a(I2C_Module_MASTER.o)
                                0x452 (size before relaxing)
 .debug_str     0x00001f86      0x1bb .\CortexM3\ARM_GCC_541\Debug\3HC_Firmware_0_1.a(CyFlash.o)
                                0x3cd (size before relaxing)
 .debug_str     0x00002141       0xac .\CortexM3\ARM_GCC_541\Debug\3HC_Firmware_0_1.a(CySpc.o)
                                0x345 (size before relaxing)

.debug_loc      0x00000000     0x2720
 *(.debug_loc)
 .debug_loc     0x00000000      0x25c .\CortexM3\ARM_GCC_541\Debug\I2C.o
 .debug_loc     0x0000025c       0x34 .\CortexM3\ARM_GCC_541\Debug\MPU9250.o
 .debug_loc     0x00000290      0x1d7 .\CortexM3\ARM_GCC_541\Debug\cyfitter_cfg.o
 .debug_loc     0x00000467      0x144 .\CortexM3\ARM_GCC_541\Debug\Cm3Start.o
 .debug_loc     0x000005ab      0x3c6 .\CortexM3\ARM_GCC_541\Debug\3HC_Firmware_0_1.a(LCD.o)
 .debug_loc     0x00000971       0xb9 .\CortexM3\ARM_GCC_541\Debug\3HC_Firmware_0_1.a(QuadDec.o)
 .debug_loc     0x00000a2a       0x13 .\CortexM3\ARM_GCC_541\Debug\3HC_Firmware_0_1.a(QuadDec_INT.o)
 .debug_loc     0x00000a3d       0x3d .\CortexM3\ARM_GCC_541\Debug\3HC_Firmware_0_1.a(QuadDec_Cnt16.o)
 .debug_loc     0x00000a7a      0xa11 .\CortexM3\ARM_GCC_541\Debug\3HC_Firmware_0_1.a(CyLib.o)
 .debug_loc     0x0000148b      0x1e4 .\CortexM3\ARM_GCC_541\Debug\3HC_Firmware_0_1.a(cyPm.o)
 .debug_loc     0x0000166f       0x56 .\CortexM3\ARM_GCC_541\Debug\3HC_Firmware_0_1.a(UPDATE_UI.o)
 .debug_loc     0x000016c5       0x39 .\CortexM3\ARM_GCC_541\Debug\3HC_Firmware_0_1.a(I2C_Module.o)
 .debug_loc     0x000016fe       0x29 .\CortexM3\ARM_GCC_541\Debug\3HC_Firmware_0_1.a(I2C_Module_INT.o)
 .debug_loc     0x00001727       0x13 .\CortexM3\ARM_GCC_541\Debug\3HC_Firmware_0_1.a(I2C_Module_PM.o)
 .debug_loc     0x0000173a      0x52f .\CortexM3\ARM_GCC_541\Debug\3HC_Firmware_0_1.a(I2C_Module_MASTER.o)
 .debug_loc     0x00001c69      0x3b2 .\CortexM3\ARM_GCC_541\Debug\3HC_Firmware_0_1.a(CyFlash.o)
 .debug_loc     0x0000201b      0x705 .\CortexM3\ARM_GCC_541\Debug\3HC_Firmware_0_1.a(CySpc.o)

.debug_macinfo
 *(.debug_macinfo)

.debug_ranges   0x00000000      0x840
 *(.debug_ranges)
 .debug_ranges  0x00000000       0x18 .\CortexM3\ARM_GCC_541\Debug\main.o
 .debug_ranges  0x00000018       0x28 .\CortexM3\ARM_GCC_541\Debug\I2C.o
 .debug_ranges  0x00000040       0x58 .\CortexM3\ARM_GCC_541\Debug\MPU9250.o
 .debug_ranges  0x00000098       0x48 .\CortexM3\ARM_GCC_541\Debug\cyfitter_cfg.o
 .debug_ranges  0x000000e0       0x38 .\CortexM3\ARM_GCC_541\Debug\Cm3Start.o
 .debug_ranges  0x00000118       0x88 .\CortexM3\ARM_GCC_541\Debug\3HC_Firmware_0_1.a(LCD.o)
 .debug_ranges  0x000001a0       0x50 .\CortexM3\ARM_GCC_541\Debug\3HC_Firmware_0_1.a(QuadDec.o)
 .debug_ranges  0x000001f0       0x10 .\CortexM3\ARM_GCC_541\Debug\3HC_Firmware_0_1.a(QuadDec_INT.o)
 .debug_ranges  0x00000200       0x88 .\CortexM3\ARM_GCC_541\Debug\3HC_Firmware_0_1.a(QuadDec_Cnt16.o)
 .debug_ranges  0x00000288      0x290 .\CortexM3\ARM_GCC_541\Debug\3HC_Firmware_0_1.a(CyLib.o)
 .debug_ranges  0x00000518       0x88 .\CortexM3\ARM_GCC_541\Debug\3HC_Firmware_0_1.a(cyPm.o)
 .debug_ranges  0x000005a0       0x70 .\CortexM3\ARM_GCC_541\Debug\3HC_Firmware_0_1.a(UPDATE_UI.o)
 .debug_ranges  0x00000610       0x78 .\CortexM3\ARM_GCC_541\Debug\3HC_Firmware_0_1.a(UpdateTimer_UI.o)
 .debug_ranges  0x00000688       0x28 .\CortexM3\ARM_GCC_541\Debug\3HC_Firmware_0_1.a(I2C_Module.o)
 .debug_ranges  0x000006b0       0x10 .\CortexM3\ARM_GCC_541\Debug\3HC_Firmware_0_1.a(I2C_Module_INT.o)
 .debug_ranges  0x000006c0       0x28 .\CortexM3\ARM_GCC_541\Debug\3HC_Firmware_0_1.a(I2C_Module_PM.o)
 .debug_ranges  0x000006e8       0x70 .\CortexM3\ARM_GCC_541\Debug\3HC_Firmware_0_1.a(I2C_Module_MASTER.o)
 .debug_ranges  0x00000758       0x78 .\CortexM3\ARM_GCC_541\Debug\3HC_Firmware_0_1.a(CyFlash.o)
 .debug_ranges  0x000007d0       0x70 .\CortexM3\ARM_GCC_541\Debug\3HC_Firmware_0_1.a(CySpc.o)

.comment        0x00000000       0x6e
 .comment       0x00000000       0x6e .\CortexM3\ARM_GCC_541\Debug\main.o
                                 0x6f (size before relaxing)
 .comment       0x0000006e       0x6f .\CortexM3\ARM_GCC_541\Debug\I2C.o
 .comment       0x0000006e       0x6f .\CortexM3\ARM_GCC_541\Debug\MPU9250.o
 .comment       0x0000006e       0x6f .\CortexM3\ARM_GCC_541\Debug\cyfitter_cfg.o
 .comment       0x0000006e       0x6f .\CortexM3\ARM_GCC_541\Debug\cymetadata.o
 .comment       0x0000006e       0x6f .\CortexM3\ARM_GCC_541\Debug\Cm3Start.o
 .comment       0x0000006e       0x6f .\CortexM3\ARM_GCC_541\Debug\3HC_Firmware_0_1.a(LCD.o)
 .comment       0x0000006e       0x6f .\CortexM3\ARM_GCC_541\Debug\3HC_Firmware_0_1.a(QuadDec.o)
 .comment       0x0000006e       0x6f .\CortexM3\ARM_GCC_541\Debug\3HC_Firmware_0_1.a(QuadDec_INT.o)
 .comment       0x0000006e       0x6f .\CortexM3\ARM_GCC_541\Debug\3HC_Firmware_0_1.a(QuadDec_Cnt16.o)
 .comment       0x0000006e       0x6f .\CortexM3\ARM_GCC_541\Debug\3HC_Firmware_0_1.a(CyLib.o)
 .comment       0x0000006e       0x6f .\CortexM3\ARM_GCC_541\Debug\3HC_Firmware_0_1.a(cyPm.o)
 .comment       0x0000006e       0x6f .\CortexM3\ARM_GCC_541\Debug\3HC_Firmware_0_1.a(UPDATE_UI.o)
 .comment       0x0000006e       0x6f .\CortexM3\ARM_GCC_541\Debug\3HC_Firmware_0_1.a(UpdateTimer_UI.o)
 .comment       0x0000006e       0x6f .\CortexM3\ARM_GCC_541\Debug\3HC_Firmware_0_1.a(I2C_Module.o)
 .comment       0x0000006e       0x6f .\CortexM3\ARM_GCC_541\Debug\3HC_Firmware_0_1.a(I2C_Module_INT.o)
 .comment       0x0000006e       0x6f .\CortexM3\ARM_GCC_541\Debug\3HC_Firmware_0_1.a(I2C_Module_PM.o)
 .comment       0x0000006e       0x6f .\CortexM3\ARM_GCC_541\Debug\3HC_Firmware_0_1.a(I2C_Module_MASTER.o)
 .comment       0x0000006e       0x6f .\CortexM3\ARM_GCC_541\Debug\3HC_Firmware_0_1.a(CyFlash.o)
 .comment       0x0000006e       0x6f .\CortexM3\ARM_GCC_541\Debug\3HC_Firmware_0_1.a(CySpc.o)

.debug_weaknames
 *(.debug_weaknames)

.debug_funcnames
 *(.debug_funcnames)

.debug_typenames
 *(.debug_typenames)

.debug_varnames
 *(.debug_varnames)

.note.gnu.arm.ident
 *(.note.gnu.arm.ident)

.ARM.attributes
                0x00000000       0x29
 *(.ARM.attributes)
 .ARM.attributes
                0x00000000       0x1d c:/program files (x86)/cypress/psoc creator/4.2/psoc creator/import/gnu/arm/5.4.1/bin/../lib/gcc/arm-none-eabi/5.4.1/armv7-m/crti.o
 .ARM.attributes
                0x0000001d       0x2d c:/program files (x86)/cypress/psoc creator/4.2/psoc creator/import/gnu/arm/5.4.1/bin/../lib/gcc/arm-none-eabi/5.4.1/armv7-m/crtbegin.o
 .ARM.attributes
                0x0000004a       0x1b c:/program files (x86)/cypress/psoc creator/4.2/psoc creator/import/gnu/arm/5.4.1/bin/../lib/gcc/arm-none-eabi/5.4.1/../../../../arm-none-eabi/lib/armv7-m/crt0.o
 .ARM.attributes
                0x00000065       0x33 .\CortexM3\ARM_GCC_541\Debug\main.o
 .ARM.attributes
                0x00000098       0x33 .\CortexM3\ARM_GCC_541\Debug\I2C.o
 .ARM.attributes
                0x000000cb       0x33 .\CortexM3\ARM_GCC_541\Debug\MPU9250.o
 .ARM.attributes
                0x000000fe       0x33 .\CortexM3\ARM_GCC_541\Debug\cyfitter_cfg.o
 .ARM.attributes
                0x00000131       0x33 .\CortexM3\ARM_GCC_541\Debug\cymetadata.o
 .ARM.attributes
                0x00000164       0x33 .\CortexM3\ARM_GCC_541\Debug\Cm3Start.o
 .ARM.attributes
                0x00000197       0x33 .\CortexM3\ARM_GCC_541\Debug\3HC_Firmware_0_1.a(LCD.o)
 .ARM.attributes
                0x000001ca       0x33 .\CortexM3\ARM_GCC_541\Debug\3HC_Firmware_0_1.a(QuadDec.o)
 .ARM.attributes
                0x000001fd       0x33 .\CortexM3\ARM_GCC_541\Debug\3HC_Firmware_0_1.a(QuadDec_INT.o)
 .ARM.attributes
                0x00000230       0x33 .\CortexM3\ARM_GCC_541\Debug\3HC_Firmware_0_1.a(QuadDec_Cnt16.o)
 .ARM.attributes
                0x00000263       0x33 .\CortexM3\ARM_GCC_541\Debug\3HC_Firmware_0_1.a(CyLib.o)
 .ARM.attributes
                0x00000296       0x33 .\CortexM3\ARM_GCC_541\Debug\3HC_Firmware_0_1.a(cyPm.o)
 .ARM.attributes
                0x000002c9       0x33 .\CortexM3\ARM_GCC_541\Debug\3HC_Firmware_0_1.a(UPDATE_UI.o)
 .ARM.attributes
                0x000002fc       0x33 .\CortexM3\ARM_GCC_541\Debug\3HC_Firmware_0_1.a(UpdateTimer_UI.o)
 .ARM.attributes
                0x0000032f       0x33 .\CortexM3\ARM_GCC_541\Debug\3HC_Firmware_0_1.a(I2C_Module.o)
 .ARM.attributes
                0x00000362       0x33 .\CortexM3\ARM_GCC_541\Debug\3HC_Firmware_0_1.a(I2C_Module_INT.o)
 .ARM.attributes
                0x00000395       0x33 .\CortexM3\ARM_GCC_541\Debug\3HC_Firmware_0_1.a(I2C_Module_PM.o)
 .ARM.attributes
                0x000003c8       0x33 .\CortexM3\ARM_GCC_541\Debug\3HC_Firmware_0_1.a(I2C_Module_MASTER.o)
 .ARM.attributes
                0x000003fb       0x21 .\CortexM3\ARM_GCC_541\Debug\3HC_Firmware_0_1.a(CyBootAsmGnu.o)
 .ARM.attributes
                0x0000041c       0x33 .\CortexM3\ARM_GCC_541\Debug\3HC_Firmware_0_1.a(CyFlash.o)
 .ARM.attributes
                0x0000044f       0x33 .\CortexM3\ARM_GCC_541\Debug\3HC_Firmware_0_1.a(CySpc.o)
 .ARM.attributes
                0x00000482       0x2d c:/program files (x86)/cypress/psoc creator/4.2/psoc creator/import/gnu/arm/5.4.1/bin/../lib/gcc/arm-none-eabi/5.4.1/../../../../arm-none-eabi/lib/armv7-m\libg_nano.a(lib_a-errno.o)
 .ARM.attributes
                0x000004af       0x2d c:/program files (x86)/cypress/psoc creator/4.2/psoc creator/import/gnu/arm/5.4.1/bin/../lib/gcc/arm-none-eabi/5.4.1/../../../../arm-none-eabi/lib/armv7-m\libg_nano.a(lib_a-exit.o)
 .ARM.attributes
                0x000004dc       0x2d c:/program files (x86)/cypress/psoc creator/4.2/psoc creator/import/gnu/arm/5.4.1/bin/../lib/gcc/arm-none-eabi/5.4.1/../../../../arm-none-eabi/lib/armv7-m\libg_nano.a(lib_a-impure.o)
 .ARM.attributes
                0x00000509       0x2d c:/program files (x86)/cypress/psoc creator/4.2/psoc creator/import/gnu/arm/5.4.1/bin/../lib/gcc/arm-none-eabi/5.4.1/../../../../arm-none-eabi/lib/armv7-m\libg_nano.a(lib_a-init.o)
 .ARM.attributes
                0x00000536       0x2d c:/program files (x86)/cypress/psoc creator/4.2/psoc creator/import/gnu/arm/5.4.1/bin/../lib/gcc/arm-none-eabi/5.4.1/../../../../arm-none-eabi/lib/armv7-m\libg_nano.a(lib_a-memcpy-stub.o)
 .ARM.attributes
                0x00000563       0x2d c:/program files (x86)/cypress/psoc creator/4.2/psoc creator/import/gnu/arm/5.4.1/bin/../lib/gcc/arm-none-eabi/5.4.1/../../../../arm-none-eabi/lib/armv7-m\libg_nano.a(lib_a-memset.o)
 .ARM.attributes
                0x00000590       0x2d c:/program files (x86)/cypress/psoc creator/4.2/psoc creator/import/gnu/arm/5.4.1/bin/../lib/gcc/arm-none-eabi/5.4.1/../../../../arm-none-eabi/lib/armv7-m\libg_nano.a(lib_a-sprintf.o)
 .ARM.attributes
                0x000005bd       0x2d c:/program files (x86)/cypress/psoc creator/4.2/psoc creator/import/gnu/arm/5.4.1/bin/../lib/gcc/arm-none-eabi/5.4.1/../../../../arm-none-eabi/lib/armv7-m\libg_nano.a(lib_a-nano-svfprintf.o)
 .ARM.attributes
                0x000005ea       0x2d c:/program files (x86)/cypress/psoc creator/4.2/psoc creator/import/gnu/arm/5.4.1/bin/../lib/gcc/arm-none-eabi/5.4.1/../../../../arm-none-eabi/lib/armv7-m\libg_nano.a(lib_a-nano-vfprintf_i.o)
 .ARM.attributes
                0x00000617       0x2d c:/program files (x86)/cypress/psoc creator/4.2/psoc creator/import/gnu/arm/5.4.1/bin/../lib/gcc/arm-none-eabi/5.4.1/../../../../arm-none-eabi/lib/armv7-m\libg_nano.a(lib_a-memchr-stub.o)
 .ARM.attributes
                0x00000644       0x2d c:/program files (x86)/cypress/psoc creator/4.2/psoc creator/import/gnu/arm/5.4.1/bin/../lib/gcc/arm-none-eabi/5.4.1/../../../../arm-none-eabi/lib/armv7-m\libg_nano.a(lib_a-memmove.o)
 .ARM.attributes
                0x00000671       0x2d c:/program files (x86)/cypress/psoc creator/4.2/psoc creator/import/gnu/arm/5.4.1/bin/../lib/gcc/arm-none-eabi/5.4.1/../../../../arm-none-eabi/lib/armv7-m\libg_nano.a(lib_a-nano-freer.o)
 .ARM.attributes
                0x0000069e       0x2d c:/program files (x86)/cypress/psoc creator/4.2/psoc creator/import/gnu/arm/5.4.1/bin/../lib/gcc/arm-none-eabi/5.4.1/../../../../arm-none-eabi/lib/armv7-m\libg_nano.a(lib_a-nano-mallocr.o)
 .ARM.attributes
                0x000006cb       0x2d c:/program files (x86)/cypress/psoc creator/4.2/psoc creator/import/gnu/arm/5.4.1/bin/../lib/gcc/arm-none-eabi/5.4.1/../../../../arm-none-eabi/lib/armv7-m\libg_nano.a(lib_a-nano-reallocr.o)
 .ARM.attributes
                0x000006f8       0x2d c:/program files (x86)/cypress/psoc creator/4.2/psoc creator/import/gnu/arm/5.4.1/bin/../lib/gcc/arm-none-eabi/5.4.1/../../../../arm-none-eabi/lib/armv7-m\libg_nano.a(lib_a-sbrkr.o)
 .ARM.attributes
                0x00000725       0x2d c:/program files (x86)/cypress/psoc creator/4.2/psoc creator/import/gnu/arm/5.4.1/bin/../lib/gcc/arm-none-eabi/5.4.1/../../../../arm-none-eabi/lib/armv7-m\libg_nano.a(lib_a-mlock.o)
 .ARM.attributes
                0x00000752       0x2d c:/program files (x86)/cypress/psoc creator/4.2/psoc creator/import/gnu/arm/5.4.1/bin/../lib/gcc/arm-none-eabi/5.4.1/../../../../arm-none-eabi/lib/armv7-m\libg_nano.a(lib_a-nano-msizer.o)
 .ARM.attributes
                0x0000077f       0x2d c:/program files (x86)/cypress/psoc creator/4.2/psoc creator/import/gnu/arm/5.4.1/bin/../lib/gcc/arm-none-eabi/5.4.1/../../../../arm-none-eabi/lib/armv7-m\libg_nano.a(lib_a-reent.o)
 .ARM.attributes
                0x000007ac       0x2d c:/program files (x86)/cypress/psoc creator/4.2/psoc creator/import/gnu/arm/5.4.1/bin/../lib/gcc/arm-none-eabi/5.4.1/armv7-m/crtend.o
 .ARM.attributes
                0x000007d9       0x1d c:/program files (x86)/cypress/psoc creator/4.2/psoc creator/import/gnu/arm/5.4.1/bin/../lib/gcc/arm-none-eabi/5.4.1/armv7-m/crtn.o

/DISCARD/
 *(.note.GNU-stack)
OUTPUT(C:\Users\Caleb Cotter\Documents\GitHub\3HC\3HC_Firmware\3HC_Firmware_0_1.cydsn\CortexM3\ARM_GCC_541\Debug\3HC_Firmware_0_1.elf elf32-littlearm)
