Archive member included to satisfy reference by file (symbol)

.\CortexM3\ARM_GCC_541\Debug\3HC_Firmware_0_1.a(LCD.o)
                              .\CortexM3\ARM_GCC_541\Debug\main.o (LCD_PrintString)
.\CortexM3\ARM_GCC_541\Debug\3HC_Firmware_0_1.a(QuadDec.o)
                              .\CortexM3\ARM_GCC_541\Debug\main.o (QuadDec_GetCounter)
.\CortexM3\ARM_GCC_541\Debug\3HC_Firmware_0_1.a(QuadDec_INT.o)
                              .\CortexM3\ARM_GCC_541\Debug\3HC_Firmware_0_1.a(QuadDec.o) (QuadDec_ISR)
.\CortexM3\ARM_GCC_541\Debug\3HC_Firmware_0_1.a(QuadDec_Cnt16.o)
                              .\CortexM3\ARM_GCC_541\Debug\3HC_Firmware_0_1.a(QuadDec.o) (QuadDec_Cnt16_Stop)
.\CortexM3\ARM_GCC_541\Debug\3HC_Firmware_0_1.a(CyDmac.o)
                              .\CortexM3\ARM_GCC_541\Debug\Cm3Start.o (CyDmacConfigure)
.\CortexM3\ARM_GCC_541\Debug\3HC_Firmware_0_1.a(CyLib.o)
                              .\CortexM3\ARM_GCC_541\Debug\Cm3Start.o (CyHalt)
.\CortexM3\ARM_GCC_541\Debug\3HC_Firmware_0_1.a(cyPm.o)
                              .\CortexM3\ARM_GCC_541\Debug\3HC_Firmware_0_1.a(CyLib.o) (CyPmReadStatus)
.\CortexM3\ARM_GCC_541\Debug\3HC_Firmware_0_1.a(UPDATE_UI.o)
                              .\CortexM3\ARM_GCC_541\Debug\main.o (UPDATE_UI_SetPriority)
.\CortexM3\ARM_GCC_541\Debug\3HC_Firmware_0_1.a(UpdateTimer_UI.o)
                              .\CortexM3\ARM_GCC_541\Debug\main.o (UpdateTimer_UI_Start)
.\CortexM3\ARM_GCC_541\Debug\3HC_Firmware_0_1.a(X_PWM.o)
                              .\CortexM3\ARM_GCC_541\Debug\main.o (X_PWM_WriteCompare)
.\CortexM3\ARM_GCC_541\Debug\3HC_Firmware_0_1.a(Y_PWM.o)
                              .\CortexM3\ARM_GCC_541\Debug\main.o (Y_PWM_WriteCompare)
.\CortexM3\ARM_GCC_541\Debug\3HC_Firmware_0_1.a(Z_PWM.o)
                              .\CortexM3\ARM_GCC_541\Debug\main.o (Z_PWM_WriteCompare)
.\CortexM3\ARM_GCC_541\Debug\3HC_Firmware_0_1.a(I2C_Module.o)
                              .\CortexM3\ARM_GCC_541\Debug\I2C.o (I2C_Module_Start)
.\CortexM3\ARM_GCC_541\Debug\3HC_Firmware_0_1.a(I2C_Module_INT.o)
                              .\CortexM3\ARM_GCC_541\Debug\3HC_Firmware_0_1.a(I2C_Module.o) (I2C_Module_ISR)
.\CortexM3\ARM_GCC_541\Debug\3HC_Firmware_0_1.a(I2C_Module_PM.o)
                              .\CortexM3\ARM_GCC_541\Debug\3HC_Firmware_0_1.a(I2C_Module.o) (I2C_Module_backup)
.\CortexM3\ARM_GCC_541\Debug\3HC_Firmware_0_1.a(I2C_Module_MASTER.o)
                              .\CortexM3\ARM_GCC_541\Debug\3HC_Firmware_0_1.a(I2C_Module.o) (I2C_Module_mstrStatus)
.\CortexM3\ARM_GCC_541\Debug\3HC_Firmware_0_1.a(ADC.o)
                              .\CortexM3\ARM_GCC_541\Debug\main.o (ADC_Start)
.\CortexM3\ARM_GCC_541\Debug\3HC_Firmware_0_1.a(ADC_INT.o)
                              .\CortexM3\ARM_GCC_541\Debug\3HC_Firmware_0_1.a(ADC.o) (ADC_ISR1)
.\CortexM3\ARM_GCC_541\Debug\3HC_Firmware_0_1.a(ADC_AMux.o)
                              .\CortexM3\ARM_GCC_541\Debug\3HC_Firmware_0_1.a(ADC.o) (ADC_AMux_Select)
.\CortexM3\ARM_GCC_541\Debug\3HC_Firmware_0_1.a(ADC_Ext_CP_Clk.o)
                              .\CortexM3\ARM_GCC_541\Debug\3HC_Firmware_0_1.a(ADC.o) (ADC_Ext_CP_Clk_SetModeRegister)
.\CortexM3\ARM_GCC_541\Debug\3HC_Firmware_0_1.a(ADC_theACLK.o)
                              .\CortexM3\ARM_GCC_541\Debug\3HC_Firmware_0_1.a(ADC.o) (ADC_theACLK_SetModeRegister)
.\CortexM3\ARM_GCC_541\Debug\3HC_Firmware_0_1.a(USBFS.o)
                              .\CortexM3\ARM_GCC_541\Debug\main.o (USBFS_Start)
.\CortexM3\ARM_GCC_541\Debug\3HC_Firmware_0_1.a(USBFS_drv.o)
                              .\CortexM3\ARM_GCC_541\Debug\3HC_Firmware_0_1.a(USBFS.o) (USBFS_lastPacketSize)
.\CortexM3\ARM_GCC_541\Debug\3HC_Firmware_0_1.a(USBFS_episr.o)
                              .\CortexM3\ARM_GCC_541\Debug\3HC_Firmware_0_1.a(USBFS.o) (USBFS_EP_1_ISR)
.\CortexM3\ARM_GCC_541\Debug\3HC_Firmware_0_1.a(USBFS_pm.o)
                              .\CortexM3\ARM_GCC_541\Debug\3HC_Firmware_0_1.a(USBFS.o) (USBFS_DP_ISR)
.\CortexM3\ARM_GCC_541\Debug\3HC_Firmware_0_1.a(USBFS_std.o)
                              .\CortexM3\ARM_GCC_541\Debug\3HC_Firmware_0_1.a(USBFS_pm.o) (USBFS_ConfigReg)
.\CortexM3\ARM_GCC_541\Debug\3HC_Firmware_0_1.a(USBFS_vnd.o)
                              .\CortexM3\ARM_GCC_541\Debug\3HC_Firmware_0_1.a(USBFS_drv.o) (USBFS_HandleVendorRqst)
.\CortexM3\ARM_GCC_541\Debug\3HC_Firmware_0_1.a(USBFS_Dp.o)
                              .\CortexM3\ARM_GCC_541\Debug\3HC_Firmware_0_1.a(USBFS.o) (USBFS_Dp_ClearInterrupt)
.\CortexM3\ARM_GCC_541\Debug\3HC_Firmware_0_1.a(USBFS_ep2_dma.o)
                              .\CortexM3\ARM_GCC_541\Debug\3HC_Firmware_0_1.a(USBFS.o) (USBFS_ep2_DmaInitialize)
.\CortexM3\ARM_GCC_541\Debug\3HC_Firmware_0_1.a(USBFS_ep1_dma.o)
                              .\CortexM3\ARM_GCC_541\Debug\3HC_Firmware_0_1.a(USBFS.o) (USBFS_ep1_DmaInitialize)
.\CortexM3\ARM_GCC_541\Debug\3HC_Firmware_0_1.a(XYZ_Direction.o)
[...]
Memory Configuration

Name             Origin             Length             Attributes
rom              0x00000000         0x00040000         xr
ram              0x1fff8000         0x00010000         xrw
*default*        0x00000000         0xffffffff

Linker script and memory map

LOAD c:/program files (x86)/cypress/psoc creator/4.2/psoc creator/import/gnu/arm/5.4.1/bin/../lib/gcc/arm-none-eabi/5.4.1/armv7-m/crti.o
LOAD c:/program files (x86)/cypress/psoc creator/4.2/psoc creator/import/gnu/arm/5.4.1/bin/../lib/gcc/arm-none-eabi/5.4.1/armv7-m/crtbegin.o
LOAD c:/program files (x86)/cypress/psoc creator/4.2/psoc creator/import/gnu/arm/5.4.1/bin/../lib/gcc/arm-none-eabi/5.4.1/../../../../arm-none-eabi/lib/armv7-m/crt0.o
START GROUP
LOAD .\CortexM3\ARM_GCC_541\Debug\main.o
LOAD .\CortexM3\ARM_GCC_541\Debug\I2C.o
LOAD .\CortexM3\ARM_GCC_541\Debug\MPU9250.o
LOAD .\CortexM3\ARM_GCC_541\Debug\NMEA0183.o
LOAD .\CortexM3\ARM_GCC_541\Debug\matrixmath3.o
LOAD .\CortexM3\ARM_GCC_541\Debug\PID.o
LOAD .\CortexM3\ARM_GCC_541\Debug\cyfitter_cfg.o
LOAD .\CortexM3\ARM_GCC_541\Debug\cymetadata.o
LOAD .\CortexM3\ARM_GCC_541\Debug\Cm3Start.o
LOAD .\CortexM3\ARM_GCC_541\Debug\3HC_Firmware_0_1.a
LOAD C:\Program Files (x86)\Cypress\PSoC Creator\4.2\PSoC Creator\psoc\content\cycomponentlibrary\CyComponentLibrary.cylib\CortexM3\ARM_GCC_541\Debug\CyComponentLibrary.a
END GROUP
START GROUP
LOAD c:/program files (x86)/cypress/psoc creator/4.2/psoc creator/import/gnu/arm/5.4.1/bin/../lib/gcc/arm-none-eabi/5.4.1/armv7-m\libgcc.a
LOAD c:/program files (x86)/cypress/psoc creator/4.2/psoc creator/import/gnu/arm/5.4.1/bin/../lib/gcc/arm-none-eabi/5.4.1/../../../../arm-none-eabi/lib/armv7-m\libg_nano.a
LOAD c:/program files (x86)/cypress/psoc creator/4.2/psoc creator/import/gnu/arm/5.4.1/bin/../lib/gcc/arm-none-eabi/5.4.1/../../../../arm-none-eabi/lib/armv7-m\libc_nano.a
END GROUP
START GROUP
LOAD c:/program files (x86)/cypress/psoc creator/4.2/psoc creator/import/gnu/arm/5.4.1/bin/../lib/gcc/arm-none-eabi/5.4.1/armv7-m\libgcc.a
LOAD c:/program files (x86)/cypress/psoc creator/4.2/psoc creator/import/gnu/arm/5.4.1/bin/../lib/gcc/arm-none-eabi/5.4.1/../../../../arm-none-eabi/lib/armv7-m\libc_nano.a
END GROUP
LOAD c:/program files (x86)/cypress/psoc creator/4.2/psoc creator/import/gnu/arm/5.4.1/bin/../lib/gcc/arm-none-eabi/5.4.1/armv7-m/crtend.o
LOAD c:/program files (x86)/cypress/psoc creator/4.2/psoc creator/import/gnu/arm/5.4.1/bin/../lib/gcc/arm-none-eabi/5.4.1/armv7-m/crtn.o
START GROUP
LOAD c:/program files (x86)/cypress/psoc creator/4.2/psoc creator/import/gnu/arm/5.4.1/bin/../lib/gcc/arm-none-eabi/5.4.1/armv7-m\libgcc.a
LOAD c:/program files (x86)/cypress/psoc creator/4.2/psoc creator/import/gnu/arm/5.4.1/bin/../lib/gcc/arm-none-eabi/5.4.1/../../../../arm-none-eabi/lib/armv7-m\libc.a
LOAD c:/program files (x86)/cypress/psoc creator/4.2/psoc creator/import/gnu/arm/5.4.1/bin/../lib/gcc/arm-none-eabi/5.4.1/../../../../arm-none-eabi/lib/armv7-m\libnosys.a
END GROUP
                0x00000000                CY_APPL_ORIGIN = 0x0
                0x00000100                CY_FLASH_ROW_SIZE = 0x100
                0x00000020                CY_ECC_ROW_SIZE = 0x20
                0x00000000                CY_EE_IN_BTLDR = 0x0
                0x00000000                CY_APPL_LOADABLE = 0x0
                0x00000800                CY_EE_SIZE = 0x800
                0x00000001                CY_APPL_NUM = 0x1
                0x00000001                CY_APPL_MAX = 0x1
                0x00000040                CY_METADATA_SIZE = 0x40
                0x00000000                CY_APPL_LOADABLE = 0x0
                0x00000000                CY_CHECKSUM_EXCLUDE_SIZE = ALIGN (0x0, CY_FLASH_ROW_SIZE)
                [!provide]                PROVIDE (__cy_heap_start, _end)
                0x00000001                PROVIDE (__cy_region_num, ((__cy_regions_end - __cy_regions) / 0x10))
                0x20008000                PROVIDE (__cy_stack, (ORIGIN (ram) + LENGTH (ram)))
                [!provide]                PROVIDE (__cy_heap_end, (__cy_stack - 0x800))

.cybootloader   0x00000000        0x0
 *(.cybootloader)
                0x00000000                appl1_start = CY_APPL_ORIGIN?CY_APPL_ORIGIN:ALIGN (CY_FLASH_ROW_SIZE)
                0x0001ff00                appl2_start = (appl1_start + ALIGN ((((LENGTH (rom) - appl1_start) - (0x2 * CY_FLASH_ROW_SIZE)) / 0x2), CY_FLASH_ROW_SIZE))
                0x00000000                appl_start = (CY_APPL_NUM == 0x1)?appl1_start:appl2_start
                0x00000000                ecc_offset = ((appl_start / CY_FLASH_ROW_SIZE) * CY_ECC_ROW_SIZE)
                0x00000000                ee_offset = (CY_APPL_LOADABLE && ! (CY_EE_IN_BTLDR))?((CY_EE_SIZE / CY_APPL_MAX) * (CY_APPL_NUM - 0x1)):0x0
                0x00000800                ee_size = (CY_APPL_LOADABLE && ! (CY_EE_IN_BTLDR))?(CY_EE_SIZE / CY_APPL_MAX):CY_EE_SIZE
                [!provide]                PROVIDE (CY_ECC_OFFSET, ecc_offset)

.text           0x00000000     0x8d84
 CREATE_OBJECT_SYMBOLS
                0x00000000                PROVIDE (__cy_interrupt_vector, RomVectors)
 *(.romvectors)
 .romvectors    0x00000000       0x10 .\CortexM3\ARM_GCC_541\Debug\Cm3Start.o
                0x00000000                RomVectors
                0x00000001                ASSERT ((. != __cy_interrupt_vector), No interrupt vector)
                0x00000001                ASSERT (CY_APPL_ORIGIN?(SIZEOF (.cybootloader) <= CY_APPL_ORIGIN):0x1, Wrong image location)
                0x00000010                PROVIDE (__cy_reset, Reset)
 *(.text.Reset)
 .text.Reset    0x00000010       0x18 .\CortexM3\ARM_GCC_541\Debug\Cm3Start.o
                0x00000010                Reset
                0x00000001                ASSERT ((. != __cy_reset), No reset code)
 *(.dma_init)
                0x00000001                ASSERT ((((appl_start + .) <= 0x10000) || 0x1), DMA Init must be within the first 64k of flash)
 *(.text .text.* .gnu.linkonce.t.*)
 .text          0x00000028       0x5c c:/program files (x86)/cypress/psoc creator/4.2/psoc creator/import/gnu/arm/5.4.1/bin/../lib/gcc/arm-none-eabi/5.4.1/armv7-m/crtbegin.o
 .text.UPDATE_UI
                0x00000084        0xc .\CortexM3\ARM_GCC_541\Debug\main.o
                0x00000084                UPDATE_UI
 .text.UPDATE_PID
                0x00000090       0x44 .\CortexM3\ARM_GCC_541\Debug\main.o
                0x00000090                UPDATE_PID
 .text.BUTTON_RISING_EDGE
                0x000000d4       0x14 .\CortexM3\ARM_GCC_541\Debug\main.o
                0x000000d4                BUTTON_RISING_EDGE
 .text.SAMPLE_CURRSENSOR
                0x000000e8       0xd0 .\CortexM3\ARM_GCC_541\Debug\main.o
                0x000000e8                SAMPLE_CURRSENSOR
 .text.main     0x000001b8      0x808 .\CortexM3\ARM_GCC_541\Debug\main.o
                0x000001b8                main
 .text.I2C_Init
                0x000009c0        0x8 .\CortexM3\ARM_GCC_541\Debug\I2C.o
                0x000009c0                I2C_Init
 .text.I2C_ReadRegister
                0x000009c8       0x38 .\CortexM3\ARM_GCC_541\Debug\I2C.o
                0x000009c8                I2C_ReadRegister
 .text.I2C_WriteReg
                0x00000a00       0x28 .\CortexM3\ARM_GCC_541\Debug\I2C.o
                0x00000a00                I2C_WriteReg
 .text.I2C_ReadInt
                0x00000a28       0x50 .\CortexM3\ARM_GCC_541\Debug\I2C.o
                0x00000a28                I2C_ReadInt
 .text.MPU9250_Init
                0x00000a78       0x7c .\CortexM3\ARM_GCC_541\Debug\MPU9250.o
                0x00000a78                MPU9250_Init
 .text.MPU9250_ReadMagX
                0x00000af4       0x1c .\CortexM3\ARM_GCC_541\Debug\MPU9250.o
                0x00000af4                MPU9250_ReadMagX
 .text.MPU9250_ReadMagY
                0x00000b10       0x1c .\CortexM3\ARM_GCC_541\Debug\MPU9250.o
                0x00000b10                MPU9250_ReadMagY
 .text.MPU9250_ReadMagZ
                0x00000b2c       0x1c .\CortexM3\ARM_GCC_541\Debug\MPU9250.o
                0x00000b2c                MPU9250_ReadMagZ
 .text.StringChecksum
                0x00000b48       0x1c .\CortexM3\ARM_GCC_541\Debug\NMEA0183.o
                0x00000b48                StringChecksum
 .text.NMEA0183_DecodeMsg
                0x00000b64       0x74 .\CortexM3\ARM_GCC_541\Debug\NMEA0183.o
                0x00000b64                NMEA0183_DecodeMsg
 .text.NMEA0183_EncodeMsg
                0x00000bd8       0x4c .\CortexM3\ARM_GCC_541\Debug\NMEA0183.o
                0x00000bd8                NMEA0183_EncodeMsg
 .text.PID_Init
                0x00000c24       0x1c .\CortexM3\ARM_GCC_541\Debug\PID.o
                0x00000c24                PID_Init
 .text.CyClockStartupError
                0x00000c40        0x4 .\CortexM3\ARM_GCC_541\Debug\cyfitter_cfg.o
 .text.cfg_write_bytes32
                0x00000c44       0x34 .\CortexM3\ARM_GCC_541\Debug\cyfitter_cfg.o
 .text.AnalogSetDefault
                0x00000c78       0x28 .\CortexM3\ARM_GCC_541\Debug\cyfitter_cfg.o
 .text.CYMEMZERO
                0x00000ca0        0xc .\CortexM3\ARM_GCC_541\Debug\cyfitter_cfg.o
 .text.CYCONFIGCPY
                0x00000cac        0x8 .\CortexM3\ARM_GCC_541\Debug\cyfitter_cfg.o
 .text.ClockSetup
                0x00000cb4      0x100 .\CortexM3\ARM_GCC_541\Debug\cyfitter_cfg.o
 .text.AMux_Set
                0x00000db4       0x34 .\CortexM3\ARM_GCC_541\Debug\cyfitter_cfg.o
                0x00000db4                AMux_Set
 .text.AMux_Unset
                0x00000de8       0x38 .\CortexM3\ARM_GCC_541\Debug\cyfitter_cfg.o
                0x00000de8                AMux_Unset
 .text.ADC_AMux_Set
                0x00000e20       0x20 .\CortexM3\ARM_GCC_541\Debug\cyfitter_cfg.o
                0x00000e20                ADC_AMux_Set
 .text.ADC_AMux_Unset
                0x00000e40       0x20 .\CortexM3\ARM_GCC_541\Debug\cyfitter_cfg.o
                0x00000e40                ADC_AMux_Unset
 .text.cyfitter_cfg
                0x00000e60      0x13c .\CortexM3\ARM_GCC_541\Debug\cyfitter_cfg.o
                0x00000e60                cyfitter_cfg
 .text.IntDefaultHandler
                0x00000f9c       0x10 .\CortexM3\ARM_GCC_541\Debug\Cm3Start.o
                0x00000f9c                IntDefaultHandler
 .text._sbrk    0x00000fac       0x30 .\CortexM3\ARM_GCC_541\Debug\Cm3Start.o
                0x00000fac                _sbrk
 .text.Start_c  0x00000fdc       0x4c .\CortexM3\ARM_GCC_541\Debug\Cm3Start.o
                0x00000fdc                Start_c
 .text.initialize_psoc
                0x00001028       0x6c .\CortexM3\ARM_GCC_541\Debug\Cm3Start.o
                0x00001028                initialize_psoc
 .text.LCD_WrCntrlNib
                0x00001094       0x34 .\CortexM3\ARM_GCC_541\Debug\3HC_Firmware_0_1.a(LCD.o)
 .text.LCD_WrDatNib
                0x000010c8       0x44 .\CortexM3\ARM_GCC_541\Debug\3HC_Firmware_0_1.a(LCD.o)
 .text.LCD_IsReady
                0x0000110c       0xe4 .\CortexM3\ARM_GCC_541\Debug\3HC_Firmware_0_1.a(LCD.o)
                0x0000110c                LCD_IsReady
 .text.LCD_WriteData
                0x000011f0       0x18 .\CortexM3\ARM_GCC_541\Debug\3HC_Firmware_0_1.a(LCD.o)
                0x000011f0                LCD_WriteData
 .text.LCD_PrintString
                0x00001208       0x1c .\CortexM3\ARM_GCC_541\Debug\3HC_Firmware_0_1.a(LCD.o)
                0x00001208                LCD_PrintString
 .text.LCD_WriteControl
                0x00001224       0x18 .\CortexM3\ARM_GCC_541\Debug\3HC_Firmware_0_1.a(LCD.o)
                0x00001224                LCD_WriteControl
 .text.LCD_Init
                0x0000123c       0x6c .\CortexM3\ARM_GCC_541\Debug\3HC_Firmware_0_1.a(LCD.o)
                0x0000123c                LCD_Init
 .text.LCD_Enable
                0x000012a8       0x14 .\CortexM3\ARM_GCC_541\Debug\3HC_Firmware_0_1.a(LCD.o)
                0x000012a8                LCD_Enable
 .text.LCD_Start
                0x000012bc       0x1c .\CortexM3\ARM_GCC_541\Debug\3HC_Firmware_0_1.a(LCD.o)
                0x000012bc                LCD_Start
 .text.LCD_Position
                0x000012d8       0x3c .\CortexM3\ARM_GCC_541\Debug\3HC_Firmware_0_1.a(LCD.o)
                0x000012d8                LCD_Position
 .text.QuadDec_Init
                0x00001314       0x24 .\CortexM3\ARM_GCC_541\Debug\3HC_Firmware_0_1.a(QuadDec.o)
                0x00001314                QuadDec_Init
 .text.QuadDec_GetCounter
                0x00001338       0x2c .\CortexM3\ARM_GCC_541\Debug\3HC_Firmware_0_1.a(QuadDec.o)
                0x00001338                QuadDec_GetCounter
 .text.QuadDec_GetEvents
                0x00001364       0x10 .\CortexM3\ARM_GCC_541\Debug\3HC_Firmware_0_1.a(QuadDec.o)
                0x00001364                QuadDec_GetEvents
 .text.QuadDec_SetInterruptMask
                0x00001374       0x10 .\CortexM3\ARM_GCC_541\Debug\3HC_Firmware_0_1.a(QuadDec.o)
                0x00001374                QuadDec_SetInterruptMask
 .text.QuadDec_Enable
                0x00001384       0x30 .\CortexM3\ARM_GCC_541\Debug\3HC_Firmware_0_1.a(QuadDec.o)
                0x00001384                QuadDec_Enable
 .text.QuadDec_Start
                0x000013b4       0x34 .\CortexM3\ARM_GCC_541\Debug\3HC_Firmware_0_1.a(QuadDec.o)
                0x000013b4                QuadDec_Start
 .text.QuadDec_ISR
                0x000013e8       0x40 .\CortexM3\ARM_GCC_541\Debug\3HC_Firmware_0_1.a(QuadDec_INT.o)
                0x000013e8                QuadDec_ISR
 .text.QuadDec_Cnt16_Enable
                0x00001428       0x10 .\CortexM3\ARM_GCC_541\Debug\3HC_Firmware_0_1.a(QuadDec_Cnt16.o)
                0x00001428                QuadDec_Cnt16_Enable
 .text.QuadDec_Cnt16_SetInterruptMode
                0x00001438        0xc .\CortexM3\ARM_GCC_541\Debug\3HC_Firmware_0_1.a(QuadDec_Cnt16.o)
                0x00001438                QuadDec_Cnt16_SetInterruptMode
 .text.QuadDec_Cnt16_ReadStatusRegister
                0x00001444        0xc .\CortexM3\ARM_GCC_541\Debug\3HC_Firmware_0_1.a(QuadDec_Cnt16.o)
                0x00001444                QuadDec_Cnt16_ReadStatusRegister
 .text.QuadDec_Cnt16_WriteCounter
                0x00001450        0xc .\CortexM3\ARM_GCC_541\Debug\3HC_Firmware_0_1.a(QuadDec_Cnt16.o)
                0x00001450                QuadDec_Cnt16_WriteCounter
 .text.QuadDec_Cnt16_ReadCounter
                0x0000145c       0x14 .\CortexM3\ARM_GCC_541\Debug\3HC_Firmware_0_1.a(QuadDec_Cnt16.o)
                0x0000145c                QuadDec_Cnt16_ReadCounter
 .text.QuadDec_Cnt16_ReadCapture
                0x00001470        0xc .\CortexM3\ARM_GCC_541\Debug\3HC_Firmware_0_1.a(QuadDec_Cnt16.o)
                0x00001470                QuadDec_Cnt16_ReadCapture
 .text.QuadDec_Cnt16_WritePeriod
                0x0000147c        0xc .\CortexM3\ARM_GCC_541\Debug\3HC_Firmware_0_1.a(QuadDec_Cnt16.o)
                0x0000147c                QuadDec_Cnt16_WritePeriod
 .text.QuadDec_Cnt16_WriteCompare
                0x00001488        0xc .\CortexM3\ARM_GCC_541\Debug\3HC_Firmware_0_1.a(QuadDec_Cnt16.o)
                0x00001488                QuadDec_Cnt16_WriteCompare
 .text.QuadDec_Cnt16_ClearFIFO
                0x00001494       0x14 .\CortexM3\ARM_GCC_541\Debug\3HC_Firmware_0_1.a(QuadDec_Cnt16.o)
                0x00001494                QuadDec_Cnt16_ClearFIFO
 .text.QuadDec_Cnt16_Init
                0x000014a8       0x58 .\CortexM3\ARM_GCC_541\Debug\3HC_Firmware_0_1.a(QuadDec_Cnt16.o)
                0x000014a8                QuadDec_Cnt16_Init
 .text.QuadDec_Cnt16_Start
                0x00001500       0x1c .\CortexM3\ARM_GCC_541\Debug\3HC_Firmware_0_1.a(QuadDec_Cnt16.o)
                0x00001500                QuadDec_Cnt16_Start
 .text.CyDmacConfigure
                0x0000151c       0x34 .\CortexM3\ARM_GCC_541\Debug\3HC_Firmware_0_1.a(CyDmac.o)
                0x0000151c                CyDmacConfigure
 .text.CyDmaChEnable
                0x00001550       0x38 .\CortexM3\ARM_GCC_541\Debug\3HC_Firmware_0_1.a(CyDmac.o)
                0x00001550                CyDmaChEnable
 .text.CyDmaChDisable
                0x00001588       0x24 .\CortexM3\ARM_GCC_541\Debug\3HC_Firmware_0_1.a(CyDmac.o)
                0x00001588                CyDmaChDisable
 .text.CyDmaChPriority
                0x000015ac       0x24 .\CortexM3\ARM_GCC_541\Debug\3HC_Firmware_0_1.a(CyDmac.o)
                0x000015ac                CyDmaChPriority
 .text.CyDmaChSetExtendedAddress
                0x000015d0       0x34 .\CortexM3\ARM_GCC_541\Debug\3HC_Firmware_0_1.a(CyDmac.o)
                0x000015d0                CyDmaChSetExtendedAddress
 .text.CyDmaChSetInitialTd
                0x00001604       0x18 .\CortexM3\ARM_GCC_541\Debug\3HC_Firmware_0_1.a(CyDmac.o)
                0x00001604                CyDmaChSetInitialTd
 .text.CyDmaChSetConfiguration
                0x0000161c       0x44 .\CortexM3\ARM_GCC_541\Debug\3HC_Firmware_0_1.a(CyDmac.o)
                0x0000161c                CyDmaChSetConfiguration
 .text.CyDmaTdAllocate
                0x00001660       0x34 .\CortexM3\ARM_GCC_541\Debug\3HC_Firmware_0_1.a(CyDmac.o)
                0x00001660                CyDmaTdAllocate
 .text.CyDmaTdSetConfiguration
                0x00001694       0x28 .\CortexM3\ARM_GCC_541\Debug\3HC_Firmware_0_1.a(CyDmac.o)
                0x00001694                CyDmaTdSetConfiguration
 .text.CyDmaTdSetAddress
                0x000016bc       0x1c .\CortexM3\ARM_GCC_541\Debug\3HC_Firmware_0_1.a(CyDmac.o)
                0x000016bc                CyDmaTdSetAddress
 .text.CyHalt   0x000016d8        0x4 .\CortexM3\ARM_GCC_541\Debug\3HC_Firmware_0_1.a(CyLib.o)
                0x000016d8                CyHalt
 .text.CyDelay  0x000016dc       0x2c .\CortexM3\ARM_GCC_541\Debug\3HC_Firmware_0_1.a(CyLib.o)
                0x000016dc                CyDelay
 .text.CyDelayUs
                0x00001708       0x14 .\CortexM3\ARM_GCC_541\Debug\3HC_Firmware_0_1.a(CyLib.o)
                0x00001708                CyDelayUs
 .text.CyIntSetVector
                0x0000171c       0x28 .\CortexM3\ARM_GCC_541\Debug\3HC_Firmware_0_1.a(CyLib.o)
                0x0000171c                CyIntSetVector
 .text.CyIntSetPriority
                0x00001744       0x30 .\CortexM3\ARM_GCC_541\Debug\3HC_Firmware_0_1.a(CyLib.o)
                0x00001744                CyIntSetPriority
 .text.CyGetUniqueId
                0x00001774       0x70 .\CortexM3\ARM_GCC_541\Debug\3HC_Firmware_0_1.a(CyLib.o)
                0x00001774                CyGetUniqueId
 .text.UPDATE_UI_SetVector
                0x000017e4        0xc .\CortexM3\ARM_GCC_541\Debug\3HC_Firmware_0_1.a(UPDATE_UI.o)
                0x000017e4                UPDATE_UI_SetVector
 .text.UPDATE_UI_SetPriority
                0x000017f0       0x10 .\CortexM3\ARM_GCC_541\Debug\3HC_Firmware_0_1.a(UPDATE_UI.o)
                0x000017f0                UPDATE_UI_SetPriority
 .text.UPDATE_UI_Enable
                0x00001800        0xc .\CortexM3\ARM_GCC_541\Debug\3HC_Firmware_0_1.a(UPDATE_UI.o)
                0x00001800                UPDATE_UI_Enable
 .text.UPDATE_UI_Disable
                0x0000180c        0xc .\CortexM3\ARM_GCC_541\Debug\3HC_Firmware_0_1.a(UPDATE_UI.o)
                0x0000180c                UPDATE_UI_Disable
 .text.UPDATE_UI_StartEx
                0x00001818       0x1c .\CortexM3\ARM_GCC_541\Debug\3HC_Firmware_0_1.a(UPDATE_UI.o)
                0x00001818                UPDATE_UI_StartEx
 .text.UpdateTimer_UI_Enable
                0x00001834       0x28 .\CortexM3\ARM_GCC_541\Debug\3HC_Firmware_0_1.a(UpdateTimer_UI.o)
                0x00001834                UpdateTimer_UI_Enable
 .text.UpdateTimer_UI_SetInterruptMode
                0x0000185c        0xc .\CortexM3\ARM_GCC_541\Debug\3HC_Firmware_0_1.a(UpdateTimer_UI.o)
                0x0000185c                UpdateTimer_UI_SetInterruptMode
 .text.UpdateTimer_UI_WritePeriod
                0x00001868        0xc .\CortexM3\ARM_GCC_541\Debug\3HC_Firmware_0_1.a(UpdateTimer_UI.o)
                0x00001868                UpdateTimer_UI_WritePeriod
 .text.UpdateTimer_UI_WriteCounter
                0x00001874        0xc .\CortexM3\ARM_GCC_541\Debug\3HC_Firmware_0_1.a(UpdateTimer_UI.o)
                0x00001874                UpdateTimer_UI_WriteCounter
 .text.UpdateTimer_UI_Init
                0x00001880       0x64 .\CortexM3\ARM_GCC_541\Debug\3HC_Firmware_0_1.a(UpdateTimer_UI.o)
                0x00001880                UpdateTimer_UI_Init
 .text.UpdateTimer_UI_Start
                0x000018e4       0x1c .\CortexM3\ARM_GCC_541\Debug\3HC_Firmware_0_1.a(UpdateTimer_UI.o)
                0x000018e4                UpdateTimer_UI_Start
 .text.X_PWM_Enable
                0x00001900       0x10 .\CortexM3\ARM_GCC_541\Debug\3HC_Firmware_0_1.a(X_PWM.o)
                0x00001900                X_PWM_Enable
 .text.X_PWM_WriteCounter
                0x00001910        0xc .\CortexM3\ARM_GCC_541\Debug\3HC_Firmware_0_1.a(X_PWM.o)
                0x00001910                X_PWM_WriteCounter
 .text.X_PWM_WritePeriod
                0x0000191c        0xc .\CortexM3\ARM_GCC_541\Debug\3HC_Firmware_0_1.a(X_PWM.o)
                0x0000191c                X_PWM_WritePeriod
 .text.X_PWM_WriteCompare
                0x00001928        0xc .\CortexM3\ARM_GCC_541\Debug\3HC_Firmware_0_1.a(X_PWM.o)
                0x00001928                X_PWM_WriteCompare
 .text.X_PWM_SetInterruptMode
                0x00001934        0xc .\CortexM3\ARM_GCC_541\Debug\3HC_Firmware_0_1.a(X_PWM.o)
                0x00001934                X_PWM_SetInterruptMode
 .text.X_PWM_ReadStatusRegister
                0x00001940        0xc .\CortexM3\ARM_GCC_541\Debug\3HC_Firmware_0_1.a(X_PWM.o)
                0x00001940                X_PWM_ReadStatusRegister
 .text.X_PWM_ReadCapture
                0x0000194c        0xc .\CortexM3\ARM_GCC_541\Debug\3HC_Firmware_0_1.a(X_PWM.o)
                0x0000194c                X_PWM_ReadCapture
 .text.X_PWM_ClearFIFO
                0x00001958       0x14 .\CortexM3\ARM_GCC_541\Debug\3HC_Firmware_0_1.a(X_PWM.o)
                0x00001958                X_PWM_ClearFIFO
 .text.X_PWM_Init
                0x0000196c       0x60 .\CortexM3\ARM_GCC_541\Debug\3HC_Firmware_0_1.a(X_PWM.o)
                0x0000196c                X_PWM_Init
 .text.X_PWM_Start
                0x000019cc       0x1c .\CortexM3\ARM_GCC_541\Debug\3HC_Firmware_0_1.a(X_PWM.o)
                0x000019cc                X_PWM_Start
 .text.Y_PWM_Enable
                0x000019e8       0x10 .\CortexM3\ARM_GCC_541\Debug\3HC_Firmware_0_1.a(Y_PWM.o)
                0x000019e8                Y_PWM_Enable
 .text.Y_PWM_WriteCounter
                0x000019f8        0xc .\CortexM3\ARM_GCC_541\Debug\3HC_Firmware_0_1.a(Y_PWM.o)
                0x000019f8                Y_PWM_WriteCounter
 .text.Y_PWM_WritePeriod
                0x00001a04        0xc .\CortexM3\ARM_GCC_541\Debug\3HC_Firmware_0_1.a(Y_PWM.o)
                0x00001a04                Y_PWM_WritePeriod
 .text.Y_PWM_WriteCompare
                0x00001a10        0xc .\CortexM3\ARM_GCC_541\Debug\3HC_Firmware_0_1.a(Y_PWM.o)
                0x00001a10                Y_PWM_WriteCompare
 .text.Y_PWM_SetInterruptMode
                0x00001a1c        0xc .\CortexM3\ARM_GCC_541\Debug\3HC_Firmware_0_1.a(Y_PWM.o)
                0x00001a1c                Y_PWM_SetInterruptMode
 .text.Y_PWM_ReadStatusRegister
                0x00001a28        0xc .\CortexM3\ARM_GCC_541\Debug\3HC_Firmware_0_1.a(Y_PWM.o)
                0x00001a28                Y_PWM_ReadStatusRegister
 .text.Y_PWM_ReadCapture
                0x00001a34        0xc .\CortexM3\ARM_GCC_541\Debug\3HC_Firmware_0_1.a(Y_PWM.o)
                0x00001a34                Y_PWM_ReadCapture
 .text.Y_PWM_ClearFIFO
                0x00001a40       0x14 .\CortexM3\ARM_GCC_541\Debug\3HC_Firmware_0_1.a(Y_PWM.o)
                0x00001a40                Y_PWM_ClearFIFO
 .text.Y_PWM_Init
                0x00001a54       0x60 .\CortexM3\ARM_GCC_541\Debug\3HC_Firmware_0_1.a(Y_PWM.o)
                0x00001a54                Y_PWM_Init
 .text.Y_PWM_Start
                0x00001ab4       0x1c .\CortexM3\ARM_GCC_541\Debug\3HC_Firmware_0_1.a(Y_PWM.o)
                0x00001ab4                Y_PWM_Start
 .text.Y_PWM_ReadCompare
                0x00001ad0        0xc .\CortexM3\ARM_GCC_541\Debug\3HC_Firmware_0_1.a(Y_PWM.o)
                0x00001ad0                Y_PWM_ReadCompare
 .text.Y_PWM_ReadPeriod
                0x00001adc        0xc .\CortexM3\ARM_GCC_541\Debug\3HC_Firmware_0_1.a(Y_PWM.o)
                0x00001adc                Y_PWM_ReadPeriod
 .text.Z_PWM_Enable
                0x00001ae8       0x10 .\CortexM3\ARM_GCC_541\Debug\3HC_Firmware_0_1.a(Z_PWM.o)
                0x00001ae8                Z_PWM_Enable
 .text.Z_PWM_WriteCounter
                0x00001af8        0xc .\CortexM3\ARM_GCC_541\Debug\3HC_Firmware_0_1.a(Z_PWM.o)
                0x00001af8                Z_PWM_WriteCounter
 .text.Z_PWM_WritePeriod
                0x00001b04        0xc .\CortexM3\ARM_GCC_541\Debug\3HC_Firmware_0_1.a(Z_PWM.o)
                0x00001b04                Z_PWM_WritePeriod
 .text.Z_PWM_WriteCompare
                0x00001b10        0xc .\CortexM3\ARM_GCC_541\Debug\3HC_Firmware_0_1.a(Z_PWM.o)
                0x00001b10                Z_PWM_WriteCompare
 .text.Z_PWM_SetInterruptMode
                0x00001b1c        0xc .\CortexM3\ARM_GCC_541\Debug\3HC_Firmware_0_1.a(Z_PWM.o)
                0x00001b1c                Z_PWM_SetInterruptMode
 .text.Z_PWM_ReadStatusRegister
                0x00001b28        0xc .\CortexM3\ARM_GCC_541\Debug\3HC_Firmware_0_1.a(Z_PWM.o)
                0x00001b28                Z_PWM_ReadStatusRegister
 .text.Z_PWM_ReadCapture
                0x00001b34        0xc .\CortexM3\ARM_GCC_541\Debug\3HC_Firmware_0_1.a(Z_PWM.o)
                0x00001b34                Z_PWM_ReadCapture
 .text.Z_PWM_ClearFIFO
                0x00001b40       0x14 .\CortexM3\ARM_GCC_541\Debug\3HC_Firmware_0_1.a(Z_PWM.o)
                0x00001b40                Z_PWM_ClearFIFO
 .text.Z_PWM_Init
                0x00001b54       0x64 .\CortexM3\ARM_GCC_541\Debug\3HC_Firmware_0_1.a(Z_PWM.o)
                0x00001b54                Z_PWM_Init
 .text.Z_PWM_Start
                0x00001bb8       0x1c .\CortexM3\ARM_GCC_541\Debug\3HC_Firmware_0_1.a(Z_PWM.o)
                0x00001bb8                Z_PWM_Start
 .text.Z_PWM_ReadCompare
                0x00001bd4        0xc .\CortexM3\ARM_GCC_541\Debug\3HC_Firmware_0_1.a(Z_PWM.o)
                0x00001bd4                Z_PWM_ReadCompare
 .text.Z_PWM_ReadPeriod
                0x00001be0        0xc .\CortexM3\ARM_GCC_541\Debug\3HC_Firmware_0_1.a(Z_PWM.o)
                0x00001be0                Z_PWM_ReadPeriod
 .text.I2C_Module_Init
                0x00001bec       0x68 .\CortexM3\ARM_GCC_541\Debug\3HC_Firmware_0_1.a(I2C_Module.o)
                0x00001bec                I2C_Module_Init
 .text.I2C_Module_Enable
                0x00001c54       0x24 .\CortexM3\ARM_GCC_541\Debug\3HC_Firmware_0_1.a(I2C_Module.o)
                0x00001c54                I2C_Module_Enable
 .text.I2C_Module_Start
                0x00001c78       0x28 .\CortexM3\ARM_GCC_541\Debug\3HC_Firmware_0_1.a(I2C_Module.o)
                0x00001c78                I2C_Module_Start
 .text.I2C_Module_ISR
                0x00001ca0      0x2d0 .\CortexM3\ARM_GCC_541\Debug\3HC_Firmware_0_1.a(I2C_Module_INT.o)
                0x00001ca0                I2C_Module_ISR
 .text.I2C_Module_MasterSendStart
                0x00001f70       0x80 .\CortexM3\ARM_GCC_541\Debug\3HC_Firmware_0_1.a(I2C_Module_MASTER.o)
                0x00001f70                I2C_Module_MasterSendStart
 .text.I2C_Module_MasterSendRestart
                0x00001ff0       0x6c .\CortexM3\ARM_GCC_541\Debug\3HC_Firmware_0_1.a(I2C_Module_MASTER.o)
                0x00001ff0                I2C_Module_MasterSendRestart
 .text.I2C_Module_MasterSendStop
                0x0000205c       0x38 .\CortexM3\ARM_GCC_541\Debug\3HC_Firmware_0_1.a(I2C_Module_MASTER.o)
                0x0000205c                I2C_Module_MasterSendStop
 .text.I2C_Module_MasterWriteByte
                0x00002094       0x58 .\CortexM3\ARM_GCC_541\Debug\3HC_Firmware_0_1.a(I2C_Module_MASTER.o)
                0x00002094                I2C_Module_MasterWriteByte
 .text.I2C_Module_MasterReadByte
                0x000020ec       0x58 .\CortexM3\ARM_GCC_541\Debug\3HC_Firmware_0_1.a(I2C_Module_MASTER.o)
                0x000020ec                I2C_Module_MasterReadByte
 .text.ADC_GainCompensation
                0x00002144       0xdc .\CortexM3\ARM_GCC_541\Debug\3HC_Firmware_0_1.a(ADC.o)
 .text.ADC_SetDSMRef0Reg
                0x00002220       0x4c .\CortexM3\ARM_GCC_541\Debug\3HC_Firmware_0_1.a(ADC.o)
 .text.ADC_InitConfig
                0x0000226c       0xe0 .\CortexM3\ARM_GCC_541\Debug\3HC_Firmware_0_1.a(ADC.o)
 .text.ADC_Init
                0x0000234c       0xc4 .\CortexM3\ARM_GCC_541\Debug\3HC_Firmware_0_1.a(ADC.o)
                0x0000234c                ADC_Init
 .text.ADC_Enable
                0x00002410       0xd4 .\CortexM3\ARM_GCC_541\Debug\3HC_Firmware_0_1.a(ADC.o)
                0x00002410                ADC_Enable
 .text.ADC_Start
                0x000024e4       0x28 .\CortexM3\ARM_GCC_541\Debug\3HC_Firmware_0_1.a(ADC.o)
                0x000024e4                ADC_Start
 .text.ADC_StartConvert
                0x0000250c       0x10 .\CortexM3\ARM_GCC_541\Debug\3HC_Firmware_0_1.a(ADC.o)
                0x0000250c                ADC_StartConvert
 .text.ADC_GetResult32
                0x0000251c       0x6c .\CortexM3\ARM_GCC_541\Debug\3HC_Firmware_0_1.a(ADC.o)
                0x0000251c                ADC_GetResult32
 .text.ADC_ISR1
                0x00002588        0x4 .\CortexM3\ARM_GCC_541\Debug\3HC_Firmware_0_1.a(ADC_INT.o)
                0x00002588                ADC_ISR1
 .text.ADC_AMux_Start
                0x0000258c       0x20 .\CortexM3\ARM_GCC_541\Debug\3HC_Firmware_0_1.a(ADC_AMux.o)
                0x0000258c                ADC_AMux_Start
 .text.ADC_AMux_Select
                0x000025ac       0x18 .\CortexM3\ARM_GCC_541\Debug\3HC_Firmware_0_1.a(ADC_AMux.o)
                0x000025ac                ADC_AMux_Select
 .text.ADC_Ext_CP_Clk_GetDividerRegister
                0x000025c4        0xc .\CortexM3\ARM_GCC_541\Debug\3HC_Firmware_0_1.a(ADC_Ext_CP_Clk.o)
                0x000025c4                ADC_Ext_CP_Clk_GetDividerRegister
 .text.ADC_Ext_CP_Clk_SetModeRegister
                0x000025d0       0x14 .\CortexM3\ARM_GCC_541\Debug\3HC_Firmware_0_1.a(ADC_Ext_CP_Clk.o)
                0x000025d0                ADC_Ext_CP_Clk_SetModeRegister
 .text.ADC_Ext_CP_Clk_GetSourceRegister
                0x000025e4       0x10 .\CortexM3\ARM_GCC_541\Debug\3HC_Firmware_0_1.a(ADC_Ext_CP_Clk.o)
                0x000025e4                ADC_Ext_CP_Clk_GetSourceRegister
 .text.ADC_Ext_CP_Clk_SetDividerRegister
                0x000025f4       0xd8 .\CortexM3\ARM_GCC_541\Debug\3HC_Firmware_0_1.a(ADC_Ext_CP_Clk.o)
                0x000025f4                ADC_Ext_CP_Clk_SetDividerRegister
 .text.ADC_theACLK_GetDividerRegister
                0x000026cc        0xc .\CortexM3\ARM_GCC_541\Debug\3HC_Firmware_0_1.a(ADC_theACLK.o)
                0x000026cc                ADC_theACLK_GetDividerRegister
 .text.ADC_theACLK_SetModeRegister
                0x000026d8       0x14 .\CortexM3\ARM_GCC_541\Debug\3HC_Firmware_0_1.a(ADC_theACLK.o)
                0x000026d8                ADC_theACLK_SetModeRegister
 .text.ADC_theACLK_GetSourceRegister
                0x000026ec       0x10 .\CortexM3\ARM_GCC_541\Debug\3HC_Firmware_0_1.a(ADC_theACLK.o)
                0x000026ec                ADC_theACLK_GetSourceRegister
 .text.ADC_theACLK_SetDividerRegister
                0x000026fc       0xd8 .\CortexM3\ARM_GCC_541\Debug\3HC_Firmware_0_1.a(ADC_theACLK.o)
                0x000026fc                ADC_theACLK_SetDividerRegister
 .text.USBFS_Init
                0x000027d4      0x140 .\CortexM3\ARM_GCC_541\Debug\3HC_Firmware_0_1.a(USBFS.o)
                0x000027d4                USBFS_Init
 .text.USBFS_InitComponent
                0x00002914       0xc8 .\CortexM3\ARM_GCC_541\Debug\3HC_Firmware_0_1.a(USBFS.o)
                0x00002914                USBFS_InitComponent
 .text.USBFS_Start
                0x000029dc       0x24 .\CortexM3\ARM_GCC_541\Debug\3HC_Firmware_0_1.a(USBFS.o)
                0x000029dc                USBFS_Start
 .text.USBFS_ReInitComponent
                0x00002a00       0x4c .\CortexM3\ARM_GCC_541\Debug\3HC_Firmware_0_1.a(USBFS.o)
                0x00002a00                USBFS_ReInitComponent
 .text.USBFS_GetConfiguration
                0x00002a4c        0xc .\CortexM3\ARM_GCC_541\Debug\3HC_Firmware_0_1.a(USBFS.o)
                0x00002a4c                USBFS_GetConfiguration
 .text.USBFS_IsConfigurationChanged
                0x00002a58       0x20 .\CortexM3\ARM_GCC_541\Debug\3HC_Firmware_0_1.a(USBFS.o)
                0x00002a58                USBFS_IsConfigurationChanged
 .text.USBFS_GetEPState
                0x00002a78       0x14 .\CortexM3\ARM_GCC_541\Debug\3HC_Firmware_0_1.a(USBFS.o)
                0x00002a78                USBFS_GetEPState
 .text.USBFS_GetEPCount
                0x00002a8c       0x28 .\CortexM3\ARM_GCC_541\Debug\3HC_Firmware_0_1.a(USBFS.o)
                0x00002a8c                USBFS_GetEPCount
 .text.USBFS_InitEP_DMA
                0x00002ab4       0x68 .\CortexM3\ARM_GCC_541\Debug\3HC_Firmware_0_1.a(USBFS.o)
                0x00002ab4                USBFS_InitEP_DMA
 .text.USBFS_LoadInEP
                0x00002b1c      0x104 .\CortexM3\ARM_GCC_541\Debug\3HC_Firmware_0_1.a(USBFS.o)
                0x00002b1c                USBFS_LoadInEP
 .text.USBFS_ReadOutEP
                0x00002c20       0xb0 .\CortexM3\ARM_GCC_541\Debug\3HC_Firmware_0_1.a(USBFS.o)
                0x00002c20                USBFS_ReadOutEP
 .text.USBFS_EnableOutEP
                0x00002cd0       0x2c .\CortexM3\ARM_GCC_541\Debug\3HC_Firmware_0_1.a(USBFS.o)
                0x00002cd0                USBFS_EnableOutEP
 .text.USBFS_LoadEP0
                0x00002cfc       0x98 .\CortexM3\ARM_GCC_541\Debug\3HC_Firmware_0_1.a(USBFS_drv.o)
                0x00002cfc                USBFS_LoadEP0
 .text.USBFS_InitZeroLengthControlTransfer
                0x00002d94       0x34 .\CortexM3\ARM_GCC_541\Debug\3HC_Firmware_0_1.a(USBFS_drv.o)
                0x00002d94                USBFS_InitZeroLengthControlTransfer
 .text.USBFS_ControlReadDataStage
                0x00002dc8        0x8 .\CortexM3\ARM_GCC_541\Debug\3HC_Firmware_0_1.a(USBFS_drv.o)
                0x00002dc8                USBFS_ControlReadDataStage
 .text.USBFS_ControlWriteDataStage
                0x00002dd0       0x84 .\CortexM3\ARM_GCC_541\Debug\3HC_Firmware_0_1.a(USBFS_drv.o)
                0x00002dd0                USBFS_ControlWriteDataStage
 .text.USBFS_InitNoDataControlTransfer
                0x00002e54       0x2c .\CortexM3\ARM_GCC_541\Debug\3HC_Firmware_0_1.a(USBFS_drv.o)
                0x00002e54                USBFS_InitNoDataControlTransfer
 .text.USBFS_UpdateStatusBlock
                0x00002e80       0x24 .\CortexM3\ARM_GCC_541\Debug\3HC_Firmware_0_1.a(USBFS_drv.o)
                0x00002e80                USBFS_UpdateStatusBlock
 .text.USBFS_HandleSetup
                0x00002ea4       0x5c .\CortexM3\ARM_GCC_541\Debug\3HC_Firmware_0_1.a(USBFS_drv.o)
                0x00002ea4                USBFS_HandleSetup
 .text.USBFS_ControlReadStatusStage
                0x00002f00       0x38 .\CortexM3\ARM_GCC_541\Debug\3HC_Firmware_0_1.a(USBFS_drv.o)
                0x00002f00                USBFS_ControlReadStatusStage
 .text.USBFS_HandleOUT
                0x00002f38       0x38 .\CortexM3\ARM_GCC_541\Debug\3HC_Firmware_0_1.a(USBFS_drv.o)
                0x00002f38                USBFS_HandleOUT
 .text.USBFS_ControlWriteStatusStage
                0x00002f70       0x20 .\CortexM3\ARM_GCC_541\Debug\3HC_Firmware_0_1.a(USBFS_drv.o)
                0x00002f70                USBFS_ControlWriteStatusStage
 .text.USBFS_NoDataControlStatusStage
                0x00002f90       0x40 .\CortexM3\ARM_GCC_541\Debug\3HC_Firmware_0_1.a(USBFS_drv.o)
                0x00002f90                USBFS_NoDataControlStatusStage
 .text.USBFS_HandleIN
                0x00002fd0       0x2c .\CortexM3\ARM_GCC_541\Debug\3HC_Firmware_0_1.a(USBFS_drv.o)
                0x00002fd0                USBFS_HandleIN
 .text.USBFS_EP_0_ISR
                0x00002ffc       0xb8 .\CortexM3\ARM_GCC_541\Debug\3HC_Firmware_0_1.a(USBFS_drv.o)
                0x00002ffc                USBFS_EP_0_ISR
 .text.USBFS_InitializeStatusBlock
                0x000030b4       0x24 .\CortexM3\ARM_GCC_541\Debug\3HC_Firmware_0_1.a(USBFS_drv.o)
                0x000030b4                USBFS_InitializeStatusBlock
 .text.USBFS_InitControlRead
                0x000030d8       0x50 .\CortexM3\ARM_GCC_541\Debug\3HC_Firmware_0_1.a(USBFS_drv.o)
                0x000030d8                USBFS_InitControlRead
 .text.USBFS_EP_1_ISR
                0x00003128       0x30 .\CortexM3\ARM_GCC_541\Debug\3HC_Firmware_0_1.a(USBFS_episr.o)
                0x00003128                USBFS_EP_1_ISR
 .text.USBFS_EP_2_ISR
                0x00003158       0x34 .\CortexM3\ARM_GCC_541\Debug\3HC_Firmware_0_1.a(USBFS_episr.o)
                0x00003158                USBFS_EP_2_ISR
 .text.USBFS_BUS_RESET_ISR
                0x0000318c        0x8 .\CortexM3\ARM_GCC_541\Debug\3HC_Firmware_0_1.a(USBFS_episr.o)
                0x0000318c                USBFS_BUS_RESET_ISR
 .text.USBFS_ARB_ISR
                0x00003194       0xa4 .\CortexM3\ARM_GCC_541\Debug\3HC_Firmware_0_1.a(USBFS_episr.o)
                0x00003194                USBFS_ARB_ISR
 .text.USBFS_DP_ISR
                0x00003238        0x8 .\CortexM3\ARM_GCC_541\Debug\3HC_Firmware_0_1.a(USBFS_pm.o)
                0x00003238                USBFS_DP_ISR
 .text.USBFS_ReadDieID
                0x00003240       0x6c .\CortexM3\ARM_GCC_541\Debug\3HC_Firmware_0_1.a(USBFS_std.o)
                0x00003240                USBFS_ReadDieID
 .text.USBFS_ConfigReg
                0x000032ac       0xa8 .\CortexM3\ARM_GCC_541\Debug\3HC_Firmware_0_1.a(USBFS_std.o)
                0x000032ac                USBFS_ConfigReg
 .text.USBFS_GetConfigTablePtr
                0x00003354       0x28 .\CortexM3\ARM_GCC_541\Debug\3HC_Firmware_0_1.a(USBFS_std.o)
                0x00003354                USBFS_GetConfigTablePtr
 .text.USBFS_ConfigAltChanged
                0x0000337c      0x11c .\CortexM3\ARM_GCC_541\Debug\3HC_Firmware_0_1.a(USBFS_std.o)
                0x0000337c                USBFS_ConfigAltChanged
 .text.USBFS_GetDeviceTablePtr
                0x00003498       0x18 .\CortexM3\ARM_GCC_541\Debug\3HC_Firmware_0_1.a(USBFS_std.o)
                0x00003498                USBFS_GetDeviceTablePtr
 .text.USBFS_GetInterfaceClassTablePtr
                0x000034b0       0x28 .\CortexM3\ARM_GCC_541\Debug\3HC_Firmware_0_1.a(USBFS_std.o)
                0x000034b0                USBFS_GetInterfaceClassTablePtr
 .text.USBFS_Config
                0x000034d8      0x1cc .\CortexM3\ARM_GCC_541\Debug\3HC_Firmware_0_1.a(USBFS_std.o)
                0x000034d8                USBFS_Config
 .text.USBFS_SetEndpointHalt
                0x000036a4       0x64 .\CortexM3\ARM_GCC_541\Debug\3HC_Firmware_0_1.a(USBFS_std.o)
                0x000036a4                USBFS_SetEndpointHalt
 .text.USBFS_ClearEndpointHalt
                0x00003708       0xa8 .\CortexM3\ARM_GCC_541\Debug\3HC_Firmware_0_1.a(USBFS_std.o)
                0x00003708                USBFS_ClearEndpointHalt
 .text.USBFS_ValidateAlternateSetting
                0x000037b0       0x4c .\CortexM3\ARM_GCC_541\Debug\3HC_Firmware_0_1.a(USBFS_std.o)
                0x000037b0                USBFS_ValidateAlternateSetting
 .text.USBFS_HandleStandardRqst
                0x000037fc      0x35c .\CortexM3\ARM_GCC_541\Debug\3HC_Firmware_0_1.a(USBFS_std.o)
                0x000037fc                USBFS_HandleStandardRqst
 .text.USBFS_HandleVendorRqst
                0x00003b58       0x3c .\CortexM3\ARM_GCC_541\Debug\3HC_Firmware_0_1.a(USBFS_vnd.o)
                0x00003b58                USBFS_HandleVendorRqst
 .text.USBFS_Dp_ClearInterrupt
                0x00003b94       0x10 .\CortexM3\ARM_GCC_541\Debug\3HC_Firmware_0_1.a(USBFS_Dp.o)
                0x00003b94                USBFS_Dp_ClearInterrupt
 .text.USBFS_ep2_DmaInitialize
                0x00003ba4       0x3c .\CortexM3\ARM_GCC_541\Debug\3HC_Firmware_0_1.a(USBFS_ep2_dma.o)
                0x00003ba4                USBFS_ep2_DmaInitialize
 .text.USBFS_ep1_DmaInitialize
                0x00003be0       0x3c .\CortexM3\ARM_GCC_541\Debug\3HC_Firmware_0_1.a(USBFS_ep1_dma.o)
                0x00003be0                USBFS_ep1_DmaInitialize
 .text.XYZ_Direction_Write
                0x00003c1c        0xc .\CortexM3\ARM_GCC_541\Debug\3HC_Firmware_0_1.a(XYZ_Direction.o)
                0x00003c1c                XYZ_Direction_Write
 .text.LCD_Backlight_Write
                0x00003c28        0xc .\CortexM3\ARM_GCC_541\Debug\3HC_Firmware_0_1.a(LCD_Backlight.o)
                0x00003c28                LCD_Backlight_Write
 .text.ENC_Backlight_Write
                0x00003c34        0xc .\CortexM3\ARM_GCC_541\Debug\3HC_Firmware_0_1.a(ENC_Backlight.o)
                0x00003c34                ENC_Backlight_Write
 .text.AMux_Start
                0x00003c40       0x20 .\CortexM3\ARM_GCC_541\Debug\3HC_Firmware_0_1.a(AMux.o)
                0x00003c40                AMux_Start
 .text.AMux_FastSelect
                0x00003c60       0x20 .\CortexM3\ARM_GCC_541\Debug\3HC_Firmware_0_1.a(AMux.o)
                0x00003c60                AMux_FastSelect
 .text.ADC_SAMPLECURRSENSOR_SetVector
                0x00003c80       0x10 .\CortexM3\ARM_GCC_541\Debug\3HC_Firmware_0_1.a(ADC_SAMPLECURRSENSOR.o)
                0x00003c80                ADC_SAMPLECURRSENSOR_SetVector
 .text.ADC_SAMPLECURRSENSOR_SetPriority
                0x00003c90       0x10 .\CortexM3\ARM_GCC_541\Debug\3HC_Firmware_0_1.a(ADC_SAMPLECURRSENSOR.o)
                0x00003c90                ADC_SAMPLECURRSENSOR_SetPriority
 .text.ADC_SAMPLECURRSENSOR_Enable
                0x00003ca0       0x10 .\CortexM3\ARM_GCC_541\Debug\3HC_Firmware_0_1.a(ADC_SAMPLECURRSENSOR.o)
                0x00003ca0                ADC_SAMPLECURRSENSOR_Enable
 .text.ADC_SAMPLECURRSENSOR_Disable
                0x00003cb0       0x10 .\CortexM3\ARM_GCC_541\Debug\3HC_Firmware_0_1.a(ADC_SAMPLECURRSENSOR.o)
                0x00003cb0                ADC_SAMPLECURRSENSOR_Disable
 .text.ADC_SAMPLECURRSENSOR_StartEx
                0x00003cc0       0x1c .\CortexM3\ARM_GCC_541\Debug\3HC_Firmware_0_1.a(ADC_SAMPLECURRSENSOR.o)
                0x00003cc0                ADC_SAMPLECURRSENSOR_StartEx
 .text.PID_Timer_Enable
                0x00003cdc       0x28 .\CortexM3\ARM_GCC_541\Debug\3HC_Firmware_0_1.a(PID_Timer.o)
                0x00003cdc                PID_Timer_Enable
 .text.PID_Timer_SetInterruptMode
                0x00003d04        0xc .\CortexM3\ARM_GCC_541\Debug\3HC_Firmware_0_1.a(PID_Timer.o)
                0x00003d04                PID_Timer_SetInterruptMode
 .text.PID_Timer_WritePeriod
                0x00003d10        0xc .\CortexM3\ARM_GCC_541\Debug\3HC_Firmware_0_1.a(PID_Timer.o)
                0x00003d10                PID_Timer_WritePeriod
 .text.PID_Timer_WriteCounter
                0x00003d1c        0xc .\CortexM3\ARM_GCC_541\Debug\3HC_Firmware_0_1.a(PID_Timer.o)
                0x00003d1c                PID_Timer_WriteCounter
 .text.PID_Timer_Init
                0x00003d28       0x68 .\CortexM3\ARM_GCC_541\Debug\3HC_Firmware_0_1.a(PID_Timer.o)
                0x00003d28                PID_Timer_Init
 .text.PID_Timer_Start
                0x00003d90       0x1c .\CortexM3\ARM_GCC_541\Debug\3HC_Firmware_0_1.a(PID_Timer.o)
                0x00003d90                PID_Timer_Start
 .text.PID_ISR_SetVector
                0x00003dac        0xc .\CortexM3\ARM_GCC_541\Debug\3HC_Firmware_0_1.a(PID_ISR.o)
                0x00003dac                PID_ISR_SetVector
 .text.PID_ISR_SetPriority
                0x00003db8       0x10 .\CortexM3\ARM_GCC_541\Debug\3HC_Firmware_0_1.a(PID_ISR.o)
                0x00003db8                PID_ISR_SetPriority
 .text.PID_ISR_Enable
                0x00003dc8        0xc .\CortexM3\ARM_GCC_541\Debug\3HC_Firmware_0_1.a(PID_ISR.o)
                0x00003dc8                PID_ISR_Enable
 .text.PID_ISR_Disable
                0x00003dd4        0xc .\CortexM3\ARM_GCC_541\Debug\3HC_Firmware_0_1.a(PID_ISR.o)
                0x00003dd4                PID_ISR_Disable
 .text.PID_ISR_StartEx
                0x00003de0       0x1c .\CortexM3\ARM_GCC_541\Debug\3HC_Firmware_0_1.a(PID_ISR.o)
                0x00003de0                PID_ISR_StartEx
 .text.BUTTON_RISING_EDGE_SetVector
                0x00003dfc        0xc .\CortexM3\ARM_GCC_541\Debug\3HC_Firmware_0_1.a(BUTTON_RISING_EDGE.o)
                0x00003dfc                BUTTON_RISING_EDGE_SetVector
 .text.BUTTON_RISING_EDGE_SetPriority
                0x00003e08       0x10 .\CortexM3\ARM_GCC_541\Debug\3HC_Firmware_0_1.a(BUTTON_RISING_EDGE.o)
                0x00003e08                BUTTON_RISING_EDGE_SetPriority
 .text.BUTTON_RISING_EDGE_Enable
                0x00003e18        0xc .\CortexM3\ARM_GCC_541\Debug\3HC_Firmware_0_1.a(BUTTON_RISING_EDGE.o)
                0x00003e18                BUTTON_RISING_EDGE_Enable
 .text.BUTTON_RISING_EDGE_Disable
                0x00003e24        0xc .\CortexM3\ARM_GCC_541\Debug\3HC_Firmware_0_1.a(BUTTON_RISING_EDGE.o)
                0x00003e24                BUTTON_RISING_EDGE_Disable
 .text.BUTTON_RISING_EDGE_StartEx
                0x00003e30       0x1c .\CortexM3\ARM_GCC_541\Debug\3HC_Firmware_0_1.a(BUTTON_RISING_EDGE.o)
                0x00003e30                BUTTON_RISING_EDGE_StartEx
 .text.BUTTON_RISING_EDGE_ClearPending
                0x00003e4c        0xc .\CortexM3\ARM_GCC_541\Debug\3HC_Firmware_0_1.a(BUTTON_RISING_EDGE.o)
                0x00003e4c                BUTTON_RISING_EDGE_ClearPending
 .text          0x00003e58       0x20 .\CortexM3\ARM_GCC_541\Debug\3HC_Firmware_0_1.a(CyBootAsmGnu.o)
                0x00003e58                CyDelayCycles
                0x00003e68                CyEnterCriticalSection
                0x00003e70                CyExitCriticalSection
 .text.USBFS_DispatchClassRqst
                0x00003e78       0x38 .\CortexM3\ARM_GCC_541\Debug\3HC_Firmware_0_1.a(USBFS_cls.o)
                0x00003e78                USBFS_DispatchClassRqst
 .text          0x00003eb0      0x370 c:/program files (x86)/cypress/psoc creator/4.2/psoc creator/import/gnu/arm/5.4.1/bin/../lib/gcc/arm-none-eabi/5.4.1/armv7-m\libgcc.a(_arm_addsubdf3.o)
                0x00003eb0                __aeabi_drsub
                0x00003eb8                __aeabi_dsub
                0x00003eb8                __subdf3
                0x00003ebc                __aeabi_dadd
                0x00003ebc                __adddf3
                0x00004134                __floatunsidf
                0x00004134                __aeabi_ui2d
                0x00004154                __floatsidf
                0x00004154                __aeabi_i2d
                0x00004178                __aeabi_f2d
                0x00004178                __extendsfdf2
                0x000041b4                __floatundidf
                0x000041b4                __aeabi_ul2d
                0x000041c4                __floatdidf
                0x000041c4                __aeabi_l2d
 .text          0x00004220      0x424 c:/program files (x86)/cypress/psoc creator/4.2/psoc creator/import/gnu/arm/5.4.1/bin/../lib/gcc/arm-none-eabi/5.4.1/armv7-m\libgcc.a(_arm_muldivdf3.o)
                0x00004220                __aeabi_dmul
                0x00004220                __muldf3
                0x00004474                __divdf3
                0x00004474                __aeabi_ddiv
 .text          0x00004644      0x110 c:/program files (x86)/cypress/psoc creator/4.2/psoc creator/import/gnu/arm/5.4.1/bin/../lib/gcc/arm-none-eabi/5.4.1/armv7-m\libgcc.a(_arm_cmpdf2.o)
                0x00004644                __gtdf2
                0x00004644                __gedf2
                0x0000464c                __ltdf2
                0x0000464c                __ledf2
                0x00004654                __nedf2
                0x00004654                __eqdf2
                0x00004654                __cmpdf2
                0x000046d0                __aeabi_cdrcmple
                0x000046e0                __aeabi_cdcmpeq
                0x000046e0                __aeabi_cdcmple
                0x000046f0                __aeabi_dcmpeq
                0x00004704                __aeabi_dcmplt
                0x00004718                __aeabi_dcmple
                0x0000472c                __aeabi_dcmpge
                0x00004740                __aeabi_dcmpgt
 .text          0x00004754       0xa0 c:/program files (x86)/cypress/psoc creator/4.2/psoc creator/import/gnu/arm/5.4.1/bin/../lib/gcc/arm-none-eabi/5.4.1/armv7-m\libgcc.a(_arm_truncdfsf2.o)
                0x00004754                __truncdfsf2
                0x00004754                __aeabi_d2f
 .text          0x000047f4      0x21c c:/program files (x86)/cypress/psoc creator/4.2/psoc creator/import/gnu/arm/5.4.1/bin/../lib/gcc/arm-none-eabi/5.4.1/armv7-m\libgcc.a(_arm_addsubsf3.o)
                0x000047f4                __aeabi_frsub
                0x000047fc                __subsf3
                0x000047fc                __aeabi_fsub
                0x00004800                __aeabi_fadd
                0x00004800                __addsf3
                0x00004960                __aeabi_ui2f
                0x00004960                __floatunsisf
                0x00004968                __aeabi_i2f
                0x00004968                __floatsisf
                0x00004984                __aeabi_ul2f
                0x00004984                __floatundisf
                0x00004994                __aeabi_l2f
                0x00004994                __floatdisf
 .text          0x00004a10      0x2a0 c:/program files (x86)/cypress/psoc creator/4.2/psoc creator/import/gnu/arm/5.4.1/bin/../lib/gcc/arm-none-eabi/5.4.1/armv7-m\libgcc.a(_arm_muldivsf3.o)
                0x00004a10                __mulsf3
                0x00004a10                __aeabi_fmul
                0x00004b78                __aeabi_fdiv
                0x00004b78                __divsf3
 .text          0x00004cb0       0xec c:/program files (x86)/cypress/psoc creator/4.2/psoc creator/import/gnu/arm/5.4.1/bin/../lib/gcc/arm-none-eabi/5.4.1/armv7-m\libgcc.a(_arm_cmpsf2.o)
                0x00004cb0                __gesf2
                0x00004cb0                __gtsf2
                0x00004cb8                __lesf2
                0x00004cb8                __ltsf2
                0x00004cc0                __nesf2
                0x00004cc0                __eqsf2
                0x00004cc0                __cmpsf2
                0x00004d20                __aeabi_cfrcmple
                0x00004d28                __aeabi_cfcmpeq
                0x00004d28                __aeabi_cfcmple
                0x00004d38                __aeabi_fcmpeq
                0x00004d4c                __aeabi_fcmplt
                0x00004d60                __aeabi_fcmple
                0x00004d74                __aeabi_fcmpge
                0x00004d88                __aeabi_fcmpgt
 .text          0x00004d9c       0x40 c:/program files (x86)/cypress/psoc creator/4.2/psoc creator/import/gnu/arm/5.4.1/bin/../lib/gcc/arm-none-eabi/5.4.1/armv7-m\libgcc.a(_arm_fixunssfsi.o)
                0x00004d9c                __fixunssfsi
                0x00004d9c                __aeabi_f2uiz
 .text.atof     0x00004ddc        0x6 c:/program files (x86)/cypress/psoc creator/4.2/psoc creator/import/gnu/arm/5.4.1/bin/../lib/gcc/arm-none-eabi/5.4.1/../../../../arm-none-eabi/lib/armv7-m\libg_nano.a(lib_a-atof.o)
                0x00004ddc                atof
 *fill*         0x00004de2        0x2 
 .text.__errno  0x00004de4        0xc c:/program files (x86)/cypress/psoc creator/4.2/psoc creator/import/gnu/arm/5.4.1/bin/../lib/gcc/arm-none-eabi/5.4.1/../../../../arm-none-eabi/lib/armv7-m\libg_nano.a(lib_a-errno.o)
                0x00004de4                __errno
 .text.__libc_init_array
                0x00004df0       0x4c c:/program files (x86)/cypress/psoc creator/4.2/psoc creator/import/gnu/arm/5.4.1/bin/../lib/gcc/arm-none-eabi/5.4.1/../../../../arm-none-eabi/lib/armv7-m\libg_nano.a(lib_a-init.o)
                0x00004df0                __libc_init_array
 .text.malloc   0x00004e3c       0x10 c:/program files (x86)/cypress/psoc creator/4.2/psoc creator/import/gnu/arm/5.4.1/bin/../lib/gcc/arm-none-eabi/5.4.1/../../../../arm-none-eabi/lib/armv7-m\libg_nano.a(lib_a-malloc.o)
                0x00004e3c                malloc
 .text.memcpy   0x00004e4c       0x16 c:/program files (x86)/cypress/psoc creator/4.2/psoc creator/import/gnu/arm/5.4.1/bin/../lib/gcc/arm-none-eabi/5.4.1/../../../../arm-none-eabi/lib/armv7-m\libg_nano.a(lib_a-memcpy-stub.o)
                0x00004e4c                memcpy
 .text.memset   0x00004e62       0x10 c:/program files (x86)/cypress/psoc creator/4.2/psoc creator/import/gnu/arm/5.4.1/bin/../lib/gcc/arm-none-eabi/5.4.1/../../../../arm-none-eabi/lib/armv7-m\libg_nano.a(lib_a-memset.o)
                0x00004e62                memset
 *fill*         0x00004e72        0x2 
 .text._free_r  0x00004e74       0x98 c:/program files (x86)/cypress/psoc creator/4.2/psoc creator/import/gnu/arm/5.4.1/bin/../lib/gcc/arm-none-eabi/5.4.1/../../../../arm-none-eabi/lib/armv7-m\libg_nano.a(lib_a-nano-freer.o)
                0x00004e74                _free_r
 .text._malloc_r
                0x00004f0c       0xbc c:/program files (x86)/cypress/psoc creator/4.2/psoc creator/import/gnu/arm/5.4.1/bin/../lib/gcc/arm-none-eabi/5.4.1/../../../../arm-none-eabi/lib/armv7-m\libg_nano.a(lib_a-nano-mallocr.o)
                0x00004f0c                _malloc_r
 .text.__cvt    0x00004fc8       0xc0 c:/program files (x86)/cypress/psoc creator/4.2/psoc creator/import/gnu/arm/5.4.1/bin/../lib/gcc/arm-none-eabi/5.4.1/../../../../arm-none-eabi/lib/armv7-m\libg_nano.a(lib_a-nano-vfprintf_float.o)
                0x00004fc8                __cvt
 .text.__exponent
                0x00005088       0x62 c:/program files (x86)/cypress/psoc creator/4.2/psoc creator/import/gnu/arm/5.4.1/bin/../lib/gcc/arm-none-eabi/5.4.1/../../../../arm-none-eabi/lib/armv7-m\libg_nano.a(lib_a-nano-vfprintf_float.o)
                0x00005088                __exponent
 *fill*         0x000050ea        0x2 
 .text._printf_float
                0x000050ec      0x488 c:/program files (x86)/cypress/psoc creator/4.2/psoc creator/import/gnu/arm/5.4.1/bin/../lib/gcc/arm-none-eabi/5.4.1/../../../../arm-none-eabi/lib/armv7-m\libg_nano.a(lib_a-nano-vfprintf_float.o)
                0x000050ec                _printf_float
 .text._printf_common
                0x00005574       0xec c:/program files (x86)/cypress/psoc creator/4.2/psoc creator/import/gnu/arm/5.4.1/bin/../lib/gcc/arm-none-eabi/5.4.1/../../../../arm-none-eabi/lib/armv7-m\libg_nano.a(lib_a-nano-vfprintf_i.o)
                0x00005574                _printf_common
 .text._printf_i
                0x00005660      0x24c c:/program files (x86)/cypress/psoc creator/4.2/psoc creator/import/gnu/arm/5.4.1/bin/../lib/gcc/arm-none-eabi/5.4.1/../../../../arm-none-eabi/lib/armv7-m\libg_nano.a(lib_a-nano-vfprintf_i.o)
                0x00005660                _printf_i
 .text._sbrk_r  0x000058ac       0x20 c:/program files (x86)/cypress/psoc creator/4.2/psoc creator/import/gnu/arm/5.4.1/bin/../lib/gcc/arm-none-eabi/5.4.1/../../../../arm-none-eabi/lib/armv7-m\libg_nano.a(lib_a-sbrkr.o)
                0x000058ac                _sbrk_r
 .text.sprintf  0x000058cc       0x48 c:/program files (x86)/cypress/psoc creator/4.2/psoc creator/import/gnu/arm/5.4.1/bin/../lib/gcc/arm-none-eabi/5.4.1/../../../../arm-none-eabi/lib/armv7-m\libg_nano.a(lib_a-sprintf.o)
                0x000058cc                siprintf
                0x000058cc                sprintf
 .text.sscanf   0x00005914       0x54 c:/program files (x86)/cypress/psoc creator/4.2/psoc creator/import/gnu/arm/5.4.1/bin/../lib/gcc/arm-none-eabi/5.4.1/../../../../arm-none-eabi/lib/armv7-m\libg_nano.a(lib_a-sscanf.o)
                0x00005914                siscanf
                0x00005914                sscanf
 .text.__seofread
                0x00005968        0x4 c:/program files (x86)/cypress/psoc creator/4.2/psoc creator/import/gnu/arm/5.4.1/bin/../lib/gcc/arm-none-eabi/5.4.1/../../../../arm-none-eabi/lib/armv7-m\libg_nano.a(lib_a-stdio.o)
                0x00005968                __seofread
 .text          0x0000596c       0x14 c:/program files (x86)/cypress/psoc creator/4.2/psoc creator/import/gnu/arm/5.4.1/bin/../lib/gcc/arm-none-eabi/5.4.1/../../../../arm-none-eabi/lib/armv7-m\libg_nano.a(lib_a-strcmp.o)
                0x0000596c                strcmp
 .text          0x00005980       0x10 c:/program files (x86)/cypress/psoc creator/4.2/psoc creator/import/gnu/arm/5.4.1/bin/../lib/gcc/arm-none-eabi/5.4.1/../../../../arm-none-eabi/lib/armv7-m\libg_nano.a(lib_a-strlen.o)
                0x00005980                strlen
 .text.sulp     0x00005990       0x42 c:/program files (x86)/cypress/psoc creator/4.2/psoc creator/import/gnu/arm/5.4.1/bin/../lib/gcc/arm-none-eabi/5.4.1/../../../../arm-none-eabi/lib/armv7-m\libg_nano.a(lib_a-strtod.o)
 *fill*         0x000059d2        0x6 
 .text._strtod_r
                0x000059d8      0xc00 c:/program files (x86)/cypress/psoc creator/4.2/psoc creator/import/gnu/arm/5.4.1/bin/../lib/gcc/arm-none-eabi/5.4.1/../../../../arm-none-eabi/lib/armv7-m\libg_nano.a(lib_a-strtod.o)
                0x000059d8                _strtod_r
 .text.strtod   0x000065d8       0x10 c:/program files (x86)/cypress/psoc creator/4.2/psoc creator/import/gnu/arm/5.4.1/bin/../lib/gcc/arm-none-eabi/5.4.1/../../../../arm-none-eabi/lib/armv7-m\libg_nano.a(lib_a-strtod.o)
                0x000065d8                strtod
 .text.quorem   0x000065e8      0x116 c:/program files (x86)/cypress/psoc creator/4.2/psoc creator/import/gnu/arm/5.4.1/bin/../lib/gcc/arm-none-eabi/5.4.1/../../../../arm-none-eabi/lib/armv7-m\libg_nano.a(lib_a-dtoa.o)
 *fill*         0x000066fe        0x2 
 .text._dtoa_r  0x00006700      0xb30 c:/program files (x86)/cypress/psoc creator/4.2/psoc creator/import/gnu/arm/5.4.1/bin/../lib/gcc/arm-none-eabi/5.4.1/../../../../arm-none-eabi/lib/armv7-m\libg_nano.a(lib_a-dtoa.o)
                0x00006700                _dtoa_r
 .text.rshift   0x00007230       0x6c c:/program files (x86)/cypress/psoc creator/4.2/psoc creator/import/gnu/arm/5.4.1/bin/../lib/gcc/arm-none-eabi/5.4.1/../../../../arm-none-eabi/lib/armv7-m\libg_nano.a(lib_a-gdtoa-gethex.o)
 .text.__hexdig_fun
                0x0000729c       0x2a c:/program files (x86)/cypress/psoc creator/4.2/psoc creator/import/gnu/arm/5.4.1/bin/../lib/gcc/arm-none-eabi/5.4.1/../../../../arm-none-eabi/lib/armv7-m\libg_nano.a(lib_a-gdtoa-gethex.o)
                0x0000729c                __hexdig_fun
 .text.__gethex
                0x000072c6      0x43e c:/program files (x86)/cypress/psoc creator/4.2/psoc creator/import/gnu/arm/5.4.1/bin/../lib/gcc/arm-none-eabi/5.4.1/../../../../arm-none-eabi/lib/armv7-m\libg_nano.a(lib_a-gdtoa-gethex.o)
                0x000072c6                __gethex
 .text.L_shift  0x00007704       0x24 c:/program files (x86)/cypress/psoc creator/4.2/psoc creator/import/gnu/arm/5.4.1/bin/../lib/gcc/arm-none-eabi/5.4.1/../../../../arm-none-eabi/lib/armv7-m\libg_nano.a(lib_a-gdtoa-hexnan.o)
 .text.__match  0x00007728       0x26 c:/program files (x86)/cypress/psoc creator/4.2/psoc creator/import/gnu/arm/5.4.1/bin/../lib/gcc/arm-none-eabi/5.4.1/../../../../arm-none-eabi/lib/armv7-m\libg_nano.a(lib_a-gdtoa-hexnan.o)
                0x00007728                __match
 .text.__hexnan
                0x0000774e      0x11c c:/program files (x86)/cypress/psoc creator/4.2/psoc creator/import/gnu/arm/5.4.1/bin/../lib/gcc/arm-none-eabi/5.4.1/../../../../arm-none-eabi/lib/armv7-m\libg_nano.a(lib_a-gdtoa-hexnan.o)
                0x0000774e                __hexnan
 *fill*         0x0000786a        0x2 
 .text._localeconv_r
                0x0000786c        0x8 c:/program files (x86)/cypress/psoc creator/4.2/psoc creator/import/gnu/arm/5.4.1/bin/../lib/gcc/arm-none-eabi/5.4.1/../../../../arm-none-eabi/lib/armv7-m\libg_nano.a(lib_a-locale.o)
                0x0000786c                _localeconv_r
 .text.memchr   0x00007874       0x1c c:/program files (x86)/cypress/psoc creator/4.2/psoc creator/import/gnu/arm/5.4.1/bin/../lib/gcc/arm-none-eabi/5.4.1/../../../../arm-none-eabi/lib/armv7-m\libg_nano.a(lib_a-memchr-stub.o)
                0x00007874                memchr
 .text.__malloc_lock
                0x00007890        0x2 c:/program files (x86)/cypress/psoc creator/4.2/psoc creator/import/gnu/arm/5.4.1/bin/../lib/gcc/arm-none-eabi/5.4.1/../../../../arm-none-eabi/lib/armv7-m\libg_nano.a(lib_a-mlock.o)
                0x00007890                __malloc_lock
 .text.__malloc_unlock
                0x00007892        0x2 c:/program files (x86)/cypress/psoc creator/4.2/psoc creator/import/gnu/arm/5.4.1/bin/../lib/gcc/arm-none-eabi/5.4.1/../../../../arm-none-eabi/lib/armv7-m\libg_nano.a(lib_a-mlock.o)
                0x00007892                __malloc_unlock
 .text._Balloc  0x00007894       0x6a c:/program files (x86)/cypress/psoc creator/4.2/psoc creator/import/gnu/arm/5.4.1/bin/../lib/gcc/arm-none-eabi/5.4.1/../../../../arm-none-eabi/lib/armv7-m\libg_nano.a(lib_a-mprec.o)
                0x00007894                _Balloc
 .text._Bfree   0x000078fe       0x2e c:/program files (x86)/cypress/psoc creator/4.2/psoc creator/import/gnu/arm/5.4.1/bin/../lib/gcc/arm-none-eabi/5.4.1/../../../../arm-none-eabi/lib/armv7-m\libg_nano.a(lib_a-mprec.o)
                0x000078fe                _Bfree
 .text.__multadd
                0x0000792c       0x76 c:/program files (x86)/cypress/psoc creator/4.2/psoc creator/import/gnu/arm/5.4.1/bin/../lib/gcc/arm-none-eabi/5.4.1/../../../../arm-none-eabi/lib/armv7-m\libg_nano.a(lib_a-mprec.o)
                0x0000792c                __multadd
 .text.__s2b    0x000079a2       0x7c c:/program files (x86)/cypress/psoc creator/4.2/psoc creator/import/gnu/arm/5.4.1/bin/../lib/gcc/arm-none-eabi/5.4.1/../../../../arm-none-eabi/lib/armv7-m\libg_nano.a(lib_a-mprec.o)
                0x000079a2                __s2b
 .text.__hi0bits
                0x00007a1e       0x40 c:/program files (x86)/cypress/psoc creator/4.2/psoc creator/import/gnu/arm/5.4.1/bin/../lib/gcc/arm-none-eabi/5.4.1/../../../../arm-none-eabi/lib/armv7-m\libg_nano.a(lib_a-mprec.o)
                0x00007a1e                __hi0bits
 .text.__lo0bits
                0x00007a5e       0x5a c:/program files (x86)/cypress/psoc creator/4.2/psoc creator/import/gnu/arm/5.4.1/bin/../lib/gcc/arm-none-eabi/5.4.1/../../../../arm-none-eabi/lib/armv7-m\libg_nano.a(lib_a-mprec.o)
                0x00007a5e                __lo0bits
 .text.__i2b    0x00007ab8       0x12 c:/program files (x86)/cypress/psoc creator/4.2/psoc creator/import/gnu/arm/5.4.1/bin/../lib/gcc/arm-none-eabi/5.4.1/../../../../arm-none-eabi/lib/armv7-m\libg_nano.a(lib_a-mprec.o)
                0x00007ab8                __i2b
 .text.__multiply
                0x00007aca      0x120 c:/program files (x86)/cypress/psoc creator/4.2/psoc creator/import/gnu/arm/5.4.1/bin/../lib/gcc/arm-none-eabi/5.4.1/../../../../arm-none-eabi/lib/armv7-m\libg_nano.a(lib_a-mprec.o)
                0x00007aca                __multiply
 *fill*         0x00007bea        0x2 
 .text.__pow5mult
                0x00007bec       0x9c c:/program files (x86)/cypress/psoc creator/4.2/psoc creator/import/gnu/arm/5.4.1/bin/../lib/gcc/arm-none-eabi/5.4.1/../../../../arm-none-eabi/lib/armv7-m\libg_nano.a(lib_a-mprec.o)
                0x00007bec                __pow5mult
 .text.__lshift
                0x00007c88       0xa2 c:/program files (x86)/cypress/psoc creator/4.2/psoc creator/import/gnu/arm/5.4.1/bin/../lib/gcc/arm-none-eabi/5.4.1/../../../../arm-none-eabi/lib/armv7-m\libg_nano.a(lib_a-mprec.o)
                0x00007c88                __lshift
 .text.__mcmp   0x00007d2a       0x38 c:/program files (x86)/cypress/psoc creator/4.2/psoc creator/import/gnu/arm/5.4.1/bin/../lib/gcc/arm-none-eabi/5.4.1/../../../../arm-none-eabi/lib/armv7-m\libg_nano.a(lib_a-mprec.o)
                0x00007d2a                __mcmp
 .text.__mdiff  0x00007d62       0xbe c:/program files (x86)/cypress/psoc creator/4.2/psoc creator/import/gnu/arm/5.4.1/bin/../lib/gcc/arm-none-eabi/5.4.1/../../../../arm-none-eabi/lib/armv7-m\libg_nano.a(lib_a-mprec.o)
                0x00007d62                __mdiff
 .text.__ulp    0x00007e20       0x48 c:/program files (x86)/cypress/psoc creator/4.2/psoc creator/import/gnu/arm/5.4.1/bin/../lib/gcc/arm-none-eabi/5.4.1/../../../../arm-none-eabi/lib/armv7-m\libg_nano.a(lib_a-mprec.o)
                0x00007e20                __ulp
 .text.__b2d    0x00007e68       0x9a c:/program files (x86)/cypress/psoc creator/4.2/psoc creator/import/gnu/arm/5.4.1/bin/../lib/gcc/arm-none-eabi/5.4.1/../../../../arm-none-eabi/lib/armv7-m\libg_nano.a(lib_a-mprec.o)
                0x00007e68                __b2d
 .text.__d2b    0x00007f02       0x9c c:/program files (x86)/cypress/psoc creator/4.2/psoc creator/import/gnu/arm/5.4.1/bin/../lib/gcc/arm-none-eabi/5.4.1/../../../../arm-none-eabi/lib/armv7-m\libg_nano.a(lib_a-mprec.o)
                0x00007f02                __d2b
 .text.__ratio  0x00007f9e       0x50 c:/program files (x86)/cypress/psoc creator/4.2/psoc creator/import/gnu/arm/5.4.1/bin/../lib/gcc/arm-none-eabi/5.4.1/../../../../arm-none-eabi/lib/armv7-m\libg_nano.a(lib_a-mprec.o)
                0x00007f9e                __ratio
 .text.__copybits
                0x00007fee       0x34 c:/program files (x86)/cypress/psoc creator/4.2/psoc creator/import/gnu/arm/5.4.1/bin/../lib/gcc/arm-none-eabi/5.4.1/../../../../arm-none-eabi/lib/armv7-m\libg_nano.a(lib_a-mprec.o)
                0x00007fee                __copybits
 .text.__any_on
                0x00008022       0x44 c:/program files (x86)/cypress/psoc creator/4.2/psoc creator/import/gnu/arm/5.4.1/bin/../lib/gcc/arm-none-eabi/5.4.1/../../../../arm-none-eabi/lib/armv7-m\libg_nano.a(lib_a-mprec.o)
                0x00008022                __any_on
 .text._calloc_r
                0x00008066       0x1c c:/program files (x86)/cypress/psoc creator/4.2/psoc creator/import/gnu/arm/5.4.1/bin/../lib/gcc/arm-none-eabi/5.4.1/../../../../arm-none-eabi/lib/armv7-m\libg_nano.a(lib_a-nano-callocr.o)
                0x00008066                _calloc_r
 .text.__ssputs_r
                0x00008082       0xb2 c:/program files (x86)/cypress/psoc creator/4.2/psoc creator/import/gnu/arm/5.4.1/bin/../lib/gcc/arm-none-eabi/5.4.1/../../../../arm-none-eabi/lib/armv7-m\libg_nano.a(lib_a-nano-svfprintf.o)
                0x00008082                __ssputs_r
 .text._svfprintf_r
                0x00008134      0x1e8 c:/program files (x86)/cypress/psoc creator/4.2/psoc creator/import/gnu/arm/5.4.1/bin/../lib/gcc/arm-none-eabi/5.4.1/../../../../arm-none-eabi/lib/armv7-m\libg_nano.a(lib_a-nano-svfprintf.o)
                0x00008134                _svfiprintf_r
                0x00008134                _svfprintf_r
 .text._sungetc_r
                0x0000831c       0x7c c:/program files (x86)/cypress/psoc creator/4.2/psoc creator/import/gnu/arm/5.4.1/bin/../lib/gcc/arm-none-eabi/5.4.1/../../../../arm-none-eabi/lib/armv7-m\libg_nano.a(lib_a-nano-svfscanf.o)
                0x0000831c                _sungetc_r
 .text.__ssrefill_r
                0x00008398       0x3a c:/program files (x86)/cypress/psoc creator/4.2/psoc creator/import/gnu/arm/5.4.1/bin/../lib/gcc/arm-none-eabi/5.4.1/../../../../arm-none-eabi/lib/armv7-m\libg_nano.a(lib_a-nano-svfscanf.o)
                0x00008398                __ssrefill_r
 *fill*         0x000083d2        0x2 
 .text.__ssvfscanf_r
                0x000083d4      0x2a8 c:/program files (x86)/cypress/psoc creator/4.2/psoc creator/import/gnu/arm/5.4.1/bin/../lib/gcc/arm-none-eabi/5.4.1/../../../../arm-none-eabi/lib/armv7-m\libg_nano.a(lib_a-nano-svfscanf.o)
                0x000083d4                __ssvfiscanf_r
                0x000083d4                __ssvfscanf_r
 .text._scanf_chars
                0x0000867c       0xcc c:/program files (x86)/cypress/psoc creator/4.2/psoc creator/import/gnu/arm/5.4.1/bin/../lib/gcc/arm-none-eabi/5.4.1/../../../../arm-none-eabi/lib/armv7-m\libg_nano.a(lib_a-nano-vfscanf_i.o)
                0x0000867c                _scanf_chars
 .text._scanf_i
                0x00008748      0x1e4 c:/program files (x86)/cypress/psoc creator/4.2/psoc creator/import/gnu/arm/5.4.1/bin/../lib/gcc/arm-none-eabi/5.4.1/../../../../arm-none-eabi/lib/armv7-m\libg_nano.a(lib_a-nano-vfscanf_i.o)
                0x00008748                _scanf_i
 .text.__sccl   0x0000892c       0x60 c:/program files (x86)/cypress/psoc creator/4.2/psoc creator/import/gnu/arm/5.4.1/bin/../lib/gcc/arm-none-eabi/5.4.1/../../../../arm-none-eabi/lib/armv7-m\libg_nano.a(lib_a-sccl.o)
                0x0000892c                __sccl
 .text.strncmp  0x0000898c       0x2a c:/program files (x86)/cypress/psoc creator/4.2/psoc creator/import/gnu/arm/5.4.1/bin/../lib/gcc/arm-none-eabi/5.4.1/../../../../arm-none-eabi/lib/armv7-m\libg_nano.a(lib_a-strncmp.o)
                0x0000898c                strncmp
 *fill*         0x000089b6        0x2 
 .text._strtol_r
                0x000089b8      0x10c c:/program files (x86)/cypress/psoc creator/4.2/psoc creator/import/gnu/arm/5.4.1/bin/../lib/gcc/arm-none-eabi/5.4.1/../../../../arm-none-eabi/lib/armv7-m\libg_nano.a(lib_a-strtol.o)
                0x000089b8                _strtol_r
 .text._strtoul_r
                0x00008ac4       0xfc c:/program files (x86)/cypress/psoc creator/4.2/psoc creator/import/gnu/arm/5.4.1/bin/../lib/gcc/arm-none-eabi/5.4.1/../../../../arm-none-eabi/lib/armv7-m\libg_nano.a(lib_a-strtoul.o)
                0x00008ac4                _strtoul_r
 .text.__submore
                0x00008bc0       0x72 c:/program files (x86)/cypress/psoc creator/4.2/psoc creator/import/gnu/arm/5.4.1/bin/../lib/gcc/arm-none-eabi/5.4.1/../../../../arm-none-eabi/lib/armv7-m\libg_nano.a(lib_a-ungetc.o)
                0x00008bc0                __submore
 .text.memmove  0x00008c32       0x36 c:/program files (x86)/cypress/psoc creator/4.2/psoc creator/import/gnu/arm/5.4.1/bin/../lib/gcc/arm-none-eabi/5.4.1/../../../../arm-none-eabi/lib/armv7-m\libg_nano.a(lib_a-memmove.o)
                0x00008c32                memmove
 .text._realloc_r
                0x00008c68       0x4c c:/program files (x86)/cypress/psoc creator/4.2/psoc creator/import/gnu/arm/5.4.1/bin/../lib/gcc/arm-none-eabi/5.4.1/../../../../arm-none-eabi/lib/armv7-m\libg_nano.a(lib_a-nano-reallocr.o)
                0x00008c68                _realloc_r
 .text._malloc_usable_size_r
                0x00008cb4       0x14 c:/program files (x86)/cypress/psoc creator/4.2/psoc creator/import/gnu/arm/5.4.1/bin/../lib/gcc/arm-none-eabi/5.4.1/../../../../arm-none-eabi/lib/armv7-m\libg_nano.a(lib_a-nano-msizer.o)
                0x00008cb4                _malloc_usable_size_r
 .text          0x00008cc8       0x2c c:/program files (x86)/cypress/psoc creator/4.2/psoc creator/import/gnu/arm/5.4.1/bin/../lib/gcc/arm-none-eabi/5.4.1/armv7-m\libgcc.a(_arm_unorddf2.o)
                0x00008cc8                __unorddf2
                0x00008cc8                __aeabi_dcmpun
 .text          0x00008cf4       0x50 c:/program files (x86)/cypress/psoc creator/4.2/psoc creator/import/gnu/arm/5.4.1/bin/../lib/gcc/arm-none-eabi/5.4.1/armv7-m\libgcc.a(_arm_fixdfsi.o)
                0x00008cf4                __aeabi_d2iz
                0x00008cf4                __fixdfsi
 .text          0x00008d44       0x40 c:/program files (x86)/cypress/psoc creator/4.2/psoc creator/import/gnu/arm/5.4.1/bin/../lib/gcc/arm-none-eabi/5.4.1/armv7-m\libgcc.a(_arm_fixunsdfsi.o)
                0x00008d44                __aeabi_d2uiz
                0x00008d44                __fixunsdfsi
 *(.plt)
 *(.gnu.warning)
 *(.glue_7t)
 .glue_7t       0x00008d84        0x0 linker stubs
 *(.glue_7)
 .glue_7        0x00008d84        0x0 linker stubs
 *(.vfp11_veneer)
 .vfp11_veneer  0x00008d84        0x0 linker stubs
 *(.bootloader)
 *(.ARM.extab* .gnu.linkonce.armextab.*)
 *(.gcc_except_table)

.v4_bx          0x00008d84        0x0
 .v4_bx         0x00008d84        0x0 linker stubs

.iplt           0x00008d84        0x0
 .iplt          0x00008d84        0x0 c:/program files (x86)/cypress/psoc creator/4.2/psoc creator/import/gnu/arm/5.4.1/bin/../lib/gcc/arm-none-eabi/5.4.1/armv7-m/crtbegin.o

.eh_frame_hdr
 *(.eh_frame_hdr)

.eh_frame       0x00008d84        0x4
 *(.eh_frame)
 .eh_frame      0x00008d84        0x0 c:/program files (x86)/cypress/psoc creator/4.2/psoc creator/import/gnu/arm/5.4.1/bin/../lib/gcc/arm-none-eabi/5.4.1/armv7-m/crtbegin.o
 .eh_frame      0x00008d84        0x4 c:/program files (x86)/cypress/psoc creator/4.2/psoc creator/import/gnu/arm/5.4.1/bin/../lib/gcc/arm-none-eabi/5.4.1/armv7-m/crtend.o
                [!provide]                PROVIDE (__exidx_start, .)

.ARM.exidx
 *(.ARM.exidx* .gnu.linkonce.armexidx.*)
                0x00008d88                __exidx_end = .

.rodata         0x00008d88      0x698
 *(.rodata .rodata.* .gnu.linkonce.r.*)
 .rodata.str1.4
                0x00008d88      0x129 .\CortexM3\ARM_GCC_541\Debug\main.o
 *fill*         0x00008eb1        0x3 
 .rodata.str1.4
                0x00008eb4       0x2a .\CortexM3\ARM_GCC_541\Debug\NMEA0183.o
 *fill*         0x00008ede        0x2 
 .rodata        0x00008ee0       0x5c .\CortexM3\ARM_GCC_541\Debug\cyfitter_cfg.o
                0x00008ee0                AMux__addrTable
                0x00008ef8                AMux__maskTable
                0x00008f00                ADC_AMux__addrTable
                0x00008f08                ADC_AMux__maskTable
 .rodata.str1.4
                0x00008f3c       0x14 .\CortexM3\ARM_GCC_541\Debug\3HC_Firmware_0_1.a(USBFS_std.o)
                                 0x11 (size before relaxing)
 .rodata        0x00008f50      0x15e .\CortexM3\ARM_GCC_541\Debug\3HC_Firmware_0_1.a(USBFS_descr.o)
                0x00008f50                USBFS_MSOS_CONFIGURATION_DESCR
                0x00008f78                USBFS_MSOS_DESCRIPTOR
                0x00008f8c                USBFS_TABLE
                0x00008f94                USBFS_DEVICE0_TABLE
                0x00008fac                USBFS_DEVICE0_CONFIGURATION0_TABLE
                0x00008fcc                USBFS_DEVICE0_CONFIGURATION0_INTERFACE_CLASS
                0x00008fd0                USBFS_DEVICE0_CONFIGURATION0_EP_SETTINGS_TABLE
                0x00008fe0                USBFS_SN_STRING_DESCRIPTOR
                0x00008fe4                USBFS_STRING_DESCRIPTORS
                0x0000907c                USBFS_DEVICE0_CONFIGURATION0_DESCR
                0x0000909c                USBFS_DEVICE0_DESCR
 .rodata.str1.1
                0x000090ae        0x2 c:/program files (x86)/cypress/psoc creator/4.2/psoc creator/import/gnu/arm/5.4.1/bin/../lib/gcc/arm-none-eabi/5.4.1/../../../../arm-none-eabi/lib/armv7-m\libg_nano.a(lib_a-impure.o)
 .rodata.str1.1
                0x000090b0       0x10 c:/program files (x86)/cypress/psoc creator/4.2/psoc creator/import/gnu/arm/5.4.1/bin/../lib/gcc/arm-none-eabi/5.4.1/../../../../arm-none-eabi/lib/armv7-m\libg_nano.a(lib_a-nano-vfprintf_float.o)
                                 0x12 (size before relaxing)
 .rodata.str1.1
                0x000090c0       0x22 c:/program files (x86)/cypress/psoc creator/4.2/psoc creator/import/gnu/arm/5.4.1/bin/../lib/gcc/arm-none-eabi/5.4.1/../../../../arm-none-eabi/lib/armv7-m\libg_nano.a(lib_a-nano-vfprintf_i.o)
 *fill*         0x000090e2        0x2 
 .rodata.fpinan.5401
                0x000090e4       0x14 c:/program files (x86)/cypress/psoc creator/4.2/psoc creator/import/gnu/arm/5.4.1/bin/../lib/gcc/arm-none-eabi/5.4.1/../../../../arm-none-eabi/lib/armv7-m\libg_nano.a(lib_a-strtod.o)
 .rodata.str1.1
                0x000090f8       0x22 c:/program files (x86)/cypress/psoc creator/4.2/psoc creator/import/gnu/arm/5.4.1/bin/../lib/gcc/arm-none-eabi/5.4.1/../../../../arm-none-eabi/lib/armv7-m\libg_nano.a(lib_a-strtod.o)
                                  0xc (size before relaxing)
 .rodata.fpi.5365
                0x000090f8       0x14 c:/program files (x86)/cypress/psoc creator/4.2/psoc creator/import/gnu/arm/5.4.1/bin/../lib/gcc/arm-none-eabi/5.4.1/../../../../arm-none-eabi/lib/armv7-m\libg_nano.a(lib_a-strtod.o)
 *fill*         0x0000910c        0x4 
 .rodata.tinytens
                0x00009110       0x28 c:/program files (x86)/cypress/psoc creator/4.2/psoc creator/import/gnu/arm/5.4.1/bin/../lib/gcc/arm-none-eabi/5.4.1/../../../../arm-none-eabi/lib/armv7-m\libg_nano.a(lib_a-strtod.o)
 .rodata.str1.1
                0x00009138        0xd c:/program files (x86)/cypress/psoc creator/4.2/psoc creator/import/gnu/arm/5.4.1/bin/../lib/gcc/arm-none-eabi/5.4.1/../../../../arm-none-eabi/lib/armv7-m\libg_nano.a(lib_a-dtoa.o)
                                  0xf (size before relaxing)
 *fill*         0x00009145        0x3 
 .rodata.__sf_fake_stdin
                0x00009148       0x20 c:/program files (x86)/cypress/psoc creator/4.2/psoc creator/import/gnu/arm/5.4.1/bin/../lib/gcc/arm-none-eabi/5.4.1/../../../../arm-none-eabi/lib/armv7-m\libg_nano.a(lib_a-findfp.o)
                0x00009148                __sf_fake_stdin
 .rodata.__sf_fake_stdout
                0x00009168       0x20 c:/program files (x86)/cypress/psoc creator/4.2/psoc creator/import/gnu/arm/5.4.1/bin/../lib/gcc/arm-none-eabi/5.4.1/../../../../arm-none-eabi/lib/armv7-m\libg_nano.a(lib_a-findfp.o)
                0x00009168                __sf_fake_stdout
 .rodata.__sf_fake_stderr
                0x00009188       0x20 c:/program files (x86)/cypress/psoc creator/4.2/psoc creator/import/gnu/arm/5.4.1/bin/../lib/gcc/arm-none-eabi/5.4.1/../../../../arm-none-eabi/lib/armv7-m\libg_nano.a(lib_a-findfp.o)
                0x00009188                __sf_fake_stderr
 .rodata.str1.1
                0x000091a8        0x8 c:/program files (x86)/cypress/psoc creator/4.2/psoc creator/import/gnu/arm/5.4.1/bin/../lib/gcc/arm-none-eabi/5.4.1/../../../../arm-none-eabi/lib/armv7-m\libg_nano.a(lib_a-locale.o)
                                  0xb (size before relaxing)
 .rodata.__mprec_tens
                0x000091b0       0xc8 c:/program files (x86)/cypress/psoc creator/4.2/psoc creator/import/gnu/arm/5.4.1/bin/../lib/gcc/arm-none-eabi/5.4.1/../../../../arm-none-eabi/lib/armv7-m\libg_nano.a(lib_a-mprec.o)
                0x000091b0                __mprec_tens
 .rodata.p05.5408
                0x00009278        0xc c:/program files (x86)/cypress/psoc creator/4.2/psoc creator/import/gnu/arm/5.4.1/bin/../lib/gcc/arm-none-eabi/5.4.1/../../../../arm-none-eabi/lib/armv7-m\libg_nano.a(lib_a-mprec.o)
 *fill*         0x00009284        0x4 
 .rodata.__mprec_bigtens
                0x00009288       0x28 c:/program files (x86)/cypress/psoc creator/4.2/psoc creator/import/gnu/arm/5.4.1/bin/../lib/gcc/arm-none-eabi/5.4.1/../../../../arm-none-eabi/lib/armv7-m\libg_nano.a(lib_a-mprec.o)
                0x00009288                __mprec_bigtens
 .rodata.str1.1
                0x000092b0       0x11 c:/program files (x86)/cypress/psoc creator/4.2/psoc creator/import/gnu/arm/5.4.1/bin/../lib/gcc/arm-none-eabi/5.4.1/../../../../arm-none-eabi/lib/armv7-m\libg_nano.a(lib_a-nano-svfprintf.o)
 .rodata.str1.1
                0x000092c1        0x4 c:/program files (x86)/cypress/psoc creator/4.2/psoc creator/import/gnu/arm/5.4.1/bin/../lib/gcc/arm-none-eabi/5.4.1/../../../../arm-none-eabi/lib/armv7-m\libg_nano.a(lib_a-nano-svfscanf.o)
 *fill*         0x000092c1        0x3 
 .rodata        0x000092c4        0xc c:/program files (x86)/cypress/psoc creator/4.2/psoc creator/import/gnu/arm/5.4.1/bin/../lib/gcc/arm-none-eabi/5.4.1/../../../../arm-none-eabi/lib/armv7-m\libg_nano.a(lib_a-nano-vfscanf_i.o)
 .rodata.str1.1
                0x000092d0       0x1b c:/program files (x86)/cypress/psoc creator/4.2/psoc creator/import/gnu/arm/5.4.1/bin/../lib/gcc/arm-none-eabi/5.4.1/../../../../arm-none-eabi/lib/armv7-m\libg_nano.a(lib_a-nano-vfscanf_i.o)
 .rodata._ctype_
                0x000092eb      0x101 c:/program files (x86)/cypress/psoc creator/4.2/psoc creator/import/gnu/arm/5.4.1/bin/../lib/gcc/arm-none-eabi/5.4.1/../../../../arm-none-eabi/lib/armv7-m\libg_nano.a(lib_a-ctype_.o)
                0x000092eb                _ctype_
                0x000093ec                . = ALIGN (0x4)
 *(.init)
 .init          0x000093ec        0x4 c:/program files (x86)/cypress/psoc creator/4.2/psoc creator/import/gnu/arm/5.4.1/bin/../lib/gcc/arm-none-eabi/5.4.1/armv7-m/crti.o
                0x000093ec                _init
 .init          0x000093f0        0x8 c:/program files (x86)/cypress/psoc creator/4.2/psoc creator/import/gnu/arm/5.4.1/bin/../lib/gcc/arm-none-eabi/5.4.1/armv7-m/crtn.o
                0x000093f8                . = ALIGN (0x4)
                0x000093f8                __preinit_array_start = .
 *(.preinit_array)
                0x000093f8                __preinit_array_end = .
                0x000093f8                . = ALIGN (0x4)
                0x000093f8                __init_array_start = .
 *(SORT(.init_array.*))
 *(.init_array)
 .init_array    0x000093f8        0x4 c:/program files (x86)/cypress/psoc creator/4.2/psoc creator/import/gnu/arm/5.4.1/bin/../lib/gcc/arm-none-eabi/5.4.1/armv7-m/crtbegin.o
 .init_array    0x000093fc        0x4 .\CortexM3\ARM_GCC_541\Debug\Cm3Start.o
                0x00009400                __init_array_end = .
                0x00009400                . = ALIGN (0x4)
 *(.fini)
 .fini          0x00009400        0x4 c:/program files (x86)/cypress/psoc creator/4.2/psoc creator/import/gnu/arm/5.4.1/bin/../lib/gcc/arm-none-eabi/5.4.1/armv7-m/crti.o
                0x00009400                _fini
 .fini          0x00009404        0x8 c:/program files (x86)/cypress/psoc creator/4.2/psoc creator/import/gnu/arm/5.4.1/bin/../lib/gcc/arm-none-eabi/5.4.1/armv7-m/crtn.o
                0x0000940c                . = ALIGN (0x4)
                0x0000940c                __fini_array_start = .
 *(.fini_array)
 .fini_array    0x0000940c        0x4 c:/program files (x86)/cypress/psoc creator/4.2/psoc creator/import/gnu/arm/5.4.1/bin/../lib/gcc/arm-none-eabi/5.4.1/armv7-m/crtbegin.o
 *(SORT(.fini_array.*))
                0x00009410                __fini_array_end = .
                0x00009410                . = ALIGN (0x4)
 *crtbegin.o(.ctors)
 *(EXCLUDE_FILE(*crtend.o) .ctors)
 *(SORT(.ctors.*))
 *crtend.o(.ctors)
                0x00009410                . = ALIGN (0x4)
 *crtbegin.o(.dtors)
 *(EXCLUDE_FILE(*crtend.o) .dtors)
 *(SORT(.dtors.*))
 *crtend.o(.dtors)
                0x00009410                . = ALIGN (0x4)
                0x00009410                __cy_regions = .
                0x00009410        0x4 LONG 0x9420 __cy_region_init_ram
                0x00009414        0x4 LONG 0x1fff80c8 __cy_region_start_data
                0x00009418        0x4 LONG 0xd0 __cy_region_init_size_ram
                0x0000941c        0x4 LONG 0x2c0 __cy_region_zero_size_ram
                0x00009420                __cy_regions_end = .
                0x00009420                . = ALIGN (0x8)
                0x00009420                _etext = .

.cy_checksum_exclude
                0x00009420        0x0
 *(.cy_checksum_exclude)

.ramvectors     0x1fff8000       0xc0
                0x1fff8000                __cy_region_start_ram = .
 *(.ramvectors)
 .ramvectors    0x1fff8000       0xc0 .\CortexM3\ARM_GCC_541\Debug\Cm3Start.o
                0x1fff8000                CyRamVectors

.noinit         0x1fff80c0        0x1
 *(.noinit)
 .noinit        0x1fff80c0        0x1 .\CortexM3\ARM_GCC_541\Debug\3HC_Firmware_0_1.a(CyLib.o)
                0x1fff80c0                CyResetStatus

.data           0x1fff80c8       0xd0 load address 0x00009420
                0x1fff80c8                __cy_region_start_data = .
 *(.jcr)
 .jcr           0x1fff80c8        0x0 c:/program files (x86)/cypress/psoc creator/4.2/psoc creator/import/gnu/arm/5.4.1/bin/../lib/gcc/arm-none-eabi/5.4.1/armv7-m/crtbegin.o
 .jcr           0x1fff80c8        0x4 c:/program files (x86)/cypress/psoc creator/4.2/psoc creator/import/gnu/arm/5.4.1/bin/../lib/gcc/arm-none-eabi/5.4.1/armv7-m/crtend.o
 *(.got.plt)
 *(.got)
 *(.shdata)
 *(.data .data.* .gnu.linkonce.d.*)
 .data          0x1fff80cc        0x1 .\CortexM3\ARM_GCC_541\Debug\main.o
                0x1fff80cc                update
 *fill*         0x1fff80cd        0x3 
 .data          0x1fff80d0        0x4 .\CortexM3\ARM_GCC_541\Debug\Cm3Start.o
 .data          0x1fff80d4        0x8 .\CortexM3\ARM_GCC_541\Debug\3HC_Firmware_0_1.a(CyDmac.o)
 .data          0x1fff80dc       0x10 .\CortexM3\ARM_GCC_541\Debug\3HC_Firmware_0_1.a(CyLib.o)
                0x1fff80dc                cydelay_32k_ms
                0x1fff80e0                cydelay_freq_khz
                0x1fff80e4                cydelay_freq_mhz
                0x1fff80e8                cydelay_freq_hz
 .data          0x1fff80ec        0x1 .\CortexM3\ARM_GCC_541\Debug\3HC_Firmware_0_1.a(ADC.o)
                0x1fff80ec                ADC_Config
 .data          0x1fff80ed        0x1 .\CortexM3\ARM_GCC_541\Debug\3HC_Firmware_0_1.a(ADC_AMux.o)
 .data          0x1fff80ee        0x1 .\CortexM3\ARM_GCC_541\Debug\3HC_Firmware_0_1.a(USBFS_ep2_dma.o)
                0x1fff80ee                USBFS_ep2_DmaHandle
 .data          0x1fff80ef        0x1 .\CortexM3\ARM_GCC_541\Debug\3HC_Firmware_0_1.a(USBFS_ep1_dma.o)
                0x1fff80ef                USBFS_ep1_DmaHandle
 .data          0x1fff80f0        0x1 .\CortexM3\ARM_GCC_541\Debug\3HC_Firmware_0_1.a(AMux.o)
 *fill*         0x1fff80f1        0x3 
 .data.impure_data
                0x1fff80f4       0x60 c:/program files (x86)/cypress/psoc creator/4.2/psoc creator/import/gnu/arm/5.4.1/bin/../lib/gcc/arm-none-eabi/5.4.1/../../../../arm-none-eabi/lib/armv7-m\libg_nano.a(lib_a-impure.o)
 .data._impure_ptr
                0x1fff8154        0x4 c:/program files (x86)/cypress/psoc creator/4.2/psoc creator/import/gnu/arm/5.4.1/bin/../lib/gcc/arm-none-eabi/5.4.1/../../../../arm-none-eabi/lib/armv7-m\libg_nano.a(lib_a-impure.o)
                0x1fff8154                _impure_ptr
 .data.lconv    0x1fff8158       0x38 c:/program files (x86)/cypress/psoc creator/4.2/psoc creator/import/gnu/arm/5.4.1/bin/../lib/gcc/arm-none-eabi/5.4.1/../../../../arm-none-eabi/lib/armv7-m\libg_nano.a(lib_a-locale.o)
 .data.__ctype_ptr__
                0x1fff8190        0x4 c:/program files (x86)/cypress/psoc creator/4.2/psoc creator/import/gnu/arm/5.4.1/bin/../lib/gcc/arm-none-eabi/5.4.1/../../../../arm-none-eabi/lib/armv7-m\libg_nano.a(lib_a-ctype_.o)
                0x1fff8190                __ctype_ptr__
                0x1fff8198                . = ALIGN (0x8)
 *fill*         0x1fff8194        0x4 
 *(.ram)
                0x1fff8198                _edata = .

.igot.plt       0x1fff8198        0x0 load address 0x000094f0
 .igot.plt      0x1fff8198        0x0 c:/program files (x86)/cypress/psoc creator/4.2/psoc creator/import/gnu/arm/5.4.1/bin/../lib/gcc/arm-none-eabi/5.4.1/armv7-m/crtbegin.o

.bss            0x1fff8198      0x2c0 load address 0x000094f0
                0x1fff8198                PROVIDE (__bss_start__, .)
 *(.shbss)
 *(.bss .bss.* .gnu.linkonce.b.*)
 .bss           0x1fff8198       0x1c c:/program files (x86)/cypress/psoc creator/4.2/psoc creator/import/gnu/arm/5.4.1/bin/../lib/gcc/arm-none-eabi/5.4.1/armv7-m/crtbegin.o
 .bss           0x1fff81b4       0x4b .\CortexM3\ARM_GCC_541\Debug\main.o
                0x1fff81b4                fieldSet
                0x1fff81c0                currReadState
                0x1fff81c4                currCoilRaw
                0x1fff81d0                currOffsetVector
                0x1fff81dc                currCoil
                0x1fff81e8                magField
                0x1fff81f4                sysPower
                0x1fff81f8                retVal
                0x1fff81fc                sys_state
                0x1fff81fd                ui_state
                0x1fff81fe                i
 .bss           0x1fff81ff        0x2 .\CortexM3\ARM_GCC_541\Debug\3HC_Firmware_0_1.a(LCD.o)
                0x1fff81ff                LCD_enableState
                0x1fff8200                LCD_initVar
 .bss           0x1fff8201        0x1 .\CortexM3\ARM_GCC_541\Debug\3HC_Firmware_0_1.a(QuadDec.o)
                0x1fff8201                QuadDec_initVar
 *fill*         0x1fff8202        0x2 
 .bss           0x1fff8204        0x4 .\CortexM3\ARM_GCC_541\Debug\3HC_Firmware_0_1.a(QuadDec_INT.o)
                0x1fff8204                QuadDec_count32SoftPart
 .bss           0x1fff8208        0x1 .\CortexM3\ARM_GCC_541\Debug\3HC_Firmware_0_1.a(QuadDec_Cnt16.o)
                0x1fff8208                QuadDec_Cnt16_initVar
 .bss           0x1fff8209        0x1 .\CortexM3\ARM_GCC_541\Debug\3HC_Firmware_0_1.a(UpdateTimer_UI.o)
                0x1fff8209                UpdateTimer_UI_initVar
 .bss           0x1fff820a        0x1 .\CortexM3\ARM_GCC_541\Debug\3HC_Firmware_0_1.a(X_PWM.o)
                0x1fff820a                X_PWM_initVar
 .bss           0x1fff820b        0x1 .\CortexM3\ARM_GCC_541\Debug\3HC_Firmware_0_1.a(Y_PWM.o)
                0x1fff820b                Y_PWM_initVar
 .bss           0x1fff820c        0x1 .\CortexM3\ARM_GCC_541\Debug\3HC_Firmware_0_1.a(Z_PWM.o)
                0x1fff820c                Z_PWM_initVar
 .bss           0x1fff820d        0x1 .\CortexM3\ARM_GCC_541\Debug\3HC_Firmware_0_1.a(I2C_Module.o)
                0x1fff820d                I2C_Module_initVar
 *fill*         0x1fff820e        0x2 
 .bss           0x1fff8210        0xc .\CortexM3\ARM_GCC_541\Debug\3HC_Firmware_0_1.a(ADC.o)
                0x1fff8214                ADC_stopConversion
                0x1fff8215                ADC_convDone
                0x1fff8216                ADC_initVar
                0x1fff8217                ADC_started
                0x1fff8218                ADC_Offset
 .bss           0x1fff821c        0x1 .\CortexM3\ARM_GCC_541\Debug\3HC_Firmware_0_1.a(USBFS.o)
                0x1fff821c                USBFS_initVar
 *fill*         0x1fff821d        0x3 
 .bss           0x1fff8220        0x2 .\CortexM3\ARM_GCC_541\Debug\3HC_Firmware_0_1.a(USBFS_std.o)
 .bss           0x1fff8222        0x1 .\CortexM3\ARM_GCC_541\Debug\3HC_Firmware_0_1.a(PID_Timer.o)
                0x1fff8222                PID_Timer_initVar
 *fill*         0x1fff8223        0x1 
 .bss.__malloc_sbrk_start
                0x1fff8224        0x4 c:/program files (x86)/cypress/psoc creator/4.2/psoc creator/import/gnu/arm/5.4.1/bin/../lib/gcc/arm-none-eabi/5.4.1/../../../../arm-none-eabi/lib/armv7-m\libg_nano.a(lib_a-nano-mallocr.o)
                0x1fff8224                __malloc_sbrk_start
 .bss.__malloc_free_list
                0x1fff8228        0x4 c:/program files (x86)/cypress/psoc creator/4.2/psoc creator/import/gnu/arm/5.4.1/bin/../lib/gcc/arm-none-eabi/5.4.1/../../../../arm-none-eabi/lib/armv7-m\libg_nano.a(lib_a-nano-mallocr.o)
                0x1fff8228                __malloc_free_list
 *(COMMON)
 COMMON         0x1fff822c      0x134 .\CortexM3\ARM_GCC_541\Debug\main.o
                0x1fff822c                LCD_MSG
                0x1fff824c                length
                0x1fff8250                id
                0x1fff8258                axisController
                0x1fff8264                count
                0x1fff8268                USB_Buff_IN
                0x1fff82a8                payload
                0x1fff82dd                buttonClicked
                0x1fff82e0                USB_Buff_OUT
                0x1fff8320                strbuf
 COMMON         0x1fff8360        0x1 .\CortexM3\ARM_GCC_541\Debug\3HC_Firmware_0_1.a(I2C_Module.o)
                0x1fff8360                I2C_Module_state
 *fill*         0x1fff8361        0x3 
 COMMON         0x1fff8364       0x13 .\CortexM3\ARM_GCC_541\Debug\3HC_Firmware_0_1.a(I2C_Module_MASTER.o)
                0x1fff8364                I2C_Module_mstrWrBufIndex
                0x1fff8365                I2C_Module_mstrStatus
                0x1fff8368                I2C_Module_mstrRdBufPtr
                0x1fff836c                I2C_Module_mstrRdBufSize
                0x1fff8370                I2C_Module_mstrWrBufPtr
                0x1fff8374                I2C_Module_mstrControl
                0x1fff8375                I2C_Module_mstrRdBufIndex
                0x1fff8376                I2C_Module_mstrWrBufSize
 *fill*         0x1fff8377        0x1 
 COMMON         0x1fff8378        0x4 .\CortexM3\ARM_GCC_541\Debug\3HC_Firmware_0_1.a(ADC.o)
                0x1fff8378                ADC_CountsPerVolt
 COMMON         0x1fff837c       0x15 .\CortexM3\ARM_GCC_541\Debug\3HC_Firmware_0_1.a(USBFS.o)
                0x1fff837c                USBFS_DmaChan
                0x1fff8388                USBFS_DmaTd
 *fill*         0x1fff8391        0x3 
 COMMON         0x1fff8394       0x98 .\CortexM3\ARM_GCC_541\Debug\3HC_Firmware_0_1.a(USBFS_drv.o)
                0x1fff8394                USBFS_deviceAddress
                0x1fff8395                USBFS_ep0Mode
                0x1fff8398                USBFS_interfaceSetting
                0x1fff839c                USBFS_currentTD
                0x1fff83a8                USBFS_device
                0x1fff83a9                USBFS_interfaceNumber
                0x1fff83aa                USBFS_ep0Toggle
                0x1fff83ab                USBFS_deviceStatus
                0x1fff83ac                USBFS_configurationChanged
                0x1fff83ad                USBFS_configuration
                0x1fff83ae                USBFS_transferState
                0x1fff83b0                USBFS_interfaceStatus
                0x1fff83b4                USBFS_interfaceClass
                0x1fff83b8                USBFS_EP
                0x1fff8424                USBFS_lastPacketSize