Archive member included to satisfy reference by file (symbol)

.\CortexM3\ARM_GCC_541\Debug\3HC_Firmware_0_1.a(LCD.o)
                              .\CortexM3\ARM_GCC_541\Debug\main.o (LCD_PrintString)
.\CortexM3\ARM_GCC_541\Debug\3HC_Firmware_0_1.a(QuadDec.o)
                              .\CortexM3\ARM_GCC_541\Debug\main.o (QuadDec_GetCounter)
.\CortexM3\ARM_GCC_541\Debug\3HC_Firmware_0_1.a(QuadDec_INT.o)
                              .\CortexM3\ARM_GCC_541\Debug\3HC_Firmware_0_1.a(QuadDec.o) (QuadDec_ISR)
.\CortexM3\ARM_GCC_541\Debug\3HC_Firmware_0_1.a(QuadDec_Cnt16.o)
                              .\CortexM3\ARM_GCC_541\Debug\3HC_Firmware_0_1.a(QuadDec.o) (QuadDec_Cnt16_Stop)
.\CortexM3\ARM_GCC_541\Debug\3HC_Firmware_0_1.a(CyLib.o)
                              .\CortexM3\ARM_GCC_541\Debug\Cm3Start.o (CyHalt)
.\CortexM3\ARM_GCC_541\Debug\3HC_Firmware_0_1.a(cyPm.o)
                              .\CortexM3\ARM_GCC_541\Debug\3HC_Firmware_0_1.a(CyLib.o) (CyPmReadStatus)
.\CortexM3\ARM_GCC_541\Debug\3HC_Firmware_0_1.a(UPDATE_UI.o)
                              .\CortexM3\ARM_GCC_541\Debug\main.o (UPDATE_UI_SetPriority)
.\CortexM3\ARM_GCC_541\Debug\3HC_Firmware_0_1.a(UpdateTimer_UI.o)
                              .\CortexM3\ARM_GCC_541\Debug\main.o (UpdateTimer_UI_Start)
.\CortexM3\ARM_GCC_541\Debug\3HC_Firmware_0_1.a(X_PWM.o)
                              .\CortexM3\ARM_GCC_541\Debug\main.o (X_PWM_WriteCompare)
.\CortexM3\ARM_GCC_541\Debug\3HC_Firmware_0_1.a(I2C_Module.o)
                              .\CortexM3\ARM_GCC_541\Debug\I2C.o (I2C_Module_Start)
.\CortexM3\ARM_GCC_541\Debug\3HC_Firmware_0_1.a(I2C_Module_INT.o)
                              .\CortexM3\ARM_GCC_541\Debug\3HC_Firmware_0_1.a(I2C_Module.o) (I2C_Module_ISR)
.\CortexM3\ARM_GCC_541\Debug\3HC_Firmware_0_1.a(I2C_Module_PM.o)
                              .\CortexM3\ARM_GCC_541\Debug\3HC_Firmware_0_1.a(I2C_Module.o) (I2C_Module_backup)
.\CortexM3\ARM_GCC_541\Debug\3HC_Firmware_0_1.a(I2C_Module_MASTER.o)
                              .\CortexM3\ARM_GCC_541\Debug\3HC_Firmware_0_1.a(I2C_Module.o) (I2C_Module_mstrStatus)
.\CortexM3\ARM_GCC_541\Debug\3HC_Firmware_0_1.a(USBUART.o)
                              .\CortexM3\ARM_GCC_541\Debug\main.o (USBUART_Start)
.\CortexM3\ARM_GCC_541\Debug\3HC_Firmware_0_1.a(USBUART_drv.o)
                              .\CortexM3\ARM_GCC_541\Debug\3HC_Firmware_0_1.a(USBUART.o) (USBUART_lastPacketSize)
.\CortexM3\ARM_GCC_541\Debug\3HC_Firmware_0_1.a(USBUART_episr.o)
                              .\CortexM3\ARM_GCC_541\Debug\3HC_Firmware_0_1.a(USBUART.o) (USBUART_EP_1_ISR)
.\CortexM3\ARM_GCC_541\Debug\3HC_Firmware_0_1.a(USBUART_pm.o)
                              .\CortexM3\ARM_GCC_541\Debug\3HC_Firmware_0_1.a(USBUART.o) (USBUART_DP_ISR)
.\CortexM3\ARM_GCC_541\Debug\3HC_Firmware_0_1.a(USBUART_std.o)
                              .\CortexM3\ARM_GCC_541\Debug\3HC_Firmware_0_1.a(USBUART_pm.o) (USBUART_ConfigReg)
.\CortexM3\ARM_GCC_541\Debug\3HC_Firmware_0_1.a(USBUART_vnd.o)
                              .\CortexM3\ARM_GCC_541\Debug\3HC_Firmware_0_1.a(USBUART_drv.o) (USBUART_HandleVendorRqst)
.\CortexM3\ARM_GCC_541\Debug\3HC_Firmware_0_1.a(USBUART_Dp.o)
                              .\CortexM3\ARM_GCC_541\Debug\3HC_Firmware_0_1.a(USBUART.o) (USBUART_Dp_ClearInterrupt)
.\CortexM3\ARM_GCC_541\Debug\3HC_Firmware_0_1.a(ADC.o)
                              .\CortexM3\ARM_GCC_541\Debug\main.o (ADC_Start)
.\CortexM3\ARM_GCC_541\Debug\3HC_Firmware_0_1.a(ADC_INT.o)
                              .\CortexM3\ARM_GCC_541\Debug\3HC_Firmware_0_1.a(ADC.o) (ADC_ISR1)
.\CortexM3\ARM_GCC_541\Debug\3HC_Firmware_0_1.a(ADC_AMux.o)
                              .\CortexM3\ARM_GCC_541\Debug\3HC_Firmware_0_1.a(ADC.o) (ADC_AMux_Select)
.\CortexM3\ARM_GCC_541\Debug\3HC_Firmware_0_1.a(ADC_Ext_CP_Clk.o)
                              .\CortexM3\ARM_GCC_541\Debug\3HC_Firmware_0_1.a(ADC.o) (ADC_Ext_CP_Clk_SetModeRegister)
.\CortexM3\ARM_GCC_541\Debug\3HC_Firmware_0_1.a(ADC_theACLK.o)
                              .\CortexM3\ARM_GCC_541\Debug\3HC_Firmware_0_1.a(ADC.o) (ADC_theACLK_SetModeRegister)
.\CortexM3\ARM_GCC_541\Debug\3HC_Firmware_0_1.a(CyBootAsmGnu.o)
                              .\CortexM3\ARM_GCC_541\Debug\cyfitter_cfg.o (CyDelayCycles)
.\CortexM3\ARM_GCC_541\Debug\3HC_Firmware_0_1.a(CyFlash.o)
                              .\CortexM3\ARM_GCC_541\Debug\3HC_Firmware_0_1.a(cyPm.o) (CyFlash_SetWaitCycles)
.\CortexM3\ARM_GCC_541\Debug\3HC_Firmware_0_1.a(CySpc.o)
                              .\CortexM3\ARM_GCC_541\Debug\3HC_Firmware_0_1.a(CyFlash.o) (CySpcStart)
.\CortexM3\ARM_GCC_541\Debug\3HC_Firmware_0_1.a(USBUART_cdc.o)
                              .\CortexM3\ARM_GCC_541\Debug\3HC_Firmware_0_1.a(USBUART_std.o) (USBUART_Cdc_EpInit)
.\CortexM3\ARM_GCC_541\Debug\3HC_Firmware_0_1.a(USBUART_cls.o)
                              .\CortexM3\ARM_GCC_541\Debug\3HC_Firmware_0_1.a(USBUART_drv.o) (USBUART_DispatchClassRqst)
[...]
Memory Configuration

Name             Origin             Length             Attributes
rom              0x00000000         0x00040000         xr
ram              0x1fff8000         0x00010000         xrw
*default*        0x00000000         0xffffffff

Linker script and memory map

LOAD c:/program files (x86)/cypress/psoc creator/4.2/psoc creator/import/gnu/arm/5.4.1/bin/../lib/gcc/arm-none-eabi/5.4.1/armv7-m/crti.o
LOAD c:/program files (x86)/cypress/psoc creator/4.2/psoc creator/import/gnu/arm/5.4.1/bin/../lib/gcc/arm-none-eabi/5.4.1/armv7-m/crtbegin.o
LOAD c:/program files (x86)/cypress/psoc creator/4.2/psoc creator/import/gnu/arm/5.4.1/bin/../lib/gcc/arm-none-eabi/5.4.1/../../../../arm-none-eabi/lib/armv7-m/crt0.o
START GROUP
LOAD .\CortexM3\ARM_GCC_541\Debug\main.o
LOAD .\CortexM3\ARM_GCC_541\Debug\I2C.o
LOAD .\CortexM3\ARM_GCC_541\Debug\MPU9250.o
LOAD .\CortexM3\ARM_GCC_541\Debug\cyfitter_cfg.o
LOAD .\CortexM3\ARM_GCC_541\Debug\cymetadata.o
LOAD .\CortexM3\ARM_GCC_541\Debug\Cm3Start.o
LOAD .\CortexM3\ARM_GCC_541\Debug\3HC_Firmware_0_1.a
LOAD C:\Program Files (x86)\Cypress\PSoC Creator\4.2\PSoC Creator\psoc\content\cycomponentlibrary\CyComponentLibrary.cylib\CortexM3\ARM_GCC_541\Debug\CyComponentLibrary.a
END GROUP
START GROUP
LOAD c:/program files (x86)/cypress/psoc creator/4.2/psoc creator/import/gnu/arm/5.4.1/bin/../lib/gcc/arm-none-eabi/5.4.1/armv7-m\libgcc.a
LOAD c:/program files (x86)/cypress/psoc creator/4.2/psoc creator/import/gnu/arm/5.4.1/bin/../lib/gcc/arm-none-eabi/5.4.1/../../../../arm-none-eabi/lib/armv7-m\libg.a
LOAD c:/program files (x86)/cypress/psoc creator/4.2/psoc creator/import/gnu/arm/5.4.1/bin/../lib/gcc/arm-none-eabi/5.4.1/../../../../arm-none-eabi/lib/armv7-m\libc.a
END GROUP
LOAD c:/program files (x86)/cypress/psoc creator/4.2/psoc creator/import/gnu/arm/5.4.1/bin/../lib/gcc/arm-none-eabi/5.4.1/armv7-m/crtend.o
LOAD c:/program files (x86)/cypress/psoc creator/4.2/psoc creator/import/gnu/arm/5.4.1/bin/../lib/gcc/arm-none-eabi/5.4.1/armv7-m/crtn.o
START GROUP
LOAD c:/program files (x86)/cypress/psoc creator/4.2/psoc creator/import/gnu/arm/5.4.1/bin/../lib/gcc/arm-none-eabi/5.4.1/armv7-m\libgcc.a
LOAD c:/program files (x86)/cypress/psoc creator/4.2/psoc creator/import/gnu/arm/5.4.1/bin/../lib/gcc/arm-none-eabi/5.4.1/../../../../arm-none-eabi/lib/armv7-m\libc.a
LOAD c:/program files (x86)/cypress/psoc creator/4.2/psoc creator/import/gnu/arm/5.4.1/bin/../lib/gcc/arm-none-eabi/5.4.1/../../../../arm-none-eabi/lib/armv7-m\libnosys.a
END GROUP
                0x00000000                CY_APPL_ORIGIN = 0x0
                0x00000100                CY_FLASH_ROW_SIZE = 0x100
                0x00000020                CY_ECC_ROW_SIZE = 0x20
                0x00000000                CY_EE_IN_BTLDR = 0x0
                0x00000000                CY_APPL_LOADABLE = 0x0
                0x00000800                CY_EE_SIZE = 0x800
                0x00000001                CY_APPL_NUM = 0x1
                0x00000001                CY_APPL_MAX = 0x1
                0x00000040                CY_METADATA_SIZE = 0x40
                0x00000000                CY_APPL_LOADABLE = 0x0
                0x00000000                CY_CHECKSUM_EXCLUDE_SIZE = ALIGN (0x0, CY_FLASH_ROW_SIZE)
                [!provide]                PROVIDE (__cy_heap_start, _end)
                0x00000001                PROVIDE (__cy_region_num, ((__cy_regions_end - __cy_regions) / 0x10))
                0x20008000                PROVIDE (__cy_stack, (ORIGIN (ram) + LENGTH (ram)))
                [!provide]                PROVIDE (__cy_heap_end, (__cy_stack - 0x800))

.cybootloader   0x00000000        0x0
 *(.cybootloader)
                0x00000000                appl1_start = CY_APPL_ORIGIN?CY_APPL_ORIGIN:ALIGN (CY_FLASH_ROW_SIZE)
                0x0001ff00                appl2_start = (appl1_start + ALIGN ((((LENGTH (rom) - appl1_start) - (0x2 * CY_FLASH_ROW_SIZE)) / 0x2), CY_FLASH_ROW_SIZE))
                0x00000000                appl_start = (CY_APPL_NUM == 0x1)?appl1_start:appl2_start
                0x00000000                ecc_offset = ((appl_start / CY_FLASH_ROW_SIZE) * CY_ECC_ROW_SIZE)
                0x00000000                ee_offset = (CY_APPL_LOADABLE && ! (CY_EE_IN_BTLDR))?((CY_EE_SIZE / CY_APPL_MAX) * (CY_APPL_NUM - 0x1)):0x0
                0x00000800                ee_size = (CY_APPL_LOADABLE && ! (CY_EE_IN_BTLDR))?(CY_EE_SIZE / CY_APPL_MAX):CY_EE_SIZE
                [!provide]                PROVIDE (CY_ECC_OFFSET, ecc_offset)

.text           0x00000000     0x7650
 CREATE_OBJECT_SYMBOLS
                0x00000000                PROVIDE (__cy_interrupt_vector, RomVectors)
 *(.romvectors)
 .romvectors    0x00000000       0x10 .\CortexM3\ARM_GCC_541\Debug\Cm3Start.o
                0x00000000                RomVectors
                0x00000001                ASSERT ((. != __cy_interrupt_vector), No interrupt vector)
                0x00000001                ASSERT (CY_APPL_ORIGIN?(SIZEOF (.cybootloader) <= CY_APPL_ORIGIN):0x1, Wrong image location)
                0x00000010                PROVIDE (__cy_reset, Reset)
 *(.text.Reset)
 .text.Reset    0x00000010       0x18 .\CortexM3\ARM_GCC_541\Debug\Cm3Start.o
                0x00000010                Reset
                0x00000001                ASSERT ((. != __cy_reset), No reset code)
 *(.dma_init)
                0x00000001                ASSERT ((((appl_start + .) <= 0x10000) || 0x1), DMA Init must be within the first 64k of flash)
 *(.text .text.* .gnu.linkonce.t.*)
 .text          0x00000028       0x5c c:/program files (x86)/cypress/psoc creator/4.2/psoc creator/import/gnu/arm/5.4.1/bin/../lib/gcc/arm-none-eabi/5.4.1/armv7-m/crtbegin.o
 .text.UPDATE_UI
                0x00000084        0xc .\CortexM3\ARM_GCC_541\Debug\main.o
                0x00000084                UPDATE_UI
 .text.main     0x00000090       0xf8 .\CortexM3\ARM_GCC_541\Debug\main.o
                0x00000090                main
 .text.CyClockStartupError
                0x00000188        0x4 .\CortexM3\ARM_GCC_541\Debug\cyfitter_cfg.o
 .text.cfg_write_bytes32
                0x0000018c       0x34 .\CortexM3\ARM_GCC_541\Debug\cyfitter_cfg.o
 .text.AnalogSetDefault
                0x000001c0       0x3c .\CortexM3\ARM_GCC_541\Debug\cyfitter_cfg.o
 .text.CYMEMZERO
                0x000001fc        0xc .\CortexM3\ARM_GCC_541\Debug\cyfitter_cfg.o
 .text.CYCONFIGCPY
                0x00000208        0x8 .\CortexM3\ARM_GCC_541\Debug\cyfitter_cfg.o
 .text.ClockSetup
                0x00000210       0xf4 .\CortexM3\ARM_GCC_541\Debug\cyfitter_cfg.o
 .text.ADC_AMux_Set
                0x00000304       0x1c .\CortexM3\ARM_GCC_541\Debug\cyfitter_cfg.o
                0x00000304                ADC_AMux_Set
 .text.ADC_AMux_Unset
                0x00000320       0x1c .\CortexM3\ARM_GCC_541\Debug\cyfitter_cfg.o
                0x00000320                ADC_AMux_Unset
 .text.cyfitter_cfg
                0x0000033c      0x130 .\CortexM3\ARM_GCC_541\Debug\cyfitter_cfg.o
                0x0000033c                cyfitter_cfg
 .text.IntDefaultHandler
                0x0000046c       0x10 .\CortexM3\ARM_GCC_541\Debug\Cm3Start.o
                0x0000046c                IntDefaultHandler
 .text._sbrk    0x0000047c       0x30 .\CortexM3\ARM_GCC_541\Debug\Cm3Start.o
                0x0000047c                _sbrk
 .text.Start_c  0x000004ac       0x4c .\CortexM3\ARM_GCC_541\Debug\Cm3Start.o
                0x000004ac                Start_c
 .text.initialize_psoc
                0x000004f8       0x68 .\CortexM3\ARM_GCC_541\Debug\Cm3Start.o
                0x000004f8                initialize_psoc
 .text.LCD_WrCntrlNib
                0x00000560       0x34 .\CortexM3\ARM_GCC_541\Debug\3HC_Firmware_0_1.a(LCD.o)
 .text.LCD_WrDatNib
                0x00000594       0x44 .\CortexM3\ARM_GCC_541\Debug\3HC_Firmware_0_1.a(LCD.o)
 .text.LCD_IsReady
                0x000005d8       0xe4 .\CortexM3\ARM_GCC_541\Debug\3HC_Firmware_0_1.a(LCD.o)
                0x000005d8                LCD_IsReady
 .text.LCD_WriteData
                0x000006bc       0x18 .\CortexM3\ARM_GCC_541\Debug\3HC_Firmware_0_1.a(LCD.o)
                0x000006bc                LCD_WriteData
 .text.LCD_PrintString
                0x000006d4       0x1c .\CortexM3\ARM_GCC_541\Debug\3HC_Firmware_0_1.a(LCD.o)
                0x000006d4                LCD_PrintString
 .text.LCD_WriteControl
                0x000006f0       0x18 .\CortexM3\ARM_GCC_541\Debug\3HC_Firmware_0_1.a(LCD.o)
                0x000006f0                LCD_WriteControl
 .text.LCD_Init
                0x00000708       0x6c .\CortexM3\ARM_GCC_541\Debug\3HC_Firmware_0_1.a(LCD.o)
                0x00000708                LCD_Init
 .text.LCD_Enable
                0x00000774       0x14 .\CortexM3\ARM_GCC_541\Debug\3HC_Firmware_0_1.a(LCD.o)
                0x00000774                LCD_Enable
 .text.LCD_Start
                0x00000788       0x1c .\CortexM3\ARM_GCC_541\Debug\3HC_Firmware_0_1.a(LCD.o)
                0x00000788                LCD_Start
 .text.LCD_Position
                0x000007a4       0x3c .\CortexM3\ARM_GCC_541\Debug\3HC_Firmware_0_1.a(LCD.o)
                0x000007a4                LCD_Position
 .text.QuadDec_Init
                0x000007e0       0x24 .\CortexM3\ARM_GCC_541\Debug\3HC_Firmware_0_1.a(QuadDec.o)
                0x000007e0                QuadDec_Init
 .text.QuadDec_GetCounter
                0x00000804       0x2c .\CortexM3\ARM_GCC_541\Debug\3HC_Firmware_0_1.a(QuadDec.o)
                0x00000804                QuadDec_GetCounter
 .text.QuadDec_GetEvents
                0x00000830       0x10 .\CortexM3\ARM_GCC_541\Debug\3HC_Firmware_0_1.a(QuadDec.o)
                0x00000830                QuadDec_GetEvents
 .text.QuadDec_SetInterruptMask
                0x00000840       0x10 .\CortexM3\ARM_GCC_541\Debug\3HC_Firmware_0_1.a(QuadDec.o)
                0x00000840                QuadDec_SetInterruptMask
 .text.QuadDec_Enable
                0x00000850       0x30 .\CortexM3\ARM_GCC_541\Debug\3HC_Firmware_0_1.a(QuadDec.o)
                0x00000850                QuadDec_Enable
 .text.QuadDec_Start
                0x00000880       0x34 .\CortexM3\ARM_GCC_541\Debug\3HC_Firmware_0_1.a(QuadDec.o)
                0x00000880                QuadDec_Start
 .text.QuadDec_ISR
                0x000008b4       0x40 .\CortexM3\ARM_GCC_541\Debug\3HC_Firmware_0_1.a(QuadDec_INT.o)
                0x000008b4                QuadDec_ISR
 .text.QuadDec_Cnt16_Enable
                0x000008f4       0x10 .\CortexM3\ARM_GCC_541\Debug\3HC_Firmware_0_1.a(QuadDec_Cnt16.o)
                0x000008f4                QuadDec_Cnt16_Enable
 .text.QuadDec_Cnt16_SetInterruptMode
                0x00000904        0xc .\CortexM3\ARM_GCC_541\Debug\3HC_Firmware_0_1.a(QuadDec_Cnt16.o)
                0x00000904                QuadDec_Cnt16_SetInterruptMode
 .text.QuadDec_Cnt16_ReadStatusRegister
                0x00000910        0xc .\CortexM3\ARM_GCC_541\Debug\3HC_Firmware_0_1.a(QuadDec_Cnt16.o)
                0x00000910                QuadDec_Cnt16_ReadStatusRegister
 .text.QuadDec_Cnt16_WriteCounter
                0x0000091c        0xc .\CortexM3\ARM_GCC_541\Debug\3HC_Firmware_0_1.a(QuadDec_Cnt16.o)
                0x0000091c                QuadDec_Cnt16_WriteCounter
 .text.QuadDec_Cnt16_ReadCounter
                0x00000928       0x14 .\CortexM3\ARM_GCC_541\Debug\3HC_Firmware_0_1.a(QuadDec_Cnt16.o)
                0x00000928                QuadDec_Cnt16_ReadCounter
 .text.QuadDec_Cnt16_ReadCapture
                0x0000093c        0xc .\CortexM3\ARM_GCC_541\Debug\3HC_Firmware_0_1.a(QuadDec_Cnt16.o)
                0x0000093c                QuadDec_Cnt16_ReadCapture
 .text.QuadDec_Cnt16_WritePeriod
                0x00000948        0xc .\CortexM3\ARM_GCC_541\Debug\3HC_Firmware_0_1.a(QuadDec_Cnt16.o)
                0x00000948                QuadDec_Cnt16_WritePeriod
 .text.QuadDec_Cnt16_WriteCompare
                0x00000954        0xc .\CortexM3\ARM_GCC_541\Debug\3HC_Firmware_0_1.a(QuadDec_Cnt16.o)
                0x00000954                QuadDec_Cnt16_WriteCompare
 .text.QuadDec_Cnt16_ClearFIFO
                0x00000960       0x14 .\CortexM3\ARM_GCC_541\Debug\3HC_Firmware_0_1.a(QuadDec_Cnt16.o)
                0x00000960                QuadDec_Cnt16_ClearFIFO
 .text.QuadDec_Cnt16_Init
                0x00000974       0x58 .\CortexM3\ARM_GCC_541\Debug\3HC_Firmware_0_1.a(QuadDec_Cnt16.o)
                0x00000974                QuadDec_Cnt16_Init
 .text.QuadDec_Cnt16_Start
                0x000009cc       0x1c .\CortexM3\ARM_GCC_541\Debug\3HC_Firmware_0_1.a(QuadDec_Cnt16.o)
                0x000009cc                QuadDec_Cnt16_Start
 .text.CyHalt   0x000009e8        0x4 .\CortexM3\ARM_GCC_541\Debug\3HC_Firmware_0_1.a(CyLib.o)
                0x000009e8                CyHalt
 .text.CyDelay  0x000009ec       0x2c .\CortexM3\ARM_GCC_541\Debug\3HC_Firmware_0_1.a(CyLib.o)
                0x000009ec                CyDelay
 .text.CyDelayUs
                0x00000a18       0x14 .\CortexM3\ARM_GCC_541\Debug\3HC_Firmware_0_1.a(CyLib.o)
                0x00000a18                CyDelayUs
 .text.CyIntSetVector
                0x00000a2c       0x28 .\CortexM3\ARM_GCC_541\Debug\3HC_Firmware_0_1.a(CyLib.o)
                0x00000a2c                CyIntSetVector
 .text.CyIntSetPriority
                0x00000a54       0x30 .\CortexM3\ARM_GCC_541\Debug\3HC_Firmware_0_1.a(CyLib.o)
                0x00000a54                CyIntSetPriority
 .text.CyGetUniqueId
                0x00000a84       0x70 .\CortexM3\ARM_GCC_541\Debug\3HC_Firmware_0_1.a(CyLib.o)
                0x00000a84                CyGetUniqueId
 .text.UPDATE_UI_SetVector
                0x00000af4        0xc .\CortexM3\ARM_GCC_541\Debug\3HC_Firmware_0_1.a(UPDATE_UI.o)
                0x00000af4                UPDATE_UI_SetVector
 .text.UPDATE_UI_SetPriority
                0x00000b00       0x10 .\CortexM3\ARM_GCC_541\Debug\3HC_Firmware_0_1.a(UPDATE_UI.o)
                0x00000b00                UPDATE_UI_SetPriority
 .text.UPDATE_UI_Enable
                0x00000b10        0xc .\CortexM3\ARM_GCC_541\Debug\3HC_Firmware_0_1.a(UPDATE_UI.o)
                0x00000b10                UPDATE_UI_Enable
 .text.UPDATE_UI_Disable
                0x00000b1c        0xc .\CortexM3\ARM_GCC_541\Debug\3HC_Firmware_0_1.a(UPDATE_UI.o)
                0x00000b1c                UPDATE_UI_Disable
 .text.UPDATE_UI_StartEx
                0x00000b28       0x1c .\CortexM3\ARM_GCC_541\Debug\3HC_Firmware_0_1.a(UPDATE_UI.o)
                0x00000b28                UPDATE_UI_StartEx
 .text.UpdateTimer_UI_Enable
                0x00000b44       0x28 .\CortexM3\ARM_GCC_541\Debug\3HC_Firmware_0_1.a(UpdateTimer_UI.o)
                0x00000b44                UpdateTimer_UI_Enable
 .text.UpdateTimer_UI_SetInterruptMode
                0x00000b6c        0xc .\CortexM3\ARM_GCC_541\Debug\3HC_Firmware_0_1.a(UpdateTimer_UI.o)
                0x00000b6c                UpdateTimer_UI_SetInterruptMode
 .text.UpdateTimer_UI_WritePeriod
                0x00000b78        0xc .\CortexM3\ARM_GCC_541\Debug\3HC_Firmware_0_1.a(UpdateTimer_UI.o)
                0x00000b78                UpdateTimer_UI_WritePeriod
 .text.UpdateTimer_UI_WriteCounter
                0x00000b84        0xc .\CortexM3\ARM_GCC_541\Debug\3HC_Firmware_0_1.a(UpdateTimer_UI.o)
                0x00000b84                UpdateTimer_UI_WriteCounter
 .text.UpdateTimer_UI_Init
                0x00000b90       0x64 .\CortexM3\ARM_GCC_541\Debug\3HC_Firmware_0_1.a(UpdateTimer_UI.o)
                0x00000b90                UpdateTimer_UI_Init
 .text.UpdateTimer_UI_Start
                0x00000bf4       0x1c .\CortexM3\ARM_GCC_541\Debug\3HC_Firmware_0_1.a(UpdateTimer_UI.o)
                0x00000bf4                UpdateTimer_UI_Start
 .text.X_PWM_Enable
                0x00000c10       0x10 .\CortexM3\ARM_GCC_541\Debug\3HC_Firmware_0_1.a(X_PWM.o)
                0x00000c10                X_PWM_Enable
 .text.X_PWM_WriteCounter
                0x00000c20        0xc .\CortexM3\ARM_GCC_541\Debug\3HC_Firmware_0_1.a(X_PWM.o)
                0x00000c20                X_PWM_WriteCounter
 .text.X_PWM_WritePeriod
                0x00000c2c        0xc .\CortexM3\ARM_GCC_541\Debug\3HC_Firmware_0_1.a(X_PWM.o)
                0x00000c2c                X_PWM_WritePeriod
 .text.X_PWM_WriteCompare
                0x00000c38        0xc .\CortexM3\ARM_GCC_541\Debug\3HC_Firmware_0_1.a(X_PWM.o)
                0x00000c38                X_PWM_WriteCompare
 .text.X_PWM_SetInterruptMode
                0x00000c44        0xc .\CortexM3\ARM_GCC_541\Debug\3HC_Firmware_0_1.a(X_PWM.o)
                0x00000c44                X_PWM_SetInterruptMode
 .text.X_PWM_ReadStatusRegister
                0x00000c50        0xc .\CortexM3\ARM_GCC_541\Debug\3HC_Firmware_0_1.a(X_PWM.o)
                0x00000c50                X_PWM_ReadStatusRegister
 .text.X_PWM_ReadCapture
                0x00000c5c        0xc .\CortexM3\ARM_GCC_541\Debug\3HC_Firmware_0_1.a(X_PWM.o)
                0x00000c5c                X_PWM_ReadCapture
 .text.X_PWM_ClearFIFO
                0x00000c68       0x14 .\CortexM3\ARM_GCC_541\Debug\3HC_Firmware_0_1.a(X_PWM.o)
                0x00000c68                X_PWM_ClearFIFO
 .text.X_PWM_Init
                0x00000c7c       0x60 .\CortexM3\ARM_GCC_541\Debug\3HC_Firmware_0_1.a(X_PWM.o)
                0x00000c7c                X_PWM_Init
 .text.X_PWM_Start
                0x00000cdc       0x1c .\CortexM3\ARM_GCC_541\Debug\3HC_Firmware_0_1.a(X_PWM.o)
                0x00000cdc                X_PWM_Start
 .text.USBUART_Init
                0x00000cf8      0x140 .\CortexM3\ARM_GCC_541\Debug\3HC_Firmware_0_1.a(USBUART.o)
                0x00000cf8                USBUART_Init
 .text.USBUART_InitComponent
                0x00000e38       0xb8 .\CortexM3\ARM_GCC_541\Debug\3HC_Firmware_0_1.a(USBUART.o)
                0x00000e38                USBUART_InitComponent
 .text.USBUART_Start
                0x00000ef0       0x24 .\CortexM3\ARM_GCC_541\Debug\3HC_Firmware_0_1.a(USBUART.o)
                0x00000ef0                USBUART_Start
 .text.USBUART_ReInitComponent
                0x00000f14       0x4c .\CortexM3\ARM_GCC_541\Debug\3HC_Firmware_0_1.a(USBUART.o)
                0x00000f14                USBUART_ReInitComponent
 .text.USBUART_LoadEP0
                0x00000f60       0x98 .\CortexM3\ARM_GCC_541\Debug\3HC_Firmware_0_1.a(USBUART_drv.o)
                0x00000f60                USBUART_LoadEP0
 .text.USBUART_InitZeroLengthControlTransfer
                0x00000ff8       0x34 .\CortexM3\ARM_GCC_541\Debug\3HC_Firmware_0_1.a(USBUART_drv.o)
                0x00000ff8                USBUART_InitZeroLengthControlTransfer
 .text.USBUART_ControlReadDataStage
                0x0000102c        0x8 .\CortexM3\ARM_GCC_541\Debug\3HC_Firmware_0_1.a(USBUART_drv.o)
                0x0000102c                USBUART_ControlReadDataStage
 .text.USBUART_ControlWriteDataStage
                0x00001034       0x84 .\CortexM3\ARM_GCC_541\Debug\3HC_Firmware_0_1.a(USBUART_drv.o)
                0x00001034                USBUART_ControlWriteDataStage
 .text.USBUART_InitNoDataControlTransfer
                0x000010b8       0x2c .\CortexM3\ARM_GCC_541\Debug\3HC_Firmware_0_1.a(USBUART_drv.o)
                0x000010b8                USBUART_InitNoDataControlTransfer
 .text.USBUART_UpdateStatusBlock
                0x000010e4       0x24 .\CortexM3\ARM_GCC_541\Debug\3HC_Firmware_0_1.a(USBUART_drv.o)
                0x000010e4                USBUART_UpdateStatusBlock
 .text.USBUART_HandleSetup
                0x00001108       0x5c .\CortexM3\ARM_GCC_541\Debug\3HC_Firmware_0_1.a(USBUART_drv.o)
                0x00001108                USBUART_HandleSetup
 .text.USBUART_ControlReadStatusStage
                0x00001164       0x38 .\CortexM3\ARM_GCC_541\Debug\3HC_Firmware_0_1.a(USBUART_drv.o)
                0x00001164                USBUART_ControlReadStatusStage
 .text.USBUART_HandleOUT
                0x0000119c       0x38 .\CortexM3\ARM_GCC_541\Debug\3HC_Firmware_0_1.a(USBUART_drv.o)
                0x0000119c                USBUART_HandleOUT
 .text.USBUART_ControlWriteStatusStage
                0x000011d4       0x20 .\CortexM3\ARM_GCC_541\Debug\3HC_Firmware_0_1.a(USBUART_drv.o)
                0x000011d4                USBUART_ControlWriteStatusStage
 .text.USBUART_NoDataControlStatusStage
                0x000011f4       0x40 .\CortexM3\ARM_GCC_541\Debug\3HC_Firmware_0_1.a(USBUART_drv.o)
                0x000011f4                USBUART_NoDataControlStatusStage
 .text.USBUART_HandleIN
                0x00001234       0x2c .\CortexM3\ARM_GCC_541\Debug\3HC_Firmware_0_1.a(USBUART_drv.o)
                0x00001234                USBUART_HandleIN
 .text.USBUART_EP_0_ISR
                0x00001260       0xb8 .\CortexM3\ARM_GCC_541\Debug\3HC_Firmware_0_1.a(USBUART_drv.o)
                0x00001260                USBUART_EP_0_ISR
 .text.USBUART_InitializeStatusBlock
                0x00001318       0x24 .\CortexM3\ARM_GCC_541\Debug\3HC_Firmware_0_1.a(USBUART_drv.o)
                0x00001318                USBUART_InitializeStatusBlock
 .text.USBUART_InitControlRead
                0x0000133c       0x50 .\CortexM3\ARM_GCC_541\Debug\3HC_Firmware_0_1.a(USBUART_drv.o)
                0x0000133c                USBUART_InitControlRead
 .text.USBUART_InitControlWrite
                0x0000138c       0x48 .\CortexM3\ARM_GCC_541\Debug\3HC_Firmware_0_1.a(USBUART_drv.o)
                0x0000138c                USBUART_InitControlWrite
 .text.USBUART_EP_1_ISR
                0x000013d4       0x30 .\CortexM3\ARM_GCC_541\Debug\3HC_Firmware_0_1.a(USBUART_episr.o)
                0x000013d4                USBUART_EP_1_ISR
 .text.USBUART_EP_2_ISR
                0x00001404       0x34 .\CortexM3\ARM_GCC_541\Debug\3HC_Firmware_0_1.a(USBUART_episr.o)
                0x00001404                USBUART_EP_2_ISR
 .text.USBUART_EP_3_ISR
                0x00001438       0x3c .\CortexM3\ARM_GCC_541\Debug\3HC_Firmware_0_1.a(USBUART_episr.o)
                0x00001438                USBUART_EP_3_ISR
 .text.USBUART_SOF_ISR
                0x00001474        0x4 .\CortexM3\ARM_GCC_541\Debug\3HC_Firmware_0_1.a(USBUART_episr.o)
                0x00001474                USBUART_SOF_ISR
 .text.USBUART_BUS_RESET_ISR
                0x00001478        0x8 .\CortexM3\ARM_GCC_541\Debug\3HC_Firmware_0_1.a(USBUART_episr.o)
                0x00001478                USBUART_BUS_RESET_ISR
 .text.USBUART_DP_ISR
                0x00001480        0x8 .\CortexM3\ARM_GCC_541\Debug\3HC_Firmware_0_1.a(USBUART_pm.o)
                0x00001480                USBUART_DP_ISR
 .text.USBUART_ReadDieID
                0x00001488       0x6c .\CortexM3\ARM_GCC_541\Debug\3HC_Firmware_0_1.a(USBUART_std.o)
                0x00001488                USBUART_ReadDieID
 .text.USBUART_ConfigReg
                0x000014f4       0xa4 .\CortexM3\ARM_GCC_541\Debug\3HC_Firmware_0_1.a(USBUART_std.o)
                0x000014f4                USBUART_ConfigReg
 .text.USBUART_GetConfigTablePtr
                0x00001598       0x28 .\CortexM3\ARM_GCC_541\Debug\3HC_Firmware_0_1.a(USBUART_std.o)
                0x00001598                USBUART_GetConfigTablePtr
 .text.USBUART_ConfigAltChanged
                0x000015c0      0x11c .\CortexM3\ARM_GCC_541\Debug\3HC_Firmware_0_1.a(USBUART_std.o)
                0x000015c0                USBUART_ConfigAltChanged
 .text.USBUART_GetDeviceTablePtr
                0x000016dc       0x18 .\CortexM3\ARM_GCC_541\Debug\3HC_Firmware_0_1.a(USBUART_std.o)
                0x000016dc                USBUART_GetDeviceTablePtr
 .text.USBUART_GetInterfaceClassTablePtr
                0x000016f4       0x28 .\CortexM3\ARM_GCC_541\Debug\3HC_Firmware_0_1.a(USBUART_std.o)
                0x000016f4                USBUART_GetInterfaceClassTablePtr
 .text.USBUART_Config
                0x0000171c      0x1ec .\CortexM3\ARM_GCC_541\Debug\3HC_Firmware_0_1.a(USBUART_std.o)
                0x0000171c                USBUART_Config
 .text.USBUART_SetEndpointHalt
                0x00001908       0x64 .\CortexM3\ARM_GCC_541\Debug\3HC_Firmware_0_1.a(USBUART_std.o)
                0x00001908                USBUART_SetEndpointHalt
 .text.USBUART_ClearEndpointHalt
                0x0000196c       0xac .\CortexM3\ARM_GCC_541\Debug\3HC_Firmware_0_1.a(USBUART_std.o)
                0x0000196c                USBUART_ClearEndpointHalt
 .text.USBUART_ValidateAlternateSetting
                0x00001a18       0x4c .\CortexM3\ARM_GCC_541\Debug\3HC_Firmware_0_1.a(USBUART_std.o)
                0x00001a18                USBUART_ValidateAlternateSetting
 .text.USBUART_HandleStandardRqst
                0x00001a64      0x354 .\CortexM3\ARM_GCC_541\Debug\3HC_Firmware_0_1.a(USBUART_std.o)
                0x00001a64                USBUART_HandleStandardRqst
 .text.USBUART_HandleVendorRqst
                0x00001db8       0x18 .\CortexM3\ARM_GCC_541\Debug\3HC_Firmware_0_1.a(USBUART_vnd.o)
                0x00001db8                USBUART_HandleVendorRqst
 .text.USBUART_Dp_ClearInterrupt
                0x00001dd0       0x10 .\CortexM3\ARM_GCC_541\Debug\3HC_Firmware_0_1.a(USBUART_Dp.o)
                0x00001dd0                USBUART_Dp_ClearInterrupt
 .text.ADC_GainCompensation
                0x00001de0       0xe0 .\CortexM3\ARM_GCC_541\Debug\3HC_Firmware_0_1.a(ADC.o)
 .text.ADC_SetDSMRef0Reg
                0x00001ec0       0x4c .\CortexM3\ARM_GCC_541\Debug\3HC_Firmware_0_1.a(ADC.o)
 .text.ADC_InitConfig
                0x00001f0c      0x330 .\CortexM3\ARM_GCC_541\Debug\3HC_Firmware_0_1.a(ADC.o)
 .text.ADC_Init
                0x0000223c      0x108 .\CortexM3\ARM_GCC_541\Debug\3HC_Firmware_0_1.a(ADC.o)
                0x0000223c                ADC_Init
 .text.ADC_Enable
                0x00002344       0xd8 .\CortexM3\ARM_GCC_541\Debug\3HC_Firmware_0_1.a(ADC.o)
                0x00002344                ADC_Enable
 .text.ADC_Start
                0x0000241c       0x28 .\CortexM3\ARM_GCC_541\Debug\3HC_Firmware_0_1.a(ADC.o)
                0x0000241c                ADC_Start
 .text.ADC_StartConvert
                0x00002444       0x10 .\CortexM3\ARM_GCC_541\Debug\3HC_Firmware_0_1.a(ADC.o)
                0x00002444                ADC_StartConvert
 .text.ADC_StopConvert
                0x00002454       0x10 .\CortexM3\ARM_GCC_541\Debug\3HC_Firmware_0_1.a(ADC.o)
                0x00002454                ADC_StopConvert
 .text.ADC_IsEndConversion
                0x00002464       0x30 .\CortexM3\ARM_GCC_541\Debug\3HC_Firmware_0_1.a(ADC.o)
                0x00002464                ADC_IsEndConversion
 .text.ADC_GetResult32
                0x00002494       0x6c .\CortexM3\ARM_GCC_541\Debug\3HC_Firmware_0_1.a(ADC.o)
                0x00002494                ADC_GetResult32
 .text.ADC_ISR1
                0x00002500        0x4 .\CortexM3\ARM_GCC_541\Debug\3HC_Firmware_0_1.a(ADC_INT.o)
                0x00002500                ADC_ISR1
 .text.ADC_ISR2
                0x00002504        0x4 .\CortexM3\ARM_GCC_541\Debug\3HC_Firmware_0_1.a(ADC_INT.o)
                0x00002504                ADC_ISR2
 .text.ADC_ISR3
                0x00002508        0x4 .\CortexM3\ARM_GCC_541\Debug\3HC_Firmware_0_1.a(ADC_INT.o)
                0x00002508                ADC_ISR3
 .text.ADC_ISR4
                0x0000250c        0x4 .\CortexM3\ARM_GCC_541\Debug\3HC_Firmware_0_1.a(ADC_INT.o)
                0x0000250c                ADC_ISR4
 .text.ADC_AMux_Start
                0x00002510       0x20 .\CortexM3\ARM_GCC_541\Debug\3HC_Firmware_0_1.a(ADC_AMux.o)
                0x00002510                ADC_AMux_Start
 .text.ADC_AMux_Select
                0x00002530       0x18 .\CortexM3\ARM_GCC_541\Debug\3HC_Firmware_0_1.a(ADC_AMux.o)
                0x00002530                ADC_AMux_Select
 .text.ADC_Ext_CP_Clk_GetDividerRegister
                0x00002548        0xc .\CortexM3\ARM_GCC_541\Debug\3HC_Firmware_0_1.a(ADC_Ext_CP_Clk.o)
                0x00002548                ADC_Ext_CP_Clk_GetDividerRegister
 .text.ADC_Ext_CP_Clk_SetModeRegister
                0x00002554       0x14 .\CortexM3\ARM_GCC_541\Debug\3HC_Firmware_0_1.a(ADC_Ext_CP_Clk.o)
                0x00002554                ADC_Ext_CP_Clk_SetModeRegister
 .text.ADC_Ext_CP_Clk_GetSourceRegister
                0x00002568       0x10 .\CortexM3\ARM_GCC_541\Debug\3HC_Firmware_0_1.a(ADC_Ext_CP_Clk.o)
                0x00002568                ADC_Ext_CP_Clk_GetSourceRegister
 .text.ADC_Ext_CP_Clk_SetDividerRegister
                0x00002578       0xd8 .\CortexM3\ARM_GCC_541\Debug\3HC_Firmware_0_1.a(ADC_Ext_CP_Clk.o)
                0x00002578                ADC_Ext_CP_Clk_SetDividerRegister
 .text.ADC_theACLK_GetDividerRegister
                0x00002650        0xc .\CortexM3\ARM_GCC_541\Debug\3HC_Firmware_0_1.a(ADC_theACLK.o)
                0x00002650                ADC_theACLK_GetDividerRegister
 .text.ADC_theACLK_SetModeRegister
                0x0000265c       0x14 .\CortexM3\ARM_GCC_541\Debug\3HC_Firmware_0_1.a(ADC_theACLK.o)
                0x0000265c                ADC_theACLK_SetModeRegister
 .text.ADC_theACLK_GetSourceRegister
                0x00002670       0x10 .\CortexM3\ARM_GCC_541\Debug\3HC_Firmware_0_1.a(ADC_theACLK.o)
                0x00002670                ADC_theACLK_GetSourceRegister
 .text.ADC_theACLK_SetDividerRegister
                0x00002680       0xd8 .\CortexM3\ARM_GCC_541\Debug\3HC_Firmware_0_1.a(ADC_theACLK.o)
                0x00002680                ADC_theACLK_SetDividerRegister
 .text          0x00002758       0x20 .\CortexM3\ARM_GCC_541\Debug\3HC_Firmware_0_1.a(CyBootAsmGnu.o)
                0x00002758                CyDelayCycles
                0x00002768                CyEnterCriticalSection
                0x00002770                CyExitCriticalSection
 .text.USBUART_GetInterfaceComPort
                0x00002778       0x38 .\CortexM3\ARM_GCC_541\Debug\3HC_Firmware_0_1.a(USBUART_cdc.o)
                0x00002778                USBUART_GetInterfaceComPort
 .text.USBUART_DispatchCDCClassRqst
                0x000027b0       0x98 .\CortexM3\ARM_GCC_541\Debug\3HC_Firmware_0_1.a(USBUART_cdc.o)
                0x000027b0                USBUART_DispatchCDCClassRqst
 .text.USBUART_Cdc_EpInit
                0x00002848       0x50 .\CortexM3\ARM_GCC_541\Debug\3HC_Firmware_0_1.a(USBUART_cdc.o)
                0x00002848                USBUART_Cdc_EpInit
 .text.USBUART_DispatchClassRqst
                0x00002898       0x60 .\CortexM3\ARM_GCC_541\Debug\3HC_Firmware_0_1.a(USBUART_cls.o)
                0x00002898                USBUART_DispatchClassRqst
 .text          0x000028f8      0x370 c:/program files (x86)/cypress/psoc creator/4.2/psoc creator/import/gnu/arm/5.4.1/bin/../lib/gcc/arm-none-eabi/5.4.1/armv7-m\libgcc.a(_arm_addsubdf3.o)
                0x000028f8                __aeabi_drsub
                0x00002900                __aeabi_dsub
                0x00002900                __subdf3
                0x00002904                __aeabi_dadd
                0x00002904                __adddf3
                0x00002b7c                __floatunsidf
                0x00002b7c                __aeabi_ui2d
                0x00002b9c                __floatsidf
                0x00002b9c                __aeabi_i2d
                0x00002bc0                __aeabi_f2d
                0x00002bc0                __extendsfdf2
                0x00002bfc                __floatundidf
                0x00002bfc                __aeabi_ul2d
                0x00002c0c                __floatdidf
                0x00002c0c                __aeabi_l2d
 .text          0x00002c68      0x110 c:/program files (x86)/cypress/psoc creator/4.2/psoc creator/import/gnu/arm/5.4.1/bin/../lib/gcc/arm-none-eabi/5.4.1/armv7-m\libgcc.a(_arm_cmpdf2.o)
                0x00002c68                __gtdf2
                0x00002c68                __gedf2
                0x00002c70                __ltdf2
                0x00002c70                __ledf2
                0x00002c78                __nedf2
                0x00002c78                __eqdf2
                0x00002c78                __cmpdf2
                0x00002cf4                __aeabi_cdrcmple
                0x00002d04                __aeabi_cdcmpeq
                0x00002d04                __aeabi_cdcmple
                0x00002d14                __aeabi_dcmpeq
                0x00002d28                __aeabi_dcmplt
                0x00002d3c                __aeabi_dcmple
                0x00002d50                __aeabi_dcmpge
                0x00002d64                __aeabi_dcmpgt
 .text          0x00002d78      0x21c c:/program files (x86)/cypress/psoc creator/4.2/psoc creator/import/gnu/arm/5.4.1/bin/../lib/gcc/arm-none-eabi/5.4.1/armv7-m\libgcc.a(_arm_addsubsf3.o)
                0x00002d78                __aeabi_frsub
                0x00002d80                __subsf3
                0x00002d80                __aeabi_fsub
                0x00002d84                __aeabi_fadd
                0x00002d84                __addsf3
                0x00002ee4                __aeabi_ui2f
                0x00002ee4                __floatunsisf
                0x00002eec                __aeabi_i2f
                0x00002eec                __floatsisf
                0x00002f08                __aeabi_ul2f
                0x00002f08                __floatundisf
                0x00002f18                __aeabi_l2f
                0x00002f18                __floatdisf
 .text.__errno  0x00002f94        0xc c:/program files (x86)/cypress/psoc creator/4.2/psoc creator/import/gnu/arm/5.4.1/bin/../lib/gcc/arm-none-eabi/5.4.1/../../../../arm-none-eabi/lib/armv7-m\libg.a(lib_a-errno.o)
                0x00002f94                __errno
 .text.__libc_init_array
                0x00002fa0       0x50 c:/program files (x86)/cypress/psoc creator/4.2/psoc creator/import/gnu/arm/5.4.1/bin/../lib/gcc/arm-none-eabi/5.4.1/../../../../arm-none-eabi/lib/armv7-m\libg.a(lib_a-init.o)
                0x00002fa0                __libc_init_array
 .text          0x00002ff0       0xec c:/program files (x86)/cypress/psoc creator/4.2/psoc creator/import/gnu/arm/5.4.1/bin/../lib/gcc/arm-none-eabi/5.4.1/../../../../arm-none-eabi/lib/armv7-m\libg.a(lib_a-memcpy.o)
                0x00002ff0                memcpy
 .text.memset   0x000030dc       0x9c c:/program files (x86)/cypress/psoc creator/4.2/psoc creator/import/gnu/arm/5.4.1/bin/../lib/gcc/arm-none-eabi/5.4.1/../../../../arm-none-eabi/lib/armv7-m\libg.a(lib_a-memset.o)
                0x000030dc                memset
 .text.sprintf  0x00003178       0x4c c:/program files (x86)/cypress/psoc creator/4.2/psoc creator/import/gnu/arm/5.4.1/bin/../lib/gcc/arm-none-eabi/5.4.1/../../../../arm-none-eabi/lib/armv7-m\libg.a(lib_a-sprintf.o)
                0x00003178                sprintf
 .text._svfprintf_r
                0x000031c4     0x175c c:/program files (x86)/cypress/psoc creator/4.2/psoc creator/import/gnu/arm/5.4.1/bin/../lib/gcc/arm-none-eabi/5.4.1/../../../../arm-none-eabi/lib/armv7-m\libg.a(lib_a-svfprintf.o)
                0x000031c4                _svfprintf_r
 .text.startup.register_fini
                0x00004920       0x14 c:/program files (x86)/cypress/psoc creator/4.2/psoc creator/import/gnu/arm/5.4.1/bin/../lib/gcc/arm-none-eabi/5.4.1/../../../../arm-none-eabi/lib/armv7-m\libg.a(lib_a-__call_atexit.o)
 .text.atexit   0x00004934        0xc c:/program files (x86)/cypress/psoc creator/4.2/psoc creator/import/gnu/arm/5.4.1/bin/../lib/gcc/arm-none-eabi/5.4.1/../../../../arm-none-eabi/lib/armv7-m\libg.a(lib_a-atexit.o)
                0x00004934                atexit
 .text.quorem   0x00004940      0x12c c:/program files (x86)/cypress/psoc creator/4.2/psoc creator/import/gnu/arm/5.4.1/bin/../lib/gcc/arm-none-eabi/5.4.1/../../../../arm-none-eabi/lib/armv7-m\libg.a(lib_a-dtoa.o)
 *fill*         0x00004a6c        0x4 
 .text._dtoa_r  0x00004a70      0xe4c c:/program files (x86)/cypress/psoc creator/4.2/psoc creator/import/gnu/arm/5.4.1/bin/../lib/gcc/arm-none-eabi/5.4.1/../../../../arm-none-eabi/lib/armv7-m\libg.a(lib_a-dtoa.o)
                0x00004a70                _dtoa_r
 .text.__libc_fini_array
                0x000058bc       0x28 c:/program files (x86)/cypress/psoc creator/4.2/psoc creator/import/gnu/arm/5.4.1/bin/../lib/gcc/arm-none-eabi/5.4.1/../../../../arm-none-eabi/lib/armv7-m\libg.a(lib_a-fini.o)
                0x000058bc                __libc_fini_array
 .text._localeconv_r
                0x000058e4        0x8 c:/program files (x86)/cypress/psoc creator/4.2/psoc creator/import/gnu/arm/5.4.1/bin/../lib/gcc/arm-none-eabi/5.4.1/../../../../arm-none-eabi/lib/armv7-m\libg.a(lib_a-locale.o)
                0x000058e4                _localeconv_r
 .text._malloc_r
                0x000058ec      0x558 c:/program files (x86)/cypress/psoc creator/4.2/psoc creator/import/gnu/arm/5.4.1/bin/../lib/gcc/arm-none-eabi/5.4.1/../../../../arm-none-eabi/lib/armv7-m\libg.a(lib_a-mallocr.o)
                0x000058ec                _malloc_r
 .text.memchr   0x00005e44       0x8c c:/program files (x86)/cypress/psoc creator/4.2/psoc creator/import/gnu/arm/5.4.1/bin/../lib/gcc/arm-none-eabi/5.4.1/../../../../arm-none-eabi/lib/armv7-m\libg.a(lib_a-memchr-stub.o)
                0x00005e44                memchr
 .text.__malloc_lock
                0x00005ed0        0x4 c:/program files (x86)/cypress/psoc creator/4.2/psoc creator/import/gnu/arm/5.4.1/bin/../lib/gcc/arm-none-eabi/5.4.1/../../../../arm-none-eabi/lib/armv7-m\libg.a(lib_a-mlock.o)
                0x00005ed0                __malloc_lock
 .text.__malloc_unlock
                0x00005ed4        0x4 c:/program files (x86)/cypress/psoc creator/4.2/psoc creator/import/gnu/arm/5.4.1/bin/../lib/gcc/arm-none-eabi/5.4.1/../../../../arm-none-eabi/lib/armv7-m\libg.a(lib_a-mlock.o)
                0x00005ed4                __malloc_unlock
 .text._Balloc  0x00005ed8       0x50 c:/program files (x86)/cypress/psoc creator/4.2/psoc creator/import/gnu/arm/5.4.1/bin/../lib/gcc/arm-none-eabi/5.4.1/../../../../arm-none-eabi/lib/armv7-m\libg.a(lib_a-mprec.o)
                0x00005ed8                _Balloc
 .text._Bfree   0x00005f28       0x14 c:/program files (x86)/cypress/psoc creator/4.2/psoc creator/import/gnu/arm/5.4.1/bin/../lib/gcc/arm-none-eabi/5.4.1/../../../../arm-none-eabi/lib/armv7-m\libg.a(lib_a-mprec.o)
                0x00005f28                _Bfree
 .text.__multadd
                0x00005f3c       0x80 c:/program files (x86)/cypress/psoc creator/4.2/psoc creator/import/gnu/arm/5.4.1/bin/../lib/gcc/arm-none-eabi/5.4.1/../../../../arm-none-eabi/lib/armv7-m\libg.a(lib_a-mprec.o)
                0x00005f3c                __multadd
 .text.__hi0bits
                0x00005fbc       0x40 c:/program files (x86)/cypress/psoc creator/4.2/psoc creator/import/gnu/arm/5.4.1/bin/../lib/gcc/arm-none-eabi/5.4.1/../../../../arm-none-eabi/lib/armv7-m\libg.a(lib_a-mprec.o)
                0x00005fbc                __hi0bits
 .text.__lo0bits
                0x00005ffc       0x5c c:/program files (x86)/cypress/psoc creator/4.2/psoc creator/import/gnu/arm/5.4.1/bin/../lib/gcc/arm-none-eabi/5.4.1/../../../../arm-none-eabi/lib/armv7-m\libg.a(lib_a-mprec.o)
                0x00005ffc                __lo0bits
 .text.__i2b    0x00006058       0x14 c:/program files (x86)/cypress/psoc creator/4.2/psoc creator/import/gnu/arm/5.4.1/bin/../lib/gcc/arm-none-eabi/5.4.1/../../../../arm-none-eabi/lib/armv7-m\libg.a(lib_a-mprec.o)
                0x00006058                __i2b
 .text.__multiply
                0x0000606c      0x13c c:/program files (x86)/cypress/psoc creator/4.2/psoc creator/import/gnu/arm/5.4.1/bin/../lib/gcc/arm-none-eabi/5.4.1/../../../../arm-none-eabi/lib/armv7-m\libg.a(lib_a-mprec.o)
                0x0000606c                __multiply
 .text.__pow5mult
                0x000061a8       0xa0 c:/program files (x86)/cypress/psoc creator/4.2/psoc creator/import/gnu/arm/5.4.1/bin/../lib/gcc/arm-none-eabi/5.4.1/../../../../arm-none-eabi/lib/armv7-m\libg.a(lib_a-mprec.o)
                0x000061a8                __pow5mult
 .text.__lshift
                0x00006248       0xac c:/program files (x86)/cypress/psoc creator/4.2/psoc creator/import/gnu/arm/5.4.1/bin/../lib/gcc/arm-none-eabi/5.4.1/../../../../arm-none-eabi/lib/armv7-m\libg.a(lib_a-mprec.o)
                0x00006248                __lshift
 .text.__mcmp   0x000062f4       0x40 c:/program files (x86)/cypress/psoc creator/4.2/psoc creator/import/gnu/arm/5.4.1/bin/../lib/gcc/arm-none-eabi/5.4.1/../../../../arm-none-eabi/lib/armv7-m\libg.a(lib_a-mprec.o)
                0x000062f4                __mcmp
 .text.__mdiff  0x00006334      0x128 c:/program files (x86)/cypress/psoc creator/4.2/psoc creator/import/gnu/arm/5.4.1/bin/../lib/gcc/arm-none-eabi/5.4.1/../../../../arm-none-eabi/lib/armv7-m\libg.a(lib_a-mprec.o)
                0x00006334                __mdiff
 .text.__d2b    0x0000645c       0xa8 c:/program files (x86)/cypress/psoc creator/4.2/psoc creator/import/gnu/arm/5.4.1/bin/../lib/gcc/arm-none-eabi/5.4.1/../../../../arm-none-eabi/lib/armv7-m\libg.a(lib_a-mprec.o)
                0x0000645c                __d2b
 .text._sbrk_r  0x00006504       0x24 c:/program files (x86)/cypress/psoc creator/4.2/psoc creator/import/gnu/arm/5.4.1/bin/../lib/gcc/arm-none-eabi/5.4.1/../../../../arm-none-eabi/lib/armv7-m\libg.a(lib_a-sbrkr.o)
                0x00006504                _sbrk_r
 .text.strlen   0x00006528       0x5c c:/program files (x86)/cypress/psoc creator/4.2/psoc creator/import/gnu/arm/5.4.1/bin/../lib/gcc/arm-none-eabi/5.4.1/../../../../arm-none-eabi/lib/armv7-m\libg.a(lib_a-strlen-stub.o)
                0x00006528                strlen
 .text.__ssprint_r
                0x00006584      0x100 c:/program files (x86)/cypress/psoc creator/4.2/psoc creator/import/gnu/arm/5.4.1/bin/../lib/gcc/arm-none-eabi/5.4.1/../../../../arm-none-eabi/lib/armv7-m\libg.a(lib_a-svfiprintf.o)
                0x00006584                __ssprint_r
 .text.__register_exitproc
                0x00006684       0xa4 c:/program files (x86)/cypress/psoc creator/4.2/psoc creator/import/gnu/arm/5.4.1/bin/../lib/gcc/arm-none-eabi/5.4.1/../../../../arm-none-eabi/lib/armv7-m\libg.a(lib_a-__atexit.o)
                0x00006684                __register_exitproc
 .text._calloc_r
                0x00006728       0x60 c:/program files (x86)/cypress/psoc creator/4.2/psoc creator/import/gnu/arm/5.4.1/bin/../lib/gcc/arm-none-eabi/5.4.1/../../../../arm-none-eabi/lib/armv7-m\libg.a(lib_a-callocr.o)
                0x00006728                _calloc_r
 .text._malloc_trim_r
                0x00006788       0x9c c:/program files (x86)/cypress/psoc creator/4.2/psoc creator/import/gnu/arm/5.4.1/bin/../lib/gcc/arm-none-eabi/5.4.1/../../../../arm-none-eabi/lib/armv7-m\libg.a(lib_a-freer.o)
                0x00006788                _malloc_trim_r
 .text._free_r  0x00006824      0x1d0 c:/program files (x86)/cypress/psoc creator/4.2/psoc creator/import/gnu/arm/5.4.1/bin/../lib/gcc/arm-none-eabi/5.4.1/../../../../arm-none-eabi/lib/armv7-m\libg.a(lib_a-freer.o)
                0x00006824                _free_r
 .text.memmove  0x000069f4       0xc8 c:/program files (x86)/cypress/psoc creator/4.2/psoc creator/import/gnu/arm/5.4.1/bin/../lib/gcc/arm-none-eabi/5.4.1/../../../../arm-none-eabi/lib/armv7-m\libg.a(lib_a-memmove.o)
                0x000069f4                memmove
 .text._realloc_r
                0x00006abc      0x3d4 c:/program files (x86)/cypress/psoc creator/4.2/psoc creator/import/gnu/arm/5.4.1/bin/../lib/gcc/arm-none-eabi/5.4.1/../../../../arm-none-eabi/lib/armv7-m\libg.a(lib_a-reallocr.o)
                0x00006abc                _realloc_r
 .text          0x00006e90      0x424 c:/program files (x86)/cypress/psoc creator/4.2/psoc creator/import/gnu/arm/5.4.1/bin/../lib/gcc/arm-none-eabi/5.4.1/armv7-m\libgcc.a(_arm_muldivdf3.o)
                0x00006e90                __aeabi_dmul
                0x00006e90                __muldf3
                0x000070e4                __divdf3
                0x000070e4                __aeabi_ddiv
 .text          0x000072b4       0x2c c:/program files (x86)/cypress/psoc creator/4.2/psoc creator/import/gnu/arm/5.4.1/bin/../lib/gcc/arm-none-eabi/5.4.1/armv7-m\libgcc.a(_arm_unorddf2.o)
                0x000072b4                __unorddf2
                0x000072b4                __aeabi_dcmpun
 .text          0x000072e0       0x50 c:/program files (x86)/cypress/psoc creator/4.2/psoc creator/import/gnu/arm/5.4.1/bin/../lib/gcc/arm-none-eabi/5.4.1/armv7-m\libgcc.a(_arm_fixdfsi.o)
                0x000072e0                __aeabi_d2iz
                0x000072e0                __fixdfsi
 .text          0x00007330       0x30 c:/program files (x86)/cypress/psoc creator/4.2/psoc creator/import/gnu/arm/5.4.1/bin/../lib/gcc/arm-none-eabi/5.4.1/armv7-m\libgcc.a(_aeabi_uldivmod.o)
                0x00007330                __aeabi_uldivmod
 .text          0x00007360      0x2ec c:/program files (x86)/cypress/psoc creator/4.2/psoc creator/import/gnu/arm/5.4.1/bin/../lib/gcc/arm-none-eabi/5.4.1/armv7-m\libgcc.a(_udivmoddi4.o)
                0x00007360                __udivmoddi4
 .text          0x0000764c        0x4 c:/program files (x86)/cypress/psoc creator/4.2/psoc creator/import/gnu/arm/5.4.1/bin/../lib/gcc/arm-none-eabi/5.4.1/armv7-m\libgcc.a(_dvmd_tls.o)
                0x0000764c                __aeabi_idiv0
                0x0000764c                __aeabi_ldiv0
 *(.plt)
 *(.gnu.warning)
 *(.glue_7t)
 .glue_7t       0x00007650        0x0 linker stubs
 *(.glue_7)
 .glue_7        0x00007650        0x0 linker stubs
 *(.vfp11_veneer)
 .vfp11_veneer  0x00007650        0x0 linker stubs
 *(.bootloader)
 *(.ARM.extab* .gnu.linkonce.armextab.*)
 *(.gcc_except_table)

.v4_bx          0x00007650        0x0
 .v4_bx         0x00007650        0x0 linker stubs

.iplt           0x00007650        0x0
 .iplt          0x00007650        0x0 c:/program files (x86)/cypress/psoc creator/4.2/psoc creator/import/gnu/arm/5.4.1/bin/../lib/gcc/arm-none-eabi/5.4.1/armv7-m/crtbegin.o

.eh_frame_hdr
 *(.eh_frame_hdr)

.eh_frame       0x00007650        0x4
 *(.eh_frame)
 .eh_frame      0x00007650        0x0 c:/program files (x86)/cypress/psoc creator/4.2/psoc creator/import/gnu/arm/5.4.1/bin/../lib/gcc/arm-none-eabi/5.4.1/armv7-m/crtbegin.o
 .eh_frame      0x00007650        0x4 c:/program files (x86)/cypress/psoc creator/4.2/psoc creator/import/gnu/arm/5.4.1/bin/../lib/gcc/arm-none-eabi/5.4.1/armv7-m/crtend.o
                [!provide]                PROVIDE (__exidx_start, .)

.ARM.exidx      0x00007654        0x8
 *(.ARM.exidx* .gnu.linkonce.armexidx.*)
 .ARM.exidx     0x00007654        0x8 c:/program files (x86)/cypress/psoc creator/4.2/psoc creator/import/gnu/arm/5.4.1/bin/../lib/gcc/arm-none-eabi/5.4.1/armv7-m\libgcc.a(_udivmoddi4.o)
                0x0000765c                __exidx_end = .

.rodata         0x00007660      0x370
 *(.rodata .rodata.* .gnu.linkonce.r.*)
 .rodata.str1.4
                0x00007660       0x11 .\CortexM3\ARM_GCC_541\Debug\main.o
 *fill*         0x00007671        0x3 
 .rodata        0x00007674       0x3c .\CortexM3\ARM_GCC_541\Debug\cyfitter_cfg.o
                0x00007674                ADC_AMux__addrTable
                0x0000767c                ADC_AMux__maskTable
 .rodata.str1.4
                0x000076b0       0x11 .\CortexM3\ARM_GCC_541\Debug\3HC_Firmware_0_1.a(USBUART_std.o)
 *fill*         0x000076c1        0x3 
 .rodata        0x000076c4      0x15e .\CortexM3\ARM_GCC_541\Debug\3HC_Firmware_0_1.a(USBUART_descr.o)
                0x000076c4                USBUART_TABLE
                0x000076cc                USBUART_DEVICE0_TABLE
                0x000076e4                USBUART_DEVICE0_CONFIGURATION0_TABLE
                0x0000770c                USBUART_DEVICE0_CONFIGURATION0_INTERFACE_CLASS
                0x00007710                USBUART_DEVICE0_CONFIGURATION0_EP_SETTINGS_TABLE
                0x00007728                USBUART_SN_STRING_DESCRIPTOR
                0x0000772c                USBUART_STRING_DESCRIPTORS
                0x000077cc                USBUART_DEVICE0_CONFIGURATION0_DESCR
                0x00007810                USBUART_DEVICE0_DESCR
 *fill*         0x00007822        0x2 
 .rodata.str1.4
                0x00007824        0x2 c:/program files (x86)/cypress/psoc creator/4.2/psoc creator/import/gnu/arm/5.4.1/bin/../lib/gcc/arm-none-eabi/5.4.1/../../../../arm-none-eabi/lib/armv7-m\libg.a(lib_a-impure.o)
 *fill*         0x00007826        0x2 
 .rodata._global_impure_ptr
                0x00007828        0x4 c:/program files (x86)/cypress/psoc creator/4.2/psoc creator/import/gnu/arm/5.4.1/bin/../lib/gcc/arm-none-eabi/5.4.1/../../../../arm-none-eabi/lib/armv7-m\libg.a(lib_a-impure.o)
                0x00007828                _global_impure_ptr
 .rodata.blanks.7055
                0x0000782c       0x10 c:/program files (x86)/cypress/psoc creator/4.2/psoc creator/import/gnu/arm/5.4.1/bin/../lib/gcc/arm-none-eabi/5.4.1/../../../../arm-none-eabi/lib/armv7-m\libg.a(lib_a-svfprintf.o)
 .rodata.str1.4
                0x0000783c       0x2e c:/program files (x86)/cypress/psoc creator/4.2/psoc creator/import/gnu/arm/5.4.1/bin/../lib/gcc/arm-none-eabi/5.4.1/../../../../arm-none-eabi/lib/armv7-m\libg.a(lib_a-svfprintf.o)
                                 0x42 (size before relaxing)
 *fill*         0x0000786a        0x2 
 .rodata.zeroes.7056
                0x0000786c       0x10 c:/program files (x86)/cypress/psoc creator/4.2/psoc creator/import/gnu/arm/5.4.1/bin/../lib/gcc/arm-none-eabi/5.4.1/../../../../arm-none-eabi/lib/armv7-m\libg.a(lib_a-svfprintf.o)
 .rodata.str1.4
                0x0000787c       0x10 c:/program files (x86)/cypress/psoc creator/4.2/psoc creator/import/gnu/arm/5.4.1/bin/../lib/gcc/arm-none-eabi/5.4.1/../../../../arm-none-eabi/lib/armv7-m\libg.a(lib_a-dtoa.o)
                                 0x12 (size before relaxing)
 .rodata.str1.4
                0x0000788c        0xc c:/program files (x86)/cypress/psoc creator/4.2/psoc creator/import/gnu/arm/5.4.1/bin/../lib/gcc/arm-none-eabi/5.4.1/../../../../arm-none-eabi/lib/armv7-m\libg.a(lib_a-locale.o)
                                 0x12 (size before relaxing)
 .rodata.__mprec_tens
                0x00007898       0xc8 c:/program files (x86)/cypress/psoc creator/4.2/psoc creator/import/gnu/arm/5.4.1/bin/../lib/gcc/arm-none-eabi/5.4.1/../../../../arm-none-eabi/lib/armv7-m\libg.a(lib_a-mprec.o)
                0x00007898                __mprec_tens
 .rodata.__mprec_bigtens
                0x00007960       0x28 c:/program files (x86)/cypress/psoc creator/4.2/psoc creator/import/gnu/arm/5.4.1/bin/../lib/gcc/arm-none-eabi/5.4.1/../../../../arm-none-eabi/lib/armv7-m\libg.a(lib_a-mprec.o)
                0x00007960                __mprec_bigtens
 .rodata.p05.5396
                0x00007988        0xc c:/program files (x86)/cypress/psoc creator/4.2/psoc creator/import/gnu/arm/5.4.1/bin/../lib/gcc/arm-none-eabi/5.4.1/../../../../arm-none-eabi/lib/armv7-m\libg.a(lib_a-mprec.o)
                0x00007994                . = ALIGN (0x4)
 *(.init)
 .init          0x00007994        0x4 c:/program files (x86)/cypress/psoc creator/4.2/psoc creator/import/gnu/arm/5.4.1/bin/../lib/gcc/arm-none-eabi/5.4.1/armv7-m/crti.o
                0x00007994                _init
 .init          0x00007998        0x8 c:/program files (x86)/cypress/psoc creator/4.2/psoc creator/import/gnu/arm/5.4.1/bin/../lib/gcc/arm-none-eabi/5.4.1/armv7-m/crtn.o
                0x000079a0                . = ALIGN (0x4)
                0x000079a0                __preinit_array_start = .
 *(.preinit_array)
                0x000079a0                __preinit_array_end = .
                0x000079a0                . = ALIGN (0x4)
                0x000079a0                __init_array_start = .
 *(SORT(.init_array.*))
 .init_array.00000
                0x000079a0        0x4 c:/program files (x86)/cypress/psoc creator/4.2/psoc creator/import/gnu/arm/5.4.1/bin/../lib/gcc/arm-none-eabi/5.4.1/../../../../arm-none-eabi/lib/armv7-m\libg.a(lib_a-__call_atexit.o)
 *(.init_array)
 .init_array    0x000079a4        0x4 c:/program files (x86)/cypress/psoc creator/4.2/psoc creator/import/gnu/arm/5.4.1/bin/../lib/gcc/arm-none-eabi/5.4.1/armv7-m/crtbegin.o
 .init_array    0x000079a8        0x4 .\CortexM3\ARM_GCC_541\Debug\Cm3Start.o
                0x000079ac                __init_array_end = .
                0x000079ac                . = ALIGN (0x4)
 *(.fini)
 .fini          0x000079ac        0x4 c:/program files (x86)/cypress/psoc creator/4.2/psoc creator/import/gnu/arm/5.4.1/bin/../lib/gcc/arm-none-eabi/5.4.1/armv7-m/crti.o
                0x000079ac                _fini
 .fini          0x000079b0        0x8 c:/program files (x86)/cypress/psoc creator/4.2/psoc creator/import/gnu/arm/5.4.1/bin/../lib/gcc/arm-none-eabi/5.4.1/armv7-m/crtn.o
                0x000079b8                . = ALIGN (0x4)
                0x000079b8                __fini_array_start = .
 *(.fini_array)
 .fini_array    0x000079b8        0x4 c:/program files (x86)/cypress/psoc creator/4.2/psoc creator/import/gnu/arm/5.4.1/bin/../lib/gcc/arm-none-eabi/5.4.1/armv7-m/crtbegin.o
 *(SORT(.fini_array.*))
                0x000079bc                __fini_array_end = .
                0x000079bc                . = ALIGN (0x4)
 *crtbegin.o(.ctors)
 *(EXCLUDE_FILE(*crtend.o) .ctors)
 *(SORT(.ctors.*))
 *crtend.o(.ctors)
                0x000079bc                . = ALIGN (0x4)
 *crtbegin.o(.dtors)
 *(EXCLUDE_FILE(*crtend.o) .dtors)
 *(SORT(.dtors.*))
 *crtend.o(.dtors)
                0x000079bc                . = ALIGN (0x4)
                0x000079bc                __cy_regions = .
                0x000079bc        0x4 LONG 0x79d0 __cy_region_init_ram
                0x000079c0        0x4 LONG 0x1fff80c8 __cy_region_start_data
                0x000079c4        0x4 LONG 0x8b8 __cy_region_init_size_ram
                0x000079c8        0x4 LONG 0x1c8 __cy_region_zero_size_ram
                0x000079cc                __cy_regions_end = .
                0x000079d0                . = ALIGN (0x8)
 *fill*         0x000079cc        0x4 
                0x000079d0                _etext = .

.cy_checksum_exclude
                0x000079d0        0x0
 *(.cy_checksum_exclude)

.ramvectors     0x1fff8000       0xc0
                0x1fff8000                __cy_region_start_ram = .
 *(.ramvectors)
 .ramvectors    0x1fff8000       0xc0 .\CortexM3\ARM_GCC_541\Debug\Cm3Start.o
                0x1fff8000                CyRamVectors

.noinit         0x1fff80c0        0x1
 *(.noinit)
 .noinit        0x1fff80c0        0x1 .\CortexM3\ARM_GCC_541\Debug\3HC_Firmware_0_1.a(CyLib.o)
                0x1fff80c0                CyResetStatus

.data           0x1fff80c8      0x8b8 load address 0x000079d0
                0x1fff80c8                __cy_region_start_data = .
 *(.jcr)
 .jcr           0x1fff80c8        0x0 c:/program files (x86)/cypress/psoc creator/4.2/psoc creator/import/gnu/arm/5.4.1/bin/../lib/gcc/arm-none-eabi/5.4.1/armv7-m/crtbegin.o
 .jcr           0x1fff80c8        0x4 c:/program files (x86)/cypress/psoc creator/4.2/psoc creator/import/gnu/arm/5.4.1/bin/../lib/gcc/arm-none-eabi/5.4.1/armv7-m/crtend.o
 *(.got.plt)
 *(.got)
 *(.shdata)
 *(.data .data.* .gnu.linkonce.d.*)
 .data          0x1fff80cc        0x1 .\CortexM3\ARM_GCC_541\Debug\main.o
                0x1fff80cc                update
 *fill*         0x1fff80cd        0x3 
 .data          0x1fff80d0        0x4 .\CortexM3\ARM_GCC_541\Debug\Cm3Start.o
 .data          0x1fff80d4       0x10 .\CortexM3\ARM_GCC_541\Debug\3HC_Firmware_0_1.a(CyLib.o)
                0x1fff80d4                cydelay_32k_ms
                0x1fff80d8                cydelay_freq_khz
                0x1fff80dc                cydelay_freq_mhz
                0x1fff80e0                cydelay_freq_hz
 .data          0x1fff80e4        0x1 .\CortexM3\ARM_GCC_541\Debug\3HC_Firmware_0_1.a(ADC.o)
                0x1fff80e4                ADC_Config
 .data          0x1fff80e5        0x1 .\CortexM3\ARM_GCC_541\Debug\3HC_Firmware_0_1.a(ADC_AMux.o)
 *fill*         0x1fff80e6        0x2 
 .data          0x1fff80e8       0x1a .\CortexM3\ARM_GCC_541\Debug\3HC_Firmware_0_1.a(USBUART_cdc.o)
                0x1fff80e8                USBUART_linesCoding
 *fill*         0x1fff8102        0x6 
 .data.impure_data
                0x1fff8108      0x428 c:/program files (x86)/cypress/psoc creator/4.2/psoc creator/import/gnu/arm/5.4.1/bin/../lib/gcc/arm-none-eabi/5.4.1/../../../../arm-none-eabi/lib/armv7-m\libg.a(lib_a-impure.o)
 .data._impure_ptr
                0x1fff8530        0x4 c:/program files (x86)/cypress/psoc creator/4.2/psoc creator/import/gnu/arm/5.4.1/bin/../lib/gcc/arm-none-eabi/5.4.1/../../../../arm-none-eabi/lib/armv7-m\libg.a(lib_a-impure.o)
                0x1fff8530                _impure_ptr
 .data.lconv    0x1fff8534       0x38 c:/program files (x86)/cypress/psoc creator/4.2/psoc creator/import/gnu/arm/5.4.1/bin/../lib/gcc/arm-none-eabi/5.4.1/../../../../arm-none-eabi/lib/armv7-m\libg.a(lib_a-locale.o)
 .data.__malloc_av_
                0x1fff856c      0x408 c:/program files (x86)/cypress/psoc creator/4.2/psoc creator/import/gnu/arm/5.4.1/bin/../lib/gcc/arm-none-eabi/5.4.1/../../../../arm-none-eabi/lib/armv7-m\libg.a(lib_a-mallocr.o)
                0x1fff856c                __malloc_av_
 .data.__malloc_trim_threshold
                0x1fff8974        0x4 c:/program files (x86)/cypress/psoc creator/4.2/psoc creator/import/gnu/arm/5.4.1/bin/../lib/gcc/arm-none-eabi/5.4.1/../../../../arm-none-eabi/lib/armv7-m\libg.a(lib_a-mallocr.o)
                0x1fff8974                __malloc_trim_threshold
 .data.__malloc_sbrk_base
                0x1fff8978        0x4 c:/program files (x86)/cypress/psoc creator/4.2/psoc creator/import/gnu/arm/5.4.1/bin/../lib/gcc/arm-none-eabi/5.4.1/../../../../arm-none-eabi/lib/armv7-m\libg.a(lib_a-mallocr.o)
                0x1fff8978                __malloc_sbrk_base
                0x1fff8980                . = ALIGN (0x8)
 *fill*         0x1fff897c        0x4 
 *(.ram)
                0x1fff8980                _edata = .

.igot.plt       0x1fff8980        0x0 load address 0x00008288
 .igot.plt      0x1fff8980        0x0 c:/program files (x86)/cypress/psoc creator/4.2/psoc creator/import/gnu/arm/5.4.1/bin/../lib/gcc/arm-none-eabi/5.4.1/armv7-m/crtbegin.o

.bss            0x1fff8980      0x1c8 load address 0x00008288
                0x1fff8980                PROVIDE (__bss_start__, .)
 *(.shbss)
 *(.bss .bss.* .gnu.linkonce.b.*)
 .bss           0x1fff8980       0x1c c:/program files (x86)/cypress/psoc creator/4.2/psoc creator/import/gnu/arm/5.4.1/bin/../lib/gcc/arm-none-eabi/5.4.1/armv7-m/crtbegin.o
 .bss           0x1fff899c        0x2 .\CortexM3\ARM_GCC_541\Debug\3HC_Firmware_0_1.a(LCD.o)
                0x1fff899c                LCD_enableState
                0x1fff899d                LCD_initVar
 .bss           0x1fff899e        0x1 .\CortexM3\ARM_GCC_541\Debug\3HC_Firmware_0_1.a(QuadDec.o)
                0x1fff899e                QuadDec_initVar
 *fill*         0x1fff899f        0x1 
 .bss           0x1fff89a0        0x4 .\CortexM3\ARM_GCC_541\Debug\3HC_Firmware_0_1.a(QuadDec_INT.o)
                0x1fff89a0                QuadDec_count32SoftPart
 .bss           0x1fff89a4        0x1 .\CortexM3\ARM_GCC_541\Debug\3HC_Firmware_0_1.a(QuadDec_Cnt16.o)
                0x1fff89a4                QuadDec_Cnt16_initVar
 .bss           0x1fff89a5        0x1 .\CortexM3\ARM_GCC_541\Debug\3HC_Firmware_0_1.a(UpdateTimer_UI.o)
                0x1fff89a5                UpdateTimer_UI_initVar
 .bss           0x1fff89a6        0x1 .\CortexM3\ARM_GCC_541\Debug\3HC_Firmware_0_1.a(X_PWM.o)
                0x1fff89a6                X_PWM_initVar
 .bss           0x1fff89a7        0x1 .\CortexM3\ARM_GCC_541\Debug\3HC_Firmware_0_1.a(USBUART.o)
                0x1fff89a7                USBUART_initVar
 .bss           0x1fff89a8        0x2 .\CortexM3\ARM_GCC_541\Debug\3HC_Firmware_0_1.a(USBUART_std.o)
 *fill*         0x1fff89aa        0x2 
 .bss           0x1fff89ac       0x18 .\CortexM3\ARM_GCC_541\Debug\3HC_Firmware_0_1.a(ADC.o)
                0x1fff89bc                ADC_stopConversion
                0x1fff89bd                ADC_convDone
                0x1fff89be                ADC_initVar
                0x1fff89bf                ADC_started
                0x1fff89c0                ADC_Offset
 .bss.__malloc_max_total_mem
                0x1fff89c4        0x4 c:/program files (x86)/cypress/psoc creator/4.2/psoc creator/import/gnu/arm/5.4.1/bin/../lib/gcc/arm-none-eabi/5.4.1/../../../../arm-none-eabi/lib/armv7-m\libg.a(lib_a-mallocr.o)
                0x1fff89c4                __malloc_max_total_mem
 .bss.__malloc_max_sbrked_mem
                0x1fff89c8        0x4 c:/program files (x86)/cypress/psoc creator/4.2/psoc creator/import/gnu/arm/5.4.1/bin/../lib/gcc/arm-none-eabi/5.4.1/../../../../arm-none-eabi/lib/armv7-m\libg.a(lib_a-mallocr.o)
                0x1fff89c8                __malloc_max_sbrked_mem
 .bss.__malloc_top_pad
                0x1fff89cc        0x4 c:/program files (x86)/cypress/psoc creator/4.2/psoc creator/import/gnu/arm/5.4.1/bin/../lib/gcc/arm-none-eabi/5.4.1/../../../../arm-none-eabi/lib/armv7-m\libg.a(lib_a-mallocr.o)
                0x1fff89cc                __malloc_top_pad
 .bss.__malloc_current_mallinfo
                0x1fff89d0       0x28 c:/program files (x86)/cypress/psoc creator/4.2/psoc creator/import/gnu/arm/5.4.1/bin/../lib/gcc/arm-none-eabi/5.4.1/../../../../arm-none-eabi/lib/armv7-m\libg.a(lib_a-mallocr.o)
                0x1fff89d0                __malloc_current_mallinfo
 *(COMMON)
 COMMON         0x1fff89f8       0x6c .\CortexM3\ARM_GCC_541\Debug\main.o
                0x1fff89f8                LCD_MSG
                0x1fff8a18                xCurr
                0x1fff8a1c                buffer
                0x1fff8a5c                count
                0x1fff8a60                currentRaw
 COMMON         0x1fff8a64       0x9a .\CortexM3\ARM_GCC_541\Debug\3HC_Firmware_0_1.a(USBUART_drv.o)
                0x1fff8a64                USBUART_lastPacketSize
                0x1fff8a65                USBUART_device
                0x1fff8a66                USBUART_transferByteCount
                0x1fff8a68                USBUART_transferState
                0x1fff8a6c                USBUART_interfaceSettingLast
                0x1fff8a70                USBUART_currentTD
                0x1fff8a7c                USBUART_interfaceNumber
                0x1fff8a80                USBUART_interfaceClass
                0x1fff8a84                USBUART_configurationChanged
                0x1fff8a85                USBUART_ep0Mode
                0x1fff8a86                USBUART_deviceAddress
                0x1fff8a87                USBUART_configuration
                0x1fff8a88                USBUART_ep0Count
                0x1fff8a89                USBUART_deviceStatus
                0x1fff8a8c                USBUART_EP
                0x1fff8af8                USBUART_interfaceSetting
                0x1fff8afa                USBUART_ep0Toggle
                0x1fff8afc                USBUART_interfaceStatus
 *fill*         0x1fff8afe        0x2 
 COMMON         0x1fff8b00        0x4 .\CortexM3\ARM_GCC_541\Debug\3HC_Firmware_0_1.a(ADC.o)
                0x1fff8b00                ADC_CountsPerVolt
 COMMON         0x1fff8b04       0x18 .\CortexM3\ARM_GCC_541\Debug\3HC_Firmware_0_1.a(USBUART_cdc.o)
                0x1fff8b04                USBUART_linesChanged
                0x1fff8b08                USBUART_cdcDataInEp
                0x1fff8b0c                USBUART_cdcCommInInterruptEp
                0x1fff8b10                USBUART_cdcDataOutEp
                0x1fff8b14                USBUART_serialStateBitmap
                0x1fff8b18                USBUART_linesControlBitmap
 COMMON         0x1fff8b1c       0x22 .\CortexM3\ARM_GCC_541\Debug\3HC_Firmware_0_1.a(USBUART_descr.o)
                0x1fff8b1c                USBUART_idSerialNumberStringDescriptor
 *fill*         0x1fff8b3e        0x2 
 COMMON         0x1fff8b40        0x4 c:/program files (x86)/cypress/psoc creator/4.2/psoc creator/import/gnu/arm/5.4.1/bin/../lib/gcc/arm-none-eabi/5.4.1/../../../../arm-none-eabi/lib/armv7-m\libg.a(lib_a-reent.o)
                0x1fff8b40                errno
                0x1fff8b48                . = ALIGN (0x8)
 *fill*         0x1fff8b44        0x4 
 *(.ram.b)
                0x1fff8b48                _end = .
                0x1fff8b48                __end = .
                0x1fff8b48                PROVIDE (end, .)
                0x1fff8b48                PROVIDE (__bss_end__, .)
                0x000079d0                __cy_region_init_ram = LOADADDR (.data)
                0x000008b8                __cy_region_init_size_ram = (_edata - ADDR (.data))
                0x000001c8                __cy_region_zero_size_ram = (_end - _edata)

.heap           0x1fff8b48       0x80 load address 0x00008288
                0x1fff8b48                . = _end
                0x1fff8bc8                . = (. + 0x80)
 *fill*         0x1fff8b48       0x80 
                0x1fff8bc8                __cy_heap_limit = .

.stack          0x20007800      0x800
                0x20007800                __cy_stack_limit = .
                0x20008000                . = (. + 0x800)
 *fill*         0x20007800      0x800 
                0x00000001                ASSERT ((__cy_stack_limit >= __cy_heap_limit), region RAM overflowed with stack)
                0x00000000                cy_checksum_exclude_size = (CY_APPL_LOADABLE == 0x1)?SIZEOF (.cy_checksum_exclude):0x0
                0x00000001                ASSERT ((cy_checksum_exclude_size <= CY_CHECKSUM_EXCLUDE_SIZE), CY_BOOT: Section .cy_checksum_exclude size exceedes specified limit.)

.cyloadermeta
 *(.cyloadermeta)

.cyloadablemeta
 *(.cyloadablemeta)

.cyconfigecc    0x80000000      0x75c
 *(.cyconfigecc)
 .cyconfigecc   0x80000000      0x75c .\CortexM3\ARM_GCC_541\Debug\cymetadata.o
                0x80000000                cy_meta_configecc

.cycustnvl      0x90000000        0x4
 *(.cycustnvl)
 .cycustnvl     0x90000000        0x4 .\CortexM3\ARM_GCC_541\Debug\cymetadata.o
                0x90000000                cy_meta_custnvl

.cywolatch      0x90100000        0x4
 *(.cywolatch)
 .cywolatch     0x90100000        0x4 .\CortexM3\ARM_GCC_541\Debug\cymetadata.o
                0x90100000                cy_meta_wonvl

.cyeeprom       0x90200000        0x0
 *(.cyeeprom)
                0x00000001                ASSERT ((. <= ((0x90200000 + ee_offset) + ee_size)), .cyeeprom data will not fit in EEPROM)

.cyflashprotect
                0x90400000      0x100
 *(.cyflashprotect)
 .cyflashprotect
                0x90400000      0x100 .\CortexM3\ARM_GCC_541\Debug\cymetadata.o
                0x90400000                cy_meta_flashprotect

.cymeta         0x90500000        0xc
 *(.cymeta)
 .cymeta        0x90500000        0xc .\CortexM3\ARM_GCC_541\Debug\cymetadata.o
                0x90500000                cy_metadata

.rel.dyn        0x00008288        0x0 load address 0x9050000c
 .rel.iplt      0x00008288        0x0 c:/program files (x86)/cypress/psoc creator/4.2/psoc creator/import/gnu/arm/5.4.1/bin/../lib/gcc/arm-none-eabi/5.4.1/armv7-m/crtbegin.o

.stab
 *(.stab)

.stabstr
 *(.stabstr)

.debug
 *(.debug)

.line
 *(.line)

.debug_srcinfo
 *(.debug_srcinfo)

.debug_sfnames
 *(.debug_sfnames)

.debug_aranges  0x00000000     0x1078
 *(.debug_aranges)
 .debug_aranges
                0x00000000       0x28 .\CortexM3\ARM_GCC_541\Debug\main.o
 .debug_aranges
                0x00000028       0x38 .\CortexM3\ARM_GCC_541\Debug\I2C.o
 .debug_aranges
                0x00000060       0x68 .\CortexM3\ARM_GCC_541\Debug\MPU9250.o
 .debug_aranges
                0x000000c8       0x68 .\CortexM3\ARM_GCC_541\Debug\cyfitter_cfg.o
 .debug_aranges
                0x00000130       0x18 .\CortexM3\ARM_GCC_541\Debug\cymetadata.o
 .debug_aranges
                0x00000148       0x48 .\CortexM3\ARM_GCC_541\Debug\Cm3Start.o
 .debug_aranges
                0x00000190       0x98 .\CortexM3\ARM_GCC_541\Debug\3HC_Firmware_0_1.a(LCD.o)
 .debug_aranges
                0x00000228       0x60 .\CortexM3\ARM_GCC_541\Debug\3HC_Firmware_0_1.a(QuadDec.o)
 .debug_aranges
                0x00000288       0x20 .\CortexM3\ARM_GCC_541\Debug\3HC_Firmware_0_1.a(QuadDec_INT.o)
 .debug_aranges
                0x000002a8       0x98 .\CortexM3\ARM_GCC_541\Debug\3HC_Firmware_0_1.a(QuadDec_Cnt16.o)
 .debug_aranges
                0x00000340      0x2a0 .\CortexM3\ARM_GCC_541\Debug\3HC_Firmware_0_1.a(CyLib.o)
 .debug_aranges
                0x000005e0       0x98 .\CortexM3\ARM_GCC_541\Debug\3HC_Firmware_0_1.a(cyPm.o)
 .debug_aranges
                0x00000678       0x80 .\CortexM3\ARM_GCC_541\Debug\3HC_Firmware_0_1.a(UPDATE_UI.o)
 .debug_aranges
                0x000006f8       0x88 .\CortexM3\ARM_GCC_541\Debug\3HC_Firmware_0_1.a(UpdateTimer_UI.o)
 .debug_aranges
                0x00000780       0x98 .\CortexM3\ARM_GCC_541\Debug\3HC_Firmware_0_1.a(X_PWM.o)
 .debug_aranges
                0x00000818       0x38 .\CortexM3\ARM_GCC_541\Debug\3HC_Firmware_0_1.a(I2C_Module.o)
 .debug_aranges
                0x00000850       0x20 .\CortexM3\ARM_GCC_541\Debug\3HC_Firmware_0_1.a(I2C_Module_INT.o)
 .debug_aranges
                0x00000870       0x38 .\CortexM3\ARM_GCC_541\Debug\3HC_Firmware_0_1.a(I2C_Module_PM.o)
 .debug_aranges
                0x000008a8       0x80 .\CortexM3\ARM_GCC_541\Debug\3HC_Firmware_0_1.a(I2C_Module_MASTER.o)
 .debug_aranges
                0x00000928       0xc8 .\CortexM3\ARM_GCC_541\Debug\3HC_Firmware_0_1.a(USBUART.o)
 .debug_aranges
                0x000009f0       0x98 .\CortexM3\ARM_GCC_541\Debug\3HC_Firmware_0_1.a(USBUART_drv.o)
 .debug_aranges
                0x00000a88       0x40 .\CortexM3\ARM_GCC_541\Debug\3HC_Firmware_0_1.a(USBUART_episr.o)
 .debug_aranges
                0x00000ac8       0x40 .\CortexM3\ARM_GCC_541\Debug\3HC_Firmware_0_1.a(USBUART_pm.o)
 .debug_aranges
                0x00000b08       0x80 .\CortexM3\ARM_GCC_541\Debug\3HC_Firmware_0_1.a(USBUART_std.o)
 .debug_aranges
                0x00000b88       0x20 .\CortexM3\ARM_GCC_541\Debug\3HC_Firmware_0_1.a(USBUART_vnd.o)
 .debug_aranges
                0x00000ba8       0x48 .\CortexM3\ARM_GCC_541\Debug\3HC_Firmware_0_1.a(USBUART_Dp.o)
 .debug_aranges
                0x00000bf0       0xe8 .\CortexM3\ARM_GCC_541\Debug\3HC_Firmware_0_1.a(ADC.o)
 .debug_aranges
                0x00000cd8       0x38 .\CortexM3\ARM_GCC_541\Debug\3HC_Firmware_0_1.a(ADC_INT.o)
 .debug_aranges
                0x00000d10       0x30 .\CortexM3\ARM_GCC_541\Debug\3HC_Firmware_0_1.a(ADC_AMux.o)
 .debug_aranges
                0x00000d40       0x70 .\CortexM3\ARM_GCC_541\Debug\3HC_Firmware_0_1.a(ADC_Ext_CP_Clk.o)
 .debug_aranges
                0x00000db0       0x80 .\CortexM3\ARM_GCC_541\Debug\3HC_Firmware_0_1.a(ADC_theACLK.o)
 .debug_aranges
                0x00000e30       0x20 .\CortexM3\ARM_GCC_541\Debug\3HC_Firmware_0_1.a(CyBootAsmGnu.o)
 .debug_aranges
                0x00000e50       0x88 .\CortexM3\ARM_GCC_541\Debug\3HC_Firmware_0_1.a(CyFlash.o)
 .debug_aranges
                0x00000ed8       0x80 .\CortexM3\ARM_GCC_541\Debug\3HC_Firmware_0_1.a(CySpc.o)
 .debug_aranges
                0x00000f58       0xe8 .\CortexM3\ARM_GCC_541\Debug\3HC_Firmware_0_1.a(USBUART_cdc.o)
 .debug_aranges
                0x00001040       0x20 .\CortexM3\ARM_GCC_541\Debug\3HC_Firmware_0_1.a(USBUART_cls.o)
 .debug_aranges
                0x00001060       0x18 .\CortexM3\ARM_GCC_541\Debug\3HC_Firmware_0_1.a(USBUART_descr.o)

.debug_pubnames
 *(.debug_pubnames)

.debug_info     0x00000000     0xa81d
 *(.debug_info .gnu.linkonce.wi.*)
 .debug_info    0x00000000      0x3a8 .\CortexM3\ARM_GCC_541\Debug\main.o
 .debug_info    0x000003a8      0x361 .\CortexM3\ARM_GCC_541\Debug\I2C.o
 .debug_info    0x00000709      0x502 .\CortexM3\ARM_GCC_541\Debug\MPU9250.o
 .debug_info    0x00000c0b      0x61d .\CortexM3\ARM_GCC_541\Debug\cyfitter_cfg.o
 .debug_info    0x00001228      0x139 .\CortexM3\ARM_GCC_541\Debug\cymetadata.o
 .debug_info    0x00001361      0x3bb .\CortexM3\ARM_GCC_541\Debug\Cm3Start.o
 .debug_info    0x0000171c      0x715 .\CortexM3\ARM_GCC_541\Debug\3HC_Firmware_0_1.a(LCD.o)
 .debug_info    0x00001e31      0x357 .\CortexM3\ARM_GCC_541\Debug\3HC_Firmware_0_1.a(QuadDec.o)
 .debug_info    0x00002188       0xf3 .\CortexM3\ARM_GCC_541\Debug\3HC_Firmware_0_1.a(QuadDec_INT.o)
 .debug_info    0x0000227b      0x348 .\CortexM3\ARM_GCC_541\Debug\3HC_Firmware_0_1.a(QuadDec_Cnt16.o)
 .debug_info    0x000025c3     0x1374 .\CortexM3\ARM_GCC_541\Debug\3HC_Firmware_0_1.a(CyLib.o)
 .debug_info    0x00003937      0xa2a .\CortexM3\ARM_GCC_541\Debug\3HC_Firmware_0_1.a(cyPm.o)
 .debug_info    0x00004361      0x2d2 .\CortexM3\ARM_GCC_541\Debug\3HC_Firmware_0_1.a(UPDATE_UI.o)
 .debug_info    0x00004633      0x293 .\CortexM3\ARM_GCC_541\Debug\3HC_Firmware_0_1.a(UpdateTimer_UI.o)
 .debug_info    0x000048c6      0x354 .\CortexM3\ARM_GCC_541\Debug\3HC_Firmware_0_1.a(X_PWM.o)
 .debug_info    0x00004c1a      0x2ad .\CortexM3\ARM_GCC_541\Debug\3HC_Firmware_0_1.a(I2C_Module.o)
 .debug_info    0x00004ec7      0x184 .\CortexM3\ARM_GCC_541\Debug\3HC_Firmware_0_1.a(I2C_Module_INT.o)
 .debug_info    0x0000504b      0x207 .\CortexM3\ARM_GCC_541\Debug\3HC_Firmware_0_1.a(I2C_Module_PM.o)
 .debug_info    0x00005252      0x407 .\CortexM3\ARM_GCC_541\Debug\3HC_Firmware_0_1.a(I2C_Module_MASTER.o)
 .debug_info    0x00005659      0x991 .\CortexM3\ARM_GCC_541\Debug\3HC_Firmware_0_1.a(USBUART.o)
 .debug_info    0x00005fea      0x655 .\CortexM3\ARM_GCC_541\Debug\3HC_Firmware_0_1.a(USBUART_drv.o)
 .debug_info    0x0000663f      0x254 .\CortexM3\ARM_GCC_541\Debug\3HC_Firmware_0_1.a(USBUART_episr.o)
 .debug_info    0x00006893      0x2e4 .\CortexM3\ARM_GCC_541\Debug\3HC_Firmware_0_1.a(USBUART_pm.o)
 .debug_info    0x00006b77      0xb26 .\CortexM3\ARM_GCC_541\Debug\3HC_Firmware_0_1.a(USBUART_std.o)
 .debug_info    0x0000769d       0xed .\CortexM3\ARM_GCC_541\Debug\3HC_Firmware_0_1.a(USBUART_vnd.o)
 .debug_info    0x0000778a      0x174 .\CortexM3\ARM_GCC_541\Debug\3HC_Firmware_0_1.a(USBUART_Dp.o)
 .debug_info    0x000078fe      0xbee .\CortexM3\ARM_GCC_541\Debug\3HC_Firmware_0_1.a(ADC.o)
 .debug_info    0x000084ec       0xd3 .\CortexM3\ARM_GCC_541\Debug\3HC_Firmware_0_1.a(ADC_INT.o)
 .debug_info    0x000085bf      0x165 .\CortexM3\ARM_GCC_541\Debug\3HC_Firmware_0_1.a(ADC_AMux.o)
 .debug_info    0x00008724      0x283 .\CortexM3\ARM_GCC_541\Debug\3HC_Firmware_0_1.a(ADC_Ext_CP_Clk.o)
 .debug_info    0x000089a7      0x2c4 .\CortexM3\ARM_GCC_541\Debug\3HC_Firmware_0_1.a(ADC_theACLK.o)
 .debug_info    0x00008c6b       0x9d .\CortexM3\ARM_GCC_541\Debug\3HC_Firmware_0_1.a(CyBootAsmGnu.o)
 .debug_info    0x00008d08      0x64d .\CortexM3\ARM_GCC_541\Debug\3HC_Firmware_0_1.a(CyFlash.o)
 .debug_info    0x00009355      0x550 .\CortexM3\ARM_GCC_541\Debug\3HC_Firmware_0_1.a(CySpc.o)
 .debug_info    0x000098a5      0xaf7 .\CortexM3\ARM_GCC_541\Debug\3HC_Firmware_0_1.a(USBUART_cdc.o)
 .debug_info    0x0000a39c      0x1de .\CortexM3\ARM_GCC_541\Debug\3HC_Firmware_0_1.a(USBUART_cls.o)
 .debug_info    0x0000a57a      0x2a3 .\CortexM3\ARM_GCC_541\Debug\3HC_Firmware_0_1.a(USBUART_descr.o)

.debug_abbrev   0x00000000     0x2c41
 *(.debug_abbrev)
 .debug_abbrev  0x00000000      0x107 .\CortexM3\ARM_GCC_541\Debug\main.o
 .debug_abbrev  0x00000107       0xd6 .\CortexM3\ARM_GCC_541\Debug\I2C.o
 .debug_abbrev  0x000001dd       0xc9 .\CortexM3\ARM_GCC_541\Debug\MPU9250.o
 .debug_abbrev  0x000002a6      0x21e .\CortexM3\ARM_GCC_541\Debug\cyfitter_cfg.o
 .debug_abbrev  0x000004c4       0x77 .\CortexM3\ARM_GCC_541\Debug\cymetadata.o
 .debug_abbrev  0x0000053b      0x1e8 .\CortexM3\ARM_GCC_541\Debug\Cm3Start.o
 .debug_abbrev  0x00000723      0x157 .\CortexM3\ARM_GCC_541\Debug\3HC_Firmware_0_1.a(LCD.o)
 .debug_abbrev  0x0000087a      0x128 .\CortexM3\ARM_GCC_541\Debug\3HC_Firmware_0_1.a(QuadDec.o)
 .debug_abbrev  0x000009a2       0x78 .\CortexM3\ARM_GCC_541\Debug\3HC_Firmware_0_1.a(QuadDec_INT.o)
 .debug_abbrev  0x00000a1a      0x117 .\CortexM3\ARM_GCC_541\Debug\3HC_Firmware_0_1.a(QuadDec_Cnt16.o)
 .debug_abbrev  0x00000b31      0x254 .\CortexM3\ARM_GCC_541\Debug\3HC_Firmware_0_1.a(CyLib.o)
 .debug_abbrev  0x00000d85      0x1ab .\CortexM3\ARM_GCC_541\Debug\3HC_Firmware_0_1.a(cyPm.o)
 .debug_abbrev  0x00000f30      0x173 .\CortexM3\ARM_GCC_541\Debug\3HC_Firmware_0_1.a(UPDATE_UI.o)
 .debug_abbrev  0x000010a3      0x11a .\CortexM3\ARM_GCC_541\Debug\3HC_Firmware_0_1.a(UpdateTimer_UI.o)
 .debug_abbrev  0x000011bd      0x133 .\CortexM3\ARM_GCC_541\Debug\3HC_Firmware_0_1.a(X_PWM.o)
 .debug_abbrev  0x000012f0      0x10a .\CortexM3\ARM_GCC_541\Debug\3HC_Firmware_0_1.a(I2C_Module.o)
 .debug_abbrev  0x000013fa       0xb6 .\CortexM3\ARM_GCC_541\Debug\3HC_Firmware_0_1.a(I2C_Module_INT.o)
 .debug_abbrev  0x000014b0       0xfe .\CortexM3\ARM_GCC_541\Debug\3HC_Firmware_0_1.a(I2C_Module_PM.o)
 .debug_abbrev  0x000015ae      0x13c .\CortexM3\ARM_GCC_541\Debug\3HC_Firmware_0_1.a(I2C_Module_MASTER.o)
 .debug_abbrev  0x000016ea      0x215 .\CortexM3\ARM_GCC_541\Debug\3HC_Firmware_0_1.a(USBUART.o)
 .debug_abbrev  0x000018ff      0x189 .\CortexM3\ARM_GCC_541\Debug\3HC_Firmware_0_1.a(USBUART_drv.o)
 .debug_abbrev  0x00001a88      0x11b .\CortexM3\ARM_GCC_541\Debug\3HC_Firmware_0_1.a(USBUART_episr.o)
 .debug_abbrev  0x00001ba3      0x108 .\CortexM3\ARM_GCC_541\Debug\3HC_Firmware_0_1.a(USBUART_pm.o)
 .debug_abbrev  0x00001cab      0x20a .\CortexM3\ARM_GCC_541\Debug\3HC_Firmware_0_1.a(USBUART_std.o)
 .debug_abbrev  0x00001eb5       0x9b .\CortexM3\ARM_GCC_541\Debug\3HC_Firmware_0_1.a(USBUART_vnd.o)
 .debug_abbrev  0x00001f50       0x90 .\CortexM3\ARM_GCC_541\Debug\3HC_Firmware_0_1.a(USBUART_Dp.o)
 .debug_abbrev  0x00001fe0      0x1eb .\CortexM3\ARM_GCC_541\Debug\3HC_Firmware_0_1.a(ADC.o)
 .debug_abbrev  0x000021cb       0x42 .\CortexM3\ARM_GCC_541\Debug\3HC_Firmware_0_1.a(ADC_INT.o)
 .debug_abbrev  0x0000220d       0xb1 .\CortexM3\ARM_GCC_541\Debug\3HC_Firmware_0_1.a(ADC_AMux.o)
 .debug_abbrev  0x000022be      0x139 .\CortexM3\ARM_GCC_541\Debug\3HC_Firmware_0_1.a(ADC_Ext_CP_Clk.o)
 .debug_abbrev  0x000023f7      0x121 .\CortexM3\ARM_GCC_541\Debug\3HC_Firmware_0_1.a(ADC_theACLK.o)
 .debug_abbrev  0x00002518       0x14 .\CortexM3\ARM_GCC_541\Debug\3HC_Firmware_0_1.a(CyBootAsmGnu.o)
 .debug_abbrev  0x0000252c      0x1a7 .\CortexM3\ARM_GCC_541\Debug\3HC_Firmware_0_1.a(CyFlash.o)
 .debug_abbrev  0x000026d3      0x194 .\CortexM3\ARM_GCC_541\Debug\3HC_Firmware_0_1.a(CySpc.o)
 .debug_abbrev  0x00002867      0x245 .\CortexM3\ARM_GCC_541\Debug\3HC_Firmware_0_1.a(USBUART_cdc.o)
 .debug_abbrev  0x00002aac       0xe1 .\CortexM3\ARM_GCC_541\Debug\3HC_Firmware_0_1.a(USBUART_cls.o)
 .debug_abbrev  0x00002b8d       0xb4 .\CortexM3\ARM_GCC_541\Debug\3HC_Firmware_0_1.a(USBUART_descr.o)

.debug_line     0x00000000     0x40ee
 *(.debug_line)
 .debug_line    0x00000000      0x261 .\CortexM3\ARM_GCC_541\Debug\main.o
 .debug_line    0x00000261      0x1bc .\CortexM3\ARM_GCC_541\Debug\I2C.o
 .debug_line    0x0000041d       0xff .\CortexM3\ARM_GCC_541\Debug\MPU9250.o
 .debug_line    0x0000051c      0x208 .\CortexM3\ARM_GCC_541\Debug\cyfitter_cfg.o
 .debug_line    0x00000724      0x141 .\CortexM3\ARM_GCC_541\Debug\cymetadata.o
 .debug_line    0x00000865      0x234 .\CortexM3\ARM_GCC_541\Debug\Cm3Start.o
 .debug_line    0x00000a99      0x1dc .\CortexM3\ARM_GCC_541\Debug\3HC_Firmware_0_1.a(LCD.o)
 .debug_line    0x00000c75      0x137 .\CortexM3\ARM_GCC_541\Debug\3HC_Firmware_0_1.a(QuadDec.o)
 .debug_line    0x00000dac       0x6a .\CortexM3\ARM_GCC_541\Debug\3HC_Firmware_0_1.a(QuadDec_INT.o)
 .debug_line    0x00000e16      0x18d .\CortexM3\ARM_GCC_541\Debug\3HC_Firmware_0_1.a(QuadDec_Cnt16.o)
 .debug_line    0x00000fa3      0x816 .\CortexM3\ARM_GCC_541\Debug\3HC_Firmware_0_1.a(CyLib.o)
 .debug_line    0x000017b9      0x367 .\CortexM3\ARM_GCC_541\Debug\3HC_Firmware_0_1.a(cyPm.o)
 .debug_line    0x00001b20      0x136 .\CortexM3\ARM_GCC_541\Debug\3HC_Firmware_0_1.a(UPDATE_UI.o)
 .debug_line    0x00001c56      0x15c .\CortexM3\ARM_GCC_541\Debug\3HC_Firmware_0_1.a(UpdateTimer_UI.o)
 .debug_line    0x00001db2      0x188 .\CortexM3\ARM_GCC_541\Debug\3HC_Firmware_0_1.a(X_PWM.o)
 .debug_line    0x00001f3a       0xee .\CortexM3\ARM_GCC_541\Debug\3HC_Firmware_0_1.a(I2C_Module.o)
 .debug_line    0x00002028      0x122 .\CortexM3\ARM_GCC_541\Debug\3HC_Firmware_0_1.a(I2C_Module_INT.o)
 .debug_line    0x0000214a       0xc9 .\CortexM3\ARM_GCC_541\Debug\3HC_Firmware_0_1.a(I2C_Module_PM.o)
 .debug_line    0x00002213      0x20b .\CortexM3\ARM_GCC_541\Debug\3HC_Firmware_0_1.a(I2C_Module_MASTER.o)
 .debug_line    0x0000241e      0x2dc .\CortexM3\ARM_GCC_541\Debug\3HC_Firmware_0_1.a(USBUART.o)
 .debug_line    0x000026fa      0x221 .\CortexM3\ARM_GCC_541\Debug\3HC_Firmware_0_1.a(USBUART_drv.o)
 .debug_line    0x0000291b       0xe6 .\CortexM3\ARM_GCC_541\Debug\3HC_Firmware_0_1.a(USBUART_episr.o)
 .debug_line    0x00002a01      0x10e .\CortexM3\ARM_GCC_541\Debug\3HC_Firmware_0_1.a(USBUART_pm.o)
 .debug_line    0x00002b0f      0x3e2 .\CortexM3\ARM_GCC_541\Debug\3HC_Firmware_0_1.a(USBUART_std.o)
 .debug_line    0x00002ef1       0x73 .\CortexM3\ARM_GCC_541\Debug\3HC_Firmware_0_1.a(USBUART_vnd.o)
 .debug_line    0x00002f64       0xbb .\CortexM3\ARM_GCC_541\Debug\3HC_Firmware_0_1.a(USBUART_Dp.o)
 .debug_line    0x0000301f      0x3c1 .\CortexM3\ARM_GCC_541\Debug\3HC_Firmware_0_1.a(ADC.o)
 .debug_line    0x000033e0       0x80 .\CortexM3\ARM_GCC_541\Debug\3HC_Firmware_0_1.a(ADC_INT.o)
 .debug_line    0x00003460       0xac .\CortexM3\ARM_GCC_541\Debug\3HC_Firmware_0_1.a(ADC_AMux.o)
 .debug_line    0x0000350c      0x17d .\CortexM3\ARM_GCC_541\Debug\3HC_Firmware_0_1.a(ADC_Ext_CP_Clk.o)
 .debug_line    0x00003689      0x19d .\CortexM3\ARM_GCC_541\Debug\3HC_Firmware_0_1.a(ADC_theACLK.o)
 .debug_line    0x00003826       0x66 .\CortexM3\ARM_GCC_541\Debug\3HC_Firmware_0_1.a(CyBootAsmGnu.o)
 .debug_line    0x0000388c      0x21a .\CortexM3\ARM_GCC_541\Debug\3HC_Firmware_0_1.a(CyFlash.o)
 .debug_line    0x00003aa6      0x260 .\CortexM3\ARM_GCC_541\Debug\3HC_Firmware_0_1.a(CySpc.o)
 .debug_line    0x00003d06      0x2f2 .\CortexM3\ARM_GCC_541\Debug\3HC_Firmware_0_1.a(USBUART_cdc.o)
 .debug_line    0x00003ff8       0x95 .\CortexM3\ARM_GCC_541\Debug\3HC_Firmware_0_1.a(USBUART_cls.o)
 .debug_line    0x0000408d       0x61 .\CortexM3\ARM_GCC_541\Debug\3HC_Firmware_0_1.a(USBUART_descr.o)

.debug_frame    0x00000000     0x316c
 *(.debug_frame)
 .debug_frame   0x00000000       0x3c .\CortexM3\ARM_GCC_541\Debug\main.o
 .debug_frame   0x0000003c       0x8c .\CortexM3\ARM_GCC_541\Debug\I2C.o
 .debug_frame   0x000000c8      0x128 .\CortexM3\ARM_GCC_541\Debug\MPU9250.o
 .debug_frame   0x000001f0      0x104 .\CortexM3\ARM_GCC_541\Debug\cyfitter_cfg.o
 .debug_frame   0x000002f4       0xb8 .\CortexM3\ARM_GCC_541\Debug\Cm3Start.o
 .debug_frame   0x000003ac      0x1e8 .\CortexM3\ARM_GCC_541\Debug\3HC_Firmware_0_1.a(LCD.o)
 .debug_frame   0x00000594       0xec .\CortexM3\ARM_GCC_541\Debug\3HC_Firmware_0_1.a(QuadDec.o)
 .debug_frame   0x00000680       0x20 .\CortexM3\ARM_GCC_541\Debug\3HC_Firmware_0_1.a(QuadDec_INT.o)
 .debug_frame   0x000006a0      0x134 .\CortexM3\ARM_GCC_541\Debug\3HC_Firmware_0_1.a(QuadDec_Cnt16.o)
 .debug_frame   0x000007d4      0x738 .\CortexM3\ARM_GCC_541\Debug\3HC_Firmware_0_1.a(CyLib.o)
 .debug_frame   0x00000f0c      0x1f8 .\CortexM3\ARM_GCC_541\Debug\3HC_Firmware_0_1.a(cyPm.o)
 .debug_frame   0x00001104      0x104 .\CortexM3\ARM_GCC_541\Debug\3HC_Firmware_0_1.a(UPDATE_UI.o)
 .debug_frame   0x00001208      0x108 .\CortexM3\ARM_GCC_541\Debug\3HC_Firmware_0_1.a(UpdateTimer_UI.o)
 .debug_frame   0x00001310      0x134 .\CortexM3\ARM_GCC_541\Debug\3HC_Firmware_0_1.a(X_PWM.o)
 .debug_frame   0x00001444       0x94 .\CortexM3\ARM_GCC_541\Debug\3HC_Firmware_0_1.a(I2C_Module.o)
 .debug_frame   0x000014d8       0x30 .\CortexM3\ARM_GCC_541\Debug\3HC_Firmware_0_1.a(I2C_Module_INT.o)
 .debug_frame   0x00001508       0x74 .\CortexM3\ARM_GCC_541\Debug\3HC_Firmware_0_1.a(I2C_Module_PM.o)
 .debug_frame   0x0000157c      0x138 .\CortexM3\ARM_GCC_541\Debug\3HC_Firmware_0_1.a(I2C_Module_MASTER.o)
 .debug_frame   0x000016b4      0x1dc .\CortexM3\ARM_GCC_541\Debug\3HC_Firmware_0_1.a(USBUART.o)
 .debug_frame   0x00001890      0x194 .\CortexM3\ARM_GCC_541\Debug\3HC_Firmware_0_1.a(USBUART_drv.o)
 .debug_frame   0x00001a24       0x6c .\CortexM3\ARM_GCC_541\Debug\3HC_Firmware_0_1.a(USBUART_episr.o)
 .debug_frame   0x00001a90       0xa0 .\CortexM3\ARM_GCC_541\Debug\3HC_Firmware_0_1.a(USBUART_pm.o)
 .debug_frame   0x00001b30      0x17c .\CortexM3\ARM_GCC_541\Debug\3HC_Firmware_0_1.a(USBUART_std.o)
 .debug_frame   0x00001cac       0x20 .\CortexM3\ARM_GCC_541\Debug\3HC_Firmware_0_1.a(USBUART_vnd.o)
 .debug_frame   0x00001ccc       0x70 .\CortexM3\ARM_GCC_541\Debug\3HC_Firmware_0_1.a(USBUART_Dp.o)
 .debug_frame   0x00001d3c      0x284 .\CortexM3\ARM_GCC_541\Debug\3HC_Firmware_0_1.a(ADC.o)
 .debug_frame   0x00001fc0       0x50 .\CortexM3\ARM_GCC_541\Debug\3HC_Firmware_0_1.a(ADC_INT.o)
 .debug_frame   0x00002010       0x64 .\CortexM3\ARM_GCC_541\Debug\3HC_Firmware_0_1.a(ADC_AMux.o)
 .debug_frame   0x00002074       0xe0 .\CortexM3\ARM_GCC_541\Debug\3HC_Firmware_0_1.a(ADC_Ext_CP_Clk.o)
 .debug_frame   0x00002154      0x100 .\CortexM3\ARM_GCC_541\Debug\3HC_Firmware_0_1.a(ADC_theACLK.o)
 .debug_frame   0x00002254      0x194 .\CortexM3\ARM_GCC_541\Debug\3HC_Firmware_0_1.a(CyFlash.o)
 .debug_frame   0x000023e8      0x180 .\CortexM3\ARM_GCC_541\Debug\3HC_Firmware_0_1.a(CySpc.o)
 .debug_frame   0x00002568      0x27c .\CortexM3\ARM_GCC_541\Debug\3HC_Firmware_0_1.a(USBUART_cdc.o)
 .debug_frame   0x000027e4       0x2c .\CortexM3\ARM_GCC_541\Debug\3HC_Firmware_0_1.a(USBUART_cls.o)
 .debug_frame   0x00002810       0x20 c:/program files (x86)/cypress/psoc creator/4.2/psoc creator/import/gnu/arm/5.4.1/bin/../lib/gcc/arm-none-eabi/5.4.1/../../../../arm-none-eabi/lib/armv7-m\libg.a(lib_a-errno.o)
 .debug_frame   0x00002830       0x28 c:/program files (x86)/cypress/psoc creator/4.2/psoc creator/import/gnu/arm/5.4.1/bin/../lib/gcc/arm-none-eabi/5.4.1/../../../../arm-none-eabi/lib/armv7-m\libg.a(lib_a-exit.o)
 .debug_frame   0x00002858       0x2c c:/program files (x86)/cypress/psoc creator/4.2/psoc creator/import/gnu/arm/5.4.1/bin/../lib/gcc/arm-none-eabi/5.4.1/../../../../arm-none-eabi/lib/armv7-m\libg.a(lib_a-init.o)
 .debug_frame   0x00002884       0x34 c:/program files (x86)/cypress/psoc creator/4.2/psoc creator/import/gnu/arm/5.4.1/bin/../lib/gcc/arm-none-eabi/5.4.1/../../../../arm-none-eabi/lib/armv7-m\libg.a(lib_a-memset.o)
 .debug_frame   0x000028b8       0x84 c:/program files (x86)/cypress/psoc creator/4.2/psoc creator/import/gnu/arm/5.4.1/bin/../lib/gcc/arm-none-eabi/5.4.1/../../../../arm-none-eabi/lib/armv7-m\libg.a(lib_a-sprintf.o)
 .debug_frame   0x0000293c       0x44 c:/program files (x86)/cypress/psoc creator/4.2/psoc creator/import/gnu/arm/5.4.1/bin/../lib/gcc/arm-none-eabi/5.4.1/../../../../arm-none-eabi/lib/armv7-m\libg.a(lib_a-svfprintf.o)
 .debug_frame   0x00002980       0x50 c:/program files (x86)/cypress/psoc creator/4.2/psoc creator/import/gnu/arm/5.4.1/bin/../lib/gcc/arm-none-eabi/5.4.1/../../../../arm-none-eabi/lib/armv7-m\libg.a(lib_a-__call_atexit.o)
 .debug_frame   0x000029d0       0x20 c:/program files (x86)/cypress/psoc creator/4.2/psoc creator/import/gnu/arm/5.4.1/bin/../lib/gcc/arm-none-eabi/5.4.1/../../../../arm-none-eabi/lib/armv7-m\libg.a(lib_a-atexit.o)
 .debug_frame   0x000029f0       0x84 c:/program files (x86)/cypress/psoc creator/4.2/psoc creator/import/gnu/arm/5.4.1/bin/../lib/gcc/arm-none-eabi/5.4.1/../../../../arm-none-eabi/lib/armv7-m\libg.a(lib_a-dtoa.o)
 .debug_frame   0x00002a74       0x34 c:/program files (x86)/cypress/psoc creator/4.2/psoc creator/import/gnu/arm/5.4.1/bin/../lib/gcc/arm-none-eabi/5.4.1/../../../../arm-none-eabi/lib/armv7-m\libg.a(lib_a-fini.o)
 .debug_frame   0x00002aa8       0x9c c:/program files (x86)/cypress/psoc creator/4.2/psoc creator/import/gnu/arm/5.4.1/bin/../lib/gcc/arm-none-eabi/5.4.1/../../../../arm-none-eabi/lib/armv7-m\libg.a(lib_a-locale.o)
 .debug_frame   0x00002b44       0x54 c:/program files (x86)/cypress/psoc creator/4.2/psoc creator/import/gnu/arm/5.4.1/bin/../lib/gcc/arm-none-eabi/5.4.1/../../../../arm-none-eabi/lib/armv7-m\libg.a(lib_a-mallocr.o)
 .debug_frame   0x00002b98       0x34 c:/program files (x86)/cypress/psoc creator/4.2/psoc creator/import/gnu/arm/5.4.1/bin/../lib/gcc/arm-none-eabi/5.4.1/../../../../arm-none-eabi/lib/armv7-m\libg.a(lib_a-memchr-stub.o)
 .debug_frame   0x00002bcc       0x30 c:/program files (x86)/cypress/psoc creator/4.2/psoc creator/import/gnu/arm/5.4.1/bin/../lib/gcc/arm-none-eabi/5.4.1/../../../../arm-none-eabi/lib/armv7-m\libg.a(lib_a-mlock.o)
 .debug_frame   0x00002bfc      0x264 c:/program files (x86)/cypress/psoc creator/4.2/psoc creator/import/gnu/arm/5.4.1/bin/../lib/gcc/arm-none-eabi/5.4.1/../../../../arm-none-eabi/lib/armv7-m\libg.a(lib_a-mprec.o)
 .debug_frame   0x00002e60       0x2c c:/program files (x86)/cypress/psoc creator/4.2/psoc creator/import/gnu/arm/5.4.1/bin/../lib/gcc/arm-none-eabi/5.4.1/../../../../arm-none-eabi/lib/armv7-m\libg.a(lib_a-sbrkr.o)
 .debug_frame   0x00002e8c       0x34 c:/program files (x86)/cypress/psoc creator/4.2/psoc creator/import/gnu/arm/5.4.1/bin/../lib/gcc/arm-none-eabi/5.4.1/../../../../arm-none-eabi/lib/armv7-m\libg.a(lib_a-strcmp.o)
 .debug_frame   0x00002ec0       0x20 c:/program files (x86)/cypress/psoc creator/4.2/psoc creator/import/gnu/arm/5.4.1/bin/../lib/gcc/arm-none-eabi/5.4.1/../../../../arm-none-eabi/lib/armv7-m\libg.a(lib_a-strlen-stub.o)
 .debug_frame   0x00002ee0       0x78 c:/program files (x86)/cypress/psoc creator/4.2/psoc creator/import/gnu/arm/5.4.1/bin/../lib/gcc/arm-none-eabi/5.4.1/../../../../arm-none-eabi/lib/armv7-m\libg.a(lib_a-svfiprintf.o)
 .debug_frame   0x00002f58       0x34 c:/program files (x86)/cypress/psoc creator/4.2/psoc creator/import/gnu/arm/5.4.1/bin/../lib/gcc/arm-none-eabi/5.4.1/../../../../arm-none-eabi/lib/armv7-m\libg.a(lib_a-__atexit.o)
 .debug_frame   0x00002f8c       0x28 c:/program files (x86)/cypress/psoc creator/4.2/psoc creator/import/gnu/arm/5.4.1/bin/../lib/gcc/arm-none-eabi/5.4.1/../../../../arm-none-eabi/lib/armv7-m\libg.a(lib_a-callocr.o)
 .debug_frame   0x00002fb4       0x74 c:/program files (x86)/cypress/psoc creator/4.2/psoc creator/import/gnu/arm/5.4.1/bin/../lib/gcc/arm-none-eabi/5.4.1/../../../../arm-none-eabi/lib/armv7-m\libg.a(lib_a-freer.o)
 .debug_frame   0x00003028       0x30 c:/program files (x86)/cypress/psoc creator/4.2/psoc creator/import/gnu/arm/5.4.1/bin/../lib/gcc/arm-none-eabi/5.4.1/../../../../arm-none-eabi/lib/armv7-m\libg.a(lib_a-memmove.o)
 .debug_frame   0x00003058       0x58 c:/program files (x86)/cypress/psoc creator/4.2/psoc creator/import/gnu/arm/5.4.1/bin/../lib/gcc/arm-none-eabi/5.4.1/../../../../arm-none-eabi/lib/armv7-m\libg.a(lib_a-reallocr.o)
 .debug_frame   0x000030b0       0x58 c:/program files (x86)/cypress/psoc creator/4.2/psoc creator/import/gnu/arm/5.4.1/bin/../lib/gcc/arm-none-eabi/5.4.1/../../../../arm-none-eabi/lib/armv7-m\libg.a(lib_a-reent.o)
 .debug_frame   0x00003108       0x2c c:/program files (x86)/cypress/psoc creator/4.2/psoc creator/import/gnu/arm/5.4.1/bin/../lib/gcc/arm-none-eabi/5.4.1/armv7-m\libgcc.a(_aeabi_uldivmod.o)
 .debug_frame   0x00003134       0x38 c:/program files (x86)/cypress/psoc creator/4.2/psoc creator/import/gnu/arm/5.4.1/bin/../lib/gcc/arm-none-eabi/5.4.1/armv7-m\libgcc.a(_udivmoddi4.o)

.debug_str      0x00000000     0x3bf1
 *(.debug_str)
 .debug_str     0x00000000      0x2d1 .\CortexM3\ARM_GCC_541\Debug\main.o
                                0x319 (size before relaxing)
 .debug_str     0x000002d1      0x121 .\CortexM3\ARM_GCC_541\Debug\I2C.o
                                0x2d4 (size before relaxing)
 .debug_str     0x000003f2      0x27f .\CortexM3\ARM_GCC_541\Debug\MPU9250.o
                                0x3b9 (size before relaxing)
 .debug_str     0x00000671      0x1cd .\CortexM3\ARM_GCC_541\Debug\cyfitter_cfg.o
                                0x36e (size before relaxing)
 .debug_str     0x0000083e       0x7f .\CortexM3\ARM_GCC_541\Debug\cymetadata.o
                                0x1f1 (size before relaxing)
 .debug_str     0x000008bd      0x13e .\CortexM3\ARM_GCC_541\Debug\Cm3Start.o
                                0x317 (size before relaxing)
 .debug_str     0x000009fb      0x14b .\CortexM3\ARM_GCC_541\Debug\3HC_Firmware_0_1.a(LCD.o)
                                0x338 (size before relaxing)
 .debug_str     0x00000b46      0x197 .\CortexM3\ARM_GCC_541\Debug\3HC_Firmware_0_1.a(QuadDec.o)
                                0x377 (size before relaxing)
 .debug_str     0x00000cdd       0x42 .\CortexM3\ARM_GCC_541\Debug\3HC_Firmware_0_1.a(QuadDec_INT.o)
                                0x1f3 (size before relaxing)
 .debug_str     0x00000d1f      0x1d4 .\CortexM3\ARM_GCC_541\Debug\3HC_Firmware_0_1.a(QuadDec_Cnt16.o)
                                0x3fd (size before relaxing)
 .debug_str     0x00000ef3      0x7cc .\CortexM3\ARM_GCC_541\Debug\3HC_Firmware_0_1.a(CyLib.o)
                                0xa54 (size before relaxing)
 .debug_str     0x000016bf      0x365 .\CortexM3\ARM_GCC_541\Debug\3HC_Firmware_0_1.a(cyPm.o)
                                0x740 (size before relaxing)
 .debug_str     0x00001a24       0xf6 .\CortexM3\ARM_GCC_541\Debug\3HC_Firmware_0_1.a(UPDATE_UI.o)
                                0x2eb (size before relaxing)
 .debug_str     0x00001b1a      0x1c6 .\CortexM3\ARM_GCC_541\Debug\3HC_Firmware_0_1.a(UpdateTimer_UI.o)
                                0x392 (size before relaxing)
 .debug_str     0x00001ce0      0x14d .\CortexM3\ARM_GCC_541\Debug\3HC_Firmware_0_1.a(X_PWM.o)
                                0x36b (size before relaxing)
 .debug_str     0x00001e2d      0x11a .\CortexM3\ARM_GCC_541\Debug\3HC_Firmware_0_1.a(I2C_Module.o)
                                0x342 (size before relaxing)
 .debug_str     0x00001f47       0xb7 .\CortexM3\ARM_GCC_541\Debug\3HC_Firmware_0_1.a(I2C_Module_INT.o)
                                0x2b9 (size before relaxing)
 .debug_str     0x00001ffe       0x79 .\CortexM3\ARM_GCC_541\Debug\3HC_Firmware_0_1.a(I2C_Module_PM.o)
                                0x2c9 (size before relaxing)
 .debug_str     0x00002077      0x14b .\CortexM3\ARM_GCC_541\Debug\3HC_Firmware_0_1.a(I2C_Module_MASTER.o)
                                0x452 (size before relaxing)