Archive member included to satisfy reference by file (symbol)

.\CortexM3\ARM_GCC_541\Debug\3HC_Firmware_0_1.a(LCD.o)
                              .\CortexM3\ARM_GCC_541\Debug\main.o (LCD_PrintString)
.\CortexM3\ARM_GCC_541\Debug\3HC_Firmware_0_1.a(QuadDec.o)
                              .\CortexM3\ARM_GCC_541\Debug\main.o (QuadDec_GetCounter)
.\CortexM3\ARM_GCC_541\Debug\3HC_Firmware_0_1.a(QuadDec_INT.o)
                              .\CortexM3\ARM_GCC_541\Debug\3HC_Firmware_0_1.a(QuadDec.o) (QuadDec_ISR)
.\CortexM3\ARM_GCC_541\Debug\3HC_Firmware_0_1.a(QuadDec_Cnt16.o)
                              .\CortexM3\ARM_GCC_541\Debug\3HC_Firmware_0_1.a(QuadDec.o) (QuadDec_Cnt16_Stop)
.\CortexM3\ARM_GCC_541\Debug\3HC_Firmware_0_1.a(CyLib.o)
                              .\CortexM3\ARM_GCC_541\Debug\Cm3Start.o (CyHalt)
.\CortexM3\ARM_GCC_541\Debug\3HC_Firmware_0_1.a(cyPm.o)
                              .\CortexM3\ARM_GCC_541\Debug\3HC_Firmware_0_1.a(CyLib.o) (CyPmReadStatus)
.\CortexM3\ARM_GCC_541\Debug\3HC_Firmware_0_1.a(UPDATE_UI.o)
                              .\CortexM3\ARM_GCC_541\Debug\main.o (UPDATE_UI_SetPriority)
.\CortexM3\ARM_GCC_541\Debug\3HC_Firmware_0_1.a(UpdateTimer_UI.o)
                              .\CortexM3\ARM_GCC_541\Debug\main.o (UpdateTimer_UI_Start)
.\CortexM3\ARM_GCC_541\Debug\3HC_Firmware_0_1.a(CyBootAsmGnu.o)
                              .\CortexM3\ARM_GCC_541\Debug\cyfitter_cfg.o (CyDelayCycles)
.\CortexM3\ARM_GCC_541\Debug\3HC_Firmware_0_1.a(CyFlash.o)
                              .\CortexM3\ARM_GCC_541\Debug\3HC_Firmware_0_1.a(cyPm.o) (CyFlash_SetWaitCycles)
.\CortexM3\ARM_GCC_541\Debug\3HC_Firmware_0_1.a(CySpc.o)
                              .\CortexM3\ARM_GCC_541\Debug\3HC_Firmware_0_1.a(CyFlash.o) (CySpcStart)
c:/program files (x86)/cypress/psoc creator/4.2/psoc creator/import/gnu/arm/5.4.1/bin/../lib/gcc/arm-none-eabi/5.4.1/../../../../arm-none-eabi/lib/armv7-m\libg_nano.a(lib_a-errno.o)
                              .\CortexM3\ARM_GCC_541\Debug\Cm3Start.o (__errno)
c:/program files (x86)/cypress/psoc creator/4.2/psoc creator/import/gnu/arm/5.4.1/bin/../lib/gcc/arm-none-eabi/5.4.1/../../../../arm-none-eabi/lib/armv7-m\libg_nano.a(lib_a-exit.o)
                              c:/program files (x86)/cypress/psoc creator/4.2/psoc creator/import/gnu/arm/5.4.1/bin/../lib/gcc/arm-none-eabi/5.4.1/../../../../arm-none-eabi/lib/armv7-m/crt0.o (exit)
c:/program files (x86)/cypress/psoc creator/4.2/psoc creator/import/gnu/arm/5.4.1/bin/../lib/gcc/arm-none-eabi/5.4.1/../../../../arm-none-eabi/lib/armv7-m\libg_nano.a(lib_a-impure.o)
                              c:/program files (x86)/cypress/psoc creator/4.2/psoc creator/import/gnu/arm/5.4.1/bin/../lib/gcc/arm-none-eabi/5.4.1/../../../../arm-none-eabi/lib/armv7-m\libg_nano.a(lib_a-exit.o) (_global_impure_ptr)
c:/program files (x86)/cypress/psoc creator/4.2/psoc creator/import/gnu/arm/5.4.1/bin/../lib/gcc/arm-none-eabi/5.4.1/../../../../arm-none-eabi/lib/armv7-m\libg_nano.a(lib_a-init.o)
                              c:/program files (x86)/cypress/psoc creator/4.2/psoc creator/import/gnu/arm/5.4.1/bin/../lib/gcc/arm-none-eabi/5.4.1/../../../../arm-none-eabi/lib/armv7-m/crt0.o (__libc_init_array)
c:/program files (x86)/cypress/psoc creator/4.2/psoc creator/import/gnu/arm/5.4.1/bin/../lib/gcc/arm-none-eabi/5.4.1/../../../../arm-none-eabi/lib/armv7-m\libg_nano.a(lib_a-memcpy-stub.o)
                              .\CortexM3\ARM_GCC_541\Debug\cyfitter_cfg.o (memcpy)
c:/program files (x86)/cypress/psoc creator/4.2/psoc creator/import/gnu/arm/5.4.1/bin/../lib/gcc/arm-none-eabi/5.4.1/../../../../arm-none-eabi/lib/armv7-m\libg_nano.a(lib_a-memset.o)
                              c:/program files (x86)/cypress/psoc creator/4.2/psoc creator/import/gnu/arm/5.4.1/bin/../lib/gcc/arm-none-eabi/5.4.1/../../../../arm-none-eabi/lib/armv7-m/crt0.o (memset)

Allocating common symbols
Common symbol       size              file

LCD_MSG             0x20              .\CortexM3\ARM_GCC_541\Debug\main.o
dieTemperature      0x2               .\CortexM3\ARM_GCC_541\Debug\3HC_Firmware_0_1.a(CyFlash.o)

Discarded input sections

 .text          0x00000000        0x0 c:/program files (x86)/cypress/psoc creator/4.2/psoc creator/import/gnu/arm/5.4.1/bin/../lib/gcc/arm-none-eabi/5.4.1/armv7-m/crti.o
 .data          0x00000000        0x0 c:/program files (x86)/cypress/psoc creator/4.2/psoc creator/import/gnu/arm/5.4.1/bin/../lib/gcc/arm-none-eabi/5.4.1/armv7-m/crti.o
 .bss           0x00000000        0x0 c:/program files (x86)/cypress/psoc creator/4.2/psoc creator/import/gnu/arm/5.4.1/bin/../lib/gcc/arm-none-eabi/5.4.1/armv7-m/crti.o
 .data          0x00000000        0x4 c:/program files (x86)/cypress/psoc creator/4.2/psoc creator/import/gnu/arm/5.4.1/bin/../lib/gcc/arm-none-eabi/5.4.1/armv7-m/crtbegin.o
 .text          0x00000000       0x74 c:/program files (x86)/cypress/psoc creator/4.2/psoc creator/import/gnu/arm/5.4.1/bin/../lib/gcc/arm-none-eabi/5.4.1/../../../../arm-none-eabi/lib/armv7-m/crt0.o
 .data          0x00000000        0x0 c:/program files (x86)/cypress/psoc creator/4.2/psoc creator/import/gnu/arm/5.4.1/bin/../lib/gcc/arm-none-eabi/5.4.1/../../../../arm-none-eabi/lib/armv7-m/crt0.o
 .bss           0x00000000        0x0 c:/program files (x86)/cypress/psoc creator/4.2/psoc creator/import/gnu/arm/5.4.1/bin/../lib/gcc/arm-none-eabi/5.4.1/../../../../arm-none-eabi/lib/armv7-m/crt0.o
 .ARM.extab     0x00000000        0x0 c:/program files (x86)/cypress/psoc creator/4.2/psoc creator/import/gnu/arm/5.4.1/bin/../lib/gcc/arm-none-eabi/5.4.1/../../../../arm-none-eabi/lib/armv7-m/crt0.o
 .ARM.exidx     0x00000000        0x8 c:/program files (x86)/cypress/psoc creator/4.2/psoc creator/import/gnu/arm/5.4.1/bin/../lib/gcc/arm-none-eabi/5.4.1/../../../../arm-none-eabi/lib/armv7-m/crt0.o
 .text          0x00000000        0x0 .\CortexM3\ARM_GCC_541\Debug\main.o
 .bss           0x00000000        0x0 .\CortexM3\ARM_GCC_541\Debug\main.o
 .text          0x00000000        0x0 .\CortexM3\ARM_GCC_541\Debug\cyfitter_cfg.o
 .data          0x00000000        0x0 .\CortexM3\ARM_GCC_541\Debug\cyfitter_cfg.o
 .bss           0x00000000        0x0 .\CortexM3\ARM_GCC_541\Debug\cyfitter_cfg.o
 .text.SetAnalogRoutingPumps
                0x00000000       0x10 .\CortexM3\ARM_GCC_541\Debug\cyfitter_cfg.o
 .text.ADC_DelSig_1_AMux_Set
                0x00000000       0x1c .\CortexM3\ARM_GCC_541\Debug\cyfitter_cfg.o
 .text.ADC_DelSig_1_AMux_Unset
                0x00000000       0x1c .\CortexM3\ARM_GCC_541\Debug\cyfitter_cfg.o
 .text          0x00000000        0x0 .\CortexM3\ARM_GCC_541\Debug\cymetadata.o
 .data          0x00000000        0x0 .\CortexM3\ARM_GCC_541\Debug\cymetadata.o
 .bss           0x00000000        0x0 .\CortexM3\ARM_GCC_541\Debug\cymetadata.o
 .text          0x00000000        0x0 .\CortexM3\ARM_GCC_541\Debug\Cm3Start.o
 .data          0x00000000        0x4 .\CortexM3\ARM_GCC_541\Debug\Cm3Start.o
 .bss           0x00000000        0x0 .\CortexM3\ARM_GCC_541\Debug\Cm3Start.o
 .text._exit    0x00000000        0xc .\CortexM3\ARM_GCC_541\Debug\Cm3Start.o
 .text._sbrk    0x00000000       0x30 .\CortexM3\ARM_GCC_541\Debug\Cm3Start.o
 .text          0x00000000        0x0 .\CortexM3\ARM_GCC_541\Debug\3HC_Firmware_0_1.a(LCD.o)
 .data          0x00000000        0x0 .\CortexM3\ARM_GCC_541\Debug\3HC_Firmware_0_1.a(LCD.o)
 .text.LCD_PutChar
                0x00000000        0x8 .\CortexM3\ARM_GCC_541\Debug\3HC_Firmware_0_1.a(LCD.o)
 .text.LCD_Stop
                0x00000000       0x14 .\CortexM3\ARM_GCC_541\Debug\3HC_Firmware_0_1.a(LCD.o)
 .text.LCD_Position
                0x00000000       0x3c .\CortexM3\ARM_GCC_541\Debug\3HC_Firmware_0_1.a(LCD.o)
 .text.LCD_PrintInt8
                0x00000000       0x20 .\CortexM3\ARM_GCC_541\Debug\3HC_Firmware_0_1.a(LCD.o)
 .text.LCD_PrintInt16
                0x00000000       0x14 .\CortexM3\ARM_GCC_541\Debug\3HC_Firmware_0_1.a(LCD.o)
 .text.LCD_PrintInt32
                0x00000000       0x1c .\CortexM3\ARM_GCC_541\Debug\3HC_Firmware_0_1.a(LCD.o)
 .text.LCD_PrintU32Number
                0x00000000       0x64 .\CortexM3\ARM_GCC_541\Debug\3HC_Firmware_0_1.a(LCD.o)
 .rodata        0x00000000       0x10 .\CortexM3\ARM_GCC_541\Debug\3HC_Firmware_0_1.a(LCD.o)
 .text          0x00000000        0x0 .\CortexM3\ARM_GCC_541\Debug\3HC_Firmware_0_1.a(QuadDec.o)
 .data          0x00000000        0x0 .\CortexM3\ARM_GCC_541\Debug\3HC_Firmware_0_1.a(QuadDec.o)
 .text.QuadDec_Stop
                0x00000000       0x28 .\CortexM3\ARM_GCC_541\Debug\3HC_Firmware_0_1.a(QuadDec.o)
 .text.QuadDec_SetCounter
                0x00000000       0x28 .\CortexM3\ARM_GCC_541\Debug\3HC_Firmware_0_1.a(QuadDec.o)
 .text.QuadDec_GetInterruptMask
                0x00000000       0x10 .\CortexM3\ARM_GCC_541\Debug\3HC_Firmware_0_1.a(QuadDec.o)
 .text          0x00000000        0x0 .\CortexM3\ARM_GCC_541\Debug\3HC_Firmware_0_1.a(QuadDec_INT.o)
 .data          0x00000000        0x0 .\CortexM3\ARM_GCC_541\Debug\3HC_Firmware_0_1.a(QuadDec_INT.o)
 .text          0x00000000        0x0 .\CortexM3\ARM_GCC_541\Debug\3HC_Firmware_0_1.a(QuadDec_Cnt16.o)
 .data          0x00000000        0x0 .\CortexM3\ARM_GCC_541\Debug\3HC_Firmware_0_1.a(QuadDec_Cnt16.o)
 .text.QuadDec_Cnt16_Stop
                0x00000000       0x10 .\CortexM3\ARM_GCC_541\Debug\3HC_Firmware_0_1.a(QuadDec_Cnt16.o)
 .text.QuadDec_Cnt16_ReadControlRegister
                0x00000000        0xc .\CortexM3\ARM_GCC_541\Debug\3HC_Firmware_0_1.a(QuadDec_Cnt16.o)
 .text.QuadDec_Cnt16_WriteControlRegister
                0x00000000        0xc .\CortexM3\ARM_GCC_541\Debug\3HC_Firmware_0_1.a(QuadDec_Cnt16.o)
 .text.QuadDec_Cnt16_ReadPeriod
                0x00000000        0xc .\CortexM3\ARM_GCC_541\Debug\3HC_Firmware_0_1.a(QuadDec_Cnt16.o)
 .text.QuadDec_Cnt16_ReadCompare
                0x00000000        0xc .\CortexM3\ARM_GCC_541\Debug\3HC_Firmware_0_1.a(QuadDec_Cnt16.o)
 .text          0x00000000        0x0 .\CortexM3\ARM_GCC_541\Debug\3HC_Firmware_0_1.a(CyLib.o)
 .bss           0x00000000       0x1c .\CortexM3\ARM_GCC_541\Debug\3HC_Firmware_0_1.a(CyLib.o)
 .text.CyUSB_PowerOnCheck
                0x00000000       0x48 .\CortexM3\ARM_GCC_541\Debug\3HC_Firmware_0_1.a(CyLib.o)
 .text.CyBusClk_Internal_SetDivider
                0x00000000       0x48 .\CortexM3\ARM_GCC_541\Debug\3HC_Firmware_0_1.a(CyLib.o)
 .text.CyPLL_OUT_Stop
                0x00000000       0x10 .\CortexM3\ARM_GCC_541\Debug\3HC_Firmware_0_1.a(CyLib.o)
 .text.CyIMO_Stop
                0x00000000       0x1c .\CortexM3\ARM_GCC_541\Debug\3HC_Firmware_0_1.a(CyLib.o)
 .text.CyIMO_EnableDoubler
                0x00000000       0x10 .\CortexM3\ARM_GCC_541\Debug\3HC_Firmware_0_1.a(CyLib.o)
 .text.CyIMO_DisableDoubler
                0x00000000       0x10 .\CortexM3\ARM_GCC_541\Debug\3HC_Firmware_0_1.a(CyLib.o)
 .text.CyMasterClk_SetSource
                0x00000000       0x18 .\CortexM3\ARM_GCC_541\Debug\3HC_Firmware_0_1.a(CyLib.o)
 .text.CyMasterClk_SetDivider
                0x00000000        0xc .\CortexM3\ARM_GCC_541\Debug\3HC_Firmware_0_1.a(CyLib.o)
 .text.CyBusClk_SetDivider
                0x00000000       0x70 .\CortexM3\ARM_GCC_541\Debug\3HC_Firmware_0_1.a(CyLib.o)
 .text.CyUsbClk_SetSource
                0x00000000       0x18 .\CortexM3\ARM_GCC_541\Debug\3HC_Firmware_0_1.a(CyLib.o)
 .text.CyILO_Start1K
                0x00000000       0x10 .\CortexM3\ARM_GCC_541\Debug\3HC_Firmware_0_1.a(CyLib.o)
 .text.CyILO_Stop1K
                0x00000000       0x10 .\CortexM3\ARM_GCC_541\Debug\3HC_Firmware_0_1.a(CyLib.o)
 .text.CyILO_Start100K
                0x00000000       0x10 .\CortexM3\ARM_GCC_541\Debug\3HC_Firmware_0_1.a(CyLib.o)
 .text.CyILO_Stop100K
                0x00000000       0x10 .\CortexM3\ARM_GCC_541\Debug\3HC_Firmware_0_1.a(CyLib.o)
 .text.CyPLL_OUT_Start
                0x00000000       0x78 .\CortexM3\ARM_GCC_541\Debug\3HC_Firmware_0_1.a(CyLib.o)
 .text.CyIMO_Start
                0x00000000       0x60 .\CortexM3\ARM_GCC_541\Debug\3HC_Firmware_0_1.a(CyLib.o)
 .text.CyILO_Enable33K
                0x00000000       0x10 .\CortexM3\ARM_GCC_541\Debug\3HC_Firmware_0_1.a(CyLib.o)
 .text.CyILO_Disable33K
                0x00000000       0x10 .\CortexM3\ARM_GCC_541\Debug\3HC_Firmware_0_1.a(CyLib.o)
 .text.CyILO_SetSource
                0x00000000       0x18 .\CortexM3\ARM_GCC_541\Debug\3HC_Firmware_0_1.a(CyLib.o)
 .text.CyILO_SetPowerMode
                0x00000000       0x24 .\CortexM3\ARM_GCC_541\Debug\3HC_Firmware_0_1.a(CyLib.o)
 .text.CyXTAL_32KHZ_Stop
                0x00000000       0x30 .\CortexM3\ARM_GCC_541\Debug\3HC_Firmware_0_1.a(CyLib.o)
 .text.CyXTAL_32KHZ_ReadStatus
                0x00000000       0x10 .\CortexM3\ARM_GCC_541\Debug\3HC_Firmware_0_1.a(CyLib.o)
 .text.CyXTAL_Start
                0x00000000       0xac .\CortexM3\ARM_GCC_541\Debug\3HC_Firmware_0_1.a(CyLib.o)
 .text.CyXTAL_Stop
                0x00000000       0x10 .\CortexM3\ARM_GCC_541\Debug\3HC_Firmware_0_1.a(CyLib.o)
 .text.CyXTAL_EnableErrStatus
                0x00000000       0x10 .\CortexM3\ARM_GCC_541\Debug\3HC_Firmware_0_1.a(CyLib.o)
 .text.CyXTAL_DisableErrStatus
                0x00000000       0x10 .\CortexM3\ARM_GCC_541\Debug\3HC_Firmware_0_1.a(CyLib.o)
 .text.CyXTAL_ReadStatus
                0x00000000       0x18 .\CortexM3\ARM_GCC_541\Debug\3HC_Firmware_0_1.a(CyLib.o)
 .text.CyXTAL_EnableFaultRecovery
                0x00000000       0x10 .\CortexM3\ARM_GCC_541\Debug\3HC_Firmware_0_1.a(CyLib.o)
 .text.CyXTAL_DisableFaultRecovery
                0x00000000       0x10 .\CortexM3\ARM_GCC_541\Debug\3HC_Firmware_0_1.a(CyLib.o)
 .text.CyXTAL_SetStartup
                0x00000000       0x18 .\CortexM3\ARM_GCC_541\Debug\3HC_Firmware_0_1.a(CyLib.o)
 .text.CyXTAL_SetFbVoltage
                0x00000000       0x18 .\CortexM3\ARM_GCC_541\Debug\3HC_Firmware_0_1.a(CyLib.o)
 .text.CyXTAL_SetWdVoltage
                0x00000000       0x18 .\CortexM3\ARM_GCC_541\Debug\3HC_Firmware_0_1.a(CyLib.o)
 .text.CyPLL_OUT_SetPQ
                0x00000000       0x60 .\CortexM3\ARM_GCC_541\Debug\3HC_Firmware_0_1.a(CyLib.o)
 .text.CyPLL_OUT_SetSource
                0x00000000       0x34 .\CortexM3\ARM_GCC_541\Debug\3HC_Firmware_0_1.a(CyLib.o)
 .text.CyIMO_SetTrimValue
                0x00000000       0xcc .\CortexM3\ARM_GCC_541\Debug\3HC_Firmware_0_1.a(CyLib.o)
 .text.CyIMO_SetFreq
                0x00000000       0xf4 .\CortexM3\ARM_GCC_541\Debug\3HC_Firmware_0_1.a(CyLib.o)
 .text.CyIMO_SetSource
                0x00000000       0x58 .\CortexM3\ARM_GCC_541\Debug\3HC_Firmware_0_1.a(CyLib.o)
 .text.CySoftwareReset
                0x00000000       0x10 .\CortexM3\ARM_GCC_541\Debug\3HC_Firmware_0_1.a(CyLib.o)
 .text.CyXTAL_32KHZ_SetPowerMode
                0x00000000       0x84 .\CortexM3\ARM_GCC_541\Debug\3HC_Firmware_0_1.a(CyLib.o)
 .text.CyXTAL_32KHZ_Start
                0x00000000       0x74 .\CortexM3\ARM_GCC_541\Debug\3HC_Firmware_0_1.a(CyLib.o)
 .text.CyDelayFreq
                0x00000000       0x4c .\CortexM3\ARM_GCC_541\Debug\3HC_Firmware_0_1.a(CyLib.o)
 .text.CyWdtStart
                0x00000000       0x40 .\CortexM3\ARM_GCC_541\Debug\3HC_Firmware_0_1.a(CyLib.o)
 .text.CyWdtClear
                0x00000000        0xc .\CortexM3\ARM_GCC_541\Debug\3HC_Firmware_0_1.a(CyLib.o)
 .text.CyVdStickyStatus
                0x00000000       0x2c .\CortexM3\ARM_GCC_541\Debug\3HC_Firmware_0_1.a(CyLib.o)
 .text.CyVdLvDigitEnable
                0x00000000       0x84 .\CortexM3\ARM_GCC_541\Debug\3HC_Firmware_0_1.a(CyLib.o)
 .text.CyVdLvAnalogEnable
                0x00000000       0x80 .\CortexM3\ARM_GCC_541\Debug\3HC_Firmware_0_1.a(CyLib.o)
 .text.CyVdLvDigitDisable
                0x00000000       0x30 .\CortexM3\ARM_GCC_541\Debug\3HC_Firmware_0_1.a(CyLib.o)
 .text.CyVdLvAnalogDisable
                0x00000000       0x28 .\CortexM3\ARM_GCC_541\Debug\3HC_Firmware_0_1.a(CyLib.o)
 .text.CyVdHvAnalogEnable
                0x00000000       0x54 .\CortexM3\ARM_GCC_541\Debug\3HC_Firmware_0_1.a(CyLib.o)
 .text.CyVdHvAnalogDisable
                0x00000000       0x20 .\CortexM3\ARM_GCC_541\Debug\3HC_Firmware_0_1.a(CyLib.o)
 .text.CyVdRealTimeStatus
                0x00000000       0x1c .\CortexM3\ARM_GCC_541\Debug\3HC_Firmware_0_1.a(CyLib.o)
 .text.CyDisableInts
                0x00000000       0x1c .\CortexM3\ARM_GCC_541\Debug\3HC_Firmware_0_1.a(CyLib.o)
 .text.CyEnableInts
                0x00000000       0x18 .\CortexM3\ARM_GCC_541\Debug\3HC_Firmware_0_1.a(CyLib.o)
 .text.CyFlushCache
                0x00000000       0x44 .\CortexM3\ARM_GCC_541\Debug\3HC_Firmware_0_1.a(CyLib.o)
 .text.CyIntSetSysVector
                0x00000000       0x28 .\CortexM3\ARM_GCC_541\Debug\3HC_Firmware_0_1.a(CyLib.o)
 .text.CyIntGetSysVector
                0x00000000       0x20 .\CortexM3\ARM_GCC_541\Debug\3HC_Firmware_0_1.a(CyLib.o)
 .text.CyIntGetVector
                0x00000000       0x24 .\CortexM3\ARM_GCC_541\Debug\3HC_Firmware_0_1.a(CyLib.o)
 .text.CyIntGetPriority
                0x00000000       0x20 .\CortexM3\ARM_GCC_541\Debug\3HC_Firmware_0_1.a(CyLib.o)
 .text.CyIntGetState
                0x00000000       0x24 .\CortexM3\ARM_GCC_541\Debug\3HC_Firmware_0_1.a(CyLib.o)
 .text.CySysTickStop
                0x00000000       0x10 .\CortexM3\ARM_GCC_541\Debug\3HC_Firmware_0_1.a(CyLib.o)
 .text.CySysTickEnableInterrupt
                0x00000000       0x10 .\CortexM3\ARM_GCC_541\Debug\3HC_Firmware_0_1.a(CyLib.o)
 .text.CySysTickEnable
                0x00000000       0x18 .\CortexM3\ARM_GCC_541\Debug\3HC_Firmware_0_1.a(CyLib.o)
 .text.CySysTickDisableInterrupt
                0x00000000       0x10 .\CortexM3\ARM_GCC_541\Debug\3HC_Firmware_0_1.a(CyLib.o)
 .text.CySysTickSetReload
                0x00000000       0x10 .\CortexM3\ARM_GCC_541\Debug\3HC_Firmware_0_1.a(CyLib.o)
 .text.CySysTickGetReload
                0x00000000       0x10 .\CortexM3\ARM_GCC_541\Debug\3HC_Firmware_0_1.a(CyLib.o)
 .text.CySysTickGetValue
                0x00000000       0x10 .\CortexM3\ARM_GCC_541\Debug\3HC_Firmware_0_1.a(CyLib.o)
 .text.CySysTickSetClockSource
                0x00000000       0x20 .\CortexM3\ARM_GCC_541\Debug\3HC_Firmware_0_1.a(CyLib.o)
 .text.CySysTickGetClockSource
                0x00000000       0x10 .\CortexM3\ARM_GCC_541\Debug\3HC_Firmware_0_1.a(CyLib.o)
 .text.CySysTickGetCountFlag
                0x00000000       0x10 .\CortexM3\ARM_GCC_541\Debug\3HC_Firmware_0_1.a(CyLib.o)
 .text.CySysTickServiceCallbacks
                0x00000000       0x28 .\CortexM3\ARM_GCC_541\Debug\3HC_Firmware_0_1.a(CyLib.o)
 .text.CySysTickClear
                0x00000000        0xc .\CortexM3\ARM_GCC_541\Debug\3HC_Firmware_0_1.a(CyLib.o)
 .text.CySysTickInit
                0x00000000       0x58 .\CortexM3\ARM_GCC_541\Debug\3HC_Firmware_0_1.a(CyLib.o)
 .text.CySysTickStart
                0x00000000       0x1c .\CortexM3\ARM_GCC_541\Debug\3HC_Firmware_0_1.a(CyLib.o)
 .text.CySysTickSetCallback
                0x00000000       0x10 .\CortexM3\ARM_GCC_541\Debug\3HC_Firmware_0_1.a(CyLib.o)
 .text.CySysTickGetCallback
                0x00000000       0x10 .\CortexM3\ARM_GCC_541\Debug\3HC_Firmware_0_1.a(CyLib.o)
 .text.CyGetUniqueId
                0x00000000       0x70 .\CortexM3\ARM_GCC_541\Debug\3HC_Firmware_0_1.a(CyLib.o)
 .text          0x00000000        0x0 .\CortexM3\ARM_GCC_541\Debug\3HC_Firmware_0_1.a(cyPm.o)
 .data          0x00000000        0x0 .\CortexM3\ARM_GCC_541\Debug\3HC_Firmware_0_1.a(cyPm.o)
 .bss           0x00000000       0x43 .\CortexM3\ARM_GCC_541\Debug\3HC_Firmware_0_1.a(cyPm.o)
 .text.CyPmHibSlpSaveSet
                0x00000000      0x1dc .\CortexM3\ARM_GCC_541\Debug\3HC_Firmware_0_1.a(cyPm.o)
 .text.CyPmHibSlpRestore
                0x00000000       0xd8 .\CortexM3\ARM_GCC_541\Debug\3HC_Firmware_0_1.a(cyPm.o)
 .text.CyPmHviLviSaveDisable
                0x00000000       0xa0 .\CortexM3\ARM_GCC_541\Debug\3HC_Firmware_0_1.a(cyPm.o)
 .text.CyPmHibSaveSet
                0x00000000       0x98 .\CortexM3\ARM_GCC_541\Debug\3HC_Firmware_0_1.a(cyPm.o)
 .text.CyPmHviLviRestore
                0x00000000       0x48 .\CortexM3\ARM_GCC_541\Debug\3HC_Firmware_0_1.a(cyPm.o)
 .text.CyPmHibRestore
                0x00000000       0x60 .\CortexM3\ARM_GCC_541\Debug\3HC_Firmware_0_1.a(cyPm.o)
 .text.CyPmSaveClocks
                0x00000000      0x218 .\CortexM3\ARM_GCC_541\Debug\3HC_Firmware_0_1.a(cyPm.o)
 .text.CyPmRestoreClocks
                0x00000000      0x24c .\CortexM3\ARM_GCC_541\Debug\3HC_Firmware_0_1.a(cyPm.o)
 .text.CyPmAltAct
                0x00000000       0x6c .\CortexM3\ARM_GCC_541\Debug\3HC_Firmware_0_1.a(cyPm.o)
 .text.CyPmSleep
                0x00000000       0xf4 .\CortexM3\ARM_GCC_541\Debug\3HC_Firmware_0_1.a(cyPm.o)
 .text.CyPmHibernateEx
                0x00000000       0xf4 .\CortexM3\ARM_GCC_541\Debug\3HC_Firmware_0_1.a(cyPm.o)
 .text.CyPmHibernate
                0x00000000        0xc .\CortexM3\ARM_GCC_541\Debug\3HC_Firmware_0_1.a(cyPm.o)
 .text.CyPmReadStatus
                0x00000000       0x30 .\CortexM3\ARM_GCC_541\Debug\3HC_Firmware_0_1.a(cyPm.o)
 .text.CyPmCtwSetInterval
                0x00000000       0x5c .\CortexM3\ARM_GCC_541\Debug\3HC_Firmware_0_1.a(cyPm.o)
 .text.CyPmOppsSet
                0x00000000       0x2c .\CortexM3\ARM_GCC_541\Debug\3HC_Firmware_0_1.a(cyPm.o)
 .text.CyPmFtwSetInterval
                0x00000000       0x5c .\CortexM3\ARM_GCC_541\Debug\3HC_Firmware_0_1.a(cyPm.o)
 .rodata        0x00000000        0xf .\CortexM3\ARM_GCC_541\Debug\3HC_Firmware_0_1.a(cyPm.o)
 .text          0x00000000        0x0 .\CortexM3\ARM_GCC_541\Debug\3HC_Firmware_0_1.a(UPDATE_UI.o)
 .data          0x00000000        0x0 .\CortexM3\ARM_GCC_541\Debug\3HC_Firmware_0_1.a(UPDATE_UI.o)
 .bss           0x00000000        0x0 .\CortexM3\ARM_GCC_541\Debug\3HC_Firmware_0_1.a(UPDATE_UI.o)
 .text.UPDATE_UI_Interrupt
                0x00000000        0x4 .\CortexM3\ARM_GCC_541\Debug\3HC_Firmware_0_1.a(UPDATE_UI.o)
 .text.UPDATE_UI_GetVector
                0x00000000        0xc .\CortexM3\ARM_GCC_541\Debug\3HC_Firmware_0_1.a(UPDATE_UI.o)
 .text.UPDATE_UI_GetPriority
                0x00000000        0xc .\CortexM3\ARM_GCC_541\Debug\3HC_Firmware_0_1.a(UPDATE_UI.o)
 .text.UPDATE_UI_GetState
                0x00000000       0x10 .\CortexM3\ARM_GCC_541\Debug\3HC_Firmware_0_1.a(UPDATE_UI.o)
 .text.UPDATE_UI_Start
                0x00000000       0x1c .\CortexM3\ARM_GCC_541\Debug\3HC_Firmware_0_1.a(UPDATE_UI.o)
 .text.UPDATE_UI_Stop
                0x00000000       0x14 .\CortexM3\ARM_GCC_541\Debug\3HC_Firmware_0_1.a(UPDATE_UI.o)
 .text.UPDATE_UI_SetPending
                0x00000000        0xc .\CortexM3\ARM_GCC_541\Debug\3HC_Firmware_0_1.a(UPDATE_UI.o)
 .text.UPDATE_UI_ClearPending
                0x00000000        0xc .\CortexM3\ARM_GCC_541\Debug\3HC_Firmware_0_1.a(UPDATE_UI.o)
 .text          0x00000000        0x0 .\CortexM3\ARM_GCC_541\Debug\3HC_Firmware_0_1.a(UpdateTimer_UI.o)
 .data          0x00000000        0x0 .\CortexM3\ARM_GCC_541\Debug\3HC_Firmware_0_1.a(UpdateTimer_UI.o)
 .text.UpdateTimer_UI_Stop
                0x00000000       0x28 .\CortexM3\ARM_GCC_541\Debug\3HC_Firmware_0_1.a(UpdateTimer_UI.o)
 .text.UpdateTimer_UI_SoftwareCapture
                0x00000000        0xc .\CortexM3\ARM_GCC_541\Debug\3HC_Firmware_0_1.a(UpdateTimer_UI.o)
 .text.UpdateTimer_UI_ReadStatusRegister
                0x00000000        0xc .\CortexM3\ARM_GCC_541\Debug\3HC_Firmware_0_1.a(UpdateTimer_UI.o)
 .text.UpdateTimer_UI_ReadControlRegister
                0x00000000        0xc .\CortexM3\ARM_GCC_541\Debug\3HC_Firmware_0_1.a(UpdateTimer_UI.o)
 .text.UpdateTimer_UI_WriteControlRegister
                0x00000000        0xc .\CortexM3\ARM_GCC_541\Debug\3HC_Firmware_0_1.a(UpdateTimer_UI.o)
 .text.UpdateTimer_UI_ReadPeriod
                0x00000000        0xc .\CortexM3\ARM_GCC_541\Debug\3HC_Firmware_0_1.a(UpdateTimer_UI.o)
 .text.UpdateTimer_UI_ReadCapture
                0x00000000        0xc .\CortexM3\ARM_GCC_541\Debug\3HC_Firmware_0_1.a(UpdateTimer_UI.o)
 .text.UpdateTimer_UI_ReadCounter
                0x00000000       0x14 .\CortexM3\ARM_GCC_541\Debug\3HC_Firmware_0_1.a(UpdateTimer_UI.o)
 .data          0x00000000        0x0 .\CortexM3\ARM_GCC_541\Debug\3HC_Firmware_0_1.a(CyBootAsmGnu.o)
 .bss           0x00000000        0x0 .\CortexM3\ARM_GCC_541\Debug\3HC_Firmware_0_1.a(CyBootAsmGnu.o)
 .text          0x00000000        0x0 .\CortexM3\ARM_GCC_541\Debug\3HC_Firmware_0_1.a(CyFlash.o)
 .data          0x00000000        0x0 .\CortexM3\ARM_GCC_541\Debug\3HC_Firmware_0_1.a(CyFlash.o)
 .bss           0x00000000        0x0 .\CortexM3\ARM_GCC_541\Debug\3HC_Firmware_0_1.a(CyFlash.o)
 .text.CySetTempInt
                0x00000000       0x60 .\CortexM3\ARM_GCC_541\Debug\3HC_Firmware_0_1.a(CyFlash.o)
 .text.CyFlash_Start
                0x00000000       0x54 .\CortexM3\ARM_GCC_541\Debug\3HC_Firmware_0_1.a(CyFlash.o)
 .text.CyFlash_Stop
                0x00000000       0x24 .\CortexM3\ARM_GCC_541\Debug\3HC_Firmware_0_1.a(CyFlash.o)
 .text.CyFlash_EraseRow
                0x00000000       0x78 .\CortexM3\ARM_GCC_541\Debug\3HC_Firmware_0_1.a(CyFlash.o)
 .text.CyFlashGetSpcAlgorithm
                0x00000000       0x4c .\CortexM3\ARM_GCC_541\Debug\3HC_Firmware_0_1.a(CyFlash.o)
 .text.CySetTemp
                0x00000000       0x14 .\CortexM3\ARM_GCC_541\Debug\3HC_Firmware_0_1.a(CyFlash.o)
 .text.CySetFlashEEBuffer
                0x00000000       0x20 .\CortexM3\ARM_GCC_541\Debug\3HC_Firmware_0_1.a(CyFlash.o)
 .text.CyWriteRowFull
                0x00000000       0xf8 .\CortexM3\ARM_GCC_541\Debug\3HC_Firmware_0_1.a(CyFlash.o)
 .text.CyWriteRowData
                0x00000000       0x14 .\CortexM3\ARM_GCC_541\Debug\3HC_Firmware_0_1.a(CyFlash.o)
 .text.CyFlash_SetWaitCycles
                0x00000000       0x7c .\CortexM3\ARM_GCC_541\Debug\3HC_Firmware_0_1.a(CyFlash.o)
 .text.CyEEPROM_Start
                0x00000000       0x54 .\CortexM3\ARM_GCC_541\Debug\3HC_Firmware_0_1.a(CyFlash.o)
 .text.CyEEPROM_Stop
                0x00000000       0x24 .\CortexM3\ARM_GCC_541\Debug\3HC_Firmware_0_1.a(CyFlash.o)
 .text.CyEEPROM_ReadReserve
                0x00000000       0x1c .\CortexM3\ARM_GCC_541\Debug\3HC_Firmware_0_1.a(CyFlash.o)
 .text.CyEEPROM_ReadRelease
                0x00000000       0x10 .\CortexM3\ARM_GCC_541\Debug\3HC_Firmware_0_1.a(CyFlash.o)
 COMMON         0x00000000        0x2 .\CortexM3\ARM_GCC_541\Debug\3HC_Firmware_0_1.a(CyFlash.o)
 .text          0x00000000        0x0 .\CortexM3\ARM_GCC_541\Debug\3HC_Firmware_0_1.a(CySpc.o)
 .data          0x00000000        0x0 .\CortexM3\ARM_GCC_541\Debug\3HC_Firmware_0_1.a(CySpc.o)
 .bss           0x00000000        0x8 .\CortexM3\ARM_GCC_541\Debug\3HC_Firmware_0_1.a(CySpc.o)
 .text.CySpcStart
                0x00000000       0x24 .\CortexM3\ARM_GCC_541\Debug\3HC_Firmware_0_1.a(CySpc.o)
 .text.CySpcStop
                0x00000000       0x24 .\CortexM3\ARM_GCC_541\Debug\3HC_Firmware_0_1.a(CySpc.o)
 .text.CySpcReadData
                0x00000000       0x34 .\CortexM3\ARM_GCC_541\Debug\3HC_Firmware_0_1.a(CySpc.o)
 .text.CySpcLoadMultiByte
                0x00000000       0x78 .\CortexM3\ARM_GCC_541\Debug\3HC_Firmware_0_1.a(CySpc.o)
 .text.CySpcLoadRow
                0x00000000       0x50 .\CortexM3\ARM_GCC_541\Debug\3HC_Firmware_0_1.a(CySpc.o)
 .text.CySpcLoadRowFull
                0x00000000       0x80 .\CortexM3\ARM_GCC_541\Debug\3HC_Firmware_0_1.a(CySpc.o)
 .text.CySpcWriteRow
                0x00000000       0x4c .\CortexM3\ARM_GCC_541\Debug\3HC_Firmware_0_1.a(CySpc.o)
 .text.CySpcEraseSector
                0x00000000       0x3c .\CortexM3\ARM_GCC_541\Debug\3HC_Firmware_0_1.a(CySpc.o)
 .text.CySpcEraseRow
                0x00000000       0x4c .\CortexM3\ARM_GCC_541\Debug\3HC_Firmware_0_1.a(CySpc.o)
 .text.CySpcGetTemp
                0x00000000       0x3c .\CortexM3\ARM_GCC_541\Debug\3HC_Firmware_0_1.a(CySpc.o)
 .text.CySpcLock
                0x00000000       0x4c .\CortexM3\ARM_GCC_541\Debug\3HC_Firmware_0_1.a(CySpc.o)
 .text.CySpcUnlock
                0x00000000       0x38 .\CortexM3\ARM_GCC_541\Debug\3HC_Firmware_0_1.a(CySpc.o)
 .text.CySpcGetAlgorithm
                0x00000000       0x28 .\CortexM3\ARM_GCC_541\Debug\3HC_Firmware_0_1.a(CySpc.o)
 .text          0x00000000        0x0 c:/program files (x86)/cypress/psoc creator/4.2/psoc creator/import/gnu/arm/5.4.1/bin/../lib/gcc/arm-none-eabi/5.4.1/../../../../arm-none-eabi/lib/armv7-m\libg_nano.a(lib_a-errno.o)
 .data          0x00000000        0x0 c:/program files (x86)/cypress/psoc creator/4.2/psoc creator/import/gnu/arm/5.4.1/bin/../lib/gcc/arm-none-eabi/5.4.1/../../../../arm-none-eabi/lib/armv7-m\libg_nano.a(lib_a-errno.o)
 .bss           0x00000000        0x0 c:/program files (x86)/cypress/psoc creator/4.2/psoc creator/import/gnu/arm/5.4.1/bin/../lib/gcc/arm-none-eabi/5.4.1/../../../../arm-none-eabi/lib/armv7-m\libg_nano.a(lib_a-errno.o)
 .text          0x00000000        0x0 c:/program files (x86)/cypress/psoc creator/4.2/psoc creator/import/gnu/arm/5.4.1/bin/../lib/gcc/arm-none-eabi/5.4.1/../../../../arm-none-eabi/lib/armv7-m\libg_nano.a(lib_a-exit.o)
 .data          0x00000000        0x0 c:/program files (x86)/cypress/psoc creator/4.2/psoc creator/import/gnu/arm/5.4.1/bin/../lib/gcc/arm-none-eabi/5.4.1/../../../../arm-none-eabi/lib/armv7-m\libg_nano.a(lib_a-exit.o)
 .bss           0x00000000        0x0 c:/program files (x86)/cypress/psoc creator/4.2/psoc creator/import/gnu/arm/5.4.1/bin/../lib/gcc/arm-none-eabi/5.4.1/../../../../arm-none-eabi/lib/armv7-m\libg_nano.a(lib_a-exit.o)
 .text.exit     0x00000000       0x28 c:/program files (x86)/cypress/psoc creator/4.2/psoc creator/import/gnu/arm/5.4.1/bin/../lib/gcc/arm-none-eabi/5.4.1/../../../../arm-none-eabi/lib/armv7-m\libg_nano.a(lib_a-exit.o)
 .text          0x00000000        0x0 c:/program files (x86)/cypress/psoc creator/4.2/psoc creator/import/gnu/arm/5.4.1/bin/../lib/gcc/arm-none-eabi/5.4.1/../../../../arm-none-eabi/lib/armv7-m\libg_nano.a(lib_a-impure.o)
 .data          0x00000000        0x0 c:/program files (x86)/cypress/psoc creator/4.2/psoc creator/import/gnu/arm/5.4.1/bin/../lib/gcc/arm-none-eabi/5.4.1/../../../../arm-none-eabi/lib/armv7-m\libg_nano.a(lib_a-impure.o)
 .bss           0x00000000        0x0 c:/program files (x86)/cypress/psoc creator/4.2/psoc creator/import/gnu/arm/5.4.1/bin/../lib/gcc/arm-none-eabi/5.4.1/../../../../arm-none-eabi/lib/armv7-m\libg_nano.a(lib_a-impure.o)
 .rodata._global_impure_ptr
                0x00000000        0x4 c:/program files (x86)/cypress/psoc creator/4.2/psoc creator/import/gnu/arm/5.4.1/bin/../lib/gcc/arm-none-eabi/5.4.1/../../../../arm-none-eabi/lib/armv7-m\libg_nano.a(lib_a-impure.o)
 .text          0x00000000        0x0 c:/program files (x86)/cypress/psoc creator/4.2/psoc creator/import/gnu/arm/5.4.1/bin/../lib/gcc/arm-none-eabi/5.4.1/../../../../arm-none-eabi/lib/armv7-m\libg_nano.a(lib_a-init.o)
 .data          0x00000000        0x0 c:/program files (x86)/cypress/psoc creator/4.2/psoc creator/import/gnu/arm/5.4.1/bin/../lib/gcc/arm-none-eabi/5.4.1/../../../../arm-none-eabi/lib/armv7-m\libg_nano.a(lib_a-init.o)
 .bss           0x00000000        0x0 c:/program files (x86)/cypress/psoc creator/4.2/psoc creator/import/gnu/arm/5.4.1/bin/../lib/gcc/arm-none-eabi/5.4.1/../../../../arm-none-eabi/lib/armv7-m\libg_nano.a(lib_a-init.o)
 .text          0x00000000        0x0 c:/program files (x86)/cypress/psoc creator/4.2/psoc creator/import/gnu/arm/5.4.1/bin/../lib/gcc/arm-none-eabi/5.4.1/../../../../arm-none-eabi/lib/armv7-m\libg_nano.a(lib_a-memcpy-stub.o)
 .data          0x00000000        0x0 c:/program files (x86)/cypress/psoc creator/4.2/psoc creator/import/gnu/arm/5.4.1/bin/../lib/gcc/arm-none-eabi/5.4.1/../../../../arm-none-eabi/lib/armv7-m\libg_nano.a(lib_a-memcpy-stub.o)
 .bss           0x00000000        0x0 c:/program files (x86)/cypress/psoc creator/4.2/psoc creator/import/gnu/arm/5.4.1/bin/../lib/gcc/arm-none-eabi/5.4.1/../../../../arm-none-eabi/lib/armv7-m\libg_nano.a(lib_a-memcpy-stub.o)
 .text          0x00000000        0x0 c:/program files (x86)/cypress/psoc creator/4.2/psoc creator/import/gnu/arm/5.4.1/bin/../lib/gcc/arm-none-eabi/5.4.1/../../../../arm-none-eabi/lib/armv7-m\libg_nano.a(lib_a-memset.o)
 .data          0x00000000        0x0 c:/program files (x86)/cypress/psoc creator/4.2/psoc creator/import/gnu/arm/5.4.1/bin/../lib/gcc/arm-none-eabi/5.4.1/../../../../arm-none-eabi/lib/armv7-m\libg_nano.a(lib_a-memset.o)
 .bss           0x00000000        0x0 c:/program files (x86)/cypress/psoc creator/4.2/psoc creator/import/gnu/arm/5.4.1/bin/../lib/gcc/arm-none-eabi/5.4.1/../../../../arm-none-eabi/lib/armv7-m\libg_nano.a(lib_a-memset.o)
 .text          0x00000000        0x0 c:/program files (x86)/cypress/psoc creator/4.2/psoc creator/import/gnu/arm/5.4.1/bin/../lib/gcc/arm-none-eabi/5.4.1/armv7-m/crtend.o
 .data          0x00000000        0x0 c:/program files (x86)/cypress/psoc creator/4.2/psoc creator/import/gnu/arm/5.4.1/bin/../lib/gcc/arm-none-eabi/5.4.1/armv7-m/crtend.o
 .bss           0x00000000        0x0 c:/program files (x86)/cypress/psoc creator/4.2/psoc creator/import/gnu/arm/5.4.1/bin/../lib/gcc/arm-none-eabi/5.4.1/armv7-m/crtend.o
 .text          0x00000000        0x0 c:/program files (x86)/cypress/psoc creator/4.2/psoc creator/import/gnu/arm/5.4.1/bin/../lib/gcc/arm-none-eabi/5.4.1/armv7-m/crtn.o
 .data          0x00000000        0x0 c:/program files (x86)/cypress/psoc creator/4.2/psoc creator/import/gnu/arm/5.4.1/bin/../lib/gcc/arm-none-eabi/5.4.1/armv7-m/crtn.o
 .bss           0x00000000        0x0 c:/program files (x86)/cypress/psoc creator/4.2/psoc creator/import/gnu/arm/5.4.1/bin/../lib/gcc/arm-none-eabi/5.4.1/armv7-m/crtn.o

Memory Configuration

Name             Origin             Length             Attributes
rom              0x00000000         0x00040000         xr
ram              0x1fff8000         0x00010000         xrw
*default*        0x00000000         0xffffffff

Linker script and memory map

LOAD c:/program files (x86)/cypress/psoc creator/4.2/psoc creator/import/gnu/arm/5.4.1/bin/../lib/gcc/arm-none-eabi/5.4.1/armv7-m/crti.o
LOAD c:/program files (x86)/cypress/psoc creator/4.2/psoc creator/import/gnu/arm/5.4.1/bin/../lib/gcc/arm-none-eabi/5.4.1/armv7-m/crtbegin.o
LOAD c:/program files (x86)/cypress/psoc creator/4.2/psoc creator/import/gnu/arm/5.4.1/bin/../lib/gcc/arm-none-eabi/5.4.1/../../../../arm-none-eabi/lib/armv7-m/crt0.o
START GROUP
LOAD .\CortexM3\ARM_GCC_541\Debug\main.o
LOAD .\CortexM3\ARM_GCC_541\Debug\cyfitter_cfg.o
LOAD .\CortexM3\ARM_GCC_541\Debug\cymetadata.o
LOAD .\CortexM3\ARM_GCC_541\Debug\Cm3Start.o
LOAD .\CortexM3\ARM_GCC_541\Debug\3HC_Firmware_0_1.a
LOAD C:\Program Files (x86)\Cypress\PSoC Creator\4.2\PSoC Creator\psoc\content\cycomponentlibrary\CyComponentLibrary.cylib\CortexM3\ARM_GCC_541\Debug\CyComponentLibrary.a
END GROUP
START GROUP
LOAD c:/program files (x86)/cypress/psoc creator/4.2/psoc creator/import/gnu/arm/5.4.1/bin/../lib/gcc/arm-none-eabi/5.4.1/armv7-m\libgcc.a
LOAD c:/program files (x86)/cypress/psoc creator/4.2/psoc creator/import/gnu/arm/5.4.1/bin/../lib/gcc/arm-none-eabi/5.4.1/../../../../arm-none-eabi/lib/armv7-m\libg_nano.a
LOAD c:/program files (x86)/cypress/psoc creator/4.2/psoc creator/import/gnu/arm/5.4.1/bin/../lib/gcc/arm-none-eabi/5.4.1/../../../../arm-none-eabi/lib/armv7-m\libc_nano.a
END GROUP
START GROUP
LOAD c:/program files (x86)/cypress/psoc creator/4.2/psoc creator/import/gnu/arm/5.4.1/bin/../lib/gcc/arm-none-eabi/5.4.1/armv7-m\libgcc.a
LOAD c:/program files (x86)/cypress/psoc creator/4.2/psoc creator/import/gnu/arm/5.4.1/bin/../lib/gcc/arm-none-eabi/5.4.1/../../../../arm-none-eabi/lib/armv7-m\libc_nano.a
END GROUP
LOAD c:/program files (x86)/cypress/psoc creator/4.2/psoc creator/import/gnu/arm/5.4.1/bin/../lib/gcc/arm-none-eabi/5.4.1/armv7-m/crtend.o
LOAD c:/program files (x86)/cypress/psoc creator/4.2/psoc creator/import/gnu/arm/5.4.1/bin/../lib/gcc/arm-none-eabi/5.4.1/armv7-m/crtn.o
START GROUP
LOAD c:/program files (x86)/cypress/psoc creator/4.2/psoc creator/import/gnu/arm/5.4.1/bin/../lib/gcc/arm-none-eabi/5.4.1/armv7-m\libgcc.a
LOAD c:/program files (x86)/cypress/psoc creator/4.2/psoc creator/import/gnu/arm/5.4.1/bin/../lib/gcc/arm-none-eabi/5.4.1/../../../../arm-none-eabi/lib/armv7-m\libc.a
LOAD c:/program files (x86)/cypress/psoc creator/4.2/psoc creator/import/gnu/arm/5.4.1/bin/../lib/gcc/arm-none-eabi/5.4.1/../../../../arm-none-eabi/lib/armv7-m\libnosys.a
END GROUP
                0x00000000                CY_APPL_ORIGIN = 0x0
                0x00000100                CY_FLASH_ROW_SIZE = 0x100
                0x00000020                CY_ECC_ROW_SIZE = 0x20
                0x00000000                CY_EE_IN_BTLDR = 0x0
                0x00000000                CY_APPL_LOADABLE = 0x0
                0x00000800                CY_EE_SIZE = 0x800
                0x00000001                CY_APPL_NUM = 0x1
                0x00000001                CY_APPL_MAX = 0x1
                0x00000040                CY_METADATA_SIZE = 0x40
                0x00000000                CY_APPL_LOADABLE = 0x0
                0x00000000                CY_CHECKSUM_EXCLUDE_SIZE = ALIGN (0x0, CY_FLASH_ROW_SIZE)
                [!provide]                PROVIDE (__cy_heap_start, _end)
                0x00000001                PROVIDE (__cy_region_num, ((__cy_regions_end - __cy_regions) / 0x10))
                0x20008000                PROVIDE (__cy_stack, (ORIGIN (ram) + LENGTH (ram)))
                [!provide]                PROVIDE (__cy_heap_end, (__cy_stack - 0x800))

.cybootloader   0x00000000        0x0
 *(.cybootloader)
                0x00000000                appl1_start = CY_APPL_ORIGIN?CY_APPL_ORIGIN:ALIGN (CY_FLASH_ROW_SIZE)
                0x0001ff00                appl2_start = (appl1_start + ALIGN ((((LENGTH (rom) - appl1_start) - (0x2 * CY_FLASH_ROW_SIZE)) / 0x2), CY_FLASH_ROW_SIZE))
                0x00000000                appl_start = (CY_APPL_NUM == 0x1)?appl1_start:appl2_start
                0x00000000                ecc_offset = ((appl_start / CY_FLASH_ROW_SIZE) * CY_ECC_ROW_SIZE)
                0x00000000                ee_offset = (CY_APPL_LOADABLE && ! (CY_EE_IN_BTLDR))?((CY_EE_SIZE / CY_APPL_MAX) * (CY_APPL_NUM - 0x1)):0x0
                0x00000800                ee_size = (CY_APPL_LOADABLE && ! (CY_EE_IN_BTLDR))?(CY_EE_SIZE / CY_APPL_MAX):CY_EE_SIZE
                [!provide]                PROVIDE (CY_ECC_OFFSET, ecc_offset)

.text           0x00000000      0xb06
 CREATE_OBJECT_SYMBOLS
                0x00000000                PROVIDE (__cy_interrupt_vector, RomVectors)
 *(.romvectors)
 .romvectors    0x00000000       0x10 .\CortexM3\ARM_GCC_541\Debug\Cm3Start.o
                0x00000000                RomVectors
                0x00000001                ASSERT ((. != __cy_interrupt_vector), No interrupt vector)
                0x00000001                ASSERT (CY_APPL_ORIGIN?(SIZEOF (.cybootloader) <= CY_APPL_ORIGIN):0x1, Wrong image location)
                0x00000010                PROVIDE (__cy_reset, Reset)
 *(.text.Reset)
 .text.Reset    0x00000010       0x18 .\CortexM3\ARM_GCC_541\Debug\Cm3Start.o
                0x00000010                Reset
                0x00000001                ASSERT ((. != __cy_reset), No reset code)
 *(.dma_init)
                0x00000001                ASSERT ((((appl_start + .) <= 0x10000) || 0x1), DMA Init must be within the first 64k of flash)
 *(.text .text.* .gnu.linkonce.t.*)
 .text          0x00000028       0x5c c:/program files (x86)/cypress/psoc creator/4.2/psoc creator/import/gnu/arm/5.4.1/bin/../lib/gcc/arm-none-eabi/5.4.1/armv7-m/crtbegin.o
 .text.UPDATE_UI
                0x00000084        0xc .\CortexM3\ARM_GCC_541\Debug\main.o
                0x00000084                UPDATE_UI
 .text.main     0x00000090       0x70 .\CortexM3\ARM_GCC_541\Debug\main.o
                0x00000090                main
 .text.CyClockStartupError
                0x00000100        0x4 .\CortexM3\ARM_GCC_541\Debug\cyfitter_cfg.o
 .text.cfg_write_bytes32
                0x00000104       0x34 .\CortexM3\ARM_GCC_541\Debug\cyfitter_cfg.o
 .text.AnalogSetDefault
                0x00000138       0x28 .\CortexM3\ARM_GCC_541\Debug\cyfitter_cfg.o
 .text.CYMEMZERO
                0x00000160        0xc .\CortexM3\ARM_GCC_541\Debug\cyfitter_cfg.o
 .text.CYCONFIGCPY
                0x0000016c        0x8 .\CortexM3\ARM_GCC_541\Debug\cyfitter_cfg.o
 .text.ClockSetup
                0x00000174       0xf0 .\CortexM3\ARM_GCC_541\Debug\cyfitter_cfg.o
 .text.cyfitter_cfg
                0x00000264      0x13c .\CortexM3\ARM_GCC_541\Debug\cyfitter_cfg.o
                0x00000264                cyfitter_cfg
 .text.IntDefaultHandler
                0x000003a0       0x10 .\CortexM3\ARM_GCC_541\Debug\Cm3Start.o
                0x000003a0                IntDefaultHandler
 .text.Start_c  0x000003b0       0x4c .\CortexM3\ARM_GCC_541\Debug\Cm3Start.o
                0x000003b0                Start_c
 .text.initialize_psoc
                0x000003fc       0x68 .\CortexM3\ARM_GCC_541\Debug\Cm3Start.o
                0x000003fc                initialize_psoc
 .text.LCD_WrCntrlNib
                0x00000464       0x34 .\CortexM3\ARM_GCC_541\Debug\3HC_Firmware_0_1.a(LCD.o)
 .text.LCD_WrDatNib
                0x00000498       0x44 .\CortexM3\ARM_GCC_541\Debug\3HC_Firmware_0_1.a(LCD.o)
 .text.LCD_IsReady
                0x000004dc       0xe4 .\CortexM3\ARM_GCC_541\Debug\3HC_Firmware_0_1.a(LCD.o)
                0x000004dc                LCD_IsReady
 .text.LCD_WriteData
                0x000005c0       0x18 .\CortexM3\ARM_GCC_541\Debug\3HC_Firmware_0_1.a(LCD.o)
                0x000005c0                LCD_WriteData
 .text.LCD_PrintString
                0x000005d8       0x1c .\CortexM3\ARM_GCC_541\Debug\3HC_Firmware_0_1.a(LCD.o)
                0x000005d8                LCD_PrintString
 .text.LCD_WriteControl
                0x000005f4       0x18 .\CortexM3\ARM_GCC_541\Debug\3HC_Firmware_0_1.a(LCD.o)
                0x000005f4                LCD_WriteControl
 .text.LCD_Init
                0x0000060c       0x6c .\CortexM3\ARM_GCC_541\Debug\3HC_Firmware_0_1.a(LCD.o)
                0x0000060c                LCD_Init
 .text.LCD_Enable
                0x00000678       0x14 .\CortexM3\ARM_GCC_541\Debug\3HC_Firmware_0_1.a(LCD.o)
                0x00000678                LCD_Enable
 .text.LCD_Start
                0x0000068c       0x1c .\CortexM3\ARM_GCC_541\Debug\3HC_Firmware_0_1.a(LCD.o)
                0x0000068c                LCD_Start
 .text.QuadDec_Init
                0x000006a8       0x24 .\CortexM3\ARM_GCC_541\Debug\3HC_Firmware_0_1.a(QuadDec.o)
                0x000006a8                QuadDec_Init
 .text.QuadDec_GetCounter
                0x000006cc       0x2c .\CortexM3\ARM_GCC_541\Debug\3HC_Firmware_0_1.a(QuadDec.o)
                0x000006cc                QuadDec_GetCounter
 .text.QuadDec_GetEvents
                0x000006f8       0x10 .\CortexM3\ARM_GCC_541\Debug\3HC_Firmware_0_1.a(QuadDec.o)
                0x000006f8                QuadDec_GetEvents
 .text.QuadDec_SetInterruptMask
                0x00000708       0x10 .\CortexM3\ARM_GCC_541\Debug\3HC_Firmware_0_1.a(QuadDec.o)
                0x00000708                QuadDec_SetInterruptMask
 .text.QuadDec_Enable
                0x00000718       0x30 .\CortexM3\ARM_GCC_541\Debug\3HC_Firmware_0_1.a(QuadDec.o)
                0x00000718                QuadDec_Enable
 .text.QuadDec_Start
                0x00000748       0x34 .\CortexM3\ARM_GCC_541\Debug\3HC_Firmware_0_1.a(QuadDec.o)
                0x00000748                QuadDec_Start
 .text.QuadDec_ISR
                0x0000077c       0x40 .\CortexM3\ARM_GCC_541\Debug\3HC_Firmware_0_1.a(QuadDec_INT.o)
                0x0000077c                QuadDec_ISR
 .text.QuadDec_Cnt16_Enable
                0x000007bc       0x10 .\CortexM3\ARM_GCC_541\Debug\3HC_Firmware_0_1.a(QuadDec_Cnt16.o)
                0x000007bc                QuadDec_Cnt16_Enable
 .text.QuadDec_Cnt16_SetInterruptMode
                0x000007cc        0xc .\CortexM3\ARM_GCC_541\Debug\3HC_Firmware_0_1.a(QuadDec_Cnt16.o)
                0x000007cc                QuadDec_Cnt16_SetInterruptMode
 .text.QuadDec_Cnt16_ReadStatusRegister
                0x000007d8        0xc .\CortexM3\ARM_GCC_541\Debug\3HC_Firmware_0_1.a(QuadDec_Cnt16.o)
                0x000007d8                QuadDec_Cnt16_ReadStatusRegister
 .text.QuadDec_Cnt16_WriteCounter
                0x000007e4        0xc .\CortexM3\ARM_GCC_541\Debug\3HC_Firmware_0_1.a(QuadDec_Cnt16.o)
                0x000007e4                QuadDec_Cnt16_WriteCounter
 .text.QuadDec_Cnt16_ReadCounter
                0x000007f0       0x14 .\CortexM3\ARM_GCC_541\Debug\3HC_Firmware_0_1.a(QuadDec_Cnt16.o)
                0x000007f0                QuadDec_Cnt16_ReadCounter
 .text.QuadDec_Cnt16_ReadCapture
                0x00000804        0xc .\CortexM3\ARM_GCC_541\Debug\3HC_Firmware_0_1.a(QuadDec_Cnt16.o)
                0x00000804                QuadDec_Cnt16_ReadCapture
 .text.QuadDec_Cnt16_WritePeriod
                0x00000810        0xc .\CortexM3\ARM_GCC_541\Debug\3HC_Firmware_0_1.a(QuadDec_Cnt16.o)
                0x00000810                QuadDec_Cnt16_WritePeriod
 .text.QuadDec_Cnt16_WriteCompare
                0x0000081c        0xc .\CortexM3\ARM_GCC_541\Debug\3HC_Firmware_0_1.a(QuadDec_Cnt16.o)
                0x0000081c                QuadDec_Cnt16_WriteCompare
 .text.QuadDec_Cnt16_ClearFIFO
                0x00000828       0x14 .\CortexM3\ARM_GCC_541\Debug\3HC_Firmware_0_1.a(QuadDec_Cnt16.o)
                0x00000828                QuadDec_Cnt16_ClearFIFO
 .text.QuadDec_Cnt16_Init
                0x0000083c       0x58 .\CortexM3\ARM_GCC_541\Debug\3HC_Firmware_0_1.a(QuadDec_Cnt16.o)
                0x0000083c                QuadDec_Cnt16_Init
 .text.QuadDec_Cnt16_Start
                0x00000894       0x1c .\CortexM3\ARM_GCC_541\Debug\3HC_Firmware_0_1.a(QuadDec_Cnt16.o)
                0x00000894                QuadDec_Cnt16_Start
 .text.CyHalt   0x000008b0        0x4 .\CortexM3\ARM_GCC_541\Debug\3HC_Firmware_0_1.a(CyLib.o)
                0x000008b0                CyHalt
 .text.CyDelay  0x000008b4       0x2c .\CortexM3\ARM_GCC_541\Debug\3HC_Firmware_0_1.a(CyLib.o)
                0x000008b4                CyDelay
 .text.CyDelayUs
                0x000008e0       0x14 .\CortexM3\ARM_GCC_541\Debug\3HC_Firmware_0_1.a(CyLib.o)
                0x000008e0                CyDelayUs
 .text.CyIntSetVector
                0x000008f4       0x28 .\CortexM3\ARM_GCC_541\Debug\3HC_Firmware_0_1.a(CyLib.o)
                0x000008f4                CyIntSetVector
 .text.CyIntSetPriority
                0x0000091c       0x30 .\CortexM3\ARM_GCC_541\Debug\3HC_Firmware_0_1.a(CyLib.o)
                0x0000091c                CyIntSetPriority
 .text.UPDATE_UI_SetVector
                0x0000094c        0xc .\CortexM3\ARM_GCC_541\Debug\3HC_Firmware_0_1.a(UPDATE_UI.o)
                0x0000094c                UPDATE_UI_SetVector
 .text.UPDATE_UI_SetPriority
                0x00000958       0x10 .\CortexM3\ARM_GCC_541\Debug\3HC_Firmware_0_1.a(UPDATE_UI.o)
                0x00000958                UPDATE_UI_SetPriority
 .text.UPDATE_UI_Enable
                0x00000968        0xc .\CortexM3\ARM_GCC_541\Debug\3HC_Firmware_0_1.a(UPDATE_UI.o)
                0x00000968                UPDATE_UI_Enable
 .text.UPDATE_UI_Disable
                0x00000974        0xc .\CortexM3\ARM_GCC_541\Debug\3HC_Firmware_0_1.a(UPDATE_UI.o)
                0x00000974                UPDATE_UI_Disable
 .text.UPDATE_UI_StartEx
                0x00000980       0x1c .\CortexM3\ARM_GCC_541\Debug\3HC_Firmware_0_1.a(UPDATE_UI.o)
                0x00000980                UPDATE_UI_StartEx
 .text.UpdateTimer_UI_Enable
                0x0000099c       0x28 .\CortexM3\ARM_GCC_541\Debug\3HC_Firmware_0_1.a(UpdateTimer_UI.o)
                0x0000099c                UpdateTimer_UI_Enable
 .text.UpdateTimer_UI_SetInterruptMode
                0x000009c4        0xc .\CortexM3\ARM_GCC_541\Debug\3HC_Firmware_0_1.a(UpdateTimer_UI.o)
                0x000009c4                UpdateTimer_UI_SetInterruptMode
 .text.UpdateTimer_UI_WritePeriod
                0x000009d0        0xc .\CortexM3\ARM_GCC_541\Debug\3HC_Firmware_0_1.a(UpdateTimer_UI.o)
                0x000009d0                UpdateTimer_UI_WritePeriod
 .text.UpdateTimer_UI_WriteCounter
                0x000009dc        0xc .\CortexM3\ARM_GCC_541\Debug\3HC_Firmware_0_1.a(UpdateTimer_UI.o)
                0x000009dc                UpdateTimer_UI_WriteCounter
 .text.UpdateTimer_UI_Init
                0x000009e8       0x64 .\CortexM3\ARM_GCC_541\Debug\3HC_Firmware_0_1.a(UpdateTimer_UI.o)
                0x000009e8                UpdateTimer_UI_Init
 .text.UpdateTimer_UI_Start
                0x00000a4c       0x1c .\CortexM3\ARM_GCC_541\Debug\3HC_Firmware_0_1.a(UpdateTimer_UI.o)
                0x00000a4c                UpdateTimer_UI_Start
 .text          0x00000a68       0x20 .\CortexM3\ARM_GCC_541\Debug\3HC_Firmware_0_1.a(CyBootAsmGnu.o)
                0x00000a68                CyDelayCycles
                0x00000a78                CyEnterCriticalSection
                0x00000a80                CyExitCriticalSection
 .text.__errno  0x00000a88        0xc c:/program files (x86)/cypress/psoc creator/4.2/psoc creator/import/gnu/arm/5.4.1/bin/../lib/gcc/arm-none-eabi/5.4.1/../../../../arm-none-eabi/lib/armv7-m\libg_nano.a(lib_a-errno.o)
                0x00000a88                __errno
 .text.__libc_init_array
                0x00000a94       0x4c c:/program files (x86)/cypress/psoc creator/4.2/psoc creator/import/gnu/arm/5.4.1/bin/../lib/gcc/arm-none-eabi/5.4.1/../../../../arm-none-eabi/lib/armv7-m\libg_nano.a(lib_a-init.o)
                0x00000a94                __libc_init_array
 .text.memcpy   0x00000ae0       0x16 c:/program files (x86)/cypress/psoc creator/4.2/psoc creator/import/gnu/arm/5.4.1/bin/../lib/gcc/arm-none-eabi/5.4.1/../../../../arm-none-eabi/lib/armv7-m\libg_nano.a(lib_a-memcpy-stub.o)
                0x00000ae0                memcpy
 .text.memset   0x00000af6       0x10 c:/program files (x86)/cypress/psoc creator/4.2/psoc creator/import/gnu/arm/5.4.1/bin/../lib/gcc/arm-none-eabi/5.4.1/../../../../arm-none-eabi/lib/armv7-m\libg_nano.a(lib_a-memset.o)
                0x00000af6                memset
 *(.plt)
 *(.gnu.warning)
 *(.glue_7t)
 .glue_7t       0x00000b06        0x0 linker stubs
 *(.glue_7)
 .glue_7        0x00000b06        0x0 linker stubs
 *(.vfp11_veneer)
 .vfp11_veneer  0x00000b06        0x0 linker stubs
 *(.bootloader)
 *(.ARM.extab* .gnu.linkonce.armextab.*)
 *(.gcc_except_table)

.v4_bx          0x00000b08        0x0
 .v4_bx         0x00000b08        0x0 linker stubs

.iplt           0x00000b08        0x0
 .iplt          0x00000b08        0x0 c:/program files (x86)/cypress/psoc creator/4.2/psoc creator/import/gnu/arm/5.4.1/bin/../lib/gcc/arm-none-eabi/5.4.1/armv7-m/crtbegin.o

.eh_frame_hdr
 *(.eh_frame_hdr)

.eh_frame       0x00000b08        0x4
 *(.eh_frame)
 .eh_frame      0x00000b08        0x0 c:/program files (x86)/cypress/psoc creator/4.2/psoc creator/import/gnu/arm/5.4.1/bin/../lib/gcc/arm-none-eabi/5.4.1/armv7-m/crtbegin.o
 .eh_frame      0x00000b08        0x4 c:/program files (x86)/cypress/psoc creator/4.2/psoc creator/import/gnu/arm/5.4.1/bin/../lib/gcc/arm-none-eabi/5.4.1/armv7-m/crtend.o
                [!provide]                PROVIDE (__exidx_start, .)

.ARM.exidx
 *(.ARM.exidx* .gnu.linkonce.armexidx.*)
                0x00000b0c                __exidx_end = .

.rodata         0x00000b0c       0x9c
 *(.rodata .rodata.* .gnu.linkonce.r.*)
 .rodata.str1.4
                0x00000b0c       0x28 .\CortexM3\ARM_GCC_541\Debug\main.o
                                 0x26 (size before relaxing)
 .rodata        0x00000b34       0x3c .\CortexM3\ARM_GCC_541\Debug\cyfitter_cfg.o
                0x00000b34                ADC_DelSig_1_AMux__addrTable
                0x00000b3c                ADC_DelSig_1_AMux__maskTable
 .rodata.str1.1
                0x00000b70        0x2 c:/program files (x86)/cypress/psoc creator/4.2/psoc creator/import/gnu/arm/5.4.1/bin/../lib/gcc/arm-none-eabi/5.4.1/../../../../arm-none-eabi/lib/armv7-m\libg_nano.a(lib_a-impure.o)
                0x00000b74                . = ALIGN (0x4)
 *fill*         0x00000b72        0x2 
 *(.init)
 .init          0x00000b74        0x4 c:/program files (x86)/cypress/psoc creator/4.2/psoc creator/import/gnu/arm/5.4.1/bin/../lib/gcc/arm-none-eabi/5.4.1/armv7-m/crti.o
                0x00000b74                _init
 .init          0x00000b78        0x8 c:/program files (x86)/cypress/psoc creator/4.2/psoc creator/import/gnu/arm/5.4.1/bin/../lib/gcc/arm-none-eabi/5.4.1/armv7-m/crtn.o
                0x00000b80                . = ALIGN (0x4)
                0x00000b80                __preinit_array_start = .
 *(.preinit_array)
                0x00000b80                __preinit_array_end = .
                0x00000b80                . = ALIGN (0x4)
                0x00000b80                __init_array_start = .
 *(SORT(.init_array.*))
 *(.init_array)
 .init_array    0x00000b80        0x4 c:/program files (x86)/cypress/psoc creator/4.2/psoc creator/import/gnu/arm/5.4.1/bin/../lib/gcc/arm-none-eabi/5.4.1/armv7-m/crtbegin.o
 .init_array    0x00000b84        0x4 .\CortexM3\ARM_GCC_541\Debug\Cm3Start.o
                0x00000b88                __init_array_end = .
                0x00000b88                . = ALIGN (0x4)
 *(.fini)
 .fini          0x00000b88        0x4 c:/program files (x86)/cypress/psoc creator/4.2/psoc creator/import/gnu/arm/5.4.1/bin/../lib/gcc/arm-none-eabi/5.4.1/armv7-m/crti.o
                0x00000b88                _fini
 .fini          0x00000b8c        0x8 c:/program files (x86)/cypress/psoc creator/4.2/psoc creator/import/gnu/arm/5.4.1/bin/../lib/gcc/arm-none-eabi/5.4.1/armv7-m/crtn.o
                0x00000b94                . = ALIGN (0x4)
                0x00000b94                __fini_array_start = .
 *(.fini_array)
 .fini_array    0x00000b94        0x4 c:/program files (x86)/cypress/psoc creator/4.2/psoc creator/import/gnu/arm/5.4.1/bin/../lib/gcc/arm-none-eabi/5.4.1/armv7-m/crtbegin.o
 *(SORT(.fini_array.*))
                0x00000b98                __fini_array_end = .
                0x00000b98                . = ALIGN (0x4)
 *crtbegin.o(.ctors)
 *(EXCLUDE_FILE(*crtend.o) .ctors)
 *(SORT(.ctors.*))
 *crtend.o(.ctors)
                0x00000b98                . = ALIGN (0x4)
 *crtbegin.o(.dtors)
 *(EXCLUDE_FILE(*crtend.o) .dtors)
 *(SORT(.dtors.*))
 *crtend.o(.dtors)
                0x00000b98                . = ALIGN (0x4)
                0x00000b98                __cy_regions = .
                0x00000b98        0x4 LONG 0xba8 __cy_region_init_ram
                0x00000b9c        0x4 LONG 0x1fff80c8 __cy_region_start_data
                0x00000ba0        0x4 LONG 0x80 __cy_region_init_size_ram
                0x00000ba4        0x4 LONG 0x48 __cy_region_zero_size_ram
                0x00000ba8                __cy_regions_end = .
                0x00000ba8                . = ALIGN (0x8)
                0x00000ba8                _etext = .

.cy_checksum_exclude
                0x00000ba8        0x0
 *(.cy_checksum_exclude)

.ramvectors     0x1fff8000       0xc0
                0x1fff8000                __cy_region_start_ram = .
 *(.ramvectors)
 .ramvectors    0x1fff8000       0xc0 .\CortexM3\ARM_GCC_541\Debug\Cm3Start.o
                0x1fff8000                CyRamVectors

.noinit         0x1fff80c0        0x1
 *(.noinit)
 .noinit        0x1fff80c0        0x1 .\CortexM3\ARM_GCC_541\Debug\3HC_Firmware_0_1.a(CyLib.o)
                0x1fff80c0                CyResetStatus

.data           0x1fff80c8       0x80 load address 0x00000ba8
                0x1fff80c8                __cy_region_start_data = .
 *(.jcr)
 .jcr           0x1fff80c8        0x0 c:/program files (x86)/cypress/psoc creator/4.2/psoc creator/import/gnu/arm/5.4.1/bin/../lib/gcc/arm-none-eabi/5.4.1/armv7-m/crtbegin.o
 .jcr           0x1fff80c8        0x4 c:/program files (x86)/cypress/psoc creator/4.2/psoc creator/import/gnu/arm/5.4.1/bin/../lib/gcc/arm-none-eabi/5.4.1/armv7-m/crtend.o
 *(.got.plt)
 *(.got)
 *(.shdata)
 *(.data .data.* .gnu.linkonce.d.*)
 .data          0x1fff80cc        0x1 .\CortexM3\ARM_GCC_541\Debug\main.o
                0x1fff80cc                update
 *fill*         0x1fff80cd        0x3 
 .data          0x1fff80d0       0x10 .\CortexM3\ARM_GCC_541\Debug\3HC_Firmware_0_1.a(CyLib.o)
                0x1fff80d0                cydelay_32k_ms
                0x1fff80d4                cydelay_freq_khz
                0x1fff80d8                cydelay_freq_mhz
                0x1fff80dc                cydelay_freq_hz
 .data.impure_data
                0x1fff80e0       0x60 c:/program files (x86)/cypress/psoc creator/4.2/psoc creator/import/gnu/arm/5.4.1/bin/../lib/gcc/arm-none-eabi/5.4.1/../../../../arm-none-eabi/lib/armv7-m\libg_nano.a(lib_a-impure.o)
 .data._impure_ptr
                0x1fff8140        0x4 c:/program files (x86)/cypress/psoc creator/4.2/psoc creator/import/gnu/arm/5.4.1/bin/../lib/gcc/arm-none-eabi/5.4.1/../../../../arm-none-eabi/lib/armv7-m\libg_nano.a(lib_a-impure.o)
                0x1fff8140                _impure_ptr
                0x1fff8148                . = ALIGN (0x8)
 *fill*         0x1fff8144        0x4 
 *(.ram)
                0x1fff8148                _edata = .

.igot.plt       0x1fff8148        0x0 load address 0x00000c28
 .igot.plt      0x1fff8148        0x0 c:/program files (x86)/cypress/psoc creator/4.2/psoc creator/import/gnu/arm/5.4.1/bin/../lib/gcc/arm-none-eabi/5.4.1/armv7-m/crtbegin.o

.bss            0x1fff8148       0x48 load address 0x00000c28
                0x1fff8148                PROVIDE (__bss_start__, .)
 *(.shbss)
 *(.bss .bss.* .gnu.linkonce.b.*)
 .bss           0x1fff8148       0x1c c:/program files (x86)/cypress/psoc creator/4.2/psoc creator/import/gnu/arm/5.4.1/bin/../lib/gcc/arm-none-eabi/5.4.1/armv7-m/crtbegin.o
 .bss           0x1fff8164        0x2 .\CortexM3\ARM_GCC_541\Debug\3HC_Firmware_0_1.a(LCD.o)
                0x1fff8164                LCD_enableState
                0x1fff8165                LCD_initVar
 .bss           0x1fff8166        0x1 .\CortexM3\ARM_GCC_541\Debug\3HC_Firmware_0_1.a(QuadDec.o)
                0x1fff8166                QuadDec_initVar
 *fill*         0x1fff8167        0x1 
 .bss           0x1fff8168        0x4 .\CortexM3\ARM_GCC_541\Debug\3HC_Firmware_0_1.a(QuadDec_INT.o)
                0x1fff8168                QuadDec_count32SoftPart
 .bss           0x1fff816c        0x1 .\CortexM3\ARM_GCC_541\Debug\3HC_Firmware_0_1.a(QuadDec_Cnt16.o)
                0x1fff816c                QuadDec_Cnt16_initVar
 .bss           0x1fff816d        0x1 .\CortexM3\ARM_GCC_541\Debug\3HC_Firmware_0_1.a(UpdateTimer_UI.o)
                0x1fff816d                UpdateTimer_UI_initVar
 *(COMMON)
 *fill*         0x1fff816e        0x2 
 COMMON         0x1fff8170       0x20 .\CortexM3\ARM_GCC_541\Debug\main.o
                0x1fff8170                LCD_MSG
                0x1fff8190                . = ALIGN (0x8)
 *(.ram.b)
                0x1fff8190                _end = .
                0x1fff8190                __end = .
                0x1fff8190                PROVIDE (end, .)
                0x1fff8190                PROVIDE (__bss_end__, .)
                0x00000ba8                __cy_region_init_ram = LOADADDR (.data)
                0x00000080                __cy_region_init_size_ram = (_edata - ADDR (.data))
                0x00000048                __cy_region_zero_size_ram = (_end - _edata)

.heap           0x1fff8190       0x80 load address 0x00000c28
                0x1fff8190                . = _end
                0x1fff8210                . = (. + 0x80)
 *fill*         0x1fff8190       0x80 
                0x1fff8210                __cy_heap_limit = .

.stack          0x20007800      0x800
                0x20007800                __cy_stack_limit = .
                0x20008000                . = (. + 0x800)
 *fill*         0x20007800      0x800 
                0x00000001                ASSERT ((__cy_stack_limit >= __cy_heap_limit), region RAM overflowed with stack)
                0x00000000                cy_checksum_exclude_size = (CY_APPL_LOADABLE == 0x1)?SIZEOF (.cy_checksum_exclude):0x0
                0x00000001                ASSERT ((cy_checksum_exclude_size <= CY_CHECKSUM_EXCLUDE_SIZE), CY_BOOT: Section .cy_checksum_exclude size exceedes specified limit.)

.cyloadermeta
 *(.cyloadermeta)

.cyloadablemeta
 *(.cyloadablemeta)

.cyconfigecc    0x80000000      0x72c
 *(.cyconfigecc)
 .cyconfigecc   0x80000000      0x72c .\CortexM3\ARM_GCC_541\Debug\cymetadata.o
                0x80000000                cy_meta_configecc

.cycustnvl      0x90000000        0x4
 *(.cycustnvl)
 .cycustnvl     0x90000000        0x4 .\CortexM3\ARM_GCC_541\Debug\cymetadata.o
                0x90000000                cy_meta_custnvl

.cywolatch      0x90100000        0x4
 *(.cywolatch)
 .cywolatch     0x90100000        0x4 .\CortexM3\ARM_GCC_541\Debug\cymetadata.o
                0x90100000                cy_meta_wonvl

.cyeeprom       0x90200000        0x0
 *(.cyeeprom)
                0x00000001                ASSERT ((. <= ((0x90200000 + ee_offset) + ee_size)), .cyeeprom data will not fit in EEPROM)

.cyflashprotect
                0x90400000      0x100
 *(.cyflashprotect)
 .cyflashprotect
                0x90400000      0x100 .\CortexM3\ARM_GCC_541\Debug\cymetadata.o
                0x90400000                cy_meta_flashprotect

.cymeta         0x90500000        0xc
 *(.cymeta)
 .cymeta        0x90500000        0xc .\CortexM3\ARM_GCC_541\Debug\cymetadata.o
                0x90500000                cy_metadata

.rel.dyn        0x00000c28        0x0 load address 0x9050000c
 .rel.iplt      0x00000c28        0x0 c:/program files (x86)/cypress/psoc creator/4.2/psoc creator/import/gnu/arm/5.4.1/bin/../lib/gcc/arm-none-eabi/5.4.1/armv7-m/crtbegin.o

.stab
 *(.stab)

.stabstr
 *(.stabstr)

.debug
 *(.debug)

.line
 *(.line)

.debug_srcinfo
 *(.debug_srcinfo)

.debug_sfnames
 *(.debug_sfnames)

.debug_aranges  0x00000000      0x808
 *(.debug_aranges)
 .debug_aranges
                0x00000000       0x28 .\CortexM3\ARM_GCC_541\Debug\main.o
 .debug_aranges
                0x00000028       0x68 .\CortexM3\ARM_GCC_541\Debug\cyfitter_cfg.o
 .debug_aranges
                0x00000090       0x18 .\CortexM3\ARM_GCC_541\Debug\cymetadata.o
 .debug_aranges
                0x000000a8       0x48 .\CortexM3\ARM_GCC_541\Debug\Cm3Start.o
 .debug_aranges
                0x000000f0       0x98 .\CortexM3\ARM_GCC_541\Debug\3HC_Firmware_0_1.a(LCD.o)
 .debug_aranges
                0x00000188       0x60 .\CortexM3\ARM_GCC_541\Debug\3HC_Firmware_0_1.a(QuadDec.o)
 .debug_aranges
                0x000001e8       0x20 .\CortexM3\ARM_GCC_541\Debug\3HC_Firmware_0_1.a(QuadDec_INT.o)
 .debug_aranges
                0x00000208       0x98 .\CortexM3\ARM_GCC_541\Debug\3HC_Firmware_0_1.a(QuadDec_Cnt16.o)
 .debug_aranges
                0x000002a0      0x2a0 .\CortexM3\ARM_GCC_541\Debug\3HC_Firmware_0_1.a(CyLib.o)
 .debug_aranges
                0x00000540       0x98 .\CortexM3\ARM_GCC_541\Debug\3HC_Firmware_0_1.a(cyPm.o)
 .debug_aranges
                0x000005d8       0x80 .\CortexM3\ARM_GCC_541\Debug\3HC_Firmware_0_1.a(UPDATE_UI.o)
 .debug_aranges
                0x00000658       0x88 .\CortexM3\ARM_GCC_541\Debug\3HC_Firmware_0_1.a(UpdateTimer_UI.o)
 .debug_aranges
                0x000006e0       0x20 .\CortexM3\ARM_GCC_541\Debug\3HC_Firmware_0_1.a(CyBootAsmGnu.o)
 .debug_aranges
                0x00000700       0x88 .\CortexM3\ARM_GCC_541\Debug\3HC_Firmware_0_1.a(CyFlash.o)
 .debug_aranges
                0x00000788       0x80 .\CortexM3\ARM_GCC_541\Debug\3HC_Firmware_0_1.a(CySpc.o)

.debug_pubnames
 *(.debug_pubnames)

.debug_info     0x00000000     0x4ada
 *(.debug_info .gnu.linkonce.wi.*)
 .debug_info    0x00000000      0x1ea .\CortexM3\ARM_GCC_541\Debug\main.o
 .debug_info    0x000001ea      0x61d .\CortexM3\ARM_GCC_541\Debug\cyfitter_cfg.o
 .debug_info    0x00000807      0x139 .\CortexM3\ARM_GCC_541\Debug\cymetadata.o
 .debug_info    0x00000940      0x3bb .\CortexM3\ARM_GCC_541\Debug\Cm3Start.o
 .debug_info    0x00000cfb      0x715 .\CortexM3\ARM_GCC_541\Debug\3HC_Firmware_0_1.a(LCD.o)
 .debug_info    0x00001410      0x357 .\CortexM3\ARM_GCC_541\Debug\3HC_Firmware_0_1.a(QuadDec.o)
 .debug_info    0x00001767       0xf3 .\CortexM3\ARM_GCC_541\Debug\3HC_Firmware_0_1.a(QuadDec_INT.o)
 .debug_info    0x0000185a      0x348 .\CortexM3\ARM_GCC_541\Debug\3HC_Firmware_0_1.a(QuadDec_Cnt16.o)
 .debug_info    0x00001ba2     0x1374 .\CortexM3\ARM_GCC_541\Debug\3HC_Firmware_0_1.a(CyLib.o)
 .debug_info    0x00002f16      0xa2a .\CortexM3\ARM_GCC_541\Debug\3HC_Firmware_0_1.a(cyPm.o)
 .debug_info    0x00003940      0x2d2 .\CortexM3\ARM_GCC_541\Debug\3HC_Firmware_0_1.a(UPDATE_UI.o)
 .debug_info    0x00003c12      0x291 .\CortexM3\ARM_GCC_541\Debug\3HC_Firmware_0_1.a(UpdateTimer_UI.o)
 .debug_info    0x00003ea3       0x9a .\CortexM3\ARM_GCC_541\Debug\3HC_Firmware_0_1.a(CyBootAsmGnu.o)
 .debug_info    0x00003f3d      0x64d .\CortexM3\ARM_GCC_541\Debug\3HC_Firmware_0_1.a(CyFlash.o)
 .debug_info    0x0000458a      0x550 .\CortexM3\ARM_GCC_541\Debug\3HC_Firmware_0_1.a(CySpc.o)

.debug_abbrev   0x00000000     0x135c
 *(.debug_abbrev)
 .debug_abbrev  0x00000000       0xf6 .\CortexM3\ARM_GCC_541\Debug\main.o
 .debug_abbrev  0x000000f6      0x21e .\CortexM3\ARM_GCC_541\Debug\cyfitter_cfg.o
 .debug_abbrev  0x00000314       0x77 .\CortexM3\ARM_GCC_541\Debug\cymetadata.o
 .debug_abbrev  0x0000038b      0x1e8 .\CortexM3\ARM_GCC_541\Debug\Cm3Start.o
 .debug_abbrev  0x00000573      0x157 .\CortexM3\ARM_GCC_541\Debug\3HC_Firmware_0_1.a(LCD.o)
 .debug_abbrev  0x000006ca      0x128 .\CortexM3\ARM_GCC_541\Debug\3HC_Firmware_0_1.a(QuadDec.o)
 .debug_abbrev  0x000007f2       0x78 .\CortexM3\ARM_GCC_541\Debug\3HC_Firmware_0_1.a(QuadDec_INT.o)
 .debug_abbrev  0x0000086a      0x117 .\CortexM3\ARM_GCC_541\Debug\3HC_Firmware_0_1.a(QuadDec_Cnt16.o)
 .debug_abbrev  0x00000981      0x254 .\CortexM3\ARM_GCC_541\Debug\3HC_Firmware_0_1.a(CyLib.o)
 .debug_abbrev  0x00000bd5      0x1ab .\CortexM3\ARM_GCC_541\Debug\3HC_Firmware_0_1.a(cyPm.o)
 .debug_abbrev  0x00000d80      0x173 .\CortexM3\ARM_GCC_541\Debug\3HC_Firmware_0_1.a(UPDATE_UI.o)
 .debug_abbrev  0x00000ef3      0x11a .\CortexM3\ARM_GCC_541\Debug\3HC_Firmware_0_1.a(UpdateTimer_UI.o)
 .debug_abbrev  0x0000100d       0x14 .\CortexM3\ARM_GCC_541\Debug\3HC_Firmware_0_1.a(CyBootAsmGnu.o)
 .debug_abbrev  0x00001021      0x1a7 .\CortexM3\ARM_GCC_541\Debug\3HC_Firmware_0_1.a(CyFlash.o)
 .debug_abbrev  0x000011c8      0x194 .\CortexM3\ARM_GCC_541\Debug\3HC_Firmware_0_1.a(CySpc.o)

.debug_line     0x00000000     0x1f21
 *(.debug_line)
 .debug_line    0x00000000      0x1ae .\CortexM3\ARM_GCC_541\Debug\main.o
 .debug_line    0x000001ae      0x205 .\CortexM3\ARM_GCC_541\Debug\cyfitter_cfg.o
 .debug_line    0x000003b3      0x141 .\CortexM3\ARM_GCC_541\Debug\cymetadata.o
 .debug_line    0x000004f4      0x234 .\CortexM3\ARM_GCC_541\Debug\Cm3Start.o
 .debug_line    0x00000728      0x1dc .\CortexM3\ARM_GCC_541\Debug\3HC_Firmware_0_1.a(LCD.o)
 .debug_line    0x00000904      0x137 .\CortexM3\ARM_GCC_541\Debug\3HC_Firmware_0_1.a(QuadDec.o)
 .debug_line    0x00000a3b       0x6a .\CortexM3\ARM_GCC_541\Debug\3HC_Firmware_0_1.a(QuadDec_INT.o)
 .debug_line    0x00000aa5      0x18d .\CortexM3\ARM_GCC_541\Debug\3HC_Firmware_0_1.a(QuadDec_Cnt16.o)
 .debug_line    0x00000c32      0x816 .\CortexM3\ARM_GCC_541\Debug\3HC_Firmware_0_1.a(CyLib.o)
 .debug_line    0x00001448      0x367 .\CortexM3\ARM_GCC_541\Debug\3HC_Firmware_0_1.a(cyPm.o)
 .debug_line    0x000017af      0x136 .\CortexM3\ARM_GCC_541\Debug\3HC_Firmware_0_1.a(UPDATE_UI.o)
 .debug_line    0x000018e5      0x15c .\CortexM3\ARM_GCC_541\Debug\3HC_Firmware_0_1.a(UpdateTimer_UI.o)
 .debug_line    0x00001a41       0x66 .\CortexM3\ARM_GCC_541\Debug\3HC_Firmware_0_1.a(CyBootAsmGnu.o)
 .debug_line    0x00001aa7      0x21a .\CortexM3\ARM_GCC_541\Debug\3HC_Firmware_0_1.a(CyFlash.o)
 .debug_line    0x00001cc1      0x260 .\CortexM3\ARM_GCC_541\Debug\3HC_Firmware_0_1.a(CySpc.o)

.debug_frame    0x00000000     0x1538
 *(.debug_frame)
 .debug_frame   0x00000000       0x48 .\CortexM3\ARM_GCC_541\Debug\main.o
 .debug_frame   0x00000048      0x104 .\CortexM3\ARM_GCC_541\Debug\cyfitter_cfg.o
 .debug_frame   0x0000014c       0xb8 .\CortexM3\ARM_GCC_541\Debug\Cm3Start.o
 .debug_frame   0x00000204      0x1e8 .\CortexM3\ARM_GCC_541\Debug\3HC_Firmware_0_1.a(LCD.o)
 .debug_frame   0x000003ec       0xec .\CortexM3\ARM_GCC_541\Debug\3HC_Firmware_0_1.a(QuadDec.o)
 .debug_frame   0x000004d8       0x20 .\CortexM3\ARM_GCC_541\Debug\3HC_Firmware_0_1.a(QuadDec_INT.o)
 .debug_frame   0x000004f8      0x134 .\CortexM3\ARM_GCC_541\Debug\3HC_Firmware_0_1.a(QuadDec_Cnt16.o)
 .debug_frame   0x0000062c      0x738 .\CortexM3\ARM_GCC_541\Debug\3HC_Firmware_0_1.a(CyLib.o)
 .debug_frame   0x00000d64      0x1f8 .\CortexM3\ARM_GCC_541\Debug\3HC_Firmware_0_1.a(cyPm.o)
 .debug_frame   0x00000f5c      0x104 .\CortexM3\ARM_GCC_541\Debug\3HC_Firmware_0_1.a(UPDATE_UI.o)
 .debug_frame   0x00001060      0x108 .\CortexM3\ARM_GCC_541\Debug\3HC_Firmware_0_1.a(UpdateTimer_UI.o)
 .debug_frame   0x00001168      0x194 .\CortexM3\ARM_GCC_541\Debug\3HC_Firmware_0_1.a(CyFlash.o)
 .debug_frame   0x000012fc      0x180 .\CortexM3\ARM_GCC_541\Debug\3HC_Firmware_0_1.a(CySpc.o)
 .debug_frame   0x0000147c       0x20 c:/program files (x86)/cypress/psoc creator/4.2/psoc creator/import/gnu/arm/5.4.1/bin/../lib/gcc/arm-none-eabi/5.4.1/../../../../arm-none-eabi/lib/armv7-m\libg_nano.a(lib_a-errno.o)
 .debug_frame   0x0000149c       0x28 c:/program files (x86)/cypress/psoc creator/4.2/psoc creator/import/gnu/arm/5.4.1/bin/../lib/gcc/arm-none-eabi/5.4.1/../../../../arm-none-eabi/lib/armv7-m\libg_nano.a(lib_a-exit.o)
 .debug_frame   0x000014c4       0x2c c:/program files (x86)/cypress/psoc creator/4.2/psoc creator/import/gnu/arm/5.4.1/bin/../lib/gcc/arm-none-eabi/5.4.1/../../../../arm-none-eabi/lib/armv7-m\libg_nano.a(lib_a-init.o)
 .debug_frame   0x000014f0       0x28 c:/program files (x86)/cypress/psoc creator/4.2/psoc creator/import/gnu/arm/5.4.1/bin/../lib/gcc/arm-none-eabi/5.4.1/../../../../arm-none-eabi/lib/armv7-m\libg_nano.a(lib_a-memcpy-stub.o)
 .debug_frame   0x00001518       0x20 c:/program files (x86)/cypress/psoc creator/4.2/psoc creator/import/gnu/arm/5.4.1/bin/../lib/gcc/arm-none-eabi/5.4.1/../../../../arm-none-eabi/lib/armv7-m\libg_nano.a(lib_a-memset.o)

.debug_str      0x00000000     0x1b29
 *(.debug_str)
 .debug_str     0x00000000      0x210 .\CortexM3\ARM_GCC_541\Debug\main.o
                                0x258 (size before relaxing)
 .debug_str     0x00000210      0x1f7 .\CortexM3\ARM_GCC_541\Debug\cyfitter_cfg.o
                                0x38f (size before relaxing)
 .debug_str     0x00000407       0x7f .\CortexM3\ARM_GCC_541\Debug\cymetadata.o
                                0x1ee (size before relaxing)
 .debug_str     0x00000486      0x13e .\CortexM3\ARM_GCC_541\Debug\Cm3Start.o
                                0x314 (size before relaxing)
 .debug_str     0x000005c4      0x15e .\CortexM3\ARM_GCC_541\Debug\3HC_Firmware_0_1.a(LCD.o)
                                0x335 (size before relaxing)
 .debug_str     0x00000722      0x197 .\CortexM3\ARM_GCC_541\Debug\3HC_Firmware_0_1.a(QuadDec.o)
                                0x374 (size before relaxing)
 .debug_str     0x000008b9       0x42 .\CortexM3\ARM_GCC_541\Debug\3HC_Firmware_0_1.a(QuadDec_INT.o)
                                0x1f0 (size before relaxing)
 .debug_str     0x000008fb      0x1d4 .\CortexM3\ARM_GCC_541\Debug\3HC_Firmware_0_1.a(QuadDec_Cnt16.o)
                                0x3fa (size before relaxing)
 .debug_str     0x00000acf      0x7d2 .\CortexM3\ARM_GCC_541\Debug\3HC_Firmware_0_1.a(CyLib.o)
                                0xa51 (size before relaxing)
 .debug_str     0x000012a1      0x365 .\CortexM3\ARM_GCC_541\Debug\3HC_Firmware_0_1.a(cyPm.o)
                                0x73d (size before relaxing)
 .debug_str     0x00001606       0xf6 .\CortexM3\ARM_GCC_541\Debug\3HC_Firmware_0_1.a(UPDATE_UI.o)
                                0x2e8 (size before relaxing)
 .debug_str     0x000016fc      0x1c6 .\CortexM3\ARM_GCC_541\Debug\3HC_Firmware_0_1.a(UpdateTimer_UI.o)
                                0x38f (size before relaxing)
 .debug_str     0x000018c2      0x1bb .\CortexM3\ARM_GCC_541\Debug\3HC_Firmware_0_1.a(CyFlash.o)
                                0x3ca (size before relaxing)
 .debug_str     0x00001a7d       0xac .\CortexM3\ARM_GCC_541\Debug\3HC_Firmware_0_1.a(CySpc.o)
                                0x342 (size before relaxing)

.debug_loc      0x00000000     0x1f2e
 *(.debug_loc)
 .debug_loc     0x00000000      0x219 .\CortexM3\ARM_GCC_541\Debug\cyfitter_cfg.o
 .debug_loc     0x00000219      0x144 .\CortexM3\ARM_GCC_541\Debug\Cm3Start.o
 .debug_loc     0x0000035d      0x3c6 .\CortexM3\ARM_GCC_541\Debug\3HC_Firmware_0_1.a(LCD.o)
 .debug_loc     0x00000723       0xb9 .\CortexM3\ARM_GCC_541\Debug\3HC_Firmware_0_1.a(QuadDec.o)
 .debug_loc     0x000007dc       0x13 .\CortexM3\ARM_GCC_541\Debug\3HC_Firmware_0_1.a(QuadDec_INT.o)
 .debug_loc     0x000007ef       0x3d .\CortexM3\ARM_GCC_541\Debug\3HC_Firmware_0_1.a(QuadDec_Cnt16.o)
 .debug_loc     0x0000082c      0xa11 .\CortexM3\ARM_GCC_541\Debug\3HC_Firmware_0_1.a(CyLib.o)
 .debug_loc     0x0000123d      0x1e4 .\CortexM3\ARM_GCC_541\Debug\3HC_Firmware_0_1.a(cyPm.o)
 .debug_loc     0x00001421       0x56 .\CortexM3\ARM_GCC_541\Debug\3HC_Firmware_0_1.a(UPDATE_UI.o)
 .debug_loc     0x00001477      0x3b2 .\CortexM3\ARM_GCC_541\Debug\3HC_Firmware_0_1.a(CyFlash.o)
 .debug_loc     0x00001829      0x705 .\CortexM3\ARM_GCC_541\Debug\3HC_Firmware_0_1.a(CySpc.o)

.debug_macinfo
 *(.debug_macinfo)

.debug_ranges   0x00000000      0x700
 *(.debug_ranges)
 .debug_ranges  0x00000000       0x18 .\CortexM3\ARM_GCC_541\Debug\main.o
 .debug_ranges  0x00000018       0x58 .\CortexM3\ARM_GCC_541\Debug\cyfitter_cfg.o
 .debug_ranges  0x00000070       0x38 .\CortexM3\ARM_GCC_541\Debug\Cm3Start.o
 .debug_ranges  0x000000a8       0x88 .\CortexM3\ARM_GCC_541\Debug\3HC_Firmware_0_1.a(LCD.o)
 .debug_ranges  0x00000130       0x50 .\CortexM3\ARM_GCC_541\Debug\3HC_Firmware_0_1.a(QuadDec.o)
 .debug_ranges  0x00000180       0x10 .\CortexM3\ARM_GCC_541\Debug\3HC_Firmware_0_1.a(QuadDec_INT.o)
 .debug_ranges  0x00000190       0x88 .\CortexM3\ARM_GCC_541\Debug\3HC_Firmware_0_1.a(QuadDec_Cnt16.o)
 .debug_ranges  0x00000218      0x290 .\CortexM3\ARM_GCC_541\Debug\3HC_Firmware_0_1.a(CyLib.o)
 .debug_ranges  0x000004a8       0x88 .\CortexM3\ARM_GCC_541\Debug\3HC_Firmware_0_1.a(cyPm.o)
 .debug_ranges  0x00000530       0x70 .\CortexM3\ARM_GCC_541\Debug\3HC_Firmware_0_1.a(UPDATE_UI.o)
 .debug_ranges  0x000005a0       0x78 .\CortexM3\ARM_GCC_541\Debug\3HC_Firmware_0_1.a(UpdateTimer_UI.o)
 .debug_ranges  0x00000618       0x78 .\CortexM3\ARM_GCC_541\Debug\3HC_Firmware_0_1.a(CyFlash.o)
 .debug_ranges  0x00000690       0x70 .\CortexM3\ARM_GCC_541\Debug\3HC_Firmware_0_1.a(CySpc.o)

.comment        0x00000000       0x6e
 .comment       0x00000000       0x6e .\CortexM3\ARM_GCC_541\Debug\main.o
                                 0x6f (size before relaxing)
 .comment       0x0000006e       0x6f .\CortexM3\ARM_GCC_541\Debug\cyfitter_cfg.o
 .comment       0x0000006e       0x6f .\CortexM3\ARM_GCC_541\Debug\cymetadata.o
 .comment       0x0000006e       0x6f .\CortexM3\ARM_GCC_541\Debug\Cm3Start.o
 .comment       0x0000006e       0x6f .\CortexM3\ARM_GCC_541\Debug\3HC_Firmware_0_1.a(LCD.o)
 .comment       0x0000006e       0x6f .\CortexM3\ARM_GCC_541\Debug\3HC_Firmware_0_1.a(QuadDec.o)
 .comment       0x0000006e       0x6f .\CortexM3\ARM_GCC_541\Debug\3HC_Firmware_0_1.a(QuadDec_INT.o)
 .comment       0x0000006e       0x6f .\CortexM3\ARM_GCC_541\Debug\3HC_Firmware_0_1.a(QuadDec_Cnt16.o)
 .comment       0x0000006e       0x6f .\CortexM3\ARM_GCC_541\Debug\3HC_Firmware_0_1.a(CyLib.o)
 .comment       0x0000006e       0x6f .\CortexM3\ARM_GCC_541\Debug\3HC_Firmware_0_1.a(cyPm.o)
 .comment       0x0000006e       0x6f .\CortexM3\ARM_GCC_541\Debug\3HC_Firmware_0_1.a(UPDATE_UI.o)
 .comment       0x0000006e       0x6f .\CortexM3\ARM_GCC_541\Debug\3HC_Firmware_0_1.a(UpdateTimer_UI.o)
 .comment       0x0000006e       0x6f .\CortexM3\ARM_GCC_541\Debug\3HC_Firmware_0_1.a(CyFlash.o)
 .comment       0x0000006e       0x6f .\CortexM3\ARM_GCC_541\Debug\3HC_Firmware_0_1.a(CySpc.o)

.debug_weaknames
 *(.debug_weaknames)

.debug_funcnames
 *(.debug_funcnames)

.debug_typenames
 *(.debug_typenames)

.debug_varnames
 *(.debug_varnames)

.note.gnu.arm.ident
 *(.note.gnu.arm.ident)

.ARM.attributes
                0x00000000       0x29
 *(.ARM.attributes)
 .ARM.attributes
                0x00000000       0x1d c:/program files (x86)/cypress/psoc creator/4.2/psoc creator/import/gnu/arm/5.4.1/bin/../lib/gcc/arm-none-eabi/5.4.1/armv7-m/crti.o
 .ARM.attributes
                0x0000001d       0x2d c:/program files (x86)/cypress/psoc creator/4.2/psoc creator/import/gnu/arm/5.4.1/bin/../lib/gcc/arm-none-eabi/5.4.1/armv7-m/crtbegin.o
 .ARM.attributes
                0x0000004a       0x1b c:/program files (x86)/cypress/psoc creator/4.2/psoc creator/import/gnu/arm/5.4.1/bin/../lib/gcc/arm-none-eabi/5.4.1/../../../../arm-none-eabi/lib/armv7-m/crt0.o
 .ARM.attributes
                0x00000065       0x33 .\CortexM3\ARM_GCC_541\Debug\main.o
 .ARM.attributes
                0x00000098       0x33 .\CortexM3\ARM_GCC_541\Debug\cyfitter_cfg.o
 .ARM.attributes
                0x000000cb       0x33 .\CortexM3\ARM_GCC_541\Debug\cymetadata.o
 .ARM.attributes
                0x000000fe       0x33 .\CortexM3\ARM_GCC_541\Debug\Cm3Start.o
 .ARM.attributes
                0x00000131       0x33 .\CortexM3\ARM_GCC_541\Debug\3HC_Firmware_0_1.a(LCD.o)
 .ARM.attributes
                0x00000164       0x33 .\CortexM3\ARM_GCC_541\Debug\3HC_Firmware_0_1.a(QuadDec.o)
 .ARM.attributes
                0x00000197       0x33 .\CortexM3\ARM_GCC_541\Debug\3HC_Firmware_0_1.a(QuadDec_INT.o)
 .ARM.attributes
                0x000001ca       0x33 .\CortexM3\ARM_GCC_541\Debug\3HC_Firmware_0_1.a(QuadDec_Cnt16.o)
 .ARM.attributes
                0x000001fd       0x33 .\CortexM3\ARM_GCC_541\Debug\3HC_Firmware_0_1.a(CyLib.o)
 .ARM.attributes
                0x00000230       0x33 .\CortexM3\ARM_GCC_541\Debug\3HC_Firmware_0_1.a(cyPm.o)
 .ARM.attributes
                0x00000263       0x33 .\CortexM3\ARM_GCC_541\Debug\3HC_Firmware_0_1.a(UPDATE_UI.o)
 .ARM.attributes
                0x00000296       0x33 .\CortexM3\ARM_GCC_541\Debug\3HC_Firmware_0_1.a(UpdateTimer_UI.o)
 .ARM.attributes
                0x000002c9       0x21 .\CortexM3\ARM_GCC_541\Debug\3HC_Firmware_0_1.a(CyBootAsmGnu.o)
 .ARM.attributes
                0x000002ea       0x33 .\CortexM3\ARM_GCC_541\Debug\3HC_Firmware_0_1.a(CyFlash.o)
 .ARM.attributes
                0x0000031d       0x33 .\CortexM3\ARM_GCC_541\Debug\3HC_Firmware_0_1.a(CySpc.o)
 .ARM.attributes
                0x00000350       0x2d c:/program files (x86)/cypress/psoc creator/4.2/psoc creator/import/gnu/arm/5.4.1/bin/../lib/gcc/arm-none-eabi/5.4.1/../../../../arm-none-eabi/lib/armv7-m\libg_nano.a(lib_a-errno.o)
 .ARM.attributes
                0x0000037d       0x2d c:/program files (x86)/cypress/psoc creator/4.2/psoc creator/import/gnu/arm/5.4.1/bin/../lib/gcc/arm-none-eabi/5.4.1/../../../../arm-none-eabi/lib/armv7-m\libg_nano.a(lib_a-exit.o)
 .ARM.attributes
                0x000003aa       0x2d c:/program files (x86)/cypress/psoc creator/4.2/psoc creator/import/gnu/arm/5.4.1/bin/../lib/gcc/arm-none-eabi/5.4.1/../../../../arm-none-eabi/lib/armv7-m\libg_nano.a(lib_a-impure.o)
 .ARM.attributes
                0x000003d7       0x2d c:/program files (x86)/cypress/psoc creator/4.2/psoc creator/import/gnu/arm/5.4.1/bin/../lib/gcc/arm-none-eabi/5.4.1/../../../../arm-none-eabi/lib/armv7-m\libg_nano.a(lib_a-init.o)
 .ARM.attributes
                0x00000404       0x2d c:/program files (x86)/cypress/psoc creator/4.2/psoc creator/import/gnu/arm/5.4.1/bin/../lib/gcc/arm-none-eabi/5.4.1/../../../../arm-none-eabi/lib/armv7-m\libg_nano.a(lib_a-memcpy-stub.o)
 .ARM.attributes
                0x00000431       0x2d c:/program files (x86)/cypress/psoc creator/4.2/psoc creator/import/gnu/arm/5.4.1/bin/../lib/gcc/arm-none-eabi/5.4.1/../../../../arm-none-eabi/lib/armv7-m\libg_nano.a(lib_a-memset.o)
 .ARM.attributes
                0x0000045e       0x2d c:/program files (x86)/cypress/psoc creator/4.2/psoc creator/import/gnu/arm/5.4.1/bin/../lib/gcc/arm-none-eabi/5.4.1/armv7-m/crtend.o
 .ARM.attributes
                0x0000048b       0x1d c:/program files (x86)/cypress/psoc creator/4.2/psoc creator/import/gnu/arm/5.4.1/bin/../lib/gcc/arm-none-eabi/5.4.1/armv7-m/crtn.o

/DISCARD/
 *(.note.GNU-stack)
OUTPUT(C:\Users\Caleb Cotter\Desktop\NitroDoser Development\3HC_Firmware_0_1.cydsn\CortexM3\ARM_GCC_541\Debug\3HC_Firmware_0_1.elf elf32-littlearm)
