Archive member included to satisfy reference by file (symbol)

.\CortexM3\ARM_GCC_541\Debug\3HC_Firmware_0_1.a(LCD.o)
                              .\CortexM3\ARM_GCC_541\Debug\main.o (LCD_PrintString)
.\CortexM3\ARM_GCC_541\Debug\3HC_Firmware_0_1.a(QuadDec.o)
                              .\CortexM3\ARM_GCC_541\Debug\main.o (QuadDec_GetCounter)
.\CortexM3\ARM_GCC_541\Debug\3HC_Firmware_0_1.a(QuadDec_INT.o)
                              .\CortexM3\ARM_GCC_541\Debug\3HC_Firmware_0_1.a(QuadDec.o) (QuadDec_ISR)
.\CortexM3\ARM_GCC_541\Debug\3HC_Firmware_0_1.a(QuadDec_Cnt16.o)
                              .\CortexM3\ARM_GCC_541\Debug\3HC_Firmware_0_1.a(QuadDec.o) (QuadDec_Cnt16_Stop)
.\CortexM3\ARM_GCC_541\Debug\3HC_Firmware_0_1.a(CyDmac.o)
                              .\CortexM3\ARM_GCC_541\Debug\Cm3Start.o (CyDmacConfigure)
.\CortexM3\ARM_GCC_541\Debug\3HC_Firmware_0_1.a(CyLib.o)
                              .\CortexM3\ARM_GCC_541\Debug\Cm3Start.o (CyHalt)
.\CortexM3\ARM_GCC_541\Debug\3HC_Firmware_0_1.a(cyPm.o)
                              .\CortexM3\ARM_GCC_541\Debug\3HC_Firmware_0_1.a(CyLib.o) (CyPmReadStatus)
.\CortexM3\ARM_GCC_541\Debug\3HC_Firmware_0_1.a(UPDATE_UI.o)
                              .\CortexM3\ARM_GCC_541\Debug\main.o (UPDATE_UI_SetPriority)
.\CortexM3\ARM_GCC_541\Debug\3HC_Firmware_0_1.a(UpdateTimer_UI.o)
                              .\CortexM3\ARM_GCC_541\Debug\main.o (UpdateTimer_UI_Start)
.\CortexM3\ARM_GCC_541\Debug\3HC_Firmware_0_1.a(X_PWM.o)
                              .\CortexM3\ARM_GCC_541\Debug\main.o (X_PWM_WriteCompare)
.\CortexM3\ARM_GCC_541\Debug\3HC_Firmware_0_1.a(Y_PWM.o)
                              .\CortexM3\ARM_GCC_541\Debug\main.o (Y_PWM_WriteCompare)
.\CortexM3\ARM_GCC_541\Debug\3HC_Firmware_0_1.a(Z_PWM.o)
                              .\CortexM3\ARM_GCC_541\Debug\main.o (Z_PWM_WriteCompare)
.\CortexM3\ARM_GCC_541\Debug\3HC_Firmware_0_1.a(I2C_Module.o)
                              .\CortexM3\ARM_GCC_541\Debug\I2C.o (I2C_Module_Start)
.\CortexM3\ARM_GCC_541\Debug\3HC_Firmware_0_1.a(I2C_Module_INT.o)
                              .\CortexM3\ARM_GCC_541\Debug\3HC_Firmware_0_1.a(I2C_Module.o) (I2C_Module_ISR)
.\CortexM3\ARM_GCC_541\Debug\3HC_Firmware_0_1.a(I2C_Module_PM.o)
                              .\CortexM3\ARM_GCC_541\Debug\3HC_Firmware_0_1.a(I2C_Module.o) (I2C_Module_backup)
.\CortexM3\ARM_GCC_541\Debug\3HC_Firmware_0_1.a(I2C_Module_MASTER.o)
                              .\CortexM3\ARM_GCC_541\Debug\3HC_Firmware_0_1.a(I2C_Module.o) (I2C_Module_mstrStatus)
.\CortexM3\ARM_GCC_541\Debug\3HC_Firmware_0_1.a(ADC.o)
                              .\CortexM3\ARM_GCC_541\Debug\main.o (ADC_Start)
.\CortexM3\ARM_GCC_541\Debug\3HC_Firmware_0_1.a(ADC_INT.o)
                              .\CortexM3\ARM_GCC_541\Debug\3HC_Firmware_0_1.a(ADC.o) (ADC_ISR1)
.\CortexM3\ARM_GCC_541\Debug\3HC_Firmware_0_1.a(ADC_AMux.o)
                              .\CortexM3\ARM_GCC_541\Debug\3HC_Firmware_0_1.a(ADC.o) (ADC_AMux_Select)
.\CortexM3\ARM_GCC_541\Debug\3HC_Firmware_0_1.a(ADC_Ext_CP_Clk.o)
                              .\CortexM3\ARM_GCC_541\Debug\3HC_Firmware_0_1.a(ADC.o) (ADC_Ext_CP_Clk_SetModeRegister)
.\CortexM3\ARM_GCC_541\Debug\3HC_Firmware_0_1.a(ADC_theACLK.o)
                              .\CortexM3\ARM_GCC_541\Debug\3HC_Firmware_0_1.a(ADC.o) (ADC_theACLK_SetModeRegister)
.\CortexM3\ARM_GCC_541\Debug\3HC_Firmware_0_1.a(USBFS.o)
                              .\CortexM3\ARM_GCC_541\Debug\main.o (USBFS_Start)
.\CortexM3\ARM_GCC_541\Debug\3HC_Firmware_0_1.a(USBFS_drv.o)
                              .\CortexM3\ARM_GCC_541\Debug\3HC_Firmware_0_1.a(USBFS.o) (USBFS_lastPacketSize)
.\CortexM3\ARM_GCC_541\Debug\3HC_Firmware_0_1.a(USBFS_episr.o)
                              .\CortexM3\ARM_GCC_541\Debug\3HC_Firmware_0_1.a(USBFS.o) (USBFS_EP_1_ISR)
.\CortexM3\ARM_GCC_541\Debug\3HC_Firmware_0_1.a(USBFS_pm.o)
                              .\CortexM3\ARM_GCC_541\Debug\3HC_Firmware_0_1.a(USBFS.o) (USBFS_DP_ISR)
.\CortexM3\ARM_GCC_541\Debug\3HC_Firmware_0_1.a(USBFS_std.o)
                              .\CortexM3\ARM_GCC_541\Debug\3HC_Firmware_0_1.a(USBFS_pm.o) (USBFS_ConfigReg)
.\CortexM3\ARM_GCC_541\Debug\3HC_Firmware_0_1.a(USBFS_vnd.o)
                              .\CortexM3\ARM_GCC_541\Debug\3HC_Firmware_0_1.a(USBFS_drv.o) (USBFS_HandleVendorRqst)
.\CortexM3\ARM_GCC_541\Debug\3HC_Firmware_0_1.a(USBFS_Dp.o)
                              .\CortexM3\ARM_GCC_541\Debug\3HC_Firmware_0_1.a(USBFS.o) (USBFS_Dp_ClearInterrupt)
.\CortexM3\ARM_GCC_541\Debug\3HC_Firmware_0_1.a(USBFS_ep2_dma.o)
                              .\CortexM3\ARM_GCC_541\Debug\3HC_Firmware_0_1.a(USBFS.o) (USBFS_ep2_DmaInitialize)
.\CortexM3\ARM_GCC_541\Debug\3HC_Firmware_0_1.a(USBFS_ep1_dma.o)
                              .\CortexM3\ARM_GCC_541\Debug\3HC_Firmware_0_1.a(USBFS.o) (USBFS_ep1_DmaInitialize)
.\CortexM3\ARM_GCC_541\Debug\3HC_Firmware_0_1.a(XYZ_Direction.o)
[...]
Memory Configuration

Name             Origin             Length             Attributes
rom              0x00000000         0x00040000         xr
ram              0x1fff8000         0x00010000         xrw
*default*        0x00000000         0xffffffff

Linker script and memory map

LOAD c:/program files (x86)/cypress/psoc creator/4.2/psoc creator/import/gnu/arm/5.4.1/bin/../lib/gcc/arm-none-eabi/5.4.1/armv7-m/crti.o
LOAD c:/program files (x86)/cypress/psoc creator/4.2/psoc creator/import/gnu/arm/5.4.1/bin/../lib/gcc/arm-none-eabi/5.4.1/armv7-m/crtbegin.o
LOAD c:/program files (x86)/cypress/psoc creator/4.2/psoc creator/import/gnu/arm/5.4.1/bin/../lib/gcc/arm-none-eabi/5.4.1/../../../../arm-none-eabi/lib/armv7-m/crt0.o
START GROUP
LOAD .\CortexM3\ARM_GCC_541\Debug\main.o
LOAD .\CortexM3\ARM_GCC_541\Debug\I2C.o
LOAD .\CortexM3\ARM_GCC_541\Debug\MPU9250.o
LOAD .\CortexM3\ARM_GCC_541\Debug\NMEA0183.o
LOAD .\CortexM3\ARM_GCC_541\Debug\matrixmath3.o
LOAD .\CortexM3\ARM_GCC_541\Debug\cyfitter_cfg.o
LOAD .\CortexM3\ARM_GCC_541\Debug\cymetadata.o
LOAD .\CortexM3\ARM_GCC_541\Debug\Cm3Start.o
LOAD .\CortexM3\ARM_GCC_541\Debug\3HC_Firmware_0_1.a
LOAD C:\Program Files (x86)\Cypress\PSoC Creator\4.2\PSoC Creator\psoc\content\cycomponentlibrary\CyComponentLibrary.cylib\CortexM3\ARM_GCC_541\Debug\CyComponentLibrary.a
END GROUP
START GROUP
LOAD c:/program files (x86)/cypress/psoc creator/4.2/psoc creator/import/gnu/arm/5.4.1/bin/../lib/gcc/arm-none-eabi/5.4.1/armv7-m\libgcc.a
LOAD c:/program files (x86)/cypress/psoc creator/4.2/psoc creator/import/gnu/arm/5.4.1/bin/../lib/gcc/arm-none-eabi/5.4.1/../../../../arm-none-eabi/lib/armv7-m\libg_nano.a
LOAD c:/program files (x86)/cypress/psoc creator/4.2/psoc creator/import/gnu/arm/5.4.1/bin/../lib/gcc/arm-none-eabi/5.4.1/../../../../arm-none-eabi/lib/armv7-m\libc_nano.a
END GROUP
START GROUP
LOAD c:/program files (x86)/cypress/psoc creator/4.2/psoc creator/import/gnu/arm/5.4.1/bin/../lib/gcc/arm-none-eabi/5.4.1/armv7-m\libgcc.a
LOAD c:/program files (x86)/cypress/psoc creator/4.2/psoc creator/import/gnu/arm/5.4.1/bin/../lib/gcc/arm-none-eabi/5.4.1/../../../../arm-none-eabi/lib/armv7-m\libc_nano.a
END GROUP
LOAD c:/program files (x86)/cypress/psoc creator/4.2/psoc creator/import/gnu/arm/5.4.1/bin/../lib/gcc/arm-none-eabi/5.4.1/armv7-m/crtend.o
LOAD c:/program files (x86)/cypress/psoc creator/4.2/psoc creator/import/gnu/arm/5.4.1/bin/../lib/gcc/arm-none-eabi/5.4.1/armv7-m/crtn.o
START GROUP
LOAD c:/program files (x86)/cypress/psoc creator/4.2/psoc creator/import/gnu/arm/5.4.1/bin/../lib/gcc/arm-none-eabi/5.4.1/armv7-m\libgcc.a
LOAD c:/program files (x86)/cypress/psoc creator/4.2/psoc creator/import/gnu/arm/5.4.1/bin/../lib/gcc/arm-none-eabi/5.4.1/../../../../arm-none-eabi/lib/armv7-m\libc.a
LOAD c:/program files (x86)/cypress/psoc creator/4.2/psoc creator/import/gnu/arm/5.4.1/bin/../lib/gcc/arm-none-eabi/5.4.1/../../../../arm-none-eabi/lib/armv7-m\libnosys.a
END GROUP
                0x00000000                CY_APPL_ORIGIN = 0x0
                0x00000100                CY_FLASH_ROW_SIZE = 0x100
                0x00000020                CY_ECC_ROW_SIZE = 0x20
                0x00000000                CY_EE_IN_BTLDR = 0x0
                0x00000000                CY_APPL_LOADABLE = 0x0
                0x00000800                CY_EE_SIZE = 0x800
                0x00000001                CY_APPL_NUM = 0x1
                0x00000001                CY_APPL_MAX = 0x1
                0x00000040                CY_METADATA_SIZE = 0x40
                0x00000000                CY_APPL_LOADABLE = 0x0
                0x00000000                CY_CHECKSUM_EXCLUDE_SIZE = ALIGN (0x0, CY_FLASH_ROW_SIZE)
                [!provide]                PROVIDE (__cy_heap_start, _end)
                0x00000001                PROVIDE (__cy_region_num, ((__cy_regions_end - __cy_regions) / 0x10))
                0x20008000                PROVIDE (__cy_stack, (ORIGIN (ram) + LENGTH (ram)))
                [!provide]                PROVIDE (__cy_heap_end, (__cy_stack - 0x800))

.cybootloader   0x00000000        0x0
 *(.cybootloader)
                0x00000000                appl1_start = CY_APPL_ORIGIN?CY_APPL_ORIGIN:ALIGN (CY_FLASH_ROW_SIZE)
                0x0001ff00                appl2_start = (appl1_start + ALIGN ((((LENGTH (rom) - appl1_start) - (0x2 * CY_FLASH_ROW_SIZE)) / 0x2), CY_FLASH_ROW_SIZE))
                0x00000000                appl_start = (CY_APPL_NUM == 0x1)?appl1_start:appl2_start
                0x00000000                ecc_offset = ((appl_start / CY_FLASH_ROW_SIZE) * CY_ECC_ROW_SIZE)
                0x00000000                ee_offset = (CY_APPL_LOADABLE && ! (CY_EE_IN_BTLDR))?((CY_EE_SIZE / CY_APPL_MAX) * (CY_APPL_NUM - 0x1)):0x0
                0x00000800                ee_size = (CY_APPL_LOADABLE && ! (CY_EE_IN_BTLDR))?(CY_EE_SIZE / CY_APPL_MAX):CY_EE_SIZE
                [!provide]                PROVIDE (CY_ECC_OFFSET, ecc_offset)

.text           0x00000000     0x60b8
 CREATE_OBJECT_SYMBOLS
                0x00000000                PROVIDE (__cy_interrupt_vector, RomVectors)
 *(.romvectors)
 .romvectors    0x00000000       0x10 .\CortexM3\ARM_GCC_541\Debug\Cm3Start.o
                0x00000000                RomVectors
                0x00000001                ASSERT ((. != __cy_interrupt_vector), No interrupt vector)
                0x00000001                ASSERT (CY_APPL_ORIGIN?(SIZEOF (.cybootloader) <= CY_APPL_ORIGIN):0x1, Wrong image location)
                0x00000010                PROVIDE (__cy_reset, Reset)
 *(.text.Reset)
 .text.Reset    0x00000010       0x18 .\CortexM3\ARM_GCC_541\Debug\Cm3Start.o
                0x00000010                Reset
                0x00000001                ASSERT ((. != __cy_reset), No reset code)
 *(.dma_init)
                0x00000001                ASSERT ((((appl_start + .) <= 0x10000) || 0x1), DMA Init must be within the first 64k of flash)
 *(.text .text.* .gnu.linkonce.t.*)
 .text          0x00000028       0x5c c:/program files (x86)/cypress/psoc creator/4.2/psoc creator/import/gnu/arm/5.4.1/bin/../lib/gcc/arm-none-eabi/5.4.1/armv7-m/crtbegin.o
 .text.UPDATE_UI
                0x00000084        0xc .\CortexM3\ARM_GCC_541\Debug\main.o
                0x00000084                UPDATE_UI
 .text.UPDATE_PID
                0x00000090        0x4 .\CortexM3\ARM_GCC_541\Debug\main.o
                0x00000090                UPDATE_PID
 .text.BUTTON_RISING_EDGE
                0x00000094       0x14 .\CortexM3\ARM_GCC_541\Debug\main.o
                0x00000094                BUTTON_RISING_EDGE
 .text.SAMPLE_CURRSENSOR
                0x000000a8       0x98 .\CortexM3\ARM_GCC_541\Debug\main.o
                0x000000a8                SAMPLE_CURRSENSOR
 .text.main     0x00000140      0x44c .\CortexM3\ARM_GCC_541\Debug\main.o
                0x00000140                main
 .text.StringChecksum
                0x0000058c       0x1c .\CortexM3\ARM_GCC_541\Debug\NMEA0183.o
                0x0000058c                StringChecksum
 .text.NMEA0183_EncodeMsg
                0x000005a8       0x34 .\CortexM3\ARM_GCC_541\Debug\NMEA0183.o
                0x000005a8                NMEA0183_EncodeMsg
 .text.CyClockStartupError
                0x000005dc        0x4 .\CortexM3\ARM_GCC_541\Debug\cyfitter_cfg.o
 .text.cfg_write_bytes32
                0x000005e0       0x34 .\CortexM3\ARM_GCC_541\Debug\cyfitter_cfg.o
 .text.AnalogSetDefault
                0x00000614       0x28 .\CortexM3\ARM_GCC_541\Debug\cyfitter_cfg.o
 .text.CYMEMZERO
                0x0000063c        0xc .\CortexM3\ARM_GCC_541\Debug\cyfitter_cfg.o
 .text.CYCONFIGCPY
                0x00000648        0x8 .\CortexM3\ARM_GCC_541\Debug\cyfitter_cfg.o
 .text.ClockSetup
                0x00000650      0x100 .\CortexM3\ARM_GCC_541\Debug\cyfitter_cfg.o
 .text.AMux_Set
                0x00000750       0x34 .\CortexM3\ARM_GCC_541\Debug\cyfitter_cfg.o
                0x00000750                AMux_Set
 .text.AMux_Unset
                0x00000784       0x38 .\CortexM3\ARM_GCC_541\Debug\cyfitter_cfg.o
                0x00000784                AMux_Unset
 .text.ADC_AMux_Set
                0x000007bc       0x20 .\CortexM3\ARM_GCC_541\Debug\cyfitter_cfg.o
                0x000007bc                ADC_AMux_Set
 .text.ADC_AMux_Unset
                0x000007dc       0x20 .\CortexM3\ARM_GCC_541\Debug\cyfitter_cfg.o
                0x000007dc                ADC_AMux_Unset
 .text.cyfitter_cfg
                0x000007fc      0x148 .\CortexM3\ARM_GCC_541\Debug\cyfitter_cfg.o
                0x000007fc                cyfitter_cfg
 .text.IntDefaultHandler
                0x00000944       0x10 .\CortexM3\ARM_GCC_541\Debug\Cm3Start.o
                0x00000944                IntDefaultHandler
 .text._sbrk    0x00000954       0x30 .\CortexM3\ARM_GCC_541\Debug\Cm3Start.o
                0x00000954                _sbrk
 .text.Start_c  0x00000984       0x4c .\CortexM3\ARM_GCC_541\Debug\Cm3Start.o
                0x00000984                Start_c
 .text.initialize_psoc
                0x000009d0       0x6c .\CortexM3\ARM_GCC_541\Debug\Cm3Start.o
                0x000009d0                initialize_psoc
 .text.LCD_WrCntrlNib
                0x00000a3c       0x34 .\CortexM3\ARM_GCC_541\Debug\3HC_Firmware_0_1.a(LCD.o)
 .text.LCD_WrDatNib
                0x00000a70       0x44 .\CortexM3\ARM_GCC_541\Debug\3HC_Firmware_0_1.a(LCD.o)
 .text.LCD_IsReady
                0x00000ab4       0xe4 .\CortexM3\ARM_GCC_541\Debug\3HC_Firmware_0_1.a(LCD.o)
                0x00000ab4                LCD_IsReady
 .text.LCD_WriteData
                0x00000b98       0x18 .\CortexM3\ARM_GCC_541\Debug\3HC_Firmware_0_1.a(LCD.o)
                0x00000b98                LCD_WriteData
 .text.LCD_PrintString
                0x00000bb0       0x1c .\CortexM3\ARM_GCC_541\Debug\3HC_Firmware_0_1.a(LCD.o)
                0x00000bb0                LCD_PrintString
 .text.LCD_WriteControl
                0x00000bcc       0x18 .\CortexM3\ARM_GCC_541\Debug\3HC_Firmware_0_1.a(LCD.o)
                0x00000bcc                LCD_WriteControl
 .text.LCD_Init
                0x00000be4       0x6c .\CortexM3\ARM_GCC_541\Debug\3HC_Firmware_0_1.a(LCD.o)
                0x00000be4                LCD_Init
 .text.LCD_Enable
                0x00000c50       0x14 .\CortexM3\ARM_GCC_541\Debug\3HC_Firmware_0_1.a(LCD.o)
                0x00000c50                LCD_Enable
 .text.LCD_Start
                0x00000c64       0x1c .\CortexM3\ARM_GCC_541\Debug\3HC_Firmware_0_1.a(LCD.o)
                0x00000c64                LCD_Start
 .text.LCD_Position
                0x00000c80       0x3c .\CortexM3\ARM_GCC_541\Debug\3HC_Firmware_0_1.a(LCD.o)
                0x00000c80                LCD_Position
 .text.QuadDec_Init
                0x00000cbc       0x24 .\CortexM3\ARM_GCC_541\Debug\3HC_Firmware_0_1.a(QuadDec.o)
                0x00000cbc                QuadDec_Init
 .text.QuadDec_GetCounter
                0x00000ce0       0x2c .\CortexM3\ARM_GCC_541\Debug\3HC_Firmware_0_1.a(QuadDec.o)
                0x00000ce0                QuadDec_GetCounter
 .text.QuadDec_GetEvents
                0x00000d0c       0x10 .\CortexM3\ARM_GCC_541\Debug\3HC_Firmware_0_1.a(QuadDec.o)
                0x00000d0c                QuadDec_GetEvents
 .text.QuadDec_SetInterruptMask
                0x00000d1c       0x10 .\CortexM3\ARM_GCC_541\Debug\3HC_Firmware_0_1.a(QuadDec.o)
                0x00000d1c                QuadDec_SetInterruptMask
 .text.QuadDec_Enable
                0x00000d2c       0x30 .\CortexM3\ARM_GCC_541\Debug\3HC_Firmware_0_1.a(QuadDec.o)
                0x00000d2c                QuadDec_Enable
 .text.QuadDec_Start
                0x00000d5c       0x34 .\CortexM3\ARM_GCC_541\Debug\3HC_Firmware_0_1.a(QuadDec.o)
                0x00000d5c                QuadDec_Start
 .text.QuadDec_ISR
                0x00000d90       0x40 .\CortexM3\ARM_GCC_541\Debug\3HC_Firmware_0_1.a(QuadDec_INT.o)
                0x00000d90                QuadDec_ISR
 .text.QuadDec_Cnt16_Enable
                0x00000dd0       0x10 .\CortexM3\ARM_GCC_541\Debug\3HC_Firmware_0_1.a(QuadDec_Cnt16.o)
                0x00000dd0                QuadDec_Cnt16_Enable
 .text.QuadDec_Cnt16_SetInterruptMode
                0x00000de0        0xc .\CortexM3\ARM_GCC_541\Debug\3HC_Firmware_0_1.a(QuadDec_Cnt16.o)
                0x00000de0                QuadDec_Cnt16_SetInterruptMode
 .text.QuadDec_Cnt16_ReadStatusRegister
                0x00000dec        0xc .\CortexM3\ARM_GCC_541\Debug\3HC_Firmware_0_1.a(QuadDec_Cnt16.o)
                0x00000dec                QuadDec_Cnt16_ReadStatusRegister
 .text.QuadDec_Cnt16_WriteCounter
                0x00000df8        0xc .\CortexM3\ARM_GCC_541\Debug\3HC_Firmware_0_1.a(QuadDec_Cnt16.o)
                0x00000df8                QuadDec_Cnt16_WriteCounter
 .text.QuadDec_Cnt16_ReadCounter
                0x00000e04       0x14 .\CortexM3\ARM_GCC_541\Debug\3HC_Firmware_0_1.a(QuadDec_Cnt16.o)
                0x00000e04                QuadDec_Cnt16_ReadCounter
 .text.QuadDec_Cnt16_ReadCapture
                0x00000e18        0xc .\CortexM3\ARM_GCC_541\Debug\3HC_Firmware_0_1.a(QuadDec_Cnt16.o)
                0x00000e18                QuadDec_Cnt16_ReadCapture
 .text.QuadDec_Cnt16_WritePeriod
                0x00000e24        0xc .\CortexM3\ARM_GCC_541\Debug\3HC_Firmware_0_1.a(QuadDec_Cnt16.o)
                0x00000e24                QuadDec_Cnt16_WritePeriod
 .text.QuadDec_Cnt16_WriteCompare
                0x00000e30        0xc .\CortexM3\ARM_GCC_541\Debug\3HC_Firmware_0_1.a(QuadDec_Cnt16.o)
                0x00000e30                QuadDec_Cnt16_WriteCompare
 .text.QuadDec_Cnt16_ClearFIFO
                0x00000e3c       0x14 .\CortexM3\ARM_GCC_541\Debug\3HC_Firmware_0_1.a(QuadDec_Cnt16.o)
                0x00000e3c                QuadDec_Cnt16_ClearFIFO
 .text.QuadDec_Cnt16_Init
                0x00000e50       0x58 .\CortexM3\ARM_GCC_541\Debug\3HC_Firmware_0_1.a(QuadDec_Cnt16.o)
                0x00000e50                QuadDec_Cnt16_Init
 .text.QuadDec_Cnt16_Start
                0x00000ea8       0x1c .\CortexM3\ARM_GCC_541\Debug\3HC_Firmware_0_1.a(QuadDec_Cnt16.o)
                0x00000ea8                QuadDec_Cnt16_Start
 .text.CyDmacConfigure
                0x00000ec4       0x34 .\CortexM3\ARM_GCC_541\Debug\3HC_Firmware_0_1.a(CyDmac.o)
                0x00000ec4                CyDmacConfigure
 .text.CyDmaChEnable
                0x00000ef8       0x38 .\CortexM3\ARM_GCC_541\Debug\3HC_Firmware_0_1.a(CyDmac.o)
                0x00000ef8                CyDmaChEnable
 .text.CyDmaChDisable
                0x00000f30       0x24 .\CortexM3\ARM_GCC_541\Debug\3HC_Firmware_0_1.a(CyDmac.o)
                0x00000f30                CyDmaChDisable
 .text.CyDmaChPriority
                0x00000f54       0x24 .\CortexM3\ARM_GCC_541\Debug\3HC_Firmware_0_1.a(CyDmac.o)
                0x00000f54                CyDmaChPriority
 .text.CyDmaChSetExtendedAddress
                0x00000f78       0x34 .\CortexM3\ARM_GCC_541\Debug\3HC_Firmware_0_1.a(CyDmac.o)
                0x00000f78                CyDmaChSetExtendedAddress
 .text.CyDmaChSetInitialTd
                0x00000fac       0x18 .\CortexM3\ARM_GCC_541\Debug\3HC_Firmware_0_1.a(CyDmac.o)
                0x00000fac                CyDmaChSetInitialTd
 .text.CyDmaChSetConfiguration
                0x00000fc4       0x44 .\CortexM3\ARM_GCC_541\Debug\3HC_Firmware_0_1.a(CyDmac.o)
                0x00000fc4                CyDmaChSetConfiguration
 .text.CyDmaTdAllocate
                0x00001008       0x34 .\CortexM3\ARM_GCC_541\Debug\3HC_Firmware_0_1.a(CyDmac.o)
                0x00001008                CyDmaTdAllocate
 .text.CyDmaTdSetConfiguration
                0x0000103c       0x28 .\CortexM3\ARM_GCC_541\Debug\3HC_Firmware_0_1.a(CyDmac.o)
                0x0000103c                CyDmaTdSetConfiguration
 .text.CyDmaTdSetAddress
                0x00001064       0x1c .\CortexM3\ARM_GCC_541\Debug\3HC_Firmware_0_1.a(CyDmac.o)
                0x00001064                CyDmaTdSetAddress
 .text.CyHalt   0x00001080        0x4 .\CortexM3\ARM_GCC_541\Debug\3HC_Firmware_0_1.a(CyLib.o)
                0x00001080                CyHalt
 .text.CyDelay  0x00001084       0x2c .\CortexM3\ARM_GCC_541\Debug\3HC_Firmware_0_1.a(CyLib.o)
                0x00001084                CyDelay
 .text.CyDelayUs
                0x000010b0       0x14 .\CortexM3\ARM_GCC_541\Debug\3HC_Firmware_0_1.a(CyLib.o)
                0x000010b0                CyDelayUs
 .text.CyIntSetVector
                0x000010c4       0x28 .\CortexM3\ARM_GCC_541\Debug\3HC_Firmware_0_1.a(CyLib.o)
                0x000010c4                CyIntSetVector
 .text.CyIntSetPriority
                0x000010ec       0x30 .\CortexM3\ARM_GCC_541\Debug\3HC_Firmware_0_1.a(CyLib.o)
                0x000010ec                CyIntSetPriority
 .text.CyGetUniqueId
                0x0000111c       0x70 .\CortexM3\ARM_GCC_541\Debug\3HC_Firmware_0_1.a(CyLib.o)
                0x0000111c                CyGetUniqueId
 .text.UPDATE_UI_SetVector
                0x0000118c        0xc .\CortexM3\ARM_GCC_541\Debug\3HC_Firmware_0_1.a(UPDATE_UI.o)
                0x0000118c                UPDATE_UI_SetVector
 .text.UPDATE_UI_SetPriority
                0x00001198       0x10 .\CortexM3\ARM_GCC_541\Debug\3HC_Firmware_0_1.a(UPDATE_UI.o)
                0x00001198                UPDATE_UI_SetPriority
 .text.UPDATE_UI_Enable
                0x000011a8        0xc .\CortexM3\ARM_GCC_541\Debug\3HC_Firmware_0_1.a(UPDATE_UI.o)
                0x000011a8                UPDATE_UI_Enable
 .text.UPDATE_UI_Disable
                0x000011b4        0xc .\CortexM3\ARM_GCC_541\Debug\3HC_Firmware_0_1.a(UPDATE_UI.o)
                0x000011b4                UPDATE_UI_Disable
 .text.UPDATE_UI_StartEx
                0x000011c0       0x1c .\CortexM3\ARM_GCC_541\Debug\3HC_Firmware_0_1.a(UPDATE_UI.o)
                0x000011c0                UPDATE_UI_StartEx
 .text.UpdateTimer_UI_Enable
                0x000011dc       0x28 .\CortexM3\ARM_GCC_541\Debug\3HC_Firmware_0_1.a(UpdateTimer_UI.o)
                0x000011dc                UpdateTimer_UI_Enable
 .text.UpdateTimer_UI_SetInterruptMode
                0x00001204        0xc .\CortexM3\ARM_GCC_541\Debug\3HC_Firmware_0_1.a(UpdateTimer_UI.o)
                0x00001204                UpdateTimer_UI_SetInterruptMode
 .text.UpdateTimer_UI_WritePeriod
                0x00001210        0xc .\CortexM3\ARM_GCC_541\Debug\3HC_Firmware_0_1.a(UpdateTimer_UI.o)
                0x00001210                UpdateTimer_UI_WritePeriod
 .text.UpdateTimer_UI_WriteCounter
                0x0000121c        0xc .\CortexM3\ARM_GCC_541\Debug\3HC_Firmware_0_1.a(UpdateTimer_UI.o)
                0x0000121c                UpdateTimer_UI_WriteCounter
 .text.UpdateTimer_UI_Init
                0x00001228       0x64 .\CortexM3\ARM_GCC_541\Debug\3HC_Firmware_0_1.a(UpdateTimer_UI.o)
                0x00001228                UpdateTimer_UI_Init
 .text.UpdateTimer_UI_Start
                0x0000128c       0x1c .\CortexM3\ARM_GCC_541\Debug\3HC_Firmware_0_1.a(UpdateTimer_UI.o)
                0x0000128c                UpdateTimer_UI_Start
 .text.X_PWM_Enable
                0x000012a8       0x10 .\CortexM3\ARM_GCC_541\Debug\3HC_Firmware_0_1.a(X_PWM.o)
                0x000012a8                X_PWM_Enable
 .text.X_PWM_WriteCounter
                0x000012b8        0xc .\CortexM3\ARM_GCC_541\Debug\3HC_Firmware_0_1.a(X_PWM.o)
                0x000012b8                X_PWM_WriteCounter
 .text.X_PWM_WritePeriod
                0x000012c4        0xc .\CortexM3\ARM_GCC_541\Debug\3HC_Firmware_0_1.a(X_PWM.o)
                0x000012c4                X_PWM_WritePeriod
 .text.X_PWM_WriteCompare
                0x000012d0        0xc .\CortexM3\ARM_GCC_541\Debug\3HC_Firmware_0_1.a(X_PWM.o)
                0x000012d0                X_PWM_WriteCompare
 .text.X_PWM_SetInterruptMode
                0x000012dc        0xc .\CortexM3\ARM_GCC_541\Debug\3HC_Firmware_0_1.a(X_PWM.o)
                0x000012dc                X_PWM_SetInterruptMode
 .text.X_PWM_ReadStatusRegister
                0x000012e8        0xc .\CortexM3\ARM_GCC_541\Debug\3HC_Firmware_0_1.a(X_PWM.o)
                0x000012e8                X_PWM_ReadStatusRegister
 .text.X_PWM_ReadCapture
                0x000012f4        0xc .\CortexM3\ARM_GCC_541\Debug\3HC_Firmware_0_1.a(X_PWM.o)
                0x000012f4                X_PWM_ReadCapture
 .text.X_PWM_ClearFIFO
                0x00001300       0x14 .\CortexM3\ARM_GCC_541\Debug\3HC_Firmware_0_1.a(X_PWM.o)
                0x00001300                X_PWM_ClearFIFO
 .text.X_PWM_Init
                0x00001314       0x60 .\CortexM3\ARM_GCC_541\Debug\3HC_Firmware_0_1.a(X_PWM.o)
                0x00001314                X_PWM_Init
 .text.X_PWM_Start
                0x00001374       0x1c .\CortexM3\ARM_GCC_541\Debug\3HC_Firmware_0_1.a(X_PWM.o)
                0x00001374                X_PWM_Start
 .text.X_PWM_ReadCompare
                0x00001390        0xc .\CortexM3\ARM_GCC_541\Debug\3HC_Firmware_0_1.a(X_PWM.o)
                0x00001390                X_PWM_ReadCompare
 .text.X_PWM_ReadPeriod
                0x0000139c        0xc .\CortexM3\ARM_GCC_541\Debug\3HC_Firmware_0_1.a(X_PWM.o)
                0x0000139c                X_PWM_ReadPeriod
 .text.Y_PWM_Enable
                0x000013a8       0x10 .\CortexM3\ARM_GCC_541\Debug\3HC_Firmware_0_1.a(Y_PWM.o)
                0x000013a8                Y_PWM_Enable
 .text.Y_PWM_WriteCounter
                0x000013b8        0xc .\CortexM3\ARM_GCC_541\Debug\3HC_Firmware_0_1.a(Y_PWM.o)
                0x000013b8                Y_PWM_WriteCounter
 .text.Y_PWM_WritePeriod
                0x000013c4        0xc .\CortexM3\ARM_GCC_541\Debug\3HC_Firmware_0_1.a(Y_PWM.o)
                0x000013c4                Y_PWM_WritePeriod
 .text.Y_PWM_WriteCompare
                0x000013d0        0xc .\CortexM3\ARM_GCC_541\Debug\3HC_Firmware_0_1.a(Y_PWM.o)
                0x000013d0                Y_PWM_WriteCompare
 .text.Y_PWM_SetInterruptMode
                0x000013dc        0xc .\CortexM3\ARM_GCC_541\Debug\3HC_Firmware_0_1.a(Y_PWM.o)
                0x000013dc                Y_PWM_SetInterruptMode
 .text.Y_PWM_ReadStatusRegister
                0x000013e8        0xc .\CortexM3\ARM_GCC_541\Debug\3HC_Firmware_0_1.a(Y_PWM.o)
                0x000013e8                Y_PWM_ReadStatusRegister
 .text.Y_PWM_ReadCapture
                0x000013f4        0xc .\CortexM3\ARM_GCC_541\Debug\3HC_Firmware_0_1.a(Y_PWM.o)
                0x000013f4                Y_PWM_ReadCapture
 .text.Y_PWM_ClearFIFO
                0x00001400       0x14 .\CortexM3\ARM_GCC_541\Debug\3HC_Firmware_0_1.a(Y_PWM.o)
                0x00001400                Y_PWM_ClearFIFO
 .text.Y_PWM_Init
                0x00001414       0x60 .\CortexM3\ARM_GCC_541\Debug\3HC_Firmware_0_1.a(Y_PWM.o)
                0x00001414                Y_PWM_Init
 .text.Y_PWM_Start
                0x00001474       0x1c .\CortexM3\ARM_GCC_541\Debug\3HC_Firmware_0_1.a(Y_PWM.o)
                0x00001474                Y_PWM_Start
 .text.Y_PWM_ReadCompare
                0x00001490        0xc .\CortexM3\ARM_GCC_541\Debug\3HC_Firmware_0_1.a(Y_PWM.o)
                0x00001490                Y_PWM_ReadCompare
 .text.Y_PWM_ReadPeriod
                0x0000149c        0xc .\CortexM3\ARM_GCC_541\Debug\3HC_Firmware_0_1.a(Y_PWM.o)
                0x0000149c                Y_PWM_ReadPeriod
 .text.Z_PWM_Enable
                0x000014a8       0x10 .\CortexM3\ARM_GCC_541\Debug\3HC_Firmware_0_1.a(Z_PWM.o)
                0x000014a8                Z_PWM_Enable
 .text.Z_PWM_WriteCounter
                0x000014b8        0xc .\CortexM3\ARM_GCC_541\Debug\3HC_Firmware_0_1.a(Z_PWM.o)
                0x000014b8                Z_PWM_WriteCounter
 .text.Z_PWM_WritePeriod
                0x000014c4        0xc .\CortexM3\ARM_GCC_541\Debug\3HC_Firmware_0_1.a(Z_PWM.o)
                0x000014c4                Z_PWM_WritePeriod
 .text.Z_PWM_WriteCompare
                0x000014d0        0xc .\CortexM3\ARM_GCC_541\Debug\3HC_Firmware_0_1.a(Z_PWM.o)
                0x000014d0                Z_PWM_WriteCompare
 .text.Z_PWM_SetInterruptMode
                0x000014dc        0xc .\CortexM3\ARM_GCC_541\Debug\3HC_Firmware_0_1.a(Z_PWM.o)
                0x000014dc                Z_PWM_SetInterruptMode
 .text.Z_PWM_ReadStatusRegister
                0x000014e8        0xc .\CortexM3\ARM_GCC_541\Debug\3HC_Firmware_0_1.a(Z_PWM.o)
                0x000014e8                Z_PWM_ReadStatusRegister
 .text.Z_PWM_ReadCapture
                0x000014f4        0xc .\CortexM3\ARM_GCC_541\Debug\3HC_Firmware_0_1.a(Z_PWM.o)
                0x000014f4                Z_PWM_ReadCapture
 .text.Z_PWM_ClearFIFO
                0x00001500       0x14 .\CortexM3\ARM_GCC_541\Debug\3HC_Firmware_0_1.a(Z_PWM.o)
                0x00001500                Z_PWM_ClearFIFO
 .text.Z_PWM_Init
                0x00001514       0x60 .\CortexM3\ARM_GCC_541\Debug\3HC_Firmware_0_1.a(Z_PWM.o)
                0x00001514                Z_PWM_Init
 .text.Z_PWM_Start
                0x00001574       0x1c .\CortexM3\ARM_GCC_541\Debug\3HC_Firmware_0_1.a(Z_PWM.o)
                0x00001574                Z_PWM_Start
 .text.Z_PWM_ReadCompare
                0x00001590        0xc .\CortexM3\ARM_GCC_541\Debug\3HC_Firmware_0_1.a(Z_PWM.o)
                0x00001590                Z_PWM_ReadCompare
 .text.Z_PWM_ReadPeriod
                0x0000159c        0xc .\CortexM3\ARM_GCC_541\Debug\3HC_Firmware_0_1.a(Z_PWM.o)
                0x0000159c                Z_PWM_ReadPeriod
 .text.ADC_GainCompensation
                0x000015a8       0xdc .\CortexM3\ARM_GCC_541\Debug\3HC_Firmware_0_1.a(ADC.o)
 .text.ADC_SetDSMRef0Reg
                0x00001684       0x4c .\CortexM3\ARM_GCC_541\Debug\3HC_Firmware_0_1.a(ADC.o)
 .text.ADC_InitConfig
                0x000016d0       0xe0 .\CortexM3\ARM_GCC_541\Debug\3HC_Firmware_0_1.a(ADC.o)
 .text.ADC_Init
                0x000017b0       0xc4 .\CortexM3\ARM_GCC_541\Debug\3HC_Firmware_0_1.a(ADC.o)
                0x000017b0                ADC_Init
 .text.ADC_Enable
                0x00001874       0xd4 .\CortexM3\ARM_GCC_541\Debug\3HC_Firmware_0_1.a(ADC.o)
                0x00001874                ADC_Enable
 .text.ADC_Start
                0x00001948       0x28 .\CortexM3\ARM_GCC_541\Debug\3HC_Firmware_0_1.a(ADC.o)
                0x00001948                ADC_Start
 .text.ADC_StartConvert
                0x00001970       0x10 .\CortexM3\ARM_GCC_541\Debug\3HC_Firmware_0_1.a(ADC.o)
                0x00001970                ADC_StartConvert
 .text.ADC_GetResult32
                0x00001980       0x6c .\CortexM3\ARM_GCC_541\Debug\3HC_Firmware_0_1.a(ADC.o)
                0x00001980                ADC_GetResult32
 .text.ADC_ISR1
                0x000019ec        0x4 .\CortexM3\ARM_GCC_541\Debug\3HC_Firmware_0_1.a(ADC_INT.o)
                0x000019ec                ADC_ISR1
 .text.ADC_AMux_Start
                0x000019f0       0x20 .\CortexM3\ARM_GCC_541\Debug\3HC_Firmware_0_1.a(ADC_AMux.o)
                0x000019f0                ADC_AMux_Start
 .text.ADC_AMux_Select
                0x00001a10       0x18 .\CortexM3\ARM_GCC_541\Debug\3HC_Firmware_0_1.a(ADC_AMux.o)
                0x00001a10                ADC_AMux_Select
 .text.ADC_Ext_CP_Clk_GetDividerRegister
                0x00001a28        0xc .\CortexM3\ARM_GCC_541\Debug\3HC_Firmware_0_1.a(ADC_Ext_CP_Clk.o)
                0x00001a28                ADC_Ext_CP_Clk_GetDividerRegister
 .text.ADC_Ext_CP_Clk_SetModeRegister
                0x00001a34       0x14 .\CortexM3\ARM_GCC_541\Debug\3HC_Firmware_0_1.a(ADC_Ext_CP_Clk.o)
                0x00001a34                ADC_Ext_CP_Clk_SetModeRegister
 .text.ADC_Ext_CP_Clk_GetSourceRegister
                0x00001a48       0x10 .\CortexM3\ARM_GCC_541\Debug\3HC_Firmware_0_1.a(ADC_Ext_CP_Clk.o)
                0x00001a48                ADC_Ext_CP_Clk_GetSourceRegister
 .text.ADC_Ext_CP_Clk_SetDividerRegister
                0x00001a58       0xd8 .\CortexM3\ARM_GCC_541\Debug\3HC_Firmware_0_1.a(ADC_Ext_CP_Clk.o)
                0x00001a58                ADC_Ext_CP_Clk_SetDividerRegister
 .text.ADC_theACLK_GetDividerRegister
                0x00001b30        0xc .\CortexM3\ARM_GCC_541\Debug\3HC_Firmware_0_1.a(ADC_theACLK.o)
                0x00001b30                ADC_theACLK_GetDividerRegister
 .text.ADC_theACLK_SetModeRegister
                0x00001b3c       0x14 .\CortexM3\ARM_GCC_541\Debug\3HC_Firmware_0_1.a(ADC_theACLK.o)
                0x00001b3c                ADC_theACLK_SetModeRegister
 .text.ADC_theACLK_GetSourceRegister
                0x00001b50       0x10 .\CortexM3\ARM_GCC_541\Debug\3HC_Firmware_0_1.a(ADC_theACLK.o)
                0x00001b50                ADC_theACLK_GetSourceRegister
 .text.ADC_theACLK_SetDividerRegister
                0x00001b60       0xd8 .\CortexM3\ARM_GCC_541\Debug\3HC_Firmware_0_1.a(ADC_theACLK.o)
                0x00001b60                ADC_theACLK_SetDividerRegister
 .text.USBFS_Init
                0x00001c38      0x140 .\CortexM3\ARM_GCC_541\Debug\3HC_Firmware_0_1.a(USBFS.o)
                0x00001c38                USBFS_Init
 .text.USBFS_InitComponent
                0x00001d78       0xc8 .\CortexM3\ARM_GCC_541\Debug\3HC_Firmware_0_1.a(USBFS.o)
                0x00001d78                USBFS_InitComponent
 .text.USBFS_Start
                0x00001e40       0x24 .\CortexM3\ARM_GCC_541\Debug\3HC_Firmware_0_1.a(USBFS.o)
                0x00001e40                USBFS_Start
 .text.USBFS_ReInitComponent
                0x00001e64       0x4c .\CortexM3\ARM_GCC_541\Debug\3HC_Firmware_0_1.a(USBFS.o)
                0x00001e64                USBFS_ReInitComponent
 .text.USBFS_GetConfiguration
                0x00001eb0        0xc .\CortexM3\ARM_GCC_541\Debug\3HC_Firmware_0_1.a(USBFS.o)
                0x00001eb0                USBFS_GetConfiguration
 .text.USBFS_IsConfigurationChanged
                0x00001ebc       0x20 .\CortexM3\ARM_GCC_541\Debug\3HC_Firmware_0_1.a(USBFS.o)
                0x00001ebc                USBFS_IsConfigurationChanged
 .text.USBFS_GetEPState
                0x00001edc       0x14 .\CortexM3\ARM_GCC_541\Debug\3HC_Firmware_0_1.a(USBFS.o)
                0x00001edc                USBFS_GetEPState
 .text.USBFS_GetEPCount
                0x00001ef0       0x28 .\CortexM3\ARM_GCC_541\Debug\3HC_Firmware_0_1.a(USBFS.o)
                0x00001ef0                USBFS_GetEPCount
 .text.USBFS_InitEP_DMA
                0x00001f18       0x68 .\CortexM3\ARM_GCC_541\Debug\3HC_Firmware_0_1.a(USBFS.o)
                0x00001f18                USBFS_InitEP_DMA
 .text.USBFS_LoadInEP
                0x00001f80      0x104 .\CortexM3\ARM_GCC_541\Debug\3HC_Firmware_0_1.a(USBFS.o)
                0x00001f80                USBFS_LoadInEP
 .text.USBFS_ReadOutEP
                0x00002084       0xb0 .\CortexM3\ARM_GCC_541\Debug\3HC_Firmware_0_1.a(USBFS.o)
                0x00002084                USBFS_ReadOutEP
 .text.USBFS_EnableOutEP
                0x00002134       0x2c .\CortexM3\ARM_GCC_541\Debug\3HC_Firmware_0_1.a(USBFS.o)
                0x00002134                USBFS_EnableOutEP
 .text.USBFS_LoadEP0
                0x00002160       0x98 .\CortexM3\ARM_GCC_541\Debug\3HC_Firmware_0_1.a(USBFS_drv.o)
                0x00002160                USBFS_LoadEP0
 .text.USBFS_InitZeroLengthControlTransfer
                0x000021f8       0x34 .\CortexM3\ARM_GCC_541\Debug\3HC_Firmware_0_1.a(USBFS_drv.o)
                0x000021f8                USBFS_InitZeroLengthControlTransfer
 .text.USBFS_ControlReadDataStage
                0x0000222c        0x8 .\CortexM3\ARM_GCC_541\Debug\3HC_Firmware_0_1.a(USBFS_drv.o)
                0x0000222c                USBFS_ControlReadDataStage
 .text.USBFS_ControlWriteDataStage
                0x00002234       0x84 .\CortexM3\ARM_GCC_541\Debug\3HC_Firmware_0_1.a(USBFS_drv.o)
                0x00002234                USBFS_ControlWriteDataStage
 .text.USBFS_InitNoDataControlTransfer
                0x000022b8       0x2c .\CortexM3\ARM_GCC_541\Debug\3HC_Firmware_0_1.a(USBFS_drv.o)
                0x000022b8                USBFS_InitNoDataControlTransfer
 .text.USBFS_UpdateStatusBlock
                0x000022e4       0x24 .\CortexM3\ARM_GCC_541\Debug\3HC_Firmware_0_1.a(USBFS_drv.o)
                0x000022e4                USBFS_UpdateStatusBlock
 .text.USBFS_HandleSetup
                0x00002308       0x5c .\CortexM3\ARM_GCC_541\Debug\3HC_Firmware_0_1.a(USBFS_drv.o)
                0x00002308                USBFS_HandleSetup
 .text.USBFS_ControlReadStatusStage
                0x00002364       0x38 .\CortexM3\ARM_GCC_541\Debug\3HC_Firmware_0_1.a(USBFS_drv.o)
                0x00002364                USBFS_ControlReadStatusStage
 .text.USBFS_HandleOUT
                0x0000239c       0x38 .\CortexM3\ARM_GCC_541\Debug\3HC_Firmware_0_1.a(USBFS_drv.o)
                0x0000239c                USBFS_HandleOUT
 .text.USBFS_ControlWriteStatusStage
                0x000023d4       0x20 .\CortexM3\ARM_GCC_541\Debug\3HC_Firmware_0_1.a(USBFS_drv.o)
                0x000023d4                USBFS_ControlWriteStatusStage
 .text.USBFS_NoDataControlStatusStage
                0x000023f4       0x40 .\CortexM3\ARM_GCC_541\Debug\3HC_Firmware_0_1.a(USBFS_drv.o)
                0x000023f4                USBFS_NoDataControlStatusStage
 .text.USBFS_HandleIN
                0x00002434       0x2c .\CortexM3\ARM_GCC_541\Debug\3HC_Firmware_0_1.a(USBFS_drv.o)
                0x00002434                USBFS_HandleIN
 .text.USBFS_EP_0_ISR
                0x00002460       0xb8 .\CortexM3\ARM_GCC_541\Debug\3HC_Firmware_0_1.a(USBFS_drv.o)
                0x00002460                USBFS_EP_0_ISR
 .text.USBFS_InitializeStatusBlock
                0x00002518       0x24 .\CortexM3\ARM_GCC_541\Debug\3HC_Firmware_0_1.a(USBFS_drv.o)
                0x00002518                USBFS_InitializeStatusBlock
 .text.USBFS_InitControlRead
                0x0000253c       0x50 .\CortexM3\ARM_GCC_541\Debug\3HC_Firmware_0_1.a(USBFS_drv.o)
                0x0000253c                USBFS_InitControlRead
 .text.USBFS_EP_1_ISR
                0x0000258c       0x30 .\CortexM3\ARM_GCC_541\Debug\3HC_Firmware_0_1.a(USBFS_episr.o)
                0x0000258c                USBFS_EP_1_ISR
 .text.USBFS_EP_2_ISR
                0x000025bc       0x34 .\CortexM3\ARM_GCC_541\Debug\3HC_Firmware_0_1.a(USBFS_episr.o)
                0x000025bc                USBFS_EP_2_ISR
 .text.USBFS_BUS_RESET_ISR
                0x000025f0        0x8 .\CortexM3\ARM_GCC_541\Debug\3HC_Firmware_0_1.a(USBFS_episr.o)
                0x000025f0                USBFS_BUS_RESET_ISR
 .text.USBFS_ARB_ISR
                0x000025f8       0xa4 .\CortexM3\ARM_GCC_541\Debug\3HC_Firmware_0_1.a(USBFS_episr.o)
                0x000025f8                USBFS_ARB_ISR
 .text.USBFS_DP_ISR
                0x0000269c        0x8 .\CortexM3\ARM_GCC_541\Debug\3HC_Firmware_0_1.a(USBFS_pm.o)
                0x0000269c                USBFS_DP_ISR
 .text.USBFS_ReadDieID
                0x000026a4       0x6c .\CortexM3\ARM_GCC_541\Debug\3HC_Firmware_0_1.a(USBFS_std.o)
                0x000026a4                USBFS_ReadDieID
 .text.USBFS_ConfigReg
                0x00002710       0xa8 .\CortexM3\ARM_GCC_541\Debug\3HC_Firmware_0_1.a(USBFS_std.o)
                0x00002710                USBFS_ConfigReg
 .text.USBFS_GetConfigTablePtr
                0x000027b8       0x28 .\CortexM3\ARM_GCC_541\Debug\3HC_Firmware_0_1.a(USBFS_std.o)
                0x000027b8                USBFS_GetConfigTablePtr
 .text.USBFS_ConfigAltChanged
                0x000027e0      0x11c .\CortexM3\ARM_GCC_541\Debug\3HC_Firmware_0_1.a(USBFS_std.o)
                0x000027e0                USBFS_ConfigAltChanged
 .text.USBFS_GetDeviceTablePtr
                0x000028fc       0x18 .\CortexM3\ARM_GCC_541\Debug\3HC_Firmware_0_1.a(USBFS_std.o)
                0x000028fc                USBFS_GetDeviceTablePtr
 .text.USBFS_GetInterfaceClassTablePtr
                0x00002914       0x28 .\CortexM3\ARM_GCC_541\Debug\3HC_Firmware_0_1.a(USBFS_std.o)
                0x00002914                USBFS_GetInterfaceClassTablePtr
 .text.USBFS_Config
                0x0000293c      0x1cc .\CortexM3\ARM_GCC_541\Debug\3HC_Firmware_0_1.a(USBFS_std.o)
                0x0000293c                USBFS_Config
 .text.USBFS_SetEndpointHalt
                0x00002b08       0x64 .\CortexM3\ARM_GCC_541\Debug\3HC_Firmware_0_1.a(USBFS_std.o)
                0x00002b08                USBFS_SetEndpointHalt
 .text.USBFS_ClearEndpointHalt
                0x00002b6c       0xa8 .\CortexM3\ARM_GCC_541\Debug\3HC_Firmware_0_1.a(USBFS_std.o)
                0x00002b6c                USBFS_ClearEndpointHalt
 .text.USBFS_ValidateAlternateSetting
                0x00002c14       0x4c .\CortexM3\ARM_GCC_541\Debug\3HC_Firmware_0_1.a(USBFS_std.o)
                0x00002c14                USBFS_ValidateAlternateSetting
 .text.USBFS_HandleStandardRqst
                0x00002c60      0x35c .\CortexM3\ARM_GCC_541\Debug\3HC_Firmware_0_1.a(USBFS_std.o)
                0x00002c60                USBFS_HandleStandardRqst
 .text.USBFS_HandleVendorRqst
                0x00002fbc       0x3c .\CortexM3\ARM_GCC_541\Debug\3HC_Firmware_0_1.a(USBFS_vnd.o)
                0x00002fbc                USBFS_HandleVendorRqst
 .text.USBFS_Dp_ClearInterrupt
                0x00002ff8       0x10 .\CortexM3\ARM_GCC_541\Debug\3HC_Firmware_0_1.a(USBFS_Dp.o)
                0x00002ff8                USBFS_Dp_ClearInterrupt
 .text.USBFS_ep2_DmaInitialize
                0x00003008       0x3c .\CortexM3\ARM_GCC_541\Debug\3HC_Firmware_0_1.a(USBFS_ep2_dma.o)
                0x00003008                USBFS_ep2_DmaInitialize
 .text.USBFS_ep1_DmaInitialize
                0x00003044       0x3c .\CortexM3\ARM_GCC_541\Debug\3HC_Firmware_0_1.a(USBFS_ep1_dma.o)
                0x00003044                USBFS_ep1_DmaInitialize
 .text.XYZ_Direction_Write
                0x00003080        0xc .\CortexM3\ARM_GCC_541\Debug\3HC_Firmware_0_1.a(XYZ_Direction.o)
                0x00003080                XYZ_Direction_Write
 .text.AMux_Start
                0x0000308c       0x20 .\CortexM3\ARM_GCC_541\Debug\3HC_Firmware_0_1.a(AMux.o)
                0x0000308c                AMux_Start
 .text.AMux_FastSelect
                0x000030ac       0x20 .\CortexM3\ARM_GCC_541\Debug\3HC_Firmware_0_1.a(AMux.o)
                0x000030ac                AMux_FastSelect
 .text.ADC_SAMPLECURRSENSOR_SetVector
                0x000030cc       0x10 .\CortexM3\ARM_GCC_541\Debug\3HC_Firmware_0_1.a(ADC_SAMPLECURRSENSOR.o)
                0x000030cc                ADC_SAMPLECURRSENSOR_SetVector
 .text.ADC_SAMPLECURRSENSOR_SetPriority
                0x000030dc       0x10 .\CortexM3\ARM_GCC_541\Debug\3HC_Firmware_0_1.a(ADC_SAMPLECURRSENSOR.o)
                0x000030dc                ADC_SAMPLECURRSENSOR_SetPriority
 .text.ADC_SAMPLECURRSENSOR_Enable
                0x000030ec       0x10 .\CortexM3\ARM_GCC_541\Debug\3HC_Firmware_0_1.a(ADC_SAMPLECURRSENSOR.o)
                0x000030ec                ADC_SAMPLECURRSENSOR_Enable
 .text.ADC_SAMPLECURRSENSOR_Disable
                0x000030fc       0x10 .\CortexM3\ARM_GCC_541\Debug\3HC_Firmware_0_1.a(ADC_SAMPLECURRSENSOR.o)
                0x000030fc                ADC_SAMPLECURRSENSOR_Disable
 .text.ADC_SAMPLECURRSENSOR_StartEx
                0x0000310c       0x1c .\CortexM3\ARM_GCC_541\Debug\3HC_Firmware_0_1.a(ADC_SAMPLECURRSENSOR.o)
                0x0000310c                ADC_SAMPLECURRSENSOR_StartEx
 .text.PID_ISR_SetVector
                0x00003128        0xc .\CortexM3\ARM_GCC_541\Debug\3HC_Firmware_0_1.a(PID_ISR.o)
                0x00003128                PID_ISR_SetVector
 .text.PID_ISR_SetPriority
                0x00003134       0x10 .\CortexM3\ARM_GCC_541\Debug\3HC_Firmware_0_1.a(PID_ISR.o)
                0x00003134                PID_ISR_SetPriority
 .text.PID_ISR_Enable
                0x00003144        0xc .\CortexM3\ARM_GCC_541\Debug\3HC_Firmware_0_1.a(PID_ISR.o)
                0x00003144                PID_ISR_Enable
 .text.PID_ISR_Disable
                0x00003150        0xc .\CortexM3\ARM_GCC_541\Debug\3HC_Firmware_0_1.a(PID_ISR.o)
                0x00003150                PID_ISR_Disable
 .text.PID_ISR_StartEx
                0x0000315c       0x1c .\CortexM3\ARM_GCC_541\Debug\3HC_Firmware_0_1.a(PID_ISR.o)
                0x0000315c                PID_ISR_StartEx
 .text.BUTTON_RISING_EDGE_SetVector
                0x00003178        0xc .\CortexM3\ARM_GCC_541\Debug\3HC_Firmware_0_1.a(BUTTON_RISING_EDGE.o)
                0x00003178                BUTTON_RISING_EDGE_SetVector
 .text.BUTTON_RISING_EDGE_SetPriority
                0x00003184       0x10 .\CortexM3\ARM_GCC_541\Debug\3HC_Firmware_0_1.a(BUTTON_RISING_EDGE.o)
                0x00003184                BUTTON_RISING_EDGE_SetPriority
 .text.BUTTON_RISING_EDGE_Enable
                0x00003194        0xc .\CortexM3\ARM_GCC_541\Debug\3HC_Firmware_0_1.a(BUTTON_RISING_EDGE.o)
                0x00003194                BUTTON_RISING_EDGE_Enable
 .text.BUTTON_RISING_EDGE_Disable
                0x000031a0        0xc .\CortexM3\ARM_GCC_541\Debug\3HC_Firmware_0_1.a(BUTTON_RISING_EDGE.o)
                0x000031a0                BUTTON_RISING_EDGE_Disable
 .text.BUTTON_RISING_EDGE_StartEx
                0x000031ac       0x1c .\CortexM3\ARM_GCC_541\Debug\3HC_Firmware_0_1.a(BUTTON_RISING_EDGE.o)
                0x000031ac                BUTTON_RISING_EDGE_StartEx
 .text.BUTTON_RISING_EDGE_ClearPending
                0x000031c8        0xc .\CortexM3\ARM_GCC_541\Debug\3HC_Firmware_0_1.a(BUTTON_RISING_EDGE.o)
                0x000031c8                BUTTON_RISING_EDGE_ClearPending
 *fill*         0x000031d4        0x4 
 .text          0x000031d8       0x20 .\CortexM3\ARM_GCC_541\Debug\3HC_Firmware_0_1.a(CyBootAsmGnu.o)
                0x000031d8                CyDelayCycles
                0x000031e8                CyEnterCriticalSection
                0x000031f0                CyExitCriticalSection
 .text.USBFS_DispatchClassRqst
                0x000031f8       0x38 .\CortexM3\ARM_GCC_541\Debug\3HC_Firmware_0_1.a(USBFS_cls.o)
                0x000031f8                USBFS_DispatchClassRqst
 .text          0x00003230      0x370 c:/program files (x86)/cypress/psoc creator/4.2/psoc creator/import/gnu/arm/5.4.1/bin/../lib/gcc/arm-none-eabi/5.4.1/armv7-m\libgcc.a(_arm_addsubdf3.o)
                0x00003230                __aeabi_drsub
                0x00003238                __aeabi_dsub
                0x00003238                __subdf3
                0x0000323c                __aeabi_dadd
                0x0000323c                __adddf3
                0x000034b4                __floatunsidf
                0x000034b4                __aeabi_ui2d
                0x000034d4                __floatsidf
                0x000034d4                __aeabi_i2d
                0x000034f8                __aeabi_f2d
                0x000034f8                __extendsfdf2
                0x00003534                __floatundidf
                0x00003534                __aeabi_ul2d
                0x00003544                __floatdidf
                0x00003544                __aeabi_l2d
 .text          0x000035a0      0x110 c:/program files (x86)/cypress/psoc creator/4.2/psoc creator/import/gnu/arm/5.4.1/bin/../lib/gcc/arm-none-eabi/5.4.1/armv7-m\libgcc.a(_arm_cmpdf2.o)
                0x000035a0                __gtdf2
                0x000035a0                __gedf2
                0x000035a8                __ltdf2
                0x000035a8                __ledf2
                0x000035b0                __nedf2
                0x000035b0                __eqdf2
                0x000035b0                __cmpdf2
                0x0000362c                __aeabi_cdrcmple
                0x0000363c                __aeabi_cdcmpeq
                0x0000363c                __aeabi_cdcmple
                0x0000364c                __aeabi_dcmpeq
                0x00003660                __aeabi_dcmplt
                0x00003674                __aeabi_dcmple
                0x00003688                __aeabi_dcmpge
                0x0000369c                __aeabi_dcmpgt
 .text          0x000036b0      0x21c c:/program files (x86)/cypress/psoc creator/4.2/psoc creator/import/gnu/arm/5.4.1/bin/../lib/gcc/arm-none-eabi/5.4.1/armv7-m\libgcc.a(_arm_addsubsf3.o)
                0x000036b0                __aeabi_frsub
                0x000036b8                __subsf3
                0x000036b8                __aeabi_fsub
                0x000036bc                __aeabi_fadd
                0x000036bc                __addsf3
                0x0000381c                __aeabi_ui2f
                0x0000381c                __floatunsisf
                0x00003824                __aeabi_i2f
                0x00003824                __floatsisf
                0x00003840                __aeabi_ul2f
                0x00003840                __floatundisf
                0x00003850                __aeabi_l2f
                0x00003850                __floatdisf
 .text          0x000038cc      0x2a0 c:/program files (x86)/cypress/psoc creator/4.2/psoc creator/import/gnu/arm/5.4.1/bin/../lib/gcc/arm-none-eabi/5.4.1/armv7-m\libgcc.a(_arm_muldivsf3.o)
                0x000038cc                __mulsf3
                0x000038cc                __aeabi_fmul
                0x00003a34                __aeabi_fdiv
                0x00003a34                __divsf3
 .text.__errno  0x00003b6c        0xc c:/program files (x86)/cypress/psoc creator/4.2/psoc creator/import/gnu/arm/5.4.1/bin/../lib/gcc/arm-none-eabi/5.4.1/../../../../arm-none-eabi/lib/armv7-m\libg_nano.a(lib_a-errno.o)
                0x00003b6c                __errno
 .text.__libc_init_array
                0x00003b78       0x4c c:/program files (x86)/cypress/psoc creator/4.2/psoc creator/import/gnu/arm/5.4.1/bin/../lib/gcc/arm-none-eabi/5.4.1/../../../../arm-none-eabi/lib/armv7-m\libg_nano.a(lib_a-init.o)
                0x00003b78                __libc_init_array
 .text.memcpy   0x00003bc4       0x16 c:/program files (x86)/cypress/psoc creator/4.2/psoc creator/import/gnu/arm/5.4.1/bin/../lib/gcc/arm-none-eabi/5.4.1/../../../../arm-none-eabi/lib/armv7-m\libg_nano.a(lib_a-memcpy-stub.o)
                0x00003bc4                memcpy
 .text.memset   0x00003bda       0x10 c:/program files (x86)/cypress/psoc creator/4.2/psoc creator/import/gnu/arm/5.4.1/bin/../lib/gcc/arm-none-eabi/5.4.1/../../../../arm-none-eabi/lib/armv7-m\libg_nano.a(lib_a-memset.o)
                0x00003bda                memset
 .text.__cvt    0x00003bea       0xc0 c:/program files (x86)/cypress/psoc creator/4.2/psoc creator/import/gnu/arm/5.4.1/bin/../lib/gcc/arm-none-eabi/5.4.1/../../../../arm-none-eabi/lib/armv7-m\libg_nano.a(lib_a-nano-vfprintf_float.o)
                0x00003bea                __cvt
 .text.__exponent
                0x00003caa       0x62 c:/program files (x86)/cypress/psoc creator/4.2/psoc creator/import/gnu/arm/5.4.1/bin/../lib/gcc/arm-none-eabi/5.4.1/../../../../arm-none-eabi/lib/armv7-m\libg_nano.a(lib_a-nano-vfprintf_float.o)
                0x00003caa                __exponent
 .text._printf_float
                0x00003d0c      0x488 c:/program files (x86)/cypress/psoc creator/4.2/psoc creator/import/gnu/arm/5.4.1/bin/../lib/gcc/arm-none-eabi/5.4.1/../../../../arm-none-eabi/lib/armv7-m\libg_nano.a(lib_a-nano-vfprintf_float.o)
                0x00003d0c                _printf_float
 .text._printf_common
                0x00004194       0xec c:/program files (x86)/cypress/psoc creator/4.2/psoc creator/import/gnu/arm/5.4.1/bin/../lib/gcc/arm-none-eabi/5.4.1/../../../../arm-none-eabi/lib/armv7-m\libg_nano.a(lib_a-nano-vfprintf_i.o)
                0x00004194                _printf_common
 .text._printf_i
                0x00004280      0x24c c:/program files (x86)/cypress/psoc creator/4.2/psoc creator/import/gnu/arm/5.4.1/bin/../lib/gcc/arm-none-eabi/5.4.1/../../../../arm-none-eabi/lib/armv7-m\libg_nano.a(lib_a-nano-vfprintf_i.o)
                0x00004280                _printf_i
 .text.sprintf  0x000044cc       0x48 c:/program files (x86)/cypress/psoc creator/4.2/psoc creator/import/gnu/arm/5.4.1/bin/../lib/gcc/arm-none-eabi/5.4.1/../../../../arm-none-eabi/lib/armv7-m\libg_nano.a(lib_a-sprintf.o)
                0x000044cc                siprintf
                0x000044cc                sprintf
 .text          0x00004514       0x10 c:/program files (x86)/cypress/psoc creator/4.2/psoc creator/import/gnu/arm/5.4.1/bin/../lib/gcc/arm-none-eabi/5.4.1/../../../../arm-none-eabi/lib/armv7-m\libg_nano.a(lib_a-strlen.o)
                0x00004514                strlen
 .text.quorem   0x00004524      0x116 c:/program files (x86)/cypress/psoc creator/4.2/psoc creator/import/gnu/arm/5.4.1/bin/../lib/gcc/arm-none-eabi/5.4.1/../../../../arm-none-eabi/lib/armv7-m\libg_nano.a(lib_a-dtoa.o)
 *fill*         0x0000463a        0x6 
 .text._dtoa_r  0x00004640      0xb30 c:/program files (x86)/cypress/psoc creator/4.2/psoc creator/import/gnu/arm/5.4.1/bin/../lib/gcc/arm-none-eabi/5.4.1/../../../../arm-none-eabi/lib/armv7-m\libg_nano.a(lib_a-dtoa.o)
                0x00004640                _dtoa_r
 .text._localeconv_r
                0x00005170        0x8 c:/program files (x86)/cypress/psoc creator/4.2/psoc creator/import/gnu/arm/5.4.1/bin/../lib/gcc/arm-none-eabi/5.4.1/../../../../arm-none-eabi/lib/armv7-m\libg_nano.a(lib_a-locale.o)
                0x00005170                _localeconv_r
 .text.malloc   0x00005178       0x10 c:/program files (x86)/cypress/psoc creator/4.2/psoc creator/import/gnu/arm/5.4.1/bin/../lib/gcc/arm-none-eabi/5.4.1/../../../../arm-none-eabi/lib/armv7-m\libg_nano.a(lib_a-malloc.o)
                0x00005178                malloc
 .text.memchr   0x00005188       0x1c c:/program files (x86)/cypress/psoc creator/4.2/psoc creator/import/gnu/arm/5.4.1/bin/../lib/gcc/arm-none-eabi/5.4.1/../../../../arm-none-eabi/lib/armv7-m\libg_nano.a(lib_a-memchr-stub.o)
                0x00005188                memchr
 .text._Balloc  0x000051a4       0x6a c:/program files (x86)/cypress/psoc creator/4.2/psoc creator/import/gnu/arm/5.4.1/bin/../lib/gcc/arm-none-eabi/5.4.1/../../../../arm-none-eabi/lib/armv7-m\libg_nano.a(lib_a-mprec.o)
                0x000051a4                _Balloc
 .text._Bfree   0x0000520e       0x2e c:/program files (x86)/cypress/psoc creator/4.2/psoc creator/import/gnu/arm/5.4.1/bin/../lib/gcc/arm-none-eabi/5.4.1/../../../../arm-none-eabi/lib/armv7-m\libg_nano.a(lib_a-mprec.o)
                0x0000520e                _Bfree
 .text.__multadd
                0x0000523c       0x76 c:/program files (x86)/cypress/psoc creator/4.2/psoc creator/import/gnu/arm/5.4.1/bin/../lib/gcc/arm-none-eabi/5.4.1/../../../../arm-none-eabi/lib/armv7-m\libg_nano.a(lib_a-mprec.o)
                0x0000523c                __multadd
 .text.__hi0bits
                0x000052b2       0x40 c:/program files (x86)/cypress/psoc creator/4.2/psoc creator/import/gnu/arm/5.4.1/bin/../lib/gcc/arm-none-eabi/5.4.1/../../../../arm-none-eabi/lib/armv7-m\libg_nano.a(lib_a-mprec.o)
                0x000052b2                __hi0bits
 .text.__lo0bits
                0x000052f2       0x5a c:/program files (x86)/cypress/psoc creator/4.2/psoc creator/import/gnu/arm/5.4.1/bin/../lib/gcc/arm-none-eabi/5.4.1/../../../../arm-none-eabi/lib/armv7-m\libg_nano.a(lib_a-mprec.o)
                0x000052f2                __lo0bits
 .text.__i2b    0x0000534c       0x12 c:/program files (x86)/cypress/psoc creator/4.2/psoc creator/import/gnu/arm/5.4.1/bin/../lib/gcc/arm-none-eabi/5.4.1/../../../../arm-none-eabi/lib/armv7-m\libg_nano.a(lib_a-mprec.o)
                0x0000534c                __i2b
 .text.__multiply
                0x0000535e      0x120 c:/program files (x86)/cypress/psoc creator/4.2/psoc creator/import/gnu/arm/5.4.1/bin/../lib/gcc/arm-none-eabi/5.4.1/../../../../arm-none-eabi/lib/armv7-m\libg_nano.a(lib_a-mprec.o)
                0x0000535e                __multiply
 *fill*         0x0000547e        0x2 
 .text.__pow5mult
                0x00005480       0x9c c:/program files (x86)/cypress/psoc creator/4.2/psoc creator/import/gnu/arm/5.4.1/bin/../lib/gcc/arm-none-eabi/5.4.1/../../../../arm-none-eabi/lib/armv7-m\libg_nano.a(lib_a-mprec.o)
                0x00005480                __pow5mult
 .text.__lshift
                0x0000551c       0xa2 c:/program files (x86)/cypress/psoc creator/4.2/psoc creator/import/gnu/arm/5.4.1/bin/../lib/gcc/arm-none-eabi/5.4.1/../../../../arm-none-eabi/lib/armv7-m\libg_nano.a(lib_a-mprec.o)
                0x0000551c                __lshift
 .text.__mcmp   0x000055be       0x38 c:/program files (x86)/cypress/psoc creator/4.2/psoc creator/import/gnu/arm/5.4.1/bin/../lib/gcc/arm-none-eabi/5.4.1/../../../../arm-none-eabi/lib/armv7-m\libg_nano.a(lib_a-mprec.o)
                0x000055be                __mcmp
 .text.__mdiff  0x000055f6       0xbe c:/program files (x86)/cypress/psoc creator/4.2/psoc creator/import/gnu/arm/5.4.1/bin/../lib/gcc/arm-none-eabi/5.4.1/../../../../arm-none-eabi/lib/armv7-m\libg_nano.a(lib_a-mprec.o)
                0x000055f6                __mdiff
 .text.__d2b    0x000056b4       0x9c c:/program files (x86)/cypress/psoc creator/4.2/psoc creator/import/gnu/arm/5.4.1/bin/../lib/gcc/arm-none-eabi/5.4.1/../../../../arm-none-eabi/lib/armv7-m\libg_nano.a(lib_a-mprec.o)
                0x000056b4                __d2b
 .text._calloc_r
                0x00005750       0x1c c:/program files (x86)/cypress/psoc creator/4.2/psoc creator/import/gnu/arm/5.4.1/bin/../lib/gcc/arm-none-eabi/5.4.1/../../../../arm-none-eabi/lib/armv7-m\libg_nano.a(lib_a-nano-callocr.o)
                0x00005750                _calloc_r
 .text._free_r  0x0000576c       0x98 c:/program files (x86)/cypress/psoc creator/4.2/psoc creator/import/gnu/arm/5.4.1/bin/../lib/gcc/arm-none-eabi/5.4.1/../../../../arm-none-eabi/lib/armv7-m\libg_nano.a(lib_a-nano-freer.o)
                0x0000576c                _free_r
 .text._malloc_r
                0x00005804       0xbc c:/program files (x86)/cypress/psoc creator/4.2/psoc creator/import/gnu/arm/5.4.1/bin/../lib/gcc/arm-none-eabi/5.4.1/../../../../arm-none-eabi/lib/armv7-m\libg_nano.a(lib_a-nano-mallocr.o)
                0x00005804                _malloc_r
 .text.__ssputs_r
                0x000058c0       0xb2 c:/program files (x86)/cypress/psoc creator/4.2/psoc creator/import/gnu/arm/5.4.1/bin/../lib/gcc/arm-none-eabi/5.4.1/../../../../arm-none-eabi/lib/armv7-m\libg_nano.a(lib_a-nano-svfprintf.o)
                0x000058c0                __ssputs_r
 *fill*         0x00005972        0x2 
 .text._svfprintf_r
                0x00005974      0x1e8 c:/program files (x86)/cypress/psoc creator/4.2/psoc creator/import/gnu/arm/5.4.1/bin/../lib/gcc/arm-none-eabi/5.4.1/../../../../arm-none-eabi/lib/armv7-m\libg_nano.a(lib_a-nano-svfprintf.o)
                0x00005974                _svfiprintf_r
                0x00005974                _svfprintf_r
 .text._sbrk_r  0x00005b5c       0x20 c:/program files (x86)/cypress/psoc creator/4.2/psoc creator/import/gnu/arm/5.4.1/bin/../lib/gcc/arm-none-eabi/5.4.1/../../../../arm-none-eabi/lib/armv7-m\libg_nano.a(lib_a-sbrkr.o)
                0x00005b5c                _sbrk_r
 .text.memmove  0x00005b7c       0x36 c:/program files (x86)/cypress/psoc creator/4.2/psoc creator/import/gnu/arm/5.4.1/bin/../lib/gcc/arm-none-eabi/5.4.1/../../../../arm-none-eabi/lib/armv7-m\libg_nano.a(lib_a-memmove.o)
                0x00005b7c                memmove
 .text.__malloc_lock
                0x00005bb2        0x2 c:/program files (x86)/cypress/psoc creator/4.2/psoc creator/import/gnu/arm/5.4.1/bin/../lib/gcc/arm-none-eabi/5.4.1/../../../../arm-none-eabi/lib/armv7-m\libg_nano.a(lib_a-mlock.o)
                0x00005bb2                __malloc_lock
 .text.__malloc_unlock
                0x00005bb4        0x2 c:/program files (x86)/cypress/psoc creator/4.2/psoc creator/import/gnu/arm/5.4.1/bin/../lib/gcc/arm-none-eabi/5.4.1/../../../../arm-none-eabi/lib/armv7-m\libg_nano.a(lib_a-mlock.o)
                0x00005bb4                __malloc_unlock
 .text._realloc_r
                0x00005bb6       0x4c c:/program files (x86)/cypress/psoc creator/4.2/psoc creator/import/gnu/arm/5.4.1/bin/../lib/gcc/arm-none-eabi/5.4.1/../../../../arm-none-eabi/lib/armv7-m\libg_nano.a(lib_a-nano-reallocr.o)
                0x00005bb6                _realloc_r
 .text._malloc_usable_size_r
                0x00005c02       0x14 c:/program files (x86)/cypress/psoc creator/4.2/psoc creator/import/gnu/arm/5.4.1/bin/../lib/gcc/arm-none-eabi/5.4.1/../../../../arm-none-eabi/lib/armv7-m\libg_nano.a(lib_a-nano-msizer.o)
                0x00005c02                _malloc_usable_size_r
 *fill*         0x00005c16        0x2 
 .text          0x00005c18      0x424 c:/program files (x86)/cypress/psoc creator/4.2/psoc creator/import/gnu/arm/5.4.1/bin/../lib/gcc/arm-none-eabi/5.4.1/armv7-m\libgcc.a(_arm_muldivdf3.o)
                0x00005c18                __aeabi_dmul
                0x00005c18                __muldf3
                0x00005e6c                __divdf3
                0x00005e6c                __aeabi_ddiv
 .text          0x0000603c       0x2c c:/program files (x86)/cypress/psoc creator/4.2/psoc creator/import/gnu/arm/5.4.1/bin/../lib/gcc/arm-none-eabi/5.4.1/armv7-m\libgcc.a(_arm_unorddf2.o)
                0x0000603c                __unorddf2
                0x0000603c                __aeabi_dcmpun
 .text          0x00006068       0x50 c:/program files (x86)/cypress/psoc creator/4.2/psoc creator/import/gnu/arm/5.4.1/bin/../lib/gcc/arm-none-eabi/5.4.1/armv7-m\libgcc.a(_arm_fixdfsi.o)
                0x00006068                __aeabi_d2iz
                0x00006068                __fixdfsi
 *(.plt)
 *(.gnu.warning)
 *(.glue_7t)
 .glue_7t       0x000060b8        0x0 linker stubs
 *(.glue_7)
 .glue_7        0x000060b8        0x0 linker stubs
 *(.vfp11_veneer)
 .vfp11_veneer  0x000060b8        0x0 linker stubs
 *(.bootloader)
 *(.ARM.extab* .gnu.linkonce.armextab.*)
 *(.gcc_except_table)

.v4_bx          0x000060b8        0x0
 .v4_bx         0x000060b8        0x0 linker stubs

.iplt           0x000060b8        0x0
 .iplt          0x000060b8        0x0 c:/program files (x86)/cypress/psoc creator/4.2/psoc creator/import/gnu/arm/5.4.1/bin/../lib/gcc/arm-none-eabi/5.4.1/armv7-m/crtbegin.o

.eh_frame_hdr
 *(.eh_frame_hdr)

.eh_frame       0x000060b8        0x4
 *(.eh_frame)
 .eh_frame      0x000060b8        0x0 c:/program files (x86)/cypress/psoc creator/4.2/psoc creator/import/gnu/arm/5.4.1/bin/../lib/gcc/arm-none-eabi/5.4.1/armv7-m/crtbegin.o
 .eh_frame      0x000060b8        0x4 c:/program files (x86)/cypress/psoc creator/4.2/psoc creator/import/gnu/arm/5.4.1/bin/../lib/gcc/arm-none-eabi/5.4.1/armv7-m/crtend.o
                [!provide]                PROVIDE (__exidx_start, .)

.ARM.exidx
 *(.ARM.exidx* .gnu.linkonce.armexidx.*)
                0x000060bc                __exidx_end = .

.rodata         0x000060c0      0x458
 *(.rodata .rodata.* .gnu.linkonce.r.*)
 .rodata.str1.4
                0x000060c0       0x79 .\CortexM3\ARM_GCC_541\Debug\main.o
 *fill*         0x00006139        0x3 
 .rodata.str1.4
                0x0000613c       0x11 .\CortexM3\ARM_GCC_541\Debug\NMEA0183.o
 *fill*         0x0000614d        0x3 
 .rodata        0x00006150       0x5c .\CortexM3\ARM_GCC_541\Debug\cyfitter_cfg.o
                0x00006150                AMux__addrTable
                0x00006168                AMux__maskTable
                0x00006170                ADC_AMux__addrTable
                0x00006178                ADC_AMux__maskTable
 .rodata.str1.4
                0x000061ac       0x14 .\CortexM3\ARM_GCC_541\Debug\3HC_Firmware_0_1.a(USBFS_std.o)
                                 0x11 (size before relaxing)
 .rodata        0x000061c0      0x15e .\CortexM3\ARM_GCC_541\Debug\3HC_Firmware_0_1.a(USBFS_descr.o)
                0x000061c0                USBFS_MSOS_CONFIGURATION_DESCR
                0x000061e8                USBFS_MSOS_DESCRIPTOR
                0x000061fc                USBFS_TABLE
                0x00006204                USBFS_DEVICE0_TABLE
                0x0000621c                USBFS_DEVICE0_CONFIGURATION0_TABLE
                0x0000623c                USBFS_DEVICE0_CONFIGURATION0_INTERFACE_CLASS
                0x00006240                USBFS_DEVICE0_CONFIGURATION0_EP_SETTINGS_TABLE
                0x00006250                USBFS_SN_STRING_DESCRIPTOR
                0x00006254                USBFS_STRING_DESCRIPTORS
                0x000062ec                USBFS_DEVICE0_CONFIGURATION0_DESCR
                0x0000630c                USBFS_DEVICE0_DESCR
 .rodata.str1.1
                0x0000631e        0x2 c:/program files (x86)/cypress/psoc creator/4.2/psoc creator/import/gnu/arm/5.4.1/bin/../lib/gcc/arm-none-eabi/5.4.1/../../../../arm-none-eabi/lib/armv7-m\libg_nano.a(lib_a-impure.o)
 .rodata.str1.1
                0x00006320       0x12 c:/program files (x86)/cypress/psoc creator/4.2/psoc creator/import/gnu/arm/5.4.1/bin/../lib/gcc/arm-none-eabi/5.4.1/../../../../arm-none-eabi/lib/armv7-m\libg_nano.a(lib_a-nano-vfprintf_float.o)
 .rodata.str1.1
                0x00006332       0x22 c:/program files (x86)/cypress/psoc creator/4.2/psoc creator/import/gnu/arm/5.4.1/bin/../lib/gcc/arm-none-eabi/5.4.1/../../../../arm-none-eabi/lib/armv7-m\libg_nano.a(lib_a-nano-vfprintf_i.o)
 .rodata.str1.1
                0x00006354        0xd c:/program files (x86)/cypress/psoc creator/4.2/psoc creator/import/gnu/arm/5.4.1/bin/../lib/gcc/arm-none-eabi/5.4.1/../../../../arm-none-eabi/lib/armv7-m\libg_nano.a(lib_a-dtoa.o)
                                  0xf (size before relaxing)
 *fill*         0x00006361        0x3 
 .rodata.__sf_fake_stdin
                0x00006364       0x20 c:/program files (x86)/cypress/psoc creator/4.2/psoc creator/import/gnu/arm/5.4.1/bin/../lib/gcc/arm-none-eabi/5.4.1/../../../../arm-none-eabi/lib/armv7-m\libg_nano.a(lib_a-findfp.o)
                0x00006364                __sf_fake_stdin
 .rodata.__sf_fake_stdout
                0x00006384       0x20 c:/program files (x86)/cypress/psoc creator/4.2/psoc creator/import/gnu/arm/5.4.1/bin/../lib/gcc/arm-none-eabi/5.4.1/../../../../arm-none-eabi/lib/armv7-m\libg_nano.a(lib_a-findfp.o)
                0x00006384                __sf_fake_stdout
 .rodata.__sf_fake_stderr
                0x000063a4       0x20 c:/program files (x86)/cypress/psoc creator/4.2/psoc creator/import/gnu/arm/5.4.1/bin/../lib/gcc/arm-none-eabi/5.4.1/../../../../arm-none-eabi/lib/armv7-m\libg_nano.a(lib_a-findfp.o)
                0x000063a4                __sf_fake_stderr
 .rodata.str1.1
                0x000063c4        0x8 c:/program files (x86)/cypress/psoc creator/4.2/psoc creator/import/gnu/arm/5.4.1/bin/../lib/gcc/arm-none-eabi/5.4.1/../../../../arm-none-eabi/lib/armv7-m\libg_nano.a(lib_a-locale.o)
                                  0xb (size before relaxing)
 *fill*         0x000063cc        0x4 
 .rodata.__mprec_tens
                0x000063d0       0xc8 c:/program files (x86)/cypress/psoc creator/4.2/psoc creator/import/gnu/arm/5.4.1/bin/../lib/gcc/arm-none-eabi/5.4.1/../../../../arm-none-eabi/lib/armv7-m\libg_nano.a(lib_a-mprec.o)
                0x000063d0                __mprec_tens
 .rodata.p05.5408
                0x00006498        0xc c:/program files (x86)/cypress/psoc creator/4.2/psoc creator/import/gnu/arm/5.4.1/bin/../lib/gcc/arm-none-eabi/5.4.1/../../../../arm-none-eabi/lib/armv7-m\libg_nano.a(lib_a-mprec.o)
 *fill*         0x000064a4        0x4 
 .rodata.__mprec_bigtens
                0x000064a8       0x28 c:/program files (x86)/cypress/psoc creator/4.2/psoc creator/import/gnu/arm/5.4.1/bin/../lib/gcc/arm-none-eabi/5.4.1/../../../../arm-none-eabi/lib/armv7-m\libg_nano.a(lib_a-mprec.o)
                0x000064a8                __mprec_bigtens
 .rodata.str1.1
                0x000064d0       0x11 c:/program files (x86)/cypress/psoc creator/4.2/psoc creator/import/gnu/arm/5.4.1/bin/../lib/gcc/arm-none-eabi/5.4.1/../../../../arm-none-eabi/lib/armv7-m\libg_nano.a(lib_a-nano-svfprintf.o)
                0x000064e4                . = ALIGN (0x4)
 *fill*         0x000064e1        0x3 
 *(.init)
 .init          0x000064e4        0x4 c:/program files (x86)/cypress/psoc creator/4.2/psoc creator/import/gnu/arm/5.4.1/bin/../lib/gcc/arm-none-eabi/5.4.1/armv7-m/crti.o
                0x000064e4                _init
 .init          0x000064e8        0x8 c:/program files (x86)/cypress/psoc creator/4.2/psoc creator/import/gnu/arm/5.4.1/bin/../lib/gcc/arm-none-eabi/5.4.1/armv7-m/crtn.o
                0x000064f0                . = ALIGN (0x4)
                0x000064f0                __preinit_array_start = .
 *(.preinit_array)
                0x000064f0                __preinit_array_end = .
                0x000064f0                . = ALIGN (0x4)
                0x000064f0                __init_array_start = .
 *(SORT(.init_array.*))
 *(.init_array)
 .init_array    0x000064f0        0x4 c:/program files (x86)/cypress/psoc creator/4.2/psoc creator/import/gnu/arm/5.4.1/bin/../lib/gcc/arm-none-eabi/5.4.1/armv7-m/crtbegin.o
 .init_array    0x000064f4        0x4 .\CortexM3\ARM_GCC_541\Debug\Cm3Start.o
                0x000064f8                __init_array_end = .
                0x000064f8                . = ALIGN (0x4)
 *(.fini)
 .fini          0x000064f8        0x4 c:/program files (x86)/cypress/psoc creator/4.2/psoc creator/import/gnu/arm/5.4.1/bin/../lib/gcc/arm-none-eabi/5.4.1/armv7-m/crti.o
                0x000064f8                _fini
 .fini          0x000064fc        0x8 c:/program files (x86)/cypress/psoc creator/4.2/psoc creator/import/gnu/arm/5.4.1/bin/../lib/gcc/arm-none-eabi/5.4.1/armv7-m/crtn.o
                0x00006504                . = ALIGN (0x4)
                0x00006504                __fini_array_start = .
 *(.fini_array)
 .fini_array    0x00006504        0x4 c:/program files (x86)/cypress/psoc creator/4.2/psoc creator/import/gnu/arm/5.4.1/bin/../lib/gcc/arm-none-eabi/5.4.1/armv7-m/crtbegin.o
 *(SORT(.fini_array.*))
                0x00006508                __fini_array_end = .
                0x00006508                . = ALIGN (0x4)
 *crtbegin.o(.ctors)
 *(EXCLUDE_FILE(*crtend.o) .ctors)
 *(SORT(.ctors.*))
 *crtend.o(.ctors)
                0x00006508                . = ALIGN (0x4)
 *crtbegin.o(.dtors)
 *(EXCLUDE_FILE(*crtend.o) .dtors)
 *(SORT(.dtors.*))
 *crtend.o(.dtors)
                0x00006508                . = ALIGN (0x4)
                0x00006508                __cy_regions = .
                0x00006508        0x4 LONG 0x6518 __cy_region_init_ram
                0x0000650c        0x4 LONG 0x1fff80c8 __cy_region_start_data
                0x00006510        0x4 LONG 0xc8 __cy_region_init_size_ram
                0x00006514        0x4 LONG 0x230 __cy_region_zero_size_ram
                0x00006518                __cy_regions_end = .
                0x00006518                . = ALIGN (0x8)
                0x00006518                _etext = .

.cy_checksum_exclude
                0x00006518        0x0
 *(.cy_checksum_exclude)

.ramvectors     0x1fff8000       0xc0
                0x1fff8000                __cy_region_start_ram = .
 *(.ramvectors)
 .ramvectors    0x1fff8000       0xc0 .\CortexM3\ARM_GCC_541\Debug\Cm3Start.o
                0x1fff8000                CyRamVectors

.noinit         0x1fff80c0        0x1
 *(.noinit)
 .noinit        0x1fff80c0        0x1 .\CortexM3\ARM_GCC_541\Debug\3HC_Firmware_0_1.a(CyLib.o)
                0x1fff80c0                CyResetStatus

.data           0x1fff80c8       0xc8 load address 0x00006518
                0x1fff80c8                __cy_region_start_data = .
 *(.jcr)
 .jcr           0x1fff80c8        0x0 c:/program files (x86)/cypress/psoc creator/4.2/psoc creator/import/gnu/arm/5.4.1/bin/../lib/gcc/arm-none-eabi/5.4.1/armv7-m/crtbegin.o
 .jcr           0x1fff80c8        0x4 c:/program files (x86)/cypress/psoc creator/4.2/psoc creator/import/gnu/arm/5.4.1/bin/../lib/gcc/arm-none-eabi/5.4.1/armv7-m/crtend.o
 *(.got.plt)
 *(.got)
 *(.shdata)
 *(.data .data.* .gnu.linkonce.d.*)
 .data          0x1fff80cc        0x1 .\CortexM3\ARM_GCC_541\Debug\main.o
                0x1fff80cc                update
 *fill*         0x1fff80cd        0x3 
 .data          0x1fff80d0        0x4 .\CortexM3\ARM_GCC_541\Debug\Cm3Start.o
 .data          0x1fff80d4        0x8 .\CortexM3\ARM_GCC_541\Debug\3HC_Firmware_0_1.a(CyDmac.o)
 .data          0x1fff80dc       0x10 .\CortexM3\ARM_GCC_541\Debug\3HC_Firmware_0_1.a(CyLib.o)
                0x1fff80dc                cydelay_32k_ms
                0x1fff80e0                cydelay_freq_khz
                0x1fff80e4                cydelay_freq_mhz
                0x1fff80e8                cydelay_freq_hz
 .data          0x1fff80ec        0x1 .\CortexM3\ARM_GCC_541\Debug\3HC_Firmware_0_1.a(ADC.o)
                0x1fff80ec                ADC_Config
 .data          0x1fff80ed        0x1 .\CortexM3\ARM_GCC_541\Debug\3HC_Firmware_0_1.a(ADC_AMux.o)
 .data          0x1fff80ee        0x1 .\CortexM3\ARM_GCC_541\Debug\3HC_Firmware_0_1.a(USBFS_ep2_dma.o)
                0x1fff80ee                USBFS_ep2_DmaHandle
 .data          0x1fff80ef        0x1 .\CortexM3\ARM_GCC_541\Debug\3HC_Firmware_0_1.a(USBFS_ep1_dma.o)
                0x1fff80ef                USBFS_ep1_DmaHandle
 .data          0x1fff80f0        0x1 .\CortexM3\ARM_GCC_541\Debug\3HC_Firmware_0_1.a(AMux.o)
 *fill*         0x1fff80f1        0x3 
 .data.impure_data
                0x1fff80f4       0x60 c:/program files (x86)/cypress/psoc creator/4.2/psoc creator/import/gnu/arm/5.4.1/bin/../lib/gcc/arm-none-eabi/5.4.1/../../../../arm-none-eabi/lib/armv7-m\libg_nano.a(lib_a-impure.o)
 .data._impure_ptr
                0x1fff8154        0x4 c:/program files (x86)/cypress/psoc creator/4.2/psoc creator/import/gnu/arm/5.4.1/bin/../lib/gcc/arm-none-eabi/5.4.1/../../../../arm-none-eabi/lib/armv7-m\libg_nano.a(lib_a-impure.o)
                0x1fff8154                _impure_ptr
 .data.lconv    0x1fff8158       0x38 c:/program files (x86)/cypress/psoc creator/4.2/psoc creator/import/gnu/arm/5.4.1/bin/../lib/gcc/arm-none-eabi/5.4.1/../../../../arm-none-eabi/lib/armv7-m\libg_nano.a(lib_a-locale.o)
                0x1fff8190                . = ALIGN (0x8)
 *(.ram)
                0x1fff8190                _edata = .

.igot.plt       0x1fff8190        0x0 load address 0x000065e0
 .igot.plt      0x1fff8190        0x0 c:/program files (x86)/cypress/psoc creator/4.2/psoc creator/import/gnu/arm/5.4.1/bin/../lib/gcc/arm-none-eabi/5.4.1/armv7-m/crtbegin.o

.bss            0x1fff8190      0x230 load address 0x000065e0
                0x1fff8190                PROVIDE (__bss_start__, .)
 *(.shbss)
 *(.bss .bss.* .gnu.linkonce.b.*)
 .bss           0x1fff8190       0x1c c:/program files (x86)/cypress/psoc creator/4.2/psoc creator/import/gnu/arm/5.4.1/bin/../lib/gcc/arm-none-eabi/5.4.1/armv7-m/crtbegin.o
 .bss           0x1fff81ac        0x3 .\CortexM3\ARM_GCC_541\Debug\main.o
                0x1fff81ac                currReadState
                0x1fff81ad                ui_state
                0x1fff81ae                i
 .bss           0x1fff81af        0x2 .\CortexM3\ARM_GCC_541\Debug\3HC_Firmware_0_1.a(LCD.o)
                0x1fff81af                LCD_enableState
                0x1fff81b0                LCD_initVar
 .bss           0x1fff81b1        0x1 .\CortexM3\ARM_GCC_541\Debug\3HC_Firmware_0_1.a(QuadDec.o)
                0x1fff81b1                QuadDec_initVar
 *fill*         0x1fff81b2        0x2 
 .bss           0x1fff81b4        0x4 .\CortexM3\ARM_GCC_541\Debug\3HC_Firmware_0_1.a(QuadDec_INT.o)
                0x1fff81b4                QuadDec_count32SoftPart
 .bss           0x1fff81b8        0x1 .\CortexM3\ARM_GCC_541\Debug\3HC_Firmware_0_1.a(QuadDec_Cnt16.o)
                0x1fff81b8                QuadDec_Cnt16_initVar
 .bss           0x1fff81b9        0x1 .\CortexM3\ARM_GCC_541\Debug\3HC_Firmware_0_1.a(UpdateTimer_UI.o)
                0x1fff81b9                UpdateTimer_UI_initVar
 .bss           0x1fff81ba        0x1 .\CortexM3\ARM_GCC_541\Debug\3HC_Firmware_0_1.a(X_PWM.o)
                0x1fff81ba                X_PWM_initVar
 .bss           0x1fff81bb        0x1 .\CortexM3\ARM_GCC_541\Debug\3HC_Firmware_0_1.a(Y_PWM.o)
                0x1fff81bb                Y_PWM_initVar
 .bss           0x1fff81bc        0x1 .\CortexM3\ARM_GCC_541\Debug\3HC_Firmware_0_1.a(Z_PWM.o)
                0x1fff81bc                Z_PWM_initVar
 *fill*         0x1fff81bd        0x3 
 .bss           0x1fff81c0        0xc .\CortexM3\ARM_GCC_541\Debug\3HC_Firmware_0_1.a(ADC.o)
                0x1fff81c4                ADC_stopConversion
                0x1fff81c5                ADC_convDone
                0x1fff81c6                ADC_initVar
                0x1fff81c7                ADC_started
                0x1fff81c8                ADC_Offset
 .bss           0x1fff81cc        0x1 .\CortexM3\ARM_GCC_541\Debug\3HC_Firmware_0_1.a(USBFS.o)
                0x1fff81cc                USBFS_initVar
 *fill*         0x1fff81cd        0x3 
 .bss           0x1fff81d0        0x2 .\CortexM3\ARM_GCC_541\Debug\3HC_Firmware_0_1.a(USBFS_std.o)
 *fill*         0x1fff81d2        0x2 
 .bss.__malloc_sbrk_start
                0x1fff81d4        0x4 c:/program files (x86)/cypress/psoc creator/4.2/psoc creator/import/gnu/arm/5.4.1/bin/../lib/gcc/arm-none-eabi/5.4.1/../../../../arm-none-eabi/lib/armv7-m\libg_nano.a(lib_a-nano-mallocr.o)
                0x1fff81d4                __malloc_sbrk_start
 .bss.__malloc_free_list
                0x1fff81d8        0x4 c:/program files (x86)/cypress/psoc creator/4.2/psoc creator/import/gnu/arm/5.4.1/bin/../lib/gcc/arm-none-eabi/5.4.1/../../../../arm-none-eabi/lib/armv7-m\libg_nano.a(lib_a-nano-mallocr.o)
                0x1fff81d8                __malloc_free_list
 *(COMMON)
 COMMON         0x1fff81dc      0x104 .\CortexM3\ARM_GCC_541\Debug\main.o
                0x1fff81dc                LCD_MSG
                0x1fff81fc                currCoil
                0x1fff8208                length
                0x1fff820c                count
                0x1fff8210                USB_Buff_IN
                0x1fff8250                magField
                0x1fff825c                buttonClicked
                0x1fff8260                USB_Buff_OUT
                0x1fff82a0                strbuf
 COMMON         0x1fff82e0        0x4 .\CortexM3\ARM_GCC_541\Debug\3HC_Firmware_0_1.a(ADC.o)
                0x1fff82e0                ADC_CountsPerVolt
 COMMON         0x1fff82e4       0x15 .\CortexM3\ARM_GCC_541\Debug\3HC_Firmware_0_1.a(USBFS.o)
                0x1fff82e4                USBFS_DmaChan
                0x1fff82f0                USBFS_DmaTd
 *fill*         0x1fff82f9        0x3 
 COMMON         0x1fff82fc       0x98 .\CortexM3\ARM_GCC_541\Debug\3HC_Firmware_0_1.a(USBFS_drv.o)
                0x1fff82fc                USBFS_deviceAddress
                0x1fff82fd                USBFS_ep0Mode
                0x1fff8300                USBFS_interfaceSetting
                0x1fff8304                USBFS_currentTD
                0x1fff8310                USBFS_device
                0x1fff8311                USBFS_interfaceNumber
                0x1fff8312                USBFS_ep0Toggle
                0x1fff8313                USBFS_deviceStatus
                0x1fff8314                USBFS_configurationChanged
                0x1fff8315                USBFS_configuration
                0x1fff8316                USBFS_transferState
                0x1fff8318                USBFS_interfaceStatus
                0x1fff831c                USBFS_interfaceClass
                0x1fff8320                USBFS_EP
                0x1fff838c                USBFS_lastPacketSize
                0x1fff838d                USBFS_ep0Count
                0x1fff8390                USBFS_interfaceSettingLast
                0x1fff8392                USBFS_transferByteCount
 COMMON         0x1fff8394       0x22 .\CortexM3\ARM_GCC_541\Debug\3HC_Firmware_0_1.a(USBFS_descr.o)
                0x1fff8394                USBFS_idSerialNumberStringDescriptor
 *fill*         0x1fff83b6        0x2 
 COMMON         0x1fff83b8        0x4 c:/program files (x86)/cypress/psoc creator/4.2/psoc creator/import/gnu/arm/5.4.1/bin/../lib/gcc/arm-none-eabi/5.4.1/../../../../arm-none-eabi/lib/armv7-m\libg_nano.a(lib_a-reent.o)
                0x1fff83b8                errno
                0x1fff83c0                . = ALIGN (0x8)
 *fill*         0x1fff83bc        0x4 
 *(.ram.b)
                0x1fff83c0                _end = .
                0x1fff83c0                __end = .
                0x1fff83c0                PROVIDE (end, .)
                0x1fff83c0                PROVIDE (__bss_end__, .)
                0x00006518                __cy_region_init_ram = LOADADDR (.data)
                0x000000c8                __cy_region_init_size_ram = (_edata - ADDR (.data))
                0x00000230                __cy_region_zero_size_ram = (_end - _edata)

.heap           0x1fff83c0      0x200 load address 0x000065e0
                0x1fff83c0                . = _end
                0x1fff85c0                . = (. + 0x200)
 *fill*         0x1fff83c0      0x200 
                0x1fff85c0                __cy_heap_limit = .

.stack          0x20007800      0x800
                0x20007800                __cy_stack_limit = .
                0x20008000                . = (. + 0x800)
 *fill*         0x20007800      0x800 
                0x00000001                ASSERT ((__cy_stack_limit >= __cy_heap_limit), region RAM overflowed with stack)
                0x00000000                cy_checksum_exclude_size = (CY_APPL_LOADABLE == 0x1)?SIZEOF (.cy_checksum_exclude):0x0
                0x00000001                ASSERT ((cy_checksum_exclude_size <= CY_CHECKSUM_EXCLUDE_SIZE), CY_BOOT: Section .cy_checksum_exclude size exceedes specified limit.)

.cyloadermeta
 *(.cyloadermeta)

.cyloadablemeta
 *(.cyloadablemeta)

.cyconfigecc    0x80000000      0x7bc
 *(.cyconfigecc)
 .cyconfigecc   0x80000000      0x7bc .\CortexM3\ARM_GCC_541\Debug\cymetadata.o
                0x80000000                cy_meta_configecc

.cycustnvl      0x90000000        0x4
 *(.cycustnvl)
 .cycustnvl     0x90000000        0x4 .\CortexM3\ARM_GCC_541\Debug\cymetadata.o
                0x90000000                cy_meta_custnvl

.cywolatch      0x90100000        0x4
 *(.cywolatch)
 .cywolatch     0x90100000        0x4 .\CortexM3\ARM_GCC_541\Debug\cymetadata.o
                0x90100000                cy_meta_wonvl

.cyeeprom       0x90200000        0x0
 *(.cyeeprom)
                0x00000001                ASSERT ((. <= ((0x90200000 + ee_offset) + ee_size)), .cyeeprom data will not fit in EEPROM)

.cyflashprotect
                0x90400000      0x100
 *(.cyflashprotect)
 .cyflashprotect
                0x90400000      0x100 .\CortexM3\ARM_GCC_541\Debug\cymetadata.o
                0x90400000                cy_meta_flashprotect

.cymeta         0x90500000        0xc
 *(.cymeta)
 .cymeta        0x90500000        0xc .\CortexM3\ARM_GCC_541\Debug\cymetadata.o
                0x90500000                cy_metadata

.rel.dyn        0x000065e0        0x0 load address 0x9050000c
 .rel.iplt      0x000065e0        0x0 c:/program files (x86)/cypress/psoc creator/4.2/psoc creator/import/gnu/arm/5.4.1/bin/../lib/gcc/arm-none-eabi/5.4.1/armv7-m/crtbegin.o

.stab           0x00000000       0x9c
 *(.stab)
 .stab          0x00000000       0x24 c:/program files (x86)/cypress/psoc creator/4.2/psoc creator/import/gnu/arm/5.4.1/bin/../lib/gcc/arm-none-eabi/5.4.1/../../../../arm-none-eabi/lib/armv7-m\libnosys.a(close.o)
 .stab          0x00000024       0x18 c:/program files (x86)/cypress/psoc creator/4.2/psoc creator/import/gnu/arm/5.4.1/bin/../lib/gcc/arm-none-eabi/5.4.1/../../../../arm-none-eabi/lib/armv7-m\libnosys.a(fstat.o)
                                 0x24 (size before relaxing)
 .stab          0x0000003c       0x18 c:/program files (x86)/cypress/psoc creator/4.2/psoc creator/import/gnu/arm/5.4.1/bin/../lib/gcc/arm-none-eabi/5.4.1/../../../../arm-none-eabi/lib/armv7-m\libnosys.a(isatty.o)
                                 0x24 (size before relaxing)
 .stab          0x00000054       0x18 c:/program files (x86)/cypress/psoc creator/4.2/psoc creator/import/gnu/arm/5.4.1/bin/../lib/gcc/arm-none-eabi/5.4.1/../../../../arm-none-eabi/lib/armv7-m\libnosys.a(lseek.o)
                                 0x24 (size before relaxing)
 .stab          0x0000006c       0x18 c:/program files (x86)/cypress/psoc creator/4.2/psoc creator/import/gnu/arm/5.4.1/bin/../lib/gcc/arm-none-eabi/5.4.1/../../../../arm-none-eabi/lib/armv7-m\libnosys.a(read.o)
                                 0x24 (size before relaxing)
 .stab          0x00000084       0x18 c:/program files (x86)/cypress/psoc creator/4.2/psoc creator/import/gnu/arm/5.4.1/bin/../lib/gcc/arm-none-eabi/5.4.1/../../../../arm-none-eabi/lib/armv7-m\libnosys.a(write.o)
                                 0x24 (size before relaxing)

.stabstr        0x00000000      0x14d
 *(.stabstr)
 .stabstr       0x00000000      0x14d c:/program files (x86)/cypress/psoc creator/4.2/psoc creator/import/gnu/arm/5.4.1/bin/../lib/gcc/arm-none-eabi/5.4.1/../../../../arm-none-eabi/lib/armv7-m\libnosys.a(close.o)

.debug
 *(.debug)

.line
 *(.line)

.debug_srcinfo
 *(.debug_srcinfo)

.debug_sfnames
 *(.debug_sfnames)

.debug_aranges  0x00000000     0x1490
 *(.debug_aranges)
 .debug_aranges
                0x00000000       0x40 .\CortexM3\ARM_GCC_541\Debug\main.o
 .debug_aranges
                0x00000040       0x38 .\CortexM3\ARM_GCC_541\Debug\I2C.o
 .debug_aranges
                0x00000078       0x68 .\CortexM3\ARM_GCC_541\Debug\MPU9250.o
 .debug_aranges
                0x000000e0       0x30 .\CortexM3\ARM_GCC_541\Debug\NMEA0183.o
 .debug_aranges
                0x00000110       0x70 .\CortexM3\ARM_GCC_541\Debug\matrixmath3.o
 .debug_aranges
                0x00000180       0x78 .\CortexM3\ARM_GCC_541\Debug\cyfitter_cfg.o
 .debug_aranges
                0x000001f8       0x18 .\CortexM3\ARM_GCC_541\Debug\cymetadata.o
 .debug_aranges
                0x00000210       0x48 .\CortexM3\ARM_GCC_541\Debug\Cm3Start.o
 .debug_aranges
                0x00000258       0x98 .\CortexM3\ARM_GCC_541\Debug\3HC_Firmware_0_1.a(LCD.o)
 .debug_aranges
                0x000002f0       0x60 .\CortexM3\ARM_GCC_541\Debug\3HC_Firmware_0_1.a(QuadDec.o)
 .debug_aranges
                0x00000350       0x20 .\CortexM3\ARM_GCC_541\Debug\3HC_Firmware_0_1.a(QuadDec_INT.o)
 .debug_aranges
                0x00000370       0x98 .\CortexM3\ARM_GCC_541\Debug\3HC_Firmware_0_1.a(QuadDec_Cnt16.o)
 .debug_aranges
                0x00000408       0xd8 .\CortexM3\ARM_GCC_541\Debug\3HC_Firmware_0_1.a(CyDmac.o)
 .debug_aranges
                0x000004e0      0x2a0 .\CortexM3\ARM_GCC_541\Debug\3HC_Firmware_0_1.a(CyLib.o)
 .debug_aranges
                0x00000780       0x98 .\CortexM3\ARM_GCC_541\Debug\3HC_Firmware_0_1.a(cyPm.o)
 .debug_aranges
                0x00000818       0x80 .\CortexM3\ARM_GCC_541\Debug\3HC_Firmware_0_1.a(UPDATE_UI.o)
 .debug_aranges
                0x00000898       0x88 .\CortexM3\ARM_GCC_541\Debug\3HC_Firmware_0_1.a(UpdateTimer_UI.o)
 .debug_aranges
                0x00000920       0x98 .\CortexM3\ARM_GCC_541\Debug\3HC_Firmware_0_1.a(X_PWM.o)
 .debug_aranges
                0x000009b8       0x98 .\CortexM3\ARM_GCC_541\Debug\3HC_Firmware_0_1.a(Y_PWM.o)
 .debug_aranges
                0x00000a50       0x98 .\CortexM3\ARM_GCC_541\Debug\3HC_Firmware_0_1.a(Z_PWM.o)
 .debug_aranges
                0x00000ae8       0x38 .\CortexM3\ARM_GCC_541\Debug\3HC_Firmware_0_1.a(I2C_Module.o)
 .debug_aranges
                0x00000b20       0x20 .\CortexM3\ARM_GCC_541\Debug\3HC_Firmware_0_1.a(I2C_Module_INT.o)
 .debug_aranges
                0x00000b40       0x38 .\CortexM3\ARM_GCC_541\Debug\3HC_Firmware_0_1.a(I2C_Module_PM.o)
 .debug_aranges
                0x00000b78       0x80 .\CortexM3\ARM_GCC_541\Debug\3HC_Firmware_0_1.a(I2C_Module_MASTER.o)
 .debug_aranges
                0x00000bf8       0xe8 .\CortexM3\ARM_GCC_541\Debug\3HC_Firmware_0_1.a(ADC.o)
 .debug_aranges
                0x00000ce0       0x38 .\CortexM3\ARM_GCC_541\Debug\3HC_Firmware_0_1.a(ADC_INT.o)
 .debug_aranges
                0x00000d18       0x30 .\CortexM3\ARM_GCC_541\Debug\3HC_Firmware_0_1.a(ADC_AMux.o)
 .debug_aranges
                0x00000d48       0x70 .\CortexM3\ARM_GCC_541\Debug\3HC_Firmware_0_1.a(ADC_Ext_CP_Clk.o)
 .debug_aranges
                0x00000db8       0x80 .\CortexM3\ARM_GCC_541\Debug\3HC_Firmware_0_1.a(ADC_theACLK.o)
 .debug_aranges
                0x00000e38       0xd8 .\CortexM3\ARM_GCC_541\Debug\3HC_Firmware_0_1.a(USBFS.o)
 .debug_aranges
                0x00000f10       0x98 .\CortexM3\ARM_GCC_541\Debug\3HC_Firmware_0_1.a(USBFS_drv.o)
 .debug_aranges
                0x00000fa8       0x38 .\CortexM3\ARM_GCC_541\Debug\3HC_Firmware_0_1.a(USBFS_episr.o)
 .debug_aranges
                0x00000fe0       0x40 .\CortexM3\ARM_GCC_541\Debug\3HC_Firmware_0_1.a(USBFS_pm.o)
 .debug_aranges
                0x00001020       0x80 .\CortexM3\ARM_GCC_541\Debug\3HC_Firmware_0_1.a(USBFS_std.o)
 .debug_aranges
                0x000010a0       0x20 .\CortexM3\ARM_GCC_541\Debug\3HC_Firmware_0_1.a(USBFS_vnd.o)
 .debug_aranges
                0x000010c0       0x48 .\CortexM3\ARM_GCC_541\Debug\3HC_Firmware_0_1.a(USBFS_Dp.o)
 .debug_aranges
                0x00001108       0x28 .\CortexM3\ARM_GCC_541\Debug\3HC_Firmware_0_1.a(USBFS_ep2_dma.o)
 .debug_aranges
                0x00001130       0x28 .\CortexM3\ARM_GCC_541\Debug\3HC_Firmware_0_1.a(USBFS_ep1_dma.o)
 .debug_aranges
                0x00001158       0x28 .\CortexM3\ARM_GCC_541\Debug\3HC_Firmware_0_1.a(XYZ_Direction.o)
 .debug_aranges
                0x00001180       0x30 .\CortexM3\ARM_GCC_541\Debug\3HC_Firmware_0_1.a(AMux.o)
 .debug_aranges
                0x000011b0       0x80 .\CortexM3\ARM_GCC_541\Debug\3HC_Firmware_0_1.a(ADC_SAMPLECURRSENSOR.o)
 .debug_aranges
                0x00001230       0x80 .\CortexM3\ARM_GCC_541\Debug\3HC_Firmware_0_1.a(PID_ISR.o)
 .debug_aranges
                0x000012b0       0x80 .\CortexM3\ARM_GCC_541\Debug\3HC_Firmware_0_1.a(BUTTON_RISING_EDGE.o)
 .debug_aranges
                0x00001330       0x20 .\CortexM3\ARM_GCC_541\Debug\3HC_Firmware_0_1.a(CyBootAsmGnu.o)
 .debug_aranges
                0x00001350       0x88 .\CortexM3\ARM_GCC_541\Debug\3HC_Firmware_0_1.a(CyFlash.o)
 .debug_aranges
                0x000013d8       0x80 .\CortexM3\ARM_GCC_541\Debug\3HC_Firmware_0_1.a(CySpc.o)
 .debug_aranges
                0x00001458       0x20 .\CortexM3\ARM_GCC_541\Debug\3HC_Firmware_0_1.a(USBFS_cls.o)
 .debug_aranges
                0x00001478       0x18 .\CortexM3\ARM_GCC_541\Debug\3HC_Firmware_0_1.a(USBFS_descr.o)

.debug_pubnames
 *(.debug_pubnames)

.debug_info     0x00000000     0xcd28
 *(.debug_info .gnu.linkonce.wi.*)
 .debug_info    0x00000000      0xabf .\CortexM3\ARM_GCC_541\Debug\main.o
 .debug_info    0x00000abf      0x361 .\CortexM3\ARM_GCC_541\Debug\I2C.o
 .debug_info    0x00000e20      0x502 .\CortexM3\ARM_GCC_541\Debug\MPU9250.o
 .debug_info    0x00001322      0x259 .\CortexM3\ARM_GCC_541\Debug\NMEA0183.o
 .debug_info    0x0000157b      0x5b9 .\CortexM3\ARM_GCC_541\Debug\matrixmath3.o
 .debug_info    0x00001b34      0x6f1 .\CortexM3\ARM_GCC_541\Debug\cyfitter_cfg.o
 .debug_info    0x00002225      0x139 .\CortexM3\ARM_GCC_541\Debug\cymetadata.o
 .debug_info    0x0000235e      0x3cf .\CortexM3\ARM_GCC_541\Debug\Cm3Start.o
 .debug_info    0x0000272d      0x715 .\CortexM3\ARM_GCC_541\Debug\3HC_Firmware_0_1.a(LCD.o)
 .debug_info    0x00002e42      0x357 .\CortexM3\ARM_GCC_541\Debug\3HC_Firmware_0_1.a(QuadDec.o)
 .debug_info    0x00003199       0xf3 .\CortexM3\ARM_GCC_541\Debug\3HC_Firmware_0_1.a(QuadDec_INT.o)
 .debug_info    0x0000328c      0x348 .\CortexM3\ARM_GCC_541\Debug\3HC_Firmware_0_1.a(QuadDec_Cnt16.o)
 .debug_info    0x000035d4      0x94e .\CortexM3\ARM_GCC_541\Debug\3HC_Firmware_0_1.a(CyDmac.o)
 .debug_info    0x00003f22     0x1374 .\CortexM3\ARM_GCC_541\Debug\3HC_Firmware_0_1.a(CyLib.o)
 .debug_info    0x00005296      0xa2a .\CortexM3\ARM_GCC_541\Debug\3HC_Firmware_0_1.a(cyPm.o)
 .debug_info    0x00005cc0      0x2d2 .\CortexM3\ARM_GCC_541\Debug\3HC_Firmware_0_1.a(UPDATE_UI.o)
 .debug_info    0x00005f92      0x293 .\CortexM3\ARM_GCC_541\Debug\3HC_Firmware_0_1.a(UpdateTimer_UI.o)
 .debug_info    0x00006225      0x354 .\CortexM3\ARM_GCC_541\Debug\3HC_Firmware_0_1.a(X_PWM.o)
 .debug_info    0x00006579      0x354 .\CortexM3\ARM_GCC_541\Debug\3HC_Firmware_0_1.a(Y_PWM.o)
 .debug_info    0x000068cd      0x354 .\CortexM3\ARM_GCC_541\Debug\3HC_Firmware_0_1.a(Z_PWM.o)
 .debug_info    0x00006c21      0x2ad .\CortexM3\ARM_GCC_541\Debug\3HC_Firmware_0_1.a(I2C_Module.o)
 .debug_info    0x00006ece      0x184 .\CortexM3\ARM_GCC_541\Debug\3HC_Firmware_0_1.a(I2C_Module_INT.o)
 .debug_info    0x00007052      0x207 .\CortexM3\ARM_GCC_541\Debug\3HC_Firmware_0_1.a(I2C_Module_PM.o)
 .debug_info    0x00007259      0x407 .\CortexM3\ARM_GCC_541\Debug\3HC_Firmware_0_1.a(I2C_Module_MASTER.o)
 .debug_info    0x00007660      0xa19 .\CortexM3\ARM_GCC_541\Debug\3HC_Firmware_0_1.a(ADC.o)
 .debug_info    0x00008079       0xd3 .\CortexM3\ARM_GCC_541\Debug\3HC_Firmware_0_1.a(ADC_INT.o)
 .debug_info    0x0000814c      0x165 .\CortexM3\ARM_GCC_541\Debug\3HC_Firmware_0_1.a(ADC_AMux.o)
 .debug_info    0x000082b1      0x283 .\CortexM3\ARM_GCC_541\Debug\3HC_Firmware_0_1.a(ADC_Ext_CP_Clk.o)
 .debug_info    0x00008534      0x2c4 .\CortexM3\ARM_GCC_541\Debug\3HC_Firmware_0_1.a(ADC_theACLK.o)
 .debug_info    0x000087f8      0xba8 .\CortexM3\ARM_GCC_541\Debug\3HC_Firmware_0_1.a(USBFS.o)
 .debug_info    0x000093a0      0x655 .\CortexM3\ARM_GCC_541\Debug\3HC_Firmware_0_1.a(USBFS_drv.o)
 .debug_info    0x000099f5      0x346 .\CortexM3\ARM_GCC_541\Debug\3HC_Firmware_0_1.a(USBFS_episr.o)
 .debug_info    0x00009d3b      0x303 .\CortexM3\ARM_GCC_541\Debug\3HC_Firmware_0_1.a(USBFS_pm.o)
 .debug_info    0x0000a03e      0xb00 .\CortexM3\ARM_GCC_541\Debug\3HC_Firmware_0_1.a(USBFS_std.o)
 .debug_info    0x0000ab3e      0x1be .\CortexM3\ARM_GCC_541\Debug\3HC_Firmware_0_1.a(USBFS_vnd.o)
 .debug_info    0x0000acfc      0x174 .\CortexM3\ARM_GCC_541\Debug\3HC_Firmware_0_1.a(USBFS_Dp.o)
 .debug_info    0x0000ae70      0x1a7 .\CortexM3\ARM_GCC_541\Debug\3HC_Firmware_0_1.a(USBFS_ep2_dma.o)
 .debug_info    0x0000b017      0x1aa .\CortexM3\ARM_GCC_541\Debug\3HC_Firmware_0_1.a(USBFS_ep1_dma.o)
 .debug_info    0x0000b1c1       0xd6 .\CortexM3\ARM_GCC_541\Debug\3HC_Firmware_0_1.a(XYZ_Direction.o)
 .debug_info    0x0000b297      0x146 .\CortexM3\ARM_GCC_541\Debug\3HC_Firmware_0_1.a(AMux.o)
 .debug_info    0x0000b3dd      0x2d2 .\CortexM3\ARM_GCC_541\Debug\3HC_Firmware_0_1.a(ADC_SAMPLECURRSENSOR.o)
 .debug_info    0x0000b6af      0x2d2 .\CortexM3\ARM_GCC_541\Debug\3HC_Firmware_0_1.a(PID_ISR.o)
 .debug_info    0x0000b981      0x2d2 .\CortexM3\ARM_GCC_541\Debug\3HC_Firmware_0_1.a(BUTTON_RISING_EDGE.o)
 .debug_info    0x0000bc53       0x9d .\CortexM3\ARM_GCC_541\Debug\3HC_Firmware_0_1.a(CyBootAsmGnu.o)
 .debug_info    0x0000bcf0      0x64d .\CortexM3\ARM_GCC_541\Debug\3HC_Firmware_0_1.a(CyFlash.o)
 .debug_info    0x0000c33d      0x550 .\CortexM3\ARM_GCC_541\Debug\3HC_Firmware_0_1.a(CySpc.o)
 .debug_info    0x0000c88d      0x1ad .\CortexM3\ARM_GCC_541\Debug\3HC_Firmware_0_1.a(USBFS_cls.o)
 .debug_info    0x0000ca3a      0x2ee .\CortexM3\ARM_GCC_541\Debug\3HC_Firmware_0_1.a(USBFS_descr.o)

.debug_abbrev   0x00000000     0x384d
 *(.debug_abbrev)
 .debug_abbrev  0x00000000      0x194 .\CortexM3\ARM_GCC_541\Debug\main.o
 .debug_abbrev  0x00000194       0xd6 .\CortexM3\ARM_GCC_541\Debug\I2C.o
 .debug_abbrev  0x0000026a       0xc9 .\CortexM3\ARM_GCC_541\Debug\MPU9250.o
 .debug_abbrev  0x00000333      0x113 .\CortexM3\ARM_GCC_541\Debug\NMEA0183.o
 .debug_abbrev  0x00000446      0x153 .\CortexM3\ARM_GCC_541\Debug\matrixmath3.o
 .debug_abbrev  0x00000599      0x21e .\CortexM3\ARM_GCC_541\Debug\cyfitter_cfg.o
 .debug_abbrev  0x000007b7       0x77 .\CortexM3\ARM_GCC_541\Debug\cymetadata.o
 .debug_abbrev  0x0000082e      0x1e8 .\CortexM3\ARM_GCC_541\Debug\Cm3Start.o
 .debug_abbrev  0x00000a16      0x157 .\CortexM3\ARM_GCC_541\Debug\3HC_Firmware_0_1.a(LCD.o)
 .debug_abbrev  0x00000b6d      0x128 .\CortexM3\ARM_GCC_541\Debug\3HC_Firmware_0_1.a(QuadDec.o)
 .debug_abbrev  0x00000c95       0x78 .\CortexM3\ARM_GCC_541\Debug\3HC_Firmware_0_1.a(QuadDec_INT.o)
 .debug_abbrev  0x00000d0d      0x117 .\CortexM3\ARM_GCC_541\Debug\3HC_Firmware_0_1.a(QuadDec_Cnt16.o)
 .debug_abbrev  0x00000e24      0x1b2 .\CortexM3\ARM_GCC_541\Debug\3HC_Firmware_0_1.a(CyDmac.o)
 .debug_abbrev  0x00000fd6      0x254 .\CortexM3\ARM_GCC_541\Debug\3HC_Firmware_0_1.a(CyLib.o)
 .debug_abbrev  0x0000122a      0x1ab .\CortexM3\ARM_GCC_541\Debug\3HC_Firmware_0_1.a(cyPm.o)
 .debug_abbrev  0x000013d5      0x173 .\CortexM3\ARM_GCC_541\Debug\3HC_Firmware_0_1.a(UPDATE_UI.o)
 .debug_abbrev  0x00001548      0x11a .\CortexM3\ARM_GCC_541\Debug\3HC_Firmware_0_1.a(UpdateTimer_UI.o)
 .debug_abbrev  0x00001662      0x133 .\CortexM3\ARM_GCC_541\Debug\3HC_Firmware_0_1.a(X_PWM.o)
 .debug_abbrev  0x00001795      0x133 .\CortexM3\ARM_GCC_541\Debug\3HC_Firmware_0_1.a(Y_PWM.o)
 .debug_abbrev  0x000018c8      0x133 .\CortexM3\ARM_GCC_541\Debug\3HC_Firmware_0_1.a(Z_PWM.o)
 .debug_abbrev  0x000019fb      0x10a .\CortexM3\ARM_GCC_541\Debug\3HC_Firmware_0_1.a(I2C_Module.o)
 .debug_abbrev  0x00001b05       0xb6 .\CortexM3\ARM_GCC_541\Debug\3HC_Firmware_0_1.a(I2C_Module_INT.o)
 .debug_abbrev  0x00001bbb       0xfe .\CortexM3\ARM_GCC_541\Debug\3HC_Firmware_0_1.a(I2C_Module_PM.o)
 .debug_abbrev  0x00001cb9      0x13c .\CortexM3\ARM_GCC_541\Debug\3HC_Firmware_0_1.a(I2C_Module_MASTER.o)
 .debug_abbrev  0x00001df5      0x1eb .\CortexM3\ARM_GCC_541\Debug\3HC_Firmware_0_1.a(ADC.o)
 .debug_abbrev  0x00001fe0       0x42 .\CortexM3\ARM_GCC_541\Debug\3HC_Firmware_0_1.a(ADC_INT.o)
 .debug_abbrev  0x00002022       0xb1 .\CortexM3\ARM_GCC_541\Debug\3HC_Firmware_0_1.a(ADC_AMux.o)
 .debug_abbrev  0x000020d3      0x139 .\CortexM3\ARM_GCC_541\Debug\3HC_Firmware_0_1.a(ADC_Ext_CP_Clk.o)
 .debug_abbrev  0x0000220c      0x121 .\CortexM3\ARM_GCC_541\Debug\3HC_Firmware_0_1.a(ADC_theACLK.o)
 .debug_abbrev  0x0000232d      0x212 .\CortexM3\ARM_GCC_541\Debug\3HC_Firmware_0_1.a(USBFS.o)
 .debug_abbrev  0x0000253f      0x189 .\CortexM3\ARM_GCC_541\Debug\3HC_Firmware_0_1.a(USBFS_drv.o)
 .debug_abbrev  0x000026c8      0x121 .\CortexM3\ARM_GCC_541\Debug\3HC_Firmware_0_1.a(USBFS_episr.o)