Archive member included to satisfy reference by file (symbol)

.\CortexM3\ARM_GCC_541\Debug\3HC_Firmware_0_1.a(LCD.o)
                              .\CortexM3\ARM_GCC_541\Debug\main.o (LCD_Start)
.\CortexM3\ARM_GCC_541\Debug\3HC_Firmware_0_1.a(QuadDec.o)
                              .\CortexM3\ARM_GCC_541\Debug\main.o (QuadDec_GetCounter)
.\CortexM3\ARM_GCC_541\Debug\3HC_Firmware_0_1.a(QuadDec_INT.o)
                              .\CortexM3\ARM_GCC_541\Debug\3HC_Firmware_0_1.a(QuadDec.o) (QuadDec_ISR)
.\CortexM3\ARM_GCC_541\Debug\3HC_Firmware_0_1.a(QuadDec_Cnt16.o)
                              .\CortexM3\ARM_GCC_541\Debug\3HC_Firmware_0_1.a(QuadDec.o) (QuadDec_Cnt16_Stop)
.\CortexM3\ARM_GCC_541\Debug\3HC_Firmware_0_1.a(CyDmac.o)
                              .\CortexM3\ARM_GCC_541\Debug\Cm3Start.o (CyDmacConfigure)
.\CortexM3\ARM_GCC_541\Debug\3HC_Firmware_0_1.a(CyLib.o)
                              .\CortexM3\ARM_GCC_541\Debug\Cm3Start.o (CyHalt)
.\CortexM3\ARM_GCC_541\Debug\3HC_Firmware_0_1.a(cyPm.o)
                              .\CortexM3\ARM_GCC_541\Debug\3HC_Firmware_0_1.a(CyLib.o) (CyPmReadStatus)
.\CortexM3\ARM_GCC_541\Debug\3HC_Firmware_0_1.a(UPDATE_UI.o)
                              .\CortexM3\ARM_GCC_541\Debug\main.o (UPDATE_UI_SetPriority)
.\CortexM3\ARM_GCC_541\Debug\3HC_Firmware_0_1.a(UpdateTimer_UI.o)
                              .\CortexM3\ARM_GCC_541\Debug\main.o (UpdateTimer_UI_Start)
.\CortexM3\ARM_GCC_541\Debug\3HC_Firmware_0_1.a(X_PWM.o)
                              .\CortexM3\ARM_GCC_541\Debug\main.o (X_PWM_WriteCompare)
.\CortexM3\ARM_GCC_541\Debug\3HC_Firmware_0_1.a(I2C_Module.o)
                              .\CortexM3\ARM_GCC_541\Debug\I2C.o (I2C_Module_Start)
.\CortexM3\ARM_GCC_541\Debug\3HC_Firmware_0_1.a(I2C_Module_INT.o)
                              .\CortexM3\ARM_GCC_541\Debug\3HC_Firmware_0_1.a(I2C_Module.o) (I2C_Module_ISR)
.\CortexM3\ARM_GCC_541\Debug\3HC_Firmware_0_1.a(I2C_Module_PM.o)
                              .\CortexM3\ARM_GCC_541\Debug\3HC_Firmware_0_1.a(I2C_Module.o) (I2C_Module_backup)
.\CortexM3\ARM_GCC_541\Debug\3HC_Firmware_0_1.a(I2C_Module_MASTER.o)
                              .\CortexM3\ARM_GCC_541\Debug\3HC_Firmware_0_1.a(I2C_Module.o) (I2C_Module_mstrStatus)
.\CortexM3\ARM_GCC_541\Debug\3HC_Firmware_0_1.a(ADC.o)
                              .\CortexM3\ARM_GCC_541\Debug\main.o (ADC_Start)
.\CortexM3\ARM_GCC_541\Debug\3HC_Firmware_0_1.a(ADC_INT.o)
                              .\CortexM3\ARM_GCC_541\Debug\3HC_Firmware_0_1.a(ADC.o) (ADC_ISR1)
.\CortexM3\ARM_GCC_541\Debug\3HC_Firmware_0_1.a(ADC_AMux.o)
                              .\CortexM3\ARM_GCC_541\Debug\3HC_Firmware_0_1.a(ADC.o) (ADC_AMux_Select)
.\CortexM3\ARM_GCC_541\Debug\3HC_Firmware_0_1.a(ADC_Ext_CP_Clk.o)
                              .\CortexM3\ARM_GCC_541\Debug\3HC_Firmware_0_1.a(ADC.o) (ADC_Ext_CP_Clk_SetModeRegister)
.\CortexM3\ARM_GCC_541\Debug\3HC_Firmware_0_1.a(ADC_theACLK.o)
                              .\CortexM3\ARM_GCC_541\Debug\3HC_Firmware_0_1.a(ADC.o) (ADC_theACLK_SetModeRegister)
.\CortexM3\ARM_GCC_541\Debug\3HC_Firmware_0_1.a(USBFS.o)
                              .\CortexM3\ARM_GCC_541\Debug\main.o (USBFS_Start)
.\CortexM3\ARM_GCC_541\Debug\3HC_Firmware_0_1.a(USBFS_drv.o)
                              .\CortexM3\ARM_GCC_541\Debug\3HC_Firmware_0_1.a(USBFS.o) (USBFS_lastPacketSize)
.\CortexM3\ARM_GCC_541\Debug\3HC_Firmware_0_1.a(USBFS_episr.o)
                              .\CortexM3\ARM_GCC_541\Debug\3HC_Firmware_0_1.a(USBFS.o) (USBFS_EP_1_ISR)
.\CortexM3\ARM_GCC_541\Debug\3HC_Firmware_0_1.a(USBFS_pm.o)
                              .\CortexM3\ARM_GCC_541\Debug\3HC_Firmware_0_1.a(USBFS.o) (USBFS_DP_ISR)
.\CortexM3\ARM_GCC_541\Debug\3HC_Firmware_0_1.a(USBFS_std.o)
                              .\CortexM3\ARM_GCC_541\Debug\3HC_Firmware_0_1.a(USBFS_pm.o) (USBFS_ConfigReg)
.\CortexM3\ARM_GCC_541\Debug\3HC_Firmware_0_1.a(USBFS_vnd.o)
                              .\CortexM3\ARM_GCC_541\Debug\3HC_Firmware_0_1.a(USBFS_drv.o) (USBFS_HandleVendorRqst)
.\CortexM3\ARM_GCC_541\Debug\3HC_Firmware_0_1.a(USBFS_Dp.o)
                              .\CortexM3\ARM_GCC_541\Debug\3HC_Firmware_0_1.a(USBFS.o) (USBFS_Dp_ClearInterrupt)
.\CortexM3\ARM_GCC_541\Debug\3HC_Firmware_0_1.a(USBFS_ep2_dma.o)
                              .\CortexM3\ARM_GCC_541\Debug\3HC_Firmware_0_1.a(USBFS.o) (USBFS_ep2_DmaInitialize)
.\CortexM3\ARM_GCC_541\Debug\3HC_Firmware_0_1.a(USBFS_ep1_dma.o)
                              .\CortexM3\ARM_GCC_541\Debug\3HC_Firmware_0_1.a(USBFS.o) (USBFS_ep1_DmaInitialize)
.\CortexM3\ARM_GCC_541\Debug\3HC_Firmware_0_1.a(CyBootAsmGnu.o)
                              .\CortexM3\ARM_GCC_541\Debug\cyfitter_cfg.o (CyDelayCycles)
.\CortexM3\ARM_GCC_541\Debug\3HC_Firmware_0_1.a(CyFlash.o)
                              .\CortexM3\ARM_GCC_541\Debug\3HC_Firmware_0_1.a(cyPm.o) (CyFlash_SetWaitCycles)
.\CortexM3\ARM_GCC_541\Debug\3HC_Firmware_0_1.a(CySpc.o)
[...]
Memory Configuration

Name             Origin             Length             Attributes
rom              0x00000000         0x00040000         xr
ram              0x1fff8000         0x00010000         xrw
*default*        0x00000000         0xffffffff

Linker script and memory map

LOAD c:/program files (x86)/cypress/psoc creator/4.2/psoc creator/import/gnu/arm/5.4.1/bin/../lib/gcc/arm-none-eabi/5.4.1/armv7-m/crti.o
LOAD c:/program files (x86)/cypress/psoc creator/4.2/psoc creator/import/gnu/arm/5.4.1/bin/../lib/gcc/arm-none-eabi/5.4.1/armv7-m/crtbegin.o
LOAD c:/program files (x86)/cypress/psoc creator/4.2/psoc creator/import/gnu/arm/5.4.1/bin/../lib/gcc/arm-none-eabi/5.4.1/../../../../arm-none-eabi/lib/armv7-m/crt0.o
START GROUP
LOAD .\CortexM3\ARM_GCC_541\Debug\main.o
LOAD .\CortexM3\ARM_GCC_541\Debug\I2C.o
LOAD .\CortexM3\ARM_GCC_541\Debug\MPU9250.o
LOAD .\CortexM3\ARM_GCC_541\Debug\cyfitter_cfg.o
LOAD .\CortexM3\ARM_GCC_541\Debug\cymetadata.o
LOAD .\CortexM3\ARM_GCC_541\Debug\Cm3Start.o
LOAD .\CortexM3\ARM_GCC_541\Debug\3HC_Firmware_0_1.a
LOAD C:\Program Files (x86)\Cypress\PSoC Creator\4.2\PSoC Creator\psoc\content\cycomponentlibrary\CyComponentLibrary.cylib\CortexM3\ARM_GCC_541\Debug\CyComponentLibrary.a
END GROUP
START GROUP
LOAD c:/program files (x86)/cypress/psoc creator/4.2/psoc creator/import/gnu/arm/5.4.1/bin/../lib/gcc/arm-none-eabi/5.4.1/armv7-m\libgcc.a
LOAD c:/program files (x86)/cypress/psoc creator/4.2/psoc creator/import/gnu/arm/5.4.1/bin/../lib/gcc/arm-none-eabi/5.4.1/../../../../arm-none-eabi/lib/armv7-m\libg_nano.a
LOAD c:/program files (x86)/cypress/psoc creator/4.2/psoc creator/import/gnu/arm/5.4.1/bin/../lib/gcc/arm-none-eabi/5.4.1/../../../../arm-none-eabi/lib/armv7-m\libc_nano.a
END GROUP
START GROUP
LOAD c:/program files (x86)/cypress/psoc creator/4.2/psoc creator/import/gnu/arm/5.4.1/bin/../lib/gcc/arm-none-eabi/5.4.1/armv7-m\libgcc.a
LOAD c:/program files (x86)/cypress/psoc creator/4.2/psoc creator/import/gnu/arm/5.4.1/bin/../lib/gcc/arm-none-eabi/5.4.1/../../../../arm-none-eabi/lib/armv7-m\libc_nano.a
END GROUP
LOAD c:/program files (x86)/cypress/psoc creator/4.2/psoc creator/import/gnu/arm/5.4.1/bin/../lib/gcc/arm-none-eabi/5.4.1/armv7-m/crtend.o
LOAD c:/program files (x86)/cypress/psoc creator/4.2/psoc creator/import/gnu/arm/5.4.1/bin/../lib/gcc/arm-none-eabi/5.4.1/armv7-m/crtn.o
START GROUP
LOAD c:/program files (x86)/cypress/psoc creator/4.2/psoc creator/import/gnu/arm/5.4.1/bin/../lib/gcc/arm-none-eabi/5.4.1/armv7-m\libgcc.a
LOAD c:/program files (x86)/cypress/psoc creator/4.2/psoc creator/import/gnu/arm/5.4.1/bin/../lib/gcc/arm-none-eabi/5.4.1/../../../../arm-none-eabi/lib/armv7-m\libc.a
LOAD c:/program files (x86)/cypress/psoc creator/4.2/psoc creator/import/gnu/arm/5.4.1/bin/../lib/gcc/arm-none-eabi/5.4.1/../../../../arm-none-eabi/lib/armv7-m\libnosys.a
END GROUP
                0x00000000                CY_APPL_ORIGIN = 0x0
                0x00000100                CY_FLASH_ROW_SIZE = 0x100
                0x00000020                CY_ECC_ROW_SIZE = 0x20
                0x00000000                CY_EE_IN_BTLDR = 0x0
                0x00000000                CY_APPL_LOADABLE = 0x0
                0x00000800                CY_EE_SIZE = 0x800
                0x00000001                CY_APPL_NUM = 0x1
                0x00000001                CY_APPL_MAX = 0x1
                0x00000040                CY_METADATA_SIZE = 0x40
                0x00000000                CY_APPL_LOADABLE = 0x0
                0x00000000                CY_CHECKSUM_EXCLUDE_SIZE = ALIGN (0x0, CY_FLASH_ROW_SIZE)
                [!provide]                PROVIDE (__cy_heap_start, _end)
                0x00000001                PROVIDE (__cy_region_num, ((__cy_regions_end - __cy_regions) / 0x10))
                0x20008000                PROVIDE (__cy_stack, (ORIGIN (ram) + LENGTH (ram)))
                [!provide]                PROVIDE (__cy_heap_end, (__cy_stack - 0x800))

.cybootloader   0x00000000        0x0
 *(.cybootloader)
                0x00000000                appl1_start = CY_APPL_ORIGIN?CY_APPL_ORIGIN:ALIGN (CY_FLASH_ROW_SIZE)
                0x0001ff00                appl2_start = (appl1_start + ALIGN ((((LENGTH (rom) - appl1_start) - (0x2 * CY_FLASH_ROW_SIZE)) / 0x2), CY_FLASH_ROW_SIZE))
                0x00000000                appl_start = (CY_APPL_NUM == 0x1)?appl1_start:appl2_start
                0x00000000                ecc_offset = ((appl_start / CY_FLASH_ROW_SIZE) * CY_ECC_ROW_SIZE)
                0x00000000                ee_offset = (CY_APPL_LOADABLE && ! (CY_EE_IN_BTLDR))?((CY_EE_SIZE / CY_APPL_MAX) * (CY_APPL_NUM - 0x1)):0x0
                0x00000800                ee_size = (CY_APPL_LOADABLE && ! (CY_EE_IN_BTLDR))?(CY_EE_SIZE / CY_APPL_MAX):CY_EE_SIZE
                [!provide]                PROVIDE (CY_ECC_OFFSET, ecc_offset)

.text           0x00000000     0x504c
 CREATE_OBJECT_SYMBOLS
                0x00000000                PROVIDE (__cy_interrupt_vector, RomVectors)
 *(.romvectors)
 .romvectors    0x00000000       0x10 .\CortexM3\ARM_GCC_541\Debug\Cm3Start.o
                0x00000000                RomVectors
                0x00000001                ASSERT ((. != __cy_interrupt_vector), No interrupt vector)
                0x00000001                ASSERT (CY_APPL_ORIGIN?(SIZEOF (.cybootloader) <= CY_APPL_ORIGIN):0x1, Wrong image location)
                0x00000010                PROVIDE (__cy_reset, Reset)
 *(.text.Reset)
 .text.Reset    0x00000010       0x18 .\CortexM3\ARM_GCC_541\Debug\Cm3Start.o
                0x00000010                Reset
                0x00000001                ASSERT ((. != __cy_reset), No reset code)
 *(.dma_init)
                0x00000001                ASSERT ((((appl_start + .) <= 0x10000) || 0x1), DMA Init must be within the first 64k of flash)
 *(.text .text.* .gnu.linkonce.t.*)
 .text          0x00000028       0x5c c:/program files (x86)/cypress/psoc creator/4.2/psoc creator/import/gnu/arm/5.4.1/bin/../lib/gcc/arm-none-eabi/5.4.1/armv7-m/crtbegin.o
 .text.UPDATE_UI
                0x00000084        0xc .\CortexM3\ARM_GCC_541\Debug\main.o
                0x00000084                UPDATE_UI
 .text.main     0x00000090      0x124 .\CortexM3\ARM_GCC_541\Debug\main.o
                0x00000090                main
 .text.CyClockStartupError
                0x000001b4        0x4 .\CortexM3\ARM_GCC_541\Debug\cyfitter_cfg.o
 .text.cfg_write_bytes32
                0x000001b8       0x34 .\CortexM3\ARM_GCC_541\Debug\cyfitter_cfg.o
 .text.AnalogSetDefault
                0x000001ec       0x3c .\CortexM3\ARM_GCC_541\Debug\cyfitter_cfg.o
 .text.CYMEMZERO
                0x00000228        0xc .\CortexM3\ARM_GCC_541\Debug\cyfitter_cfg.o
 .text.CYCONFIGCPY
                0x00000234        0x8 .\CortexM3\ARM_GCC_541\Debug\cyfitter_cfg.o
 .text.ClockSetup
                0x0000023c       0xf4 .\CortexM3\ARM_GCC_541\Debug\cyfitter_cfg.o
 .text.ADC_AMux_Set
                0x00000330       0x1c .\CortexM3\ARM_GCC_541\Debug\cyfitter_cfg.o
                0x00000330                ADC_AMux_Set
 .text.ADC_AMux_Unset
                0x0000034c       0x1c .\CortexM3\ARM_GCC_541\Debug\cyfitter_cfg.o
                0x0000034c                ADC_AMux_Unset
 .text.cyfitter_cfg
                0x00000368      0x148 .\CortexM3\ARM_GCC_541\Debug\cyfitter_cfg.o
                0x00000368                cyfitter_cfg
 .text.IntDefaultHandler
                0x000004b0       0x10 .\CortexM3\ARM_GCC_541\Debug\Cm3Start.o
                0x000004b0                IntDefaultHandler
 .text._sbrk    0x000004c0       0x30 .\CortexM3\ARM_GCC_541\Debug\Cm3Start.o
                0x000004c0                _sbrk
 .text.Start_c  0x000004f0       0x4c .\CortexM3\ARM_GCC_541\Debug\Cm3Start.o
                0x000004f0                Start_c
 .text.initialize_psoc
                0x0000053c       0x6c .\CortexM3\ARM_GCC_541\Debug\Cm3Start.o
                0x0000053c                initialize_psoc
 .text.LCD_WrCntrlNib
                0x000005a8       0x34 .\CortexM3\ARM_GCC_541\Debug\3HC_Firmware_0_1.a(LCD.o)
 .text.LCD_IsReady
                0x000005dc       0xe4 .\CortexM3\ARM_GCC_541\Debug\3HC_Firmware_0_1.a(LCD.o)
                0x000005dc                LCD_IsReady
 .text.LCD_WriteControl
                0x000006c0       0x18 .\CortexM3\ARM_GCC_541\Debug\3HC_Firmware_0_1.a(LCD.o)
                0x000006c0                LCD_WriteControl
 .text.LCD_Init
                0x000006d8       0x6c .\CortexM3\ARM_GCC_541\Debug\3HC_Firmware_0_1.a(LCD.o)
                0x000006d8                LCD_Init
 .text.LCD_Enable
                0x00000744       0x14 .\CortexM3\ARM_GCC_541\Debug\3HC_Firmware_0_1.a(LCD.o)
                0x00000744                LCD_Enable
 .text.LCD_Start
                0x00000758       0x1c .\CortexM3\ARM_GCC_541\Debug\3HC_Firmware_0_1.a(LCD.o)
                0x00000758                LCD_Start
 .text.QuadDec_Init
                0x00000774       0x24 .\CortexM3\ARM_GCC_541\Debug\3HC_Firmware_0_1.a(QuadDec.o)
                0x00000774                QuadDec_Init
 .text.QuadDec_GetCounter
                0x00000798       0x2c .\CortexM3\ARM_GCC_541\Debug\3HC_Firmware_0_1.a(QuadDec.o)
                0x00000798                QuadDec_GetCounter
 .text.QuadDec_GetEvents
                0x000007c4       0x10 .\CortexM3\ARM_GCC_541\Debug\3HC_Firmware_0_1.a(QuadDec.o)
                0x000007c4                QuadDec_GetEvents
 .text.QuadDec_SetInterruptMask
                0x000007d4       0x10 .\CortexM3\ARM_GCC_541\Debug\3HC_Firmware_0_1.a(QuadDec.o)
                0x000007d4                QuadDec_SetInterruptMask
 .text.QuadDec_Enable
                0x000007e4       0x30 .\CortexM3\ARM_GCC_541\Debug\3HC_Firmware_0_1.a(QuadDec.o)
                0x000007e4                QuadDec_Enable
 .text.QuadDec_Start
                0x00000814       0x34 .\CortexM3\ARM_GCC_541\Debug\3HC_Firmware_0_1.a(QuadDec.o)
                0x00000814                QuadDec_Start
 .text.QuadDec_ISR
                0x00000848       0x40 .\CortexM3\ARM_GCC_541\Debug\3HC_Firmware_0_1.a(QuadDec_INT.o)
                0x00000848                QuadDec_ISR
 .text.QuadDec_Cnt16_Enable
                0x00000888       0x10 .\CortexM3\ARM_GCC_541\Debug\3HC_Firmware_0_1.a(QuadDec_Cnt16.o)
                0x00000888                QuadDec_Cnt16_Enable
 .text.QuadDec_Cnt16_SetInterruptMode
                0x00000898        0xc .\CortexM3\ARM_GCC_541\Debug\3HC_Firmware_0_1.a(QuadDec_Cnt16.o)
                0x00000898                QuadDec_Cnt16_SetInterruptMode
 .text.QuadDec_Cnt16_ReadStatusRegister
                0x000008a4        0xc .\CortexM3\ARM_GCC_541\Debug\3HC_Firmware_0_1.a(QuadDec_Cnt16.o)
                0x000008a4                QuadDec_Cnt16_ReadStatusRegister
 .text.QuadDec_Cnt16_WriteCounter
                0x000008b0        0xc .\CortexM3\ARM_GCC_541\Debug\3HC_Firmware_0_1.a(QuadDec_Cnt16.o)
                0x000008b0                QuadDec_Cnt16_WriteCounter
 .text.QuadDec_Cnt16_ReadCounter
                0x000008bc       0x14 .\CortexM3\ARM_GCC_541\Debug\3HC_Firmware_0_1.a(QuadDec_Cnt16.o)
                0x000008bc                QuadDec_Cnt16_ReadCounter
 .text.QuadDec_Cnt16_ReadCapture
                0x000008d0        0xc .\CortexM3\ARM_GCC_541\Debug\3HC_Firmware_0_1.a(QuadDec_Cnt16.o)
                0x000008d0                QuadDec_Cnt16_ReadCapture
 .text.QuadDec_Cnt16_WritePeriod
                0x000008dc        0xc .\CortexM3\ARM_GCC_541\Debug\3HC_Firmware_0_1.a(QuadDec_Cnt16.o)
                0x000008dc                QuadDec_Cnt16_WritePeriod
 .text.QuadDec_Cnt16_WriteCompare
                0x000008e8        0xc .\CortexM3\ARM_GCC_541\Debug\3HC_Firmware_0_1.a(QuadDec_Cnt16.o)
                0x000008e8                QuadDec_Cnt16_WriteCompare
 .text.QuadDec_Cnt16_ClearFIFO
                0x000008f4       0x14 .\CortexM3\ARM_GCC_541\Debug\3HC_Firmware_0_1.a(QuadDec_Cnt16.o)
                0x000008f4                QuadDec_Cnt16_ClearFIFO
 .text.QuadDec_Cnt16_Init
                0x00000908       0x58 .\CortexM3\ARM_GCC_541\Debug\3HC_Firmware_0_1.a(QuadDec_Cnt16.o)
                0x00000908                QuadDec_Cnt16_Init
 .text.QuadDec_Cnt16_Start
                0x00000960       0x1c .\CortexM3\ARM_GCC_541\Debug\3HC_Firmware_0_1.a(QuadDec_Cnt16.o)
                0x00000960                QuadDec_Cnt16_Start
 .text.CyDmacConfigure
                0x0000097c       0x34 .\CortexM3\ARM_GCC_541\Debug\3HC_Firmware_0_1.a(CyDmac.o)
                0x0000097c                CyDmacConfigure
 .text.CyDmaChEnable
                0x000009b0       0x38 .\CortexM3\ARM_GCC_541\Debug\3HC_Firmware_0_1.a(CyDmac.o)
                0x000009b0                CyDmaChEnable
 .text.CyDmaChDisable
                0x000009e8       0x24 .\CortexM3\ARM_GCC_541\Debug\3HC_Firmware_0_1.a(CyDmac.o)
                0x000009e8                CyDmaChDisable
 .text.CyDmaChPriority
                0x00000a0c       0x24 .\CortexM3\ARM_GCC_541\Debug\3HC_Firmware_0_1.a(CyDmac.o)
                0x00000a0c                CyDmaChPriority
 .text.CyDmaChSetExtendedAddress
                0x00000a30       0x34 .\CortexM3\ARM_GCC_541\Debug\3HC_Firmware_0_1.a(CyDmac.o)
                0x00000a30                CyDmaChSetExtendedAddress
 .text.CyDmaChSetInitialTd
                0x00000a64       0x18 .\CortexM3\ARM_GCC_541\Debug\3HC_Firmware_0_1.a(CyDmac.o)
                0x00000a64                CyDmaChSetInitialTd
 .text.CyDmaChSetConfiguration
                0x00000a7c       0x44 .\CortexM3\ARM_GCC_541\Debug\3HC_Firmware_0_1.a(CyDmac.o)
                0x00000a7c                CyDmaChSetConfiguration
 .text.CyDmaTdAllocate
                0x00000ac0       0x34 .\CortexM3\ARM_GCC_541\Debug\3HC_Firmware_0_1.a(CyDmac.o)
                0x00000ac0                CyDmaTdAllocate
 .text.CyDmaTdSetConfiguration
                0x00000af4       0x28 .\CortexM3\ARM_GCC_541\Debug\3HC_Firmware_0_1.a(CyDmac.o)
                0x00000af4                CyDmaTdSetConfiguration
 .text.CyDmaTdSetAddress
                0x00000b1c       0x1c .\CortexM3\ARM_GCC_541\Debug\3HC_Firmware_0_1.a(CyDmac.o)
                0x00000b1c                CyDmaTdSetAddress
 .text.CyHalt   0x00000b38        0x4 .\CortexM3\ARM_GCC_541\Debug\3HC_Firmware_0_1.a(CyLib.o)
                0x00000b38                CyHalt
 .text.CyDelay  0x00000b3c       0x2c .\CortexM3\ARM_GCC_541\Debug\3HC_Firmware_0_1.a(CyLib.o)
                0x00000b3c                CyDelay
 .text.CyDelayUs
                0x00000b68       0x14 .\CortexM3\ARM_GCC_541\Debug\3HC_Firmware_0_1.a(CyLib.o)
                0x00000b68                CyDelayUs
 .text.CyIntSetVector
                0x00000b7c       0x28 .\CortexM3\ARM_GCC_541\Debug\3HC_Firmware_0_1.a(CyLib.o)
                0x00000b7c                CyIntSetVector
 .text.CyIntSetPriority
                0x00000ba4       0x30 .\CortexM3\ARM_GCC_541\Debug\3HC_Firmware_0_1.a(CyLib.o)
                0x00000ba4                CyIntSetPriority
 .text.CyGetUniqueId
                0x00000bd4       0x70 .\CortexM3\ARM_GCC_541\Debug\3HC_Firmware_0_1.a(CyLib.o)
                0x00000bd4                CyGetUniqueId
 .text.UPDATE_UI_SetVector
                0x00000c44        0xc .\CortexM3\ARM_GCC_541\Debug\3HC_Firmware_0_1.a(UPDATE_UI.o)
                0x00000c44                UPDATE_UI_SetVector
 .text.UPDATE_UI_SetPriority
                0x00000c50       0x10 .\CortexM3\ARM_GCC_541\Debug\3HC_Firmware_0_1.a(UPDATE_UI.o)
                0x00000c50                UPDATE_UI_SetPriority
 .text.UPDATE_UI_Enable
                0x00000c60        0xc .\CortexM3\ARM_GCC_541\Debug\3HC_Firmware_0_1.a(UPDATE_UI.o)
                0x00000c60                UPDATE_UI_Enable
 .text.UPDATE_UI_Disable
                0x00000c6c        0xc .\CortexM3\ARM_GCC_541\Debug\3HC_Firmware_0_1.a(UPDATE_UI.o)
                0x00000c6c                UPDATE_UI_Disable
 .text.UPDATE_UI_StartEx
                0x00000c78       0x1c .\CortexM3\ARM_GCC_541\Debug\3HC_Firmware_0_1.a(UPDATE_UI.o)
                0x00000c78                UPDATE_UI_StartEx
 .text.UpdateTimer_UI_Enable
                0x00000c94       0x28 .\CortexM3\ARM_GCC_541\Debug\3HC_Firmware_0_1.a(UpdateTimer_UI.o)
                0x00000c94                UpdateTimer_UI_Enable
 .text.UpdateTimer_UI_SetInterruptMode
                0x00000cbc        0xc .\CortexM3\ARM_GCC_541\Debug\3HC_Firmware_0_1.a(UpdateTimer_UI.o)
                0x00000cbc                UpdateTimer_UI_SetInterruptMode
 .text.UpdateTimer_UI_WritePeriod
                0x00000cc8        0xc .\CortexM3\ARM_GCC_541\Debug\3HC_Firmware_0_1.a(UpdateTimer_UI.o)
                0x00000cc8                UpdateTimer_UI_WritePeriod
 .text.UpdateTimer_UI_WriteCounter
                0x00000cd4        0xc .\CortexM3\ARM_GCC_541\Debug\3HC_Firmware_0_1.a(UpdateTimer_UI.o)
                0x00000cd4                UpdateTimer_UI_WriteCounter
 .text.UpdateTimer_UI_Init
                0x00000ce0       0x64 .\CortexM3\ARM_GCC_541\Debug\3HC_Firmware_0_1.a(UpdateTimer_UI.o)
                0x00000ce0                UpdateTimer_UI_Init
 .text.UpdateTimer_UI_Start
                0x00000d44       0x1c .\CortexM3\ARM_GCC_541\Debug\3HC_Firmware_0_1.a(UpdateTimer_UI.o)
                0x00000d44                UpdateTimer_UI_Start
 .text.X_PWM_Enable
                0x00000d60       0x10 .\CortexM3\ARM_GCC_541\Debug\3HC_Firmware_0_1.a(X_PWM.o)
                0x00000d60                X_PWM_Enable
 .text.X_PWM_WriteCounter
                0x00000d70        0xc .\CortexM3\ARM_GCC_541\Debug\3HC_Firmware_0_1.a(X_PWM.o)
                0x00000d70                X_PWM_WriteCounter
 .text.X_PWM_WritePeriod
                0x00000d7c        0xc .\CortexM3\ARM_GCC_541\Debug\3HC_Firmware_0_1.a(X_PWM.o)
                0x00000d7c                X_PWM_WritePeriod
 .text.X_PWM_WriteCompare
                0x00000d88        0xc .\CortexM3\ARM_GCC_541\Debug\3HC_Firmware_0_1.a(X_PWM.o)
                0x00000d88                X_PWM_WriteCompare
 .text.X_PWM_SetInterruptMode
                0x00000d94        0xc .\CortexM3\ARM_GCC_541\Debug\3HC_Firmware_0_1.a(X_PWM.o)
                0x00000d94                X_PWM_SetInterruptMode
 .text.X_PWM_ReadStatusRegister
                0x00000da0        0xc .\CortexM3\ARM_GCC_541\Debug\3HC_Firmware_0_1.a(X_PWM.o)
                0x00000da0                X_PWM_ReadStatusRegister
 .text.X_PWM_ReadCapture
                0x00000dac        0xc .\CortexM3\ARM_GCC_541\Debug\3HC_Firmware_0_1.a(X_PWM.o)
                0x00000dac                X_PWM_ReadCapture
 .text.X_PWM_ClearFIFO
                0x00000db8       0x14 .\CortexM3\ARM_GCC_541\Debug\3HC_Firmware_0_1.a(X_PWM.o)
                0x00000db8                X_PWM_ClearFIFO
 .text.X_PWM_Init
                0x00000dcc       0x60 .\CortexM3\ARM_GCC_541\Debug\3HC_Firmware_0_1.a(X_PWM.o)
                0x00000dcc                X_PWM_Init
 .text.X_PWM_Start
                0x00000e2c       0x1c .\CortexM3\ARM_GCC_541\Debug\3HC_Firmware_0_1.a(X_PWM.o)
                0x00000e2c                X_PWM_Start
 .text.ADC_GainCompensation
                0x00000e48       0xe0 .\CortexM3\ARM_GCC_541\Debug\3HC_Firmware_0_1.a(ADC.o)
 .text.ADC_SetDSMRef0Reg
                0x00000f28       0x4c .\CortexM3\ARM_GCC_541\Debug\3HC_Firmware_0_1.a(ADC.o)
 .text.ADC_InitConfig
                0x00000f74      0x330 .\CortexM3\ARM_GCC_541\Debug\3HC_Firmware_0_1.a(ADC.o)
 .text.ADC_Init
                0x000012a4      0x108 .\CortexM3\ARM_GCC_541\Debug\3HC_Firmware_0_1.a(ADC.o)
                0x000012a4                ADC_Init
 .text.ADC_Enable
                0x000013ac       0xd4 .\CortexM3\ARM_GCC_541\Debug\3HC_Firmware_0_1.a(ADC.o)
                0x000013ac                ADC_Enable
 .text.ADC_Start
                0x00001480       0x28 .\CortexM3\ARM_GCC_541\Debug\3HC_Firmware_0_1.a(ADC.o)
                0x00001480                ADC_Start
 .text.ADC_StartConvert
                0x000014a8       0x10 .\CortexM3\ARM_GCC_541\Debug\3HC_Firmware_0_1.a(ADC.o)
                0x000014a8                ADC_StartConvert
 .text.ADC_StopConvert
                0x000014b8       0x10 .\CortexM3\ARM_GCC_541\Debug\3HC_Firmware_0_1.a(ADC.o)
                0x000014b8                ADC_StopConvert
 .text.ADC_IsEndConversion
                0x000014c8       0x30 .\CortexM3\ARM_GCC_541\Debug\3HC_Firmware_0_1.a(ADC.o)
                0x000014c8                ADC_IsEndConversion
 .text.ADC_GetResult32
                0x000014f8       0x6c .\CortexM3\ARM_GCC_541\Debug\3HC_Firmware_0_1.a(ADC.o)
                0x000014f8                ADC_GetResult32
 .text.ADC_ISR1
                0x00001564        0x4 .\CortexM3\ARM_GCC_541\Debug\3HC_Firmware_0_1.a(ADC_INT.o)
                0x00001564                ADC_ISR1
 .text.ADC_ISR2
                0x00001568        0x4 .\CortexM3\ARM_GCC_541\Debug\3HC_Firmware_0_1.a(ADC_INT.o)
                0x00001568                ADC_ISR2
 .text.ADC_ISR3
                0x0000156c        0x4 .\CortexM3\ARM_GCC_541\Debug\3HC_Firmware_0_1.a(ADC_INT.o)
                0x0000156c                ADC_ISR3
 .text.ADC_ISR4
                0x00001570        0x4 .\CortexM3\ARM_GCC_541\Debug\3HC_Firmware_0_1.a(ADC_INT.o)
                0x00001570                ADC_ISR4
 .text.ADC_AMux_Start
                0x00001574       0x20 .\CortexM3\ARM_GCC_541\Debug\3HC_Firmware_0_1.a(ADC_AMux.o)
                0x00001574                ADC_AMux_Start
 .text.ADC_AMux_Select
                0x00001594       0x18 .\CortexM3\ARM_GCC_541\Debug\3HC_Firmware_0_1.a(ADC_AMux.o)
                0x00001594                ADC_AMux_Select
 .text.ADC_Ext_CP_Clk_GetDividerRegister
                0x000015ac        0xc .\CortexM3\ARM_GCC_541\Debug\3HC_Firmware_0_1.a(ADC_Ext_CP_Clk.o)
                0x000015ac                ADC_Ext_CP_Clk_GetDividerRegister
 .text.ADC_Ext_CP_Clk_SetModeRegister
                0x000015b8       0x14 .\CortexM3\ARM_GCC_541\Debug\3HC_Firmware_0_1.a(ADC_Ext_CP_Clk.o)
                0x000015b8                ADC_Ext_CP_Clk_SetModeRegister
 .text.ADC_Ext_CP_Clk_GetSourceRegister
                0x000015cc       0x10 .\CortexM3\ARM_GCC_541\Debug\3HC_Firmware_0_1.a(ADC_Ext_CP_Clk.o)
                0x000015cc                ADC_Ext_CP_Clk_GetSourceRegister
 .text.ADC_Ext_CP_Clk_SetDividerRegister
                0x000015dc       0xd8 .\CortexM3\ARM_GCC_541\Debug\3HC_Firmware_0_1.a(ADC_Ext_CP_Clk.o)
                0x000015dc                ADC_Ext_CP_Clk_SetDividerRegister
 .text.ADC_theACLK_GetDividerRegister
                0x000016b4        0xc .\CortexM3\ARM_GCC_541\Debug\3HC_Firmware_0_1.a(ADC_theACLK.o)
                0x000016b4                ADC_theACLK_GetDividerRegister
 .text.ADC_theACLK_SetModeRegister
                0x000016c0       0x14 .\CortexM3\ARM_GCC_541\Debug\3HC_Firmware_0_1.a(ADC_theACLK.o)
                0x000016c0                ADC_theACLK_SetModeRegister
 .text.ADC_theACLK_GetSourceRegister
                0x000016d4       0x10 .\CortexM3\ARM_GCC_541\Debug\3HC_Firmware_0_1.a(ADC_theACLK.o)
                0x000016d4                ADC_theACLK_GetSourceRegister
 .text.ADC_theACLK_SetDividerRegister
                0x000016e4       0xd8 .\CortexM3\ARM_GCC_541\Debug\3HC_Firmware_0_1.a(ADC_theACLK.o)
                0x000016e4                ADC_theACLK_SetDividerRegister
 .text.USBFS_Init
                0x000017bc      0x140 .\CortexM3\ARM_GCC_541\Debug\3HC_Firmware_0_1.a(USBFS.o)
                0x000017bc                USBFS_Init
 .text.USBFS_InitComponent
                0x000018fc       0xc8 .\CortexM3\ARM_GCC_541\Debug\3HC_Firmware_0_1.a(USBFS.o)
                0x000018fc                USBFS_InitComponent
 .text.USBFS_Start
                0x000019c4       0x24 .\CortexM3\ARM_GCC_541\Debug\3HC_Firmware_0_1.a(USBFS.o)
                0x000019c4                USBFS_Start
 .text.USBFS_ReInitComponent
                0x000019e8       0x4c .\CortexM3\ARM_GCC_541\Debug\3HC_Firmware_0_1.a(USBFS.o)
                0x000019e8                USBFS_ReInitComponent
 .text.USBFS_GetConfiguration
                0x00001a34        0xc .\CortexM3\ARM_GCC_541\Debug\3HC_Firmware_0_1.a(USBFS.o)
                0x00001a34                USBFS_GetConfiguration
 .text.USBFS_IsConfigurationChanged
                0x00001a40       0x20 .\CortexM3\ARM_GCC_541\Debug\3HC_Firmware_0_1.a(USBFS.o)
                0x00001a40                USBFS_IsConfigurationChanged
 .text.USBFS_GetEPState
                0x00001a60       0x14 .\CortexM3\ARM_GCC_541\Debug\3HC_Firmware_0_1.a(USBFS.o)
                0x00001a60                USBFS_GetEPState
 .text.USBFS_GetEPCount
                0x00001a74       0x28 .\CortexM3\ARM_GCC_541\Debug\3HC_Firmware_0_1.a(USBFS.o)
                0x00001a74                USBFS_GetEPCount
 .text.USBFS_InitEP_DMA
                0x00001a9c       0x68 .\CortexM3\ARM_GCC_541\Debug\3HC_Firmware_0_1.a(USBFS.o)
                0x00001a9c                USBFS_InitEP_DMA
 .text.USBFS_LoadInEP
                0x00001b04      0x104 .\CortexM3\ARM_GCC_541\Debug\3HC_Firmware_0_1.a(USBFS.o)
                0x00001b04                USBFS_LoadInEP
 .text.USBFS_ReadOutEP
                0x00001c08       0xb0 .\CortexM3\ARM_GCC_541\Debug\3HC_Firmware_0_1.a(USBFS.o)
                0x00001c08                USBFS_ReadOutEP
 .text.USBFS_EnableOutEP
                0x00001cb8       0x2c .\CortexM3\ARM_GCC_541\Debug\3HC_Firmware_0_1.a(USBFS.o)
                0x00001cb8                USBFS_EnableOutEP
 .text.USBFS_LoadEP0
                0x00001ce4       0x98 .\CortexM3\ARM_GCC_541\Debug\3HC_Firmware_0_1.a(USBFS_drv.o)
                0x00001ce4                USBFS_LoadEP0
 .text.USBFS_InitZeroLengthControlTransfer
                0x00001d7c       0x34 .\CortexM3\ARM_GCC_541\Debug\3HC_Firmware_0_1.a(USBFS_drv.o)
                0x00001d7c                USBFS_InitZeroLengthControlTransfer
 .text.USBFS_ControlReadDataStage
                0x00001db0        0x8 .\CortexM3\ARM_GCC_541\Debug\3HC_Firmware_0_1.a(USBFS_drv.o)
                0x00001db0                USBFS_ControlReadDataStage
 .text.USBFS_ControlWriteDataStage
                0x00001db8       0x84 .\CortexM3\ARM_GCC_541\Debug\3HC_Firmware_0_1.a(USBFS_drv.o)
                0x00001db8                USBFS_ControlWriteDataStage
 .text.USBFS_InitNoDataControlTransfer
                0x00001e3c       0x2c .\CortexM3\ARM_GCC_541\Debug\3HC_Firmware_0_1.a(USBFS_drv.o)
                0x00001e3c                USBFS_InitNoDataControlTransfer
 .text.USBFS_UpdateStatusBlock
                0x00001e68       0x24 .\CortexM3\ARM_GCC_541\Debug\3HC_Firmware_0_1.a(USBFS_drv.o)
                0x00001e68                USBFS_UpdateStatusBlock
 .text.USBFS_HandleSetup
                0x00001e8c       0x5c .\CortexM3\ARM_GCC_541\Debug\3HC_Firmware_0_1.a(USBFS_drv.o)
                0x00001e8c                USBFS_HandleSetup
 .text.USBFS_ControlReadStatusStage
                0x00001ee8       0x38 .\CortexM3\ARM_GCC_541\Debug\3HC_Firmware_0_1.a(USBFS_drv.o)
                0x00001ee8                USBFS_ControlReadStatusStage
 .text.USBFS_HandleOUT
                0x00001f20       0x38 .\CortexM3\ARM_GCC_541\Debug\3HC_Firmware_0_1.a(USBFS_drv.o)
                0x00001f20                USBFS_HandleOUT
 .text.USBFS_ControlWriteStatusStage
                0x00001f58       0x20 .\CortexM3\ARM_GCC_541\Debug\3HC_Firmware_0_1.a(USBFS_drv.o)
                0x00001f58                USBFS_ControlWriteStatusStage
 .text.USBFS_NoDataControlStatusStage
                0x00001f78       0x40 .\CortexM3\ARM_GCC_541\Debug\3HC_Firmware_0_1.a(USBFS_drv.o)
                0x00001f78                USBFS_NoDataControlStatusStage
 .text.USBFS_HandleIN
                0x00001fb8       0x2c .\CortexM3\ARM_GCC_541\Debug\3HC_Firmware_0_1.a(USBFS_drv.o)
                0x00001fb8                USBFS_HandleIN
 .text.USBFS_EP_0_ISR
                0x00001fe4       0xb8 .\CortexM3\ARM_GCC_541\Debug\3HC_Firmware_0_1.a(USBFS_drv.o)
                0x00001fe4                USBFS_EP_0_ISR
 .text.USBFS_InitializeStatusBlock
                0x0000209c       0x24 .\CortexM3\ARM_GCC_541\Debug\3HC_Firmware_0_1.a(USBFS_drv.o)
                0x0000209c                USBFS_InitializeStatusBlock
 .text.USBFS_InitControlRead
                0x000020c0       0x50 .\CortexM3\ARM_GCC_541\Debug\3HC_Firmware_0_1.a(USBFS_drv.o)
                0x000020c0                USBFS_InitControlRead
 .text.USBFS_EP_1_ISR
                0x00002110       0x30 .\CortexM3\ARM_GCC_541\Debug\3HC_Firmware_0_1.a(USBFS_episr.o)
                0x00002110                USBFS_EP_1_ISR
 .text.USBFS_EP_2_ISR
                0x00002140       0x34 .\CortexM3\ARM_GCC_541\Debug\3HC_Firmware_0_1.a(USBFS_episr.o)
                0x00002140                USBFS_EP_2_ISR
 .text.USBFS_BUS_RESET_ISR
                0x00002174        0x8 .\CortexM3\ARM_GCC_541\Debug\3HC_Firmware_0_1.a(USBFS_episr.o)
                0x00002174                USBFS_BUS_RESET_ISR
 .text.USBFS_ARB_ISR
                0x0000217c       0xa4 .\CortexM3\ARM_GCC_541\Debug\3HC_Firmware_0_1.a(USBFS_episr.o)
                0x0000217c                USBFS_ARB_ISR
 .text.USBFS_DP_ISR
                0x00002220        0x8 .\CortexM3\ARM_GCC_541\Debug\3HC_Firmware_0_1.a(USBFS_pm.o)
                0x00002220                USBFS_DP_ISR
 .text.USBFS_ReadDieID
                0x00002228       0x6c .\CortexM3\ARM_GCC_541\Debug\3HC_Firmware_0_1.a(USBFS_std.o)
                0x00002228                USBFS_ReadDieID
 .text.USBFS_ConfigReg
                0x00002294       0xa8 .\CortexM3\ARM_GCC_541\Debug\3HC_Firmware_0_1.a(USBFS_std.o)
                0x00002294                USBFS_ConfigReg
 .text.USBFS_GetConfigTablePtr
                0x0000233c       0x28 .\CortexM3\ARM_GCC_541\Debug\3HC_Firmware_0_1.a(USBFS_std.o)
                0x0000233c                USBFS_GetConfigTablePtr
 .text.USBFS_ConfigAltChanged
                0x00002364      0x11c .\CortexM3\ARM_GCC_541\Debug\3HC_Firmware_0_1.a(USBFS_std.o)
                0x00002364                USBFS_ConfigAltChanged
 .text.USBFS_GetDeviceTablePtr
                0x00002480       0x18 .\CortexM3\ARM_GCC_541\Debug\3HC_Firmware_0_1.a(USBFS_std.o)
                0x00002480                USBFS_GetDeviceTablePtr
 .text.USBFS_GetInterfaceClassTablePtr
                0x00002498       0x28 .\CortexM3\ARM_GCC_541\Debug\3HC_Firmware_0_1.a(USBFS_std.o)
                0x00002498                USBFS_GetInterfaceClassTablePtr
 .text.USBFS_Config
                0x000024c0      0x1cc .\CortexM3\ARM_GCC_541\Debug\3HC_Firmware_0_1.a(USBFS_std.o)
                0x000024c0                USBFS_Config
 .text.USBFS_SetEndpointHalt
                0x0000268c       0x64 .\CortexM3\ARM_GCC_541\Debug\3HC_Firmware_0_1.a(USBFS_std.o)
                0x0000268c                USBFS_SetEndpointHalt
 .text.USBFS_ClearEndpointHalt
                0x000026f0       0xa8 .\CortexM3\ARM_GCC_541\Debug\3HC_Firmware_0_1.a(USBFS_std.o)
                0x000026f0                USBFS_ClearEndpointHalt
 .text.USBFS_ValidateAlternateSetting
                0x00002798       0x4c .\CortexM3\ARM_GCC_541\Debug\3HC_Firmware_0_1.a(USBFS_std.o)
                0x00002798                USBFS_ValidateAlternateSetting
 .text.USBFS_HandleStandardRqst
                0x000027e4      0x35c .\CortexM3\ARM_GCC_541\Debug\3HC_Firmware_0_1.a(USBFS_std.o)
                0x000027e4                USBFS_HandleStandardRqst
 .text.USBFS_HandleVendorRqst
                0x00002b40       0x3c .\CortexM3\ARM_GCC_541\Debug\3HC_Firmware_0_1.a(USBFS_vnd.o)
                0x00002b40                USBFS_HandleVendorRqst
 .text.USBFS_Dp_ClearInterrupt
                0x00002b7c       0x10 .\CortexM3\ARM_GCC_541\Debug\3HC_Firmware_0_1.a(USBFS_Dp.o)
                0x00002b7c                USBFS_Dp_ClearInterrupt
 .text.USBFS_ep2_DmaInitialize
                0x00002b8c       0x3c .\CortexM3\ARM_GCC_541\Debug\3HC_Firmware_0_1.a(USBFS_ep2_dma.o)
                0x00002b8c                USBFS_ep2_DmaInitialize
 .text.USBFS_ep1_DmaInitialize
                0x00002bc8       0x3c .\CortexM3\ARM_GCC_541\Debug\3HC_Firmware_0_1.a(USBFS_ep1_dma.o)
                0x00002bc8                USBFS_ep1_DmaInitialize
 *fill*         0x00002c04        0x4 
 .text          0x00002c08       0x20 .\CortexM3\ARM_GCC_541\Debug\3HC_Firmware_0_1.a(CyBootAsmGnu.o)
                0x00002c08                CyDelayCycles
                0x00002c18                CyEnterCriticalSection
                0x00002c20                CyExitCriticalSection
 .text.USBFS_DispatchClassRqst
                0x00002c28       0x38 .\CortexM3\ARM_GCC_541\Debug\3HC_Firmware_0_1.a(USBFS_cls.o)
                0x00002c28                USBFS_DispatchClassRqst
 .text          0x00002c60      0x370 c:/program files (x86)/cypress/psoc creator/4.2/psoc creator/import/gnu/arm/5.4.1/bin/../lib/gcc/arm-none-eabi/5.4.1/armv7-m\libgcc.a(_arm_addsubdf3.o)
                0x00002c60                __aeabi_drsub
                0x00002c68                __aeabi_dsub
                0x00002c68                __subdf3
                0x00002c6c                __aeabi_dadd
                0x00002c6c                __adddf3
                0x00002ee4                __floatunsidf
                0x00002ee4                __aeabi_ui2d
                0x00002f04                __floatsidf
                0x00002f04                __aeabi_i2d
                0x00002f28                __aeabi_f2d
                0x00002f28                __extendsfdf2
                0x00002f64                __floatundidf
                0x00002f64                __aeabi_ul2d
                0x00002f74                __floatdidf
                0x00002f74                __aeabi_l2d
 .text          0x00002fd0      0x424 c:/program files (x86)/cypress/psoc creator/4.2/psoc creator/import/gnu/arm/5.4.1/bin/../lib/gcc/arm-none-eabi/5.4.1/armv7-m\libgcc.a(_arm_muldivdf3.o)
                0x00002fd0                __aeabi_dmul
                0x00002fd0                __muldf3
                0x00003224                __divdf3
                0x00003224                __aeabi_ddiv
 .text          0x000033f4      0x110 c:/program files (x86)/cypress/psoc creator/4.2/psoc creator/import/gnu/arm/5.4.1/bin/../lib/gcc/arm-none-eabi/5.4.1/armv7-m\libgcc.a(_arm_cmpdf2.o)
                0x000033f4                __gtdf2
                0x000033f4                __gedf2
                0x000033fc                __ltdf2
                0x000033fc                __ledf2
                0x00003404                __nedf2
                0x00003404                __eqdf2
                0x00003404                __cmpdf2
                0x00003480                __aeabi_cdrcmple
                0x00003490                __aeabi_cdcmpeq
                0x00003490                __aeabi_cdcmple
                0x000034a0                __aeabi_dcmpeq
                0x000034b4                __aeabi_dcmplt
                0x000034c8                __aeabi_dcmple
                0x000034dc                __aeabi_dcmpge
                0x000034f0                __aeabi_dcmpgt
 .text          0x00003504       0xa0 c:/program files (x86)/cypress/psoc creator/4.2/psoc creator/import/gnu/arm/5.4.1/bin/../lib/gcc/arm-none-eabi/5.4.1/armv7-m\libgcc.a(_arm_truncdfsf2.o)
                0x00003504                __truncdfsf2
                0x00003504                __aeabi_d2f
 .text.__errno  0x000035a4        0xc c:/program files (x86)/cypress/psoc creator/4.2/psoc creator/import/gnu/arm/5.4.1/bin/../lib/gcc/arm-none-eabi/5.4.1/../../../../arm-none-eabi/lib/armv7-m\libg_nano.a(lib_a-errno.o)
                0x000035a4                __errno
 .text.__libc_init_array
                0x000035b0       0x4c c:/program files (x86)/cypress/psoc creator/4.2/psoc creator/import/gnu/arm/5.4.1/bin/../lib/gcc/arm-none-eabi/5.4.1/../../../../arm-none-eabi/lib/armv7-m\libg_nano.a(lib_a-init.o)
                0x000035b0                __libc_init_array
 .text.memcpy   0x000035fc       0x16 c:/program files (x86)/cypress/psoc creator/4.2/psoc creator/import/gnu/arm/5.4.1/bin/../lib/gcc/arm-none-eabi/5.4.1/../../../../arm-none-eabi/lib/armv7-m\libg_nano.a(lib_a-memcpy-stub.o)
                0x000035fc                memcpy
 .text.memset   0x00003612       0x10 c:/program files (x86)/cypress/psoc creator/4.2/psoc creator/import/gnu/arm/5.4.1/bin/../lib/gcc/arm-none-eabi/5.4.1/../../../../arm-none-eabi/lib/armv7-m\libg_nano.a(lib_a-memset.o)
                0x00003612                memset
 .text.__cvt    0x00003622       0xc0 c:/program files (x86)/cypress/psoc creator/4.2/psoc creator/import/gnu/arm/5.4.1/bin/../lib/gcc/arm-none-eabi/5.4.1/../../../../arm-none-eabi/lib/armv7-m\libg_nano.a(lib_a-nano-vfprintf_float.o)
                0x00003622                __cvt
 .text.__exponent
                0x000036e2       0x62 c:/program files (x86)/cypress/psoc creator/4.2/psoc creator/import/gnu/arm/5.4.1/bin/../lib/gcc/arm-none-eabi/5.4.1/../../../../arm-none-eabi/lib/armv7-m\libg_nano.a(lib_a-nano-vfprintf_float.o)
                0x000036e2                __exponent
 .text._printf_float
                0x00003744      0x488 c:/program files (x86)/cypress/psoc creator/4.2/psoc creator/import/gnu/arm/5.4.1/bin/../lib/gcc/arm-none-eabi/5.4.1/../../../../arm-none-eabi/lib/armv7-m\libg_nano.a(lib_a-nano-vfprintf_float.o)
                0x00003744                _printf_float
 .text._printf_common
                0x00003bcc       0xec c:/program files (x86)/cypress/psoc creator/4.2/psoc creator/import/gnu/arm/5.4.1/bin/../lib/gcc/arm-none-eabi/5.4.1/../../../../arm-none-eabi/lib/armv7-m\libg_nano.a(lib_a-nano-vfprintf_i.o)
                0x00003bcc                _printf_common
 .text          0x00003cb8       0x10 c:/program files (x86)/cypress/psoc creator/4.2/psoc creator/import/gnu/arm/5.4.1/bin/../lib/gcc/arm-none-eabi/5.4.1/../../../../arm-none-eabi/lib/armv7-m\libg_nano.a(lib_a-strlen.o)
                0x00003cb8                strlen
 .text.quorem   0x00003cc8      0x116 c:/program files (x86)/cypress/psoc creator/4.2/psoc creator/import/gnu/arm/5.4.1/bin/../lib/gcc/arm-none-eabi/5.4.1/../../../../arm-none-eabi/lib/armv7-m\libg_nano.a(lib_a-dtoa.o)
 *fill*         0x00003dde        0x2 
 .text._dtoa_r  0x00003de0      0xb30 c:/program files (x86)/cypress/psoc creator/4.2/psoc creator/import/gnu/arm/5.4.1/bin/../lib/gcc/arm-none-eabi/5.4.1/../../../../arm-none-eabi/lib/armv7-m\libg_nano.a(lib_a-dtoa.o)
                0x00003de0                _dtoa_r
 .text._localeconv_r
                0x00004910        0x8 c:/program files (x86)/cypress/psoc creator/4.2/psoc creator/import/gnu/arm/5.4.1/bin/../lib/gcc/arm-none-eabi/5.4.1/../../../../arm-none-eabi/lib/armv7-m\libg_nano.a(lib_a-locale.o)
                0x00004910                _localeconv_r
 .text.malloc   0x00004918       0x10 c:/program files (x86)/cypress/psoc creator/4.2/psoc creator/import/gnu/arm/5.4.1/bin/../lib/gcc/arm-none-eabi/5.4.1/../../../../arm-none-eabi/lib/armv7-m\libg_nano.a(lib_a-malloc.o)
                0x00004918                malloc
 .text._Balloc  0x00004928       0x6a c:/program files (x86)/cypress/psoc creator/4.2/psoc creator/import/gnu/arm/5.4.1/bin/../lib/gcc/arm-none-eabi/5.4.1/../../../../arm-none-eabi/lib/armv7-m\libg_nano.a(lib_a-mprec.o)
                0x00004928                _Balloc
 .text._Bfree   0x00004992       0x2e c:/program files (x86)/cypress/psoc creator/4.2/psoc creator/import/gnu/arm/5.4.1/bin/../lib/gcc/arm-none-eabi/5.4.1/../../../../arm-none-eabi/lib/armv7-m\libg_nano.a(lib_a-mprec.o)
                0x00004992                _Bfree
 .text.__multadd
                0x000049c0       0x76 c:/program files (x86)/cypress/psoc creator/4.2/psoc creator/import/gnu/arm/5.4.1/bin/../lib/gcc/arm-none-eabi/5.4.1/../../../../arm-none-eabi/lib/armv7-m\libg_nano.a(lib_a-mprec.o)
                0x000049c0                __multadd
 .text.__hi0bits
                0x00004a36       0x40 c:/program files (x86)/cypress/psoc creator/4.2/psoc creator/import/gnu/arm/5.4.1/bin/../lib/gcc/arm-none-eabi/5.4.1/../../../../arm-none-eabi/lib/armv7-m\libg_nano.a(lib_a-mprec.o)
                0x00004a36                __hi0bits
 .text.__lo0bits
                0x00004a76       0x5a c:/program files (x86)/cypress/psoc creator/4.2/psoc creator/import/gnu/arm/5.4.1/bin/../lib/gcc/arm-none-eabi/5.4.1/../../../../arm-none-eabi/lib/armv7-m\libg_nano.a(lib_a-mprec.o)
                0x00004a76                __lo0bits
 .text.__i2b    0x00004ad0       0x12 c:/program files (x86)/cypress/psoc creator/4.2/psoc creator/import/gnu/arm/5.4.1/bin/../lib/gcc/arm-none-eabi/5.4.1/../../../../arm-none-eabi/lib/armv7-m\libg_nano.a(lib_a-mprec.o)
                0x00004ad0                __i2b
 .text.__multiply
                0x00004ae2      0x120 c:/program files (x86)/cypress/psoc creator/4.2/psoc creator/import/gnu/arm/5.4.1/bin/../lib/gcc/arm-none-eabi/5.4.1/../../../../arm-none-eabi/lib/armv7-m\libg_nano.a(lib_a-mprec.o)
                0x00004ae2                __multiply
 *fill*         0x00004c02        0x2 
 .text.__pow5mult
                0x00004c04       0x9c c:/program files (x86)/cypress/psoc creator/4.2/psoc creator/import/gnu/arm/5.4.1/bin/../lib/gcc/arm-none-eabi/5.4.1/../../../../arm-none-eabi/lib/armv7-m\libg_nano.a(lib_a-mprec.o)
                0x00004c04                __pow5mult
 .text.__lshift
                0x00004ca0       0xa2 c:/program files (x86)/cypress/psoc creator/4.2/psoc creator/import/gnu/arm/5.4.1/bin/../lib/gcc/arm-none-eabi/5.4.1/../../../../arm-none-eabi/lib/armv7-m\libg_nano.a(lib_a-mprec.o)
                0x00004ca0                __lshift
 .text.__mcmp   0x00004d42       0x38 c:/program files (x86)/cypress/psoc creator/4.2/psoc creator/import/gnu/arm/5.4.1/bin/../lib/gcc/arm-none-eabi/5.4.1/../../../../arm-none-eabi/lib/armv7-m\libg_nano.a(lib_a-mprec.o)
                0x00004d42                __mcmp
 .text.__mdiff  0x00004d7a       0xbe c:/program files (x86)/cypress/psoc creator/4.2/psoc creator/import/gnu/arm/5.4.1/bin/../lib/gcc/arm-none-eabi/5.4.1/../../../../arm-none-eabi/lib/armv7-m\libg_nano.a(lib_a-mprec.o)
                0x00004d7a                __mdiff
 .text.__d2b    0x00004e38       0x9c c:/program files (x86)/cypress/psoc creator/4.2/psoc creator/import/gnu/arm/5.4.1/bin/../lib/gcc/arm-none-eabi/5.4.1/../../../../arm-none-eabi/lib/armv7-m\libg_nano.a(lib_a-mprec.o)
                0x00004e38                __d2b
 .text._calloc_r
                0x00004ed4       0x1c c:/program files (x86)/cypress/psoc creator/4.2/psoc creator/import/gnu/arm/5.4.1/bin/../lib/gcc/arm-none-eabi/5.4.1/../../../../arm-none-eabi/lib/armv7-m\libg_nano.a(lib_a-nano-callocr.o)
                0x00004ed4                _calloc_r
 .text._malloc_r
                0x00004ef0       0xbc c:/program files (x86)/cypress/psoc creator/4.2/psoc creator/import/gnu/arm/5.4.1/bin/../lib/gcc/arm-none-eabi/5.4.1/../../../../arm-none-eabi/lib/armv7-m\libg_nano.a(lib_a-nano-mallocr.o)
                0x00004ef0                _malloc_r
 .text._sbrk_r  0x00004fac       0x20 c:/program files (x86)/cypress/psoc creator/4.2/psoc creator/import/gnu/arm/5.4.1/bin/../lib/gcc/arm-none-eabi/5.4.1/../../../../arm-none-eabi/lib/armv7-m\libg_nano.a(lib_a-sbrkr.o)
                0x00004fac                _sbrk_r
 .text.__malloc_lock
                0x00004fcc        0x2 c:/program files (x86)/cypress/psoc creator/4.2/psoc creator/import/gnu/arm/5.4.1/bin/../lib/gcc/arm-none-eabi/5.4.1/../../../../arm-none-eabi/lib/armv7-m\libg_nano.a(lib_a-mlock.o)
                0x00004fcc                __malloc_lock
 .text.__malloc_unlock
                0x00004fce        0x2 c:/program files (x86)/cypress/psoc creator/4.2/psoc creator/import/gnu/arm/5.4.1/bin/../lib/gcc/arm-none-eabi/5.4.1/../../../../arm-none-eabi/lib/armv7-m\libg_nano.a(lib_a-mlock.o)
                0x00004fce                __malloc_unlock
 .text          0x00004fd0       0x2c c:/program files (x86)/cypress/psoc creator/4.2/psoc creator/import/gnu/arm/5.4.1/bin/../lib/gcc/arm-none-eabi/5.4.1/armv7-m\libgcc.a(_arm_unorddf2.o)
                0x00004fd0                __unorddf2
                0x00004fd0                __aeabi_dcmpun
 .text          0x00004ffc       0x50 c:/program files (x86)/cypress/psoc creator/4.2/psoc creator/import/gnu/arm/5.4.1/bin/../lib/gcc/arm-none-eabi/5.4.1/armv7-m\libgcc.a(_arm_fixdfsi.o)
                0x00004ffc                __aeabi_d2iz
                0x00004ffc                __fixdfsi
 *(.plt)
 *(.gnu.warning)
 *(.glue_7t)
 .glue_7t       0x0000504c        0x0 linker stubs
 *(.glue_7)
 .glue_7        0x0000504c        0x0 linker stubs
 *(.vfp11_veneer)
 .vfp11_veneer  0x0000504c        0x0 linker stubs
 *(.bootloader)
 *(.ARM.extab* .gnu.linkonce.armextab.*)
 *(.gcc_except_table)

.v4_bx          0x0000504c        0x0
 .v4_bx         0x0000504c        0x0 linker stubs

.iplt           0x0000504c        0x0
 .iplt          0x0000504c        0x0 c:/program files (x86)/cypress/psoc creator/4.2/psoc creator/import/gnu/arm/5.4.1/bin/../lib/gcc/arm-none-eabi/5.4.1/armv7-m/crtbegin.o

.eh_frame_hdr
 *(.eh_frame_hdr)

.eh_frame       0x0000504c        0x4
 *(.eh_frame)
 .eh_frame      0x0000504c        0x0 c:/program files (x86)/cypress/psoc creator/4.2/psoc creator/import/gnu/arm/5.4.1/bin/../lib/gcc/arm-none-eabi/5.4.1/armv7-m/crtbegin.o
 .eh_frame      0x0000504c        0x4 c:/program files (x86)/cypress/psoc creator/4.2/psoc creator/import/gnu/arm/5.4.1/bin/../lib/gcc/arm-none-eabi/5.4.1/armv7-m/crtend.o
                [!provide]                PROVIDE (__exidx_start, .)

.ARM.exidx
 *(.ARM.exidx* .gnu.linkonce.armexidx.*)
                0x00005050                __exidx_end = .

.rodata         0x00005050      0x320
 *(.rodata .rodata.* .gnu.linkonce.r.*)
 .rodata.str1.4
                0x00005050       0x10 .\CortexM3\ARM_GCC_541\Debug\main.o
 .rodata        0x00005060       0x3c .\CortexM3\ARM_GCC_541\Debug\cyfitter_cfg.o
                0x00005060                ADC_AMux__addrTable
                0x00005068                ADC_AMux__maskTable
 .rodata.str1.4
                0x0000509c       0x14 .\CortexM3\ARM_GCC_541\Debug\3HC_Firmware_0_1.a(USBFS_std.o)
                                 0x11 (size before relaxing)
 .rodata        0x000050b0      0x15e .\CortexM3\ARM_GCC_541\Debug\3HC_Firmware_0_1.a(USBFS_descr.o)
                0x000050b0                USBFS_MSOS_CONFIGURATION_DESCR
                0x000050d8                USBFS_MSOS_DESCRIPTOR
                0x000050ec                USBFS_TABLE
                0x000050f4                USBFS_DEVICE0_TABLE
                0x0000510c                USBFS_DEVICE0_CONFIGURATION0_TABLE
                0x0000512c                USBFS_DEVICE0_CONFIGURATION0_INTERFACE_CLASS
                0x00005130                USBFS_DEVICE0_CONFIGURATION0_EP_SETTINGS_TABLE
                0x00005140                USBFS_SN_STRING_DESCRIPTOR
                0x00005144                USBFS_STRING_DESCRIPTORS
                0x000051dc                USBFS_DEVICE0_CONFIGURATION0_DESCR
                0x000051fc                USBFS_DEVICE0_DESCR
 .rodata.str1.1
                0x0000520e        0x2 c:/program files (x86)/cypress/psoc creator/4.2/psoc creator/import/gnu/arm/5.4.1/bin/../lib/gcc/arm-none-eabi/5.4.1/../../../../arm-none-eabi/lib/armv7-m\libg_nano.a(lib_a-impure.o)
 .rodata.str1.1
                0x00005210       0x12 c:/program files (x86)/cypress/psoc creator/4.2/psoc creator/import/gnu/arm/5.4.1/bin/../lib/gcc/arm-none-eabi/5.4.1/../../../../arm-none-eabi/lib/armv7-m\libg_nano.a(lib_a-nano-vfprintf_float.o)
 .rodata.str1.1
                0x00005222        0xd c:/program files (x86)/cypress/psoc creator/4.2/psoc creator/import/gnu/arm/5.4.1/bin/../lib/gcc/arm-none-eabi/5.4.1/../../../../arm-none-eabi/lib/armv7-m\libg_nano.a(lib_a-dtoa.o)
                                  0xf (size before relaxing)
 .rodata.str1.1
                0x0000522f        0x8 c:/program files (x86)/cypress/psoc creator/4.2/psoc creator/import/gnu/arm/5.4.1/bin/../lib/gcc/arm-none-eabi/5.4.1/../../../../arm-none-eabi/lib/armv7-m\libg_nano.a(lib_a-locale.o)
                                  0xb (size before relaxing)
 *fill*         0x00005237        0x1 
 .rodata.__mprec_tens
                0x00005238       0xc8 c:/program files (x86)/cypress/psoc creator/4.2/psoc creator/import/gnu/arm/5.4.1/bin/../lib/gcc/arm-none-eabi/5.4.1/../../../../arm-none-eabi/lib/armv7-m\libg_nano.a(lib_a-mprec.o)
                0x00005238                __mprec_tens
 .rodata.p05.5408
                0x00005300        0xc c:/program files (x86)/cypress/psoc creator/4.2/psoc creator/import/gnu/arm/5.4.1/bin/../lib/gcc/arm-none-eabi/5.4.1/../../../../arm-none-eabi/lib/armv7-m\libg_nano.a(lib_a-mprec.o)
 *fill*         0x0000530c        0x4 
 .rodata.__mprec_bigtens
                0x00005310       0x28 c:/program files (x86)/cypress/psoc creator/4.2/psoc creator/import/gnu/arm/5.4.1/bin/../lib/gcc/arm-none-eabi/5.4.1/../../../../arm-none-eabi/lib/armv7-m\libg_nano.a(lib_a-mprec.o)
                0x00005310                __mprec_bigtens
                0x00005338                . = ALIGN (0x4)
 *(.init)
 .init          0x00005338        0x4 c:/program files (x86)/cypress/psoc creator/4.2/psoc creator/import/gnu/arm/5.4.1/bin/../lib/gcc/arm-none-eabi/5.4.1/armv7-m/crti.o
                0x00005338                _init
 .init          0x0000533c        0x8 c:/program files (x86)/cypress/psoc creator/4.2/psoc creator/import/gnu/arm/5.4.1/bin/../lib/gcc/arm-none-eabi/5.4.1/armv7-m/crtn.o
                0x00005344                . = ALIGN (0x4)
                0x00005344                __preinit_array_start = .
 *(.preinit_array)
                0x00005344                __preinit_array_end = .
                0x00005344                . = ALIGN (0x4)
                0x00005344                __init_array_start = .
 *(SORT(.init_array.*))
 *(.init_array)
 .init_array    0x00005344        0x4 c:/program files (x86)/cypress/psoc creator/4.2/psoc creator/import/gnu/arm/5.4.1/bin/../lib/gcc/arm-none-eabi/5.4.1/armv7-m/crtbegin.o
 .init_array    0x00005348        0x4 .\CortexM3\ARM_GCC_541\Debug\Cm3Start.o
                0x0000534c                __init_array_end = .
                0x0000534c                . = ALIGN (0x4)
 *(.fini)
 .fini          0x0000534c        0x4 c:/program files (x86)/cypress/psoc creator/4.2/psoc creator/import/gnu/arm/5.4.1/bin/../lib/gcc/arm-none-eabi/5.4.1/armv7-m/crti.o
                0x0000534c                _fini
 .fini          0x00005350        0x8 c:/program files (x86)/cypress/psoc creator/4.2/psoc creator/import/gnu/arm/5.4.1/bin/../lib/gcc/arm-none-eabi/5.4.1/armv7-m/crtn.o
                0x00005358                . = ALIGN (0x4)
                0x00005358                __fini_array_start = .
 *(.fini_array)
 .fini_array    0x00005358        0x4 c:/program files (x86)/cypress/psoc creator/4.2/psoc creator/import/gnu/arm/5.4.1/bin/../lib/gcc/arm-none-eabi/5.4.1/armv7-m/crtbegin.o
 *(SORT(.fini_array.*))
                0x0000535c                __fini_array_end = .
                0x0000535c                . = ALIGN (0x4)
 *crtbegin.o(.ctors)
 *(EXCLUDE_FILE(*crtend.o) .ctors)
 *(SORT(.ctors.*))
 *crtend.o(.ctors)
                0x0000535c                . = ALIGN (0x4)
 *crtbegin.o(.dtors)
 *(EXCLUDE_FILE(*crtend.o) .dtors)
 *(SORT(.dtors.*))
 *crtend.o(.dtors)
                0x0000535c                . = ALIGN (0x4)
                0x0000535c                __cy_regions = .
                0x0000535c        0x4 LONG 0x5370 __cy_region_init_ram
                0x00005360        0x4 LONG 0x1fff80c8 __cy_region_start_data
                0x00005364        0x4 LONG 0xc8 __cy_region_init_size_ram
                0x00005368        0x4 LONG 0x1e0 __cy_region_zero_size_ram
                0x0000536c                __cy_regions_end = .
                0x00005370                . = ALIGN (0x8)
 *fill*         0x0000536c        0x4 
                0x00005370                _etext = .

.cy_checksum_exclude
                0x00005370        0x0
 *(.cy_checksum_exclude)

.ramvectors     0x1fff8000       0xc0
                0x1fff8000                __cy_region_start_ram = .
 *(.ramvectors)
 .ramvectors    0x1fff8000       0xc0 .\CortexM3\ARM_GCC_541\Debug\Cm3Start.o
                0x1fff8000                CyRamVectors

.noinit         0x1fff80c0        0x1
 *(.noinit)
 .noinit        0x1fff80c0        0x1 .\CortexM3\ARM_GCC_541\Debug\3HC_Firmware_0_1.a(CyLib.o)
                0x1fff80c0                CyResetStatus

.data           0x1fff80c8       0xc8 load address 0x00005370
                0x1fff80c8                __cy_region_start_data = .
 *(.jcr)
 .jcr           0x1fff80c8        0x0 c:/program files (x86)/cypress/psoc creator/4.2/psoc creator/import/gnu/arm/5.4.1/bin/../lib/gcc/arm-none-eabi/5.4.1/armv7-m/crtbegin.o
 .jcr           0x1fff80c8        0x4 c:/program files (x86)/cypress/psoc creator/4.2/psoc creator/import/gnu/arm/5.4.1/bin/../lib/gcc/arm-none-eabi/5.4.1/armv7-m/crtend.o
 *(.got.plt)
 *(.got)
 *(.shdata)
 *(.data .data.* .gnu.linkonce.d.*)
 .data          0x1fff80cc        0x1 .\CortexM3\ARM_GCC_541\Debug\main.o
                0x1fff80cc                update
 *fill*         0x1fff80cd        0x3 
 .data          0x1fff80d0        0x4 .\CortexM3\ARM_GCC_541\Debug\Cm3Start.o
 .data          0x1fff80d4        0x8 .\CortexM3\ARM_GCC_541\Debug\3HC_Firmware_0_1.a(CyDmac.o)
 .data          0x1fff80dc       0x10 .\CortexM3\ARM_GCC_541\Debug\3HC_Firmware_0_1.a(CyLib.o)
                0x1fff80dc                cydelay_32k_ms
                0x1fff80e0                cydelay_freq_khz
                0x1fff80e4                cydelay_freq_mhz
                0x1fff80e8                cydelay_freq_hz
 .data          0x1fff80ec        0x1 .\CortexM3\ARM_GCC_541\Debug\3HC_Firmware_0_1.a(ADC.o)
                0x1fff80ec                ADC_Config
 .data          0x1fff80ed        0x1 .\CortexM3\ARM_GCC_541\Debug\3HC_Firmware_0_1.a(ADC_AMux.o)
 .data          0x1fff80ee        0x1 .\CortexM3\ARM_GCC_541\Debug\3HC_Firmware_0_1.a(USBFS_ep2_dma.o)
                0x1fff80ee                USBFS_ep2_DmaHandle
 .data          0x1fff80ef        0x1 .\CortexM3\ARM_GCC_541\Debug\3HC_Firmware_0_1.a(USBFS_ep1_dma.o)
                0x1fff80ef                USBFS_ep1_DmaHandle
 .data.impure_data
                0x1fff80f0       0x60 c:/program files (x86)/cypress/psoc creator/4.2/psoc creator/import/gnu/arm/5.4.1/bin/../lib/gcc/arm-none-eabi/5.4.1/../../../../arm-none-eabi/lib/armv7-m\libg_nano.a(lib_a-impure.o)
 .data._impure_ptr
                0x1fff8150        0x4 c:/program files (x86)/cypress/psoc creator/4.2/psoc creator/import/gnu/arm/5.4.1/bin/../lib/gcc/arm-none-eabi/5.4.1/../../../../arm-none-eabi/lib/armv7-m\libg_nano.a(lib_a-impure.o)
                0x1fff8150                _impure_ptr
 .data.lconv    0x1fff8154       0x38 c:/program files (x86)/cypress/psoc creator/4.2/psoc creator/import/gnu/arm/5.4.1/bin/../lib/gcc/arm-none-eabi/5.4.1/../../../../arm-none-eabi/lib/armv7-m\libg_nano.a(lib_a-locale.o)
                0x1fff8190                . = ALIGN (0x8)
 *fill*         0x1fff818c        0x4 
 *(.ram)
                0x1fff8190                _edata = .

.igot.plt       0x1fff8190        0x0 load address 0x00005438
 .igot.plt      0x1fff8190        0x0 c:/program files (x86)/cypress/psoc creator/4.2/psoc creator/import/gnu/arm/5.4.1/bin/../lib/gcc/arm-none-eabi/5.4.1/armv7-m/crtbegin.o

.bss            0x1fff8190      0x1e0 load address 0x00005438
                0x1fff8190                PROVIDE (__bss_start__, .)
 *(.shbss)
 *(.bss .bss.* .gnu.linkonce.b.*)
 .bss           0x1fff8190       0x1c c:/program files (x86)/cypress/psoc creator/4.2/psoc creator/import/gnu/arm/5.4.1/bin/../lib/gcc/arm-none-eabi/5.4.1/armv7-m/crtbegin.o
 .bss           0x1fff81ac        0x2 .\CortexM3\ARM_GCC_541\Debug\3HC_Firmware_0_1.a(LCD.o)
                0x1fff81ac                LCD_enableState
                0x1fff81ad                LCD_initVar
 .bss           0x1fff81ae        0x1 .\CortexM3\ARM_GCC_541\Debug\3HC_Firmware_0_1.a(QuadDec.o)
                0x1fff81ae                QuadDec_initVar
 *fill*         0x1fff81af        0x1 
 .bss           0x1fff81b0        0x4 .\CortexM3\ARM_GCC_541\Debug\3HC_Firmware_0_1.a(QuadDec_INT.o)
                0x1fff81b0                QuadDec_count32SoftPart
 .bss           0x1fff81b4        0x1 .\CortexM3\ARM_GCC_541\Debug\3HC_Firmware_0_1.a(QuadDec_Cnt16.o)
                0x1fff81b4                QuadDec_Cnt16_initVar
 .bss           0x1fff81b5        0x1 .\CortexM3\ARM_GCC_541\Debug\3HC_Firmware_0_1.a(UpdateTimer_UI.o)
                0x1fff81b5                UpdateTimer_UI_initVar
 .bss           0x1fff81b6        0x1 .\CortexM3\ARM_GCC_541\Debug\3HC_Firmware_0_1.a(X_PWM.o)
                0x1fff81b6                X_PWM_initVar
 *fill*         0x1fff81b7        0x1 
 .bss           0x1fff81b8       0x18 .\CortexM3\ARM_GCC_541\Debug\3HC_Firmware_0_1.a(ADC.o)
                0x1fff81c8                ADC_stopConversion
                0x1fff81c9                ADC_convDone
                0x1fff81ca                ADC_initVar
                0x1fff81cb                ADC_started
                0x1fff81cc                ADC_Offset
 .bss           0x1fff81d0        0x1 .\CortexM3\ARM_GCC_541\Debug\3HC_Firmware_0_1.a(USBFS.o)
                0x1fff81d0                USBFS_initVar
 *fill*         0x1fff81d1        0x3 
 .bss           0x1fff81d4        0x2 .\CortexM3\ARM_GCC_541\Debug\3HC_Firmware_0_1.a(USBFS_std.o)
 *fill*         0x1fff81d6        0x2 
 .bss.__malloc_sbrk_start
                0x1fff81d8        0x4 c:/program files (x86)/cypress/psoc creator/4.2/psoc creator/import/gnu/arm/5.4.1/bin/../lib/gcc/arm-none-eabi/5.4.1/../../../../arm-none-eabi/lib/armv7-m\libg_nano.a(lib_a-nano-mallocr.o)
                0x1fff81d8                __malloc_sbrk_start
 .bss.__malloc_free_list
                0x1fff81dc        0x4 c:/program files (x86)/cypress/psoc creator/4.2/psoc creator/import/gnu/arm/5.4.1/bin/../lib/gcc/arm-none-eabi/5.4.1/../../../../arm-none-eabi/lib/armv7-m\libg_nano.a(lib_a-nano-mallocr.o)
                0x1fff81dc                __malloc_free_list
 *(COMMON)
 COMMON         0x1fff81e0       0xb0 .\CortexM3\ARM_GCC_541\Debug\main.o
                0x1fff81e0                LCD_MSG
                0x1fff8200                length
                0x1fff8204                xCurr
                0x1fff8208                buffer0
                0x1fff8248                buffer
                0x1fff8288                count
                0x1fff828c                currentRaw
 COMMON         0x1fff8290        0x4 .\CortexM3\ARM_GCC_541\Debug\3HC_Firmware_0_1.a(ADC.o)
                0x1fff8290                ADC_CountsPerVolt
 COMMON         0x1fff8294       0x15 .\CortexM3\ARM_GCC_541\Debug\3HC_Firmware_0_1.a(USBFS.o)
                0x1fff8294                USBFS_DmaChan
                0x1fff82a0                USBFS_DmaTd
 *fill*         0x1fff82a9        0x3 
 COMMON         0x1fff82ac       0x98 .\CortexM3\ARM_GCC_541\Debug\3HC_Firmware_0_1.a(USBFS_drv.o)
                0x1fff82ac                USBFS_deviceAddress
                0x1fff82ad                USBFS_ep0Mode
                0x1fff82b0                USBFS_interfaceSetting
                0x1fff82b4                USBFS_currentTD
                0x1fff82c0                USBFS_device
                0x1fff82c1                USBFS_interfaceNumber
                0x1fff82c2                USBFS_ep0Toggle
                0x1fff82c3                USBFS_deviceStatus
                0x1fff82c4                USBFS_configurationChanged
                0x1fff82c5                USBFS_configuration
                0x1fff82c6                USBFS_transferState
                0x1fff82c8                USBFS_interfaceStatus
                0x1fff82cc                USBFS_interfaceClass
                0x1fff82d0                USBFS_EP
                0x1fff833c                USBFS_lastPacketSize
                0x1fff833d                USBFS_ep0Count
                0x1fff8340                USBFS_interfaceSettingLast
                0x1fff8342                USBFS_transferByteCount
 COMMON         0x1fff8344       0x22 .\CortexM3\ARM_GCC_541\Debug\3HC_Firmware_0_1.a(USBFS_descr.o)
                0x1fff8344                USBFS_idSerialNumberStringDescriptor
 *fill*         0x1fff8366        0x2 
 COMMON         0x1fff8368        0x4 c:/program files (x86)/cypress/psoc creator/4.2/psoc creator/import/gnu/arm/5.4.1/bin/../lib/gcc/arm-none-eabi/5.4.1/../../../../arm-none-eabi/lib/armv7-m\libg_nano.a(lib_a-reent.o)
                0x1fff8368                errno
                0x1fff8370                . = ALIGN (0x8)
 *fill*         0x1fff836c        0x4 
 *(.ram.b)
                0x1fff8370                _end = .
                0x1fff8370                __end = .
                0x1fff8370                PROVIDE (end, .)
                0x1fff8370                PROVIDE (__bss_end__, .)
                0x00005370                __cy_region_init_ram = LOADADDR (.data)
                0x000000c8                __cy_region_init_size_ram = (_edata - ADDR (.data))
                0x000001e0                __cy_region_zero_size_ram = (_end - _edata)

.heap           0x1fff8370      0x200 load address 0x00005438
                0x1fff8370                . = _end
                0x1fff8570                . = (. + 0x200)
 *fill*         0x1fff8370      0x200 
                0x1fff8570                __cy_heap_limit = .

.stack          0x20007800      0x800
                0x20007800                __cy_stack_limit = .
                0x20008000                . = (. + 0x800)
 *fill*         0x20007800      0x800 
                0x00000001                ASSERT ((__cy_stack_limit >= __cy_heap_limit), region RAM overflowed with stack)
                0x00000000                cy_checksum_exclude_size = (CY_APPL_LOADABLE == 0x1)?SIZEOF (.cy_checksum_exclude):0x0
                0x00000001                ASSERT ((cy_checksum_exclude_size <= CY_CHECKSUM_EXCLUDE_SIZE), CY_BOOT: Section .cy_checksum_exclude size exceedes specified limit.)

.cyloadermeta
 *(.cyloadermeta)

.cyloadablemeta
 *(.cyloadablemeta)

.cyconfigecc    0x80000000      0x748
 *(.cyconfigecc)
 .cyconfigecc   0x80000000      0x748 .\CortexM3\ARM_GCC_541\Debug\cymetadata.o
                0x80000000                cy_meta_configecc

.cycustnvl      0x90000000        0x4
 *(.cycustnvl)
 .cycustnvl     0x90000000        0x4 .\CortexM3\ARM_GCC_541\Debug\cymetadata.o
                0x90000000                cy_meta_custnvl

.cywolatch      0x90100000        0x4
 *(.cywolatch)
 .cywolatch     0x90100000        0x4 .\CortexM3\ARM_GCC_541\Debug\cymetadata.o
                0x90100000                cy_meta_wonvl

.cyeeprom       0x90200000        0x0
 *(.cyeeprom)
                0x00000001                ASSERT ((. <= ((0x90200000 + ee_offset) + ee_size)), .cyeeprom data will not fit in EEPROM)

.cyflashprotect
                0x90400000      0x100
 *(.cyflashprotect)
 .cyflashprotect
                0x90400000      0x100 .\CortexM3\ARM_GCC_541\Debug\cymetadata.o
                0x90400000                cy_meta_flashprotect

.cymeta         0x90500000        0xc
 *(.cymeta)
 .cymeta        0x90500000        0xc .\CortexM3\ARM_GCC_541\Debug\cymetadata.o
                0x90500000                cy_metadata

.rel.dyn        0x00005438        0x0 load address 0x9050000c
 .rel.iplt      0x00005438        0x0 c:/program files (x86)/cypress/psoc creator/4.2/psoc creator/import/gnu/arm/5.4.1/bin/../lib/gcc/arm-none-eabi/5.4.1/armv7-m/crtbegin.o

.stab
 *(.stab)

.stabstr
 *(.stabstr)

.debug
 *(.debug)

.line
 *(.line)

.debug_srcinfo
 *(.debug_srcinfo)

.debug_sfnames
 *(.debug_sfnames)

.debug_aranges  0x00000000     0x10c0
 *(.debug_aranges)
 .debug_aranges
                0x00000000       0x28 .\CortexM3\ARM_GCC_541\Debug\main.o
 .debug_aranges
                0x00000028       0x38 .\CortexM3\ARM_GCC_541\Debug\I2C.o
 .debug_aranges
                0x00000060       0x68 .\CortexM3\ARM_GCC_541\Debug\MPU9250.o
 .debug_aranges
                0x000000c8       0x68 .\CortexM3\ARM_GCC_541\Debug\cyfitter_cfg.o
 .debug_aranges
                0x00000130       0x18 .\CortexM3\ARM_GCC_541\Debug\cymetadata.o
 .debug_aranges
                0x00000148       0x48 .\CortexM3\ARM_GCC_541\Debug\Cm3Start.o
 .debug_aranges
                0x00000190       0x98 .\CortexM3\ARM_GCC_541\Debug\3HC_Firmware_0_1.a(LCD.o)
 .debug_aranges
                0x00000228       0x60 .\CortexM3\ARM_GCC_541\Debug\3HC_Firmware_0_1.a(QuadDec.o)
 .debug_aranges
                0x00000288       0x20 .\CortexM3\ARM_GCC_541\Debug\3HC_Firmware_0_1.a(QuadDec_INT.o)
 .debug_aranges
                0x000002a8       0x98 .\CortexM3\ARM_GCC_541\Debug\3HC_Firmware_0_1.a(QuadDec_Cnt16.o)
 .debug_aranges
                0x00000340       0xd8 .\CortexM3\ARM_GCC_541\Debug\3HC_Firmware_0_1.a(CyDmac.o)
 .debug_aranges
                0x00000418      0x2a0 .\CortexM3\ARM_GCC_541\Debug\3HC_Firmware_0_1.a(CyLib.o)
 .debug_aranges
                0x000006b8       0x98 .\CortexM3\ARM_GCC_541\Debug\3HC_Firmware_0_1.a(cyPm.o)
 .debug_aranges
                0x00000750       0x80 .\CortexM3\ARM_GCC_541\Debug\3HC_Firmware_0_1.a(UPDATE_UI.o)
 .debug_aranges
                0x000007d0       0x88 .\CortexM3\ARM_GCC_541\Debug\3HC_Firmware_0_1.a(UpdateTimer_UI.o)
 .debug_aranges
                0x00000858       0x98 .\CortexM3\ARM_GCC_541\Debug\3HC_Firmware_0_1.a(X_PWM.o)
 .debug_aranges
                0x000008f0       0x38 .\CortexM3\ARM_GCC_541\Debug\3HC_Firmware_0_1.a(I2C_Module.o)
 .debug_aranges
                0x00000928       0x20 .\CortexM3\ARM_GCC_541\Debug\3HC_Firmware_0_1.a(I2C_Module_INT.o)
 .debug_aranges
                0x00000948       0x38 .\CortexM3\ARM_GCC_541\Debug\3HC_Firmware_0_1.a(I2C_Module_PM.o)
 .debug_aranges
                0x00000980       0x80 .\CortexM3\ARM_GCC_541\Debug\3HC_Firmware_0_1.a(I2C_Module_MASTER.o)
 .debug_aranges
                0x00000a00       0xe8 .\CortexM3\ARM_GCC_541\Debug\3HC_Firmware_0_1.a(ADC.o)
 .debug_aranges
                0x00000ae8       0x38 .\CortexM3\ARM_GCC_541\Debug\3HC_Firmware_0_1.a(ADC_INT.o)
 .debug_aranges
                0x00000b20       0x30 .\CortexM3\ARM_GCC_541\Debug\3HC_Firmware_0_1.a(ADC_AMux.o)
 .debug_aranges
                0x00000b50       0x70 .\CortexM3\ARM_GCC_541\Debug\3HC_Firmware_0_1.a(ADC_Ext_CP_Clk.o)
 .debug_aranges
                0x00000bc0       0x80 .\CortexM3\ARM_GCC_541\Debug\3HC_Firmware_0_1.a(ADC_theACLK.o)
 .debug_aranges
                0x00000c40       0xd8 .\CortexM3\ARM_GCC_541\Debug\3HC_Firmware_0_1.a(USBFS.o)
 .debug_aranges
                0x00000d18       0x98 .\CortexM3\ARM_GCC_541\Debug\3HC_Firmware_0_1.a(USBFS_drv.o)
 .debug_aranges
                0x00000db0       0x38 .\CortexM3\ARM_GCC_541\Debug\3HC_Firmware_0_1.a(USBFS_episr.o)
 .debug_aranges
                0x00000de8       0x40 .\CortexM3\ARM_GCC_541\Debug\3HC_Firmware_0_1.a(USBFS_pm.o)
 .debug_aranges
                0x00000e28       0x80 .\CortexM3\ARM_GCC_541\Debug\3HC_Firmware_0_1.a(USBFS_std.o)
 .debug_aranges
                0x00000ea8       0x20 .\CortexM3\ARM_GCC_541\Debug\3HC_Firmware_0_1.a(USBFS_vnd.o)
 .debug_aranges
                0x00000ec8       0x48 .\CortexM3\ARM_GCC_541\Debug\3HC_Firmware_0_1.a(USBFS_Dp.o)
 .debug_aranges
                0x00000f10       0x28 .\CortexM3\ARM_GCC_541\Debug\3HC_Firmware_0_1.a(USBFS_ep2_dma.o)
 .debug_aranges
                0x00000f38       0x28 .\CortexM3\ARM_GCC_541\Debug\3HC_Firmware_0_1.a(USBFS_ep1_dma.o)
 .debug_aranges
                0x00000f60       0x20 .\CortexM3\ARM_GCC_541\Debug\3HC_Firmware_0_1.a(CyBootAsmGnu.o)
 .debug_aranges
                0x00000f80       0x88 .\CortexM3\ARM_GCC_541\Debug\3HC_Firmware_0_1.a(CyFlash.o)
 .debug_aranges
                0x00001008       0x80 .\CortexM3\ARM_GCC_541\Debug\3HC_Firmware_0_1.a(CySpc.o)
 .debug_aranges
                0x00001088       0x20 .\CortexM3\ARM_GCC_541\Debug\3HC_Firmware_0_1.a(USBFS_cls.o)
 .debug_aranges
                0x000010a8       0x18 .\CortexM3\ARM_GCC_541\Debug\3HC_Firmware_0_1.a(USBFS_descr.o)

.debug_pubnames
 *(.debug_pubnames)

.debug_info     0x00000000     0xae76
 *(.debug_info .gnu.linkonce.wi.*)
 .debug_info    0x00000000      0x41b .\CortexM3\ARM_GCC_541\Debug\main.o
 .debug_info    0x0000041b      0x361 .\CortexM3\ARM_GCC_541\Debug\I2C.o
 .debug_info    0x0000077c      0x502 .\CortexM3\ARM_GCC_541\Debug\MPU9250.o
 .debug_info    0x00000c7e      0x655 .\CortexM3\ARM_GCC_541\Debug\cyfitter_cfg.o
 .debug_info    0x000012d3      0x139 .\CortexM3\ARM_GCC_541\Debug\cymetadata.o
 .debug_info    0x0000140c      0x3cf .\CortexM3\ARM_GCC_541\Debug\Cm3Start.o
 .debug_info    0x000017db      0x715 .\CortexM3\ARM_GCC_541\Debug\3HC_Firmware_0_1.a(LCD.o)
 .debug_info    0x00001ef0      0x357 .\CortexM3\ARM_GCC_541\Debug\3HC_Firmware_0_1.a(QuadDec.o)
 .debug_info    0x00002247       0xf3 .\CortexM3\ARM_GCC_541\Debug\3HC_Firmware_0_1.a(QuadDec_INT.o)
 .debug_info    0x0000233a      0x348 .\CortexM3\ARM_GCC_541\Debug\3HC_Firmware_0_1.a(QuadDec_Cnt16.o)
 .debug_info    0x00002682      0x94e .\CortexM3\ARM_GCC_541\Debug\3HC_Firmware_0_1.a(CyDmac.o)
 .debug_info    0x00002fd0     0x1374 .\CortexM3\ARM_GCC_541\Debug\3HC_Firmware_0_1.a(CyLib.o)
 .debug_info    0x00004344      0xa2a .\CortexM3\ARM_GCC_541\Debug\3HC_Firmware_0_1.a(cyPm.o)
 .debug_info    0x00004d6e      0x2d2 .\CortexM3\ARM_GCC_541\Debug\3HC_Firmware_0_1.a(UPDATE_UI.o)
 .debug_info    0x00005040      0x293 .\CortexM3\ARM_GCC_541\Debug\3HC_Firmware_0_1.a(UpdateTimer_UI.o)
 .debug_info    0x000052d3      0x354 .\CortexM3\ARM_GCC_541\Debug\3HC_Firmware_0_1.a(X_PWM.o)
 .debug_info    0x00005627      0x2ad .\CortexM3\ARM_GCC_541\Debug\3HC_Firmware_0_1.a(I2C_Module.o)
 .debug_info    0x000058d4      0x184 .\CortexM3\ARM_GCC_541\Debug\3HC_Firmware_0_1.a(I2C_Module_INT.o)
 .debug_info    0x00005a58      0x207 .\CortexM3\ARM_GCC_541\Debug\3HC_Firmware_0_1.a(I2C_Module_PM.o)
 .debug_info    0x00005c5f      0x407 .\CortexM3\ARM_GCC_541\Debug\3HC_Firmware_0_1.a(I2C_Module_MASTER.o)
 .debug_info    0x00006066      0xbf3 .\CortexM3\ARM_GCC_541\Debug\3HC_Firmware_0_1.a(ADC.o)
 .debug_info    0x00006c59       0xd3 .\CortexM3\ARM_GCC_541\Debug\3HC_Firmware_0_1.a(ADC_INT.o)
 .debug_info    0x00006d2c      0x165 .\CortexM3\ARM_GCC_541\Debug\3HC_Firmware_0_1.a(ADC_AMux.o)
 .debug_info    0x00006e91      0x283 .\CortexM3\ARM_GCC_541\Debug\3HC_Firmware_0_1.a(ADC_Ext_CP_Clk.o)
 .debug_info    0x00007114      0x2c4 .\CortexM3\ARM_GCC_541\Debug\3HC_Firmware_0_1.a(ADC_theACLK.o)
 .debug_info    0x000073d8      0xba8 .\CortexM3\ARM_GCC_541\Debug\3HC_Firmware_0_1.a(USBFS.o)
 .debug_info    0x00007f80      0x655 .\CortexM3\ARM_GCC_541\Debug\3HC_Firmware_0_1.a(USBFS_drv.o)
 .debug_info    0x000085d5      0x346 .\CortexM3\ARM_GCC_541\Debug\3HC_Firmware_0_1.a(USBFS_episr.o)
 .debug_info    0x0000891b      0x303 .\CortexM3\ARM_GCC_541\Debug\3HC_Firmware_0_1.a(USBFS_pm.o)
 .debug_info    0x00008c1e      0xb00 .\CortexM3\ARM_GCC_541\Debug\3HC_Firmware_0_1.a(USBFS_std.o)
 .debug_info    0x0000971e      0x1be .\CortexM3\ARM_GCC_541\Debug\3HC_Firmware_0_1.a(USBFS_vnd.o)
 .debug_info    0x000098dc      0x174 .\CortexM3\ARM_GCC_541\Debug\3HC_Firmware_0_1.a(USBFS_Dp.o)
 .debug_info    0x00009a50      0x1a7 .\CortexM3\ARM_GCC_541\Debug\3HC_Firmware_0_1.a(USBFS_ep2_dma.o)
 .debug_info    0x00009bf7      0x1aa .\CortexM3\ARM_GCC_541\Debug\3HC_Firmware_0_1.a(USBFS_ep1_dma.o)
 .debug_info    0x00009da1       0x9d .\CortexM3\ARM_GCC_541\Debug\3HC_Firmware_0_1.a(CyBootAsmGnu.o)
 .debug_info    0x00009e3e      0x64d .\CortexM3\ARM_GCC_541\Debug\3HC_Firmware_0_1.a(CyFlash.o)
 .debug_info    0x0000a48b      0x550 .\CortexM3\ARM_GCC_541\Debug\3HC_Firmware_0_1.a(CySpc.o)
 .debug_info    0x0000a9db      0x1ad .\CortexM3\ARM_GCC_541\Debug\3HC_Firmware_0_1.a(USBFS_cls.o)
 .debug_info    0x0000ab88      0x2ee .\CortexM3\ARM_GCC_541\Debug\3HC_Firmware_0_1.a(USBFS_descr.o)

.debug_abbrev   0x00000000     0x2d69
 *(.debug_abbrev)
 .debug_abbrev  0x00000000      0x107 .\CortexM3\ARM_GCC_541\Debug\main.o
 .debug_abbrev  0x00000107       0xd6 .\CortexM3\ARM_GCC_541\Debug\I2C.o
 .debug_abbrev  0x000001dd       0xc9 .\CortexM3\ARM_GCC_541\Debug\MPU9250.o
 .debug_abbrev  0x000002a6      0x21e .\CortexM3\ARM_GCC_541\Debug\cyfitter_cfg.o
 .debug_abbrev  0x000004c4       0x77 .\CortexM3\ARM_GCC_541\Debug\cymetadata.o
 .debug_abbrev  0x0000053b      0x1e8 .\CortexM3\ARM_GCC_541\Debug\Cm3Start.o
 .debug_abbrev  0x00000723      0x157 .\CortexM3\ARM_GCC_541\Debug\3HC_Firmware_0_1.a(LCD.o)
 .debug_abbrev  0x0000087a      0x128 .\CortexM3\ARM_GCC_541\Debug\3HC_Firmware_0_1.a(QuadDec.o)
 .debug_abbrev  0x000009a2       0x78 .\CortexM3\ARM_GCC_541\Debug\3HC_Firmware_0_1.a(QuadDec_INT.o)
 .debug_abbrev  0x00000a1a      0x117 .\CortexM3\ARM_GCC_541\Debug\3HC_Firmware_0_1.a(QuadDec_Cnt16.o)
 .debug_abbrev  0x00000b31      0x1b2 .\CortexM3\ARM_GCC_541\Debug\3HC_Firmware_0_1.a(CyDmac.o)
 .debug_abbrev  0x00000ce3      0x254 .\CortexM3\ARM_GCC_541\Debug\3HC_Firmware_0_1.a(CyLib.o)
 .debug_abbrev  0x00000f37      0x1ab .\CortexM3\ARM_GCC_541\Debug\3HC_Firmware_0_1.a(cyPm.o)
 .debug_abbrev  0x000010e2      0x173 .\CortexM3\ARM_GCC_541\Debug\3HC_Firmware_0_1.a(UPDATE_UI.o)
 .debug_abbrev  0x00001255      0x11a .\CortexM3\ARM_GCC_541\Debug\3HC_Firmware_0_1.a(UpdateTimer_UI.o)
 .debug_abbrev  0x0000136f      0x133 .\CortexM3\ARM_GCC_541\Debug\3HC_Firmware_0_1.a(X_PWM.o)
 .debug_abbrev  0x000014a2      0x10a .\CortexM3\ARM_GCC_541\Debug\3HC_Firmware_0_1.a(I2C_Module.o)
 .debug_abbrev  0x000015ac       0xb6 .\CortexM3\ARM_GCC_541\Debug\3HC_Firmware_0_1.a(I2C_Module_INT.o)
 .debug_abbrev  0x00001662       0xfe .\CortexM3\ARM_GCC_541\Debug\3HC_Firmware_0_1.a(I2C_Module_PM.o)
 .debug_abbrev  0x00001760      0x13c .\CortexM3\ARM_GCC_541\Debug\3HC_Firmware_0_1.a(I2C_Module_MASTER.o)
 .debug_abbrev  0x0000189c      0x1eb .\CortexM3\ARM_GCC_541\Debug\3HC_Firmware_0_1.a(ADC.o)
 .debug_abbrev  0x00001a87       0x42 .\CortexM3\ARM_GCC_541\Debug\3HC_Firmware_0_1.a(ADC_INT.o)
 .debug_abbrev  0x00001ac9       0xb1 .\CortexM3\ARM_GCC_541\Debug\3HC_Firmware_0_1.a(ADC_AMux.o)
 .debug_abbrev  0x00001b7a      0x139 .\CortexM3\ARM_GCC_541\Debug\3HC_Firmware_0_1.a(ADC_Ext_CP_Clk.o)
 .debug_abbrev  0x00001cb3      0x121 .\CortexM3\ARM_GCC_541\Debug\3HC_Firmware_0_1.a(ADC_theACLK.o)
 .debug_abbrev  0x00001dd4      0x212 .\CortexM3\ARM_GCC_541\Debug\3HC_Firmware_0_1.a(USBFS.o)
 .debug_abbrev  0x00001fe6      0x189 .\CortexM3\ARM_GCC_541\Debug\3HC_Firmware_0_1.a(USBFS_drv.o)
 .debug_abbrev  0x0000216f      0x121 .\CortexM3\ARM_GCC_541\Debug\3HC_Firmware_0_1.a(USBFS_episr.o)
 .debug_abbrev  0x00002290      0x119 .\CortexM3\ARM_GCC_541\Debug\3HC_Firmware_0_1.a(USBFS_pm.o)
 .debug_abbrev  0x000023a9      0x201 .\CortexM3\ARM_GCC_541\Debug\3HC_Firmware_0_1.a(USBFS_std.o)
 .debug_abbrev  0x000025aa       0xe1 .\CortexM3\ARM_GCC_541\Debug\3HC_Firmware_0_1.a(USBFS_vnd.o)
 .debug_abbrev  0x0000268b       0x90 .\CortexM3\ARM_GCC_541\Debug\3HC_Firmware_0_1.a(USBFS_Dp.o)
 .debug_abbrev  0x0000271b       0xcd .\CortexM3\ARM_GCC_541\Debug\3HC_Firmware_0_1.a(USBFS_ep2_dma.o)
 .debug_abbrev  0x000027e8       0xcd .\CortexM3\ARM_GCC_541\Debug\3HC_Firmware_0_1.a(USBFS_ep1_dma.o)
 .debug_abbrev  0x000028b5       0x14 .\CortexM3\ARM_GCC_541\Debug\3HC_Firmware_0_1.a(CyBootAsmGnu.o)
 .debug_abbrev  0x000028c9      0x1a7 .\CortexM3\ARM_GCC_541\Debug\3HC_Firmware_0_1.a(CyFlash.o)
 .debug_abbrev  0x00002a70      0x194 .\CortexM3\ARM_GCC_541\Debug\3HC_Firmware_0_1.a(CySpc.o)
 .debug_abbrev  0x00002c04       0xc2 .\CortexM3\ARM_GCC_541\Debug\3HC_Firmware_0_1.a(USBFS_cls.o)
 .debug_abbrev  0x00002cc6       0xa3 .\CortexM3\ARM_GCC_541\Debug\3HC_Firmware_0_1.a(USBFS_descr.o)

.debug_line     0x00000000     0x41e3
 *(.debug_line)
 .debug_line    0x00000000      0x1fb .\CortexM3\ARM_GCC_541\Debug\main.o
 .debug_line    0x000001fb      0x1bc .\CortexM3\ARM_GCC_541\Debug\I2C.o
 .debug_line    0x000003b7       0xff .\CortexM3\ARM_GCC_541\Debug\MPU9250.o
 .debug_line    0x000004b6      0x20a .\CortexM3\ARM_GCC_541\Debug\cyfitter_cfg.o
 .debug_line    0x000006c0      0x141 .\CortexM3\ARM_GCC_541\Debug\cymetadata.o
 .debug_line    0x00000801      0x241 .\CortexM3\ARM_GCC_541\Debug\Cm3Start.o
 .debug_line    0x00000a42      0x1dc .\CortexM3\ARM_GCC_541\Debug\3HC_Firmware_0_1.a(LCD.o)
 .debug_line    0x00000c1e      0x137 .\CortexM3\ARM_GCC_541\Debug\3HC_Firmware_0_1.a(QuadDec.o)
 .debug_line    0x00000d55       0x6a .\CortexM3\ARM_GCC_541\Debug\3HC_Firmware_0_1.a(QuadDec_INT.o)
 .debug_line    0x00000dbf      0x18d .\CortexM3\ARM_GCC_541\Debug\3HC_Firmware_0_1.a(QuadDec_Cnt16.o)
 .debug_line    0x00000f4c      0x2e4 .\CortexM3\ARM_GCC_541\Debug\3HC_Firmware_0_1.a(CyDmac.o)
 .debug_line    0x00001230      0x816 .\CortexM3\ARM_GCC_541\Debug\3HC_Firmware_0_1.a(CyLib.o)
 .debug_line    0x00001a46      0x367 .\CortexM3\ARM_GCC_541\Debug\3HC_Firmware_0_1.a(cyPm.o)
 .debug_line    0x00001dad      0x136 .\CortexM3\ARM_GCC_541\Debug\3HC_Firmware_0_1.a(UPDATE_UI.o)
 .debug_line    0x00001ee3      0x15c .\CortexM3\ARM_GCC_541\Debug\3HC_Firmware_0_1.a(UpdateTimer_UI.o)
 .debug_line    0x0000203f      0x188 .\CortexM3\ARM_GCC_541\Debug\3HC_Firmware_0_1.a(X_PWM.o)
 .debug_line    0x000021c7       0xee .\CortexM3\ARM_GCC_541\Debug\3HC_Firmware_0_1.a(I2C_Module.o)
 .debug_line    0x000022b5      0x122 .\CortexM3\ARM_GCC_541\Debug\3HC_Firmware_0_1.a(I2C_Module_INT.o)
 .debug_line    0x000023d7       0xc9 .\CortexM3\ARM_GCC_541\Debug\3HC_Firmware_0_1.a(I2C_Module_PM.o)
 .debug_line    0x000024a0      0x20b .\CortexM3\ARM_GCC_541\Debug\3HC_Firmware_0_1.a(I2C_Module_MASTER.o)
 .debug_line    0x000026ab      0x3c1 .\CortexM3\ARM_GCC_541\Debug\3HC_Firmware_0_1.a(ADC.o)
 .debug_line    0x00002a6c       0x80 .\CortexM3\ARM_GCC_541\Debug\3HC_Firmware_0_1.a(ADC_INT.o)
 .debug_line    0x00002aec       0xac .\CortexM3\ARM_GCC_541\Debug\3HC_Firmware_0_1.a(ADC_AMux.o)
 .debug_line    0x00002b98      0x17d .\CortexM3\ARM_GCC_541\Debug\3HC_Firmware_0_1.a(ADC_Ext_CP_Clk.o)
 .debug_line    0x00002d15      0x19d .\CortexM3\ARM_GCC_541\Debug\3HC_Firmware_0_1.a(ADC_theACLK.o)
 .debug_line    0x00002eb2      0x350 .\CortexM3\ARM_GCC_541\Debug\3HC_Firmware_0_1.a(USBFS.o)
 .debug_line    0x00003202      0x21b .\CortexM3\ARM_GCC_541\Debug\3HC_Firmware_0_1.a(USBFS_drv.o)
 .debug_line    0x0000341d       0xe8 .\CortexM3\ARM_GCC_541\Debug\3HC_Firmware_0_1.a(USBFS_episr.o)
 .debug_line    0x00003505      0x107 .\CortexM3\ARM_GCC_541\Debug\3HC_Firmware_0_1.a(USBFS_pm.o)
 .debug_line    0x0000360c      0x3cf .\CortexM3\ARM_GCC_541\Debug\3HC_Firmware_0_1.a(USBFS_std.o)
 .debug_line    0x000039db       0x85 .\CortexM3\ARM_GCC_541\Debug\3HC_Firmware_0_1.a(USBFS_vnd.o)
 .debug_line    0x00003a60       0xb9 .\CortexM3\ARM_GCC_541\Debug\3HC_Firmware_0_1.a(USBFS_Dp.o)
 .debug_line    0x00003b19       0x86 .\CortexM3\ARM_GCC_541\Debug\3HC_Firmware_0_1.a(USBFS_ep2_dma.o)
 .debug_line    0x00003b9f       0x86 .\CortexM3\ARM_GCC_541\Debug\3HC_Firmware_0_1.a(USBFS_ep1_dma.o)
 .debug_line    0x00003c25       0x66 .\CortexM3\ARM_GCC_541\Debug\3HC_Firmware_0_1.a(CyBootAsmGnu.o)
 .debug_line    0x00003c8b      0x21a .\CortexM3\ARM_GCC_541\Debug\3HC_Firmware_0_1.a(CyFlash.o)
 .debug_line    0x00003ea5      0x260 .\CortexM3\ARM_GCC_541\Debug\3HC_Firmware_0_1.a(CySpc.o)
 .debug_line    0x00004105       0x81 .\CortexM3\ARM_GCC_541\Debug\3HC_Firmware_0_1.a(USBFS_cls.o)
 .debug_line    0x00004186       0x5d .\CortexM3\ARM_GCC_541\Debug\3HC_Firmware_0_1.a(USBFS_descr.o)

.debug_frame    0x00000000     0x2f34
 *(.debug_frame)
 .debug_frame   0x00000000       0x3c .\CortexM3\ARM_GCC_541\Debug\main.o
 .debug_frame   0x0000003c       0x8c .\CortexM3\ARM_GCC_541\Debug\I2C.o
 .debug_frame   0x000000c8      0x128 .\CortexM3\ARM_GCC_541\Debug\MPU9250.o
 .debug_frame   0x000001f0      0x104 .\CortexM3\ARM_GCC_541\Debug\cyfitter_cfg.o
 .debug_frame   0x000002f4       0xb8 .\CortexM3\ARM_GCC_541\Debug\Cm3Start.o
 .debug_frame   0x000003ac      0x1e8 .\CortexM3\ARM_GCC_541\Debug\3HC_Firmware_0_1.a(LCD.o)
 .debug_frame   0x00000594       0xec .\CortexM3\ARM_GCC_541\Debug\3HC_Firmware_0_1.a(QuadDec.o)
 .debug_frame   0x00000680       0x20 .\CortexM3\ARM_GCC_541\Debug\3HC_Firmware_0_1.a(QuadDec_INT.o)
 .debug_frame   0x000006a0      0x134 .\CortexM3\ARM_GCC_541\Debug\3HC_Firmware_0_1.a(QuadDec_Cnt16.o)
 .debug_frame   0x000007d4      0x1f8 .\CortexM3\ARM_GCC_541\Debug\3HC_Firmware_0_1.a(CyDmac.o)
 .debug_frame   0x000009cc      0x738 .\CortexM3\ARM_GCC_541\Debug\3HC_Firmware_0_1.a(CyLib.o)
 .debug_frame   0x00001104      0x1f8 .\CortexM3\ARM_GCC_541\Debug\3HC_Firmware_0_1.a(cyPm.o)
 .debug_frame   0x000012fc      0x104 .\CortexM3\ARM_GCC_541\Debug\3HC_Firmware_0_1.a(UPDATE_UI.o)
 .debug_frame   0x00001400      0x108 .\CortexM3\ARM_GCC_541\Debug\3HC_Firmware_0_1.a(UpdateTimer_UI.o)
 .debug_frame   0x00001508      0x134 .\CortexM3\ARM_GCC_541\Debug\3HC_Firmware_0_1.a(X_PWM.o)
 .debug_frame   0x0000163c       0x94 .\CortexM3\ARM_GCC_541\Debug\3HC_Firmware_0_1.a(I2C_Module.o)
 .debug_frame   0x000016d0       0x30 .\CortexM3\ARM_GCC_541\Debug\3HC_Firmware_0_1.a(I2C_Module_INT.o)
 .debug_frame   0x00001700       0x74 .\CortexM3\ARM_GCC_541\Debug\3HC_Firmware_0_1.a(I2C_Module_PM.o)
 .debug_frame   0x00001774      0x138 .\CortexM3\ARM_GCC_541\Debug\3HC_Firmware_0_1.a(I2C_Module_MASTER.o)
 .debug_frame   0x000018ac      0x284 .\CortexM3\ARM_GCC_541\Debug\3HC_Firmware_0_1.a(ADC.o)
 .debug_frame   0x00001b30       0x50 .\CortexM3\ARM_GCC_541\Debug\3HC_Firmware_0_1.a(ADC_INT.o)
 .debug_frame   0x00001b80       0x64 .\CortexM3\ARM_GCC_541\Debug\3HC_Firmware_0_1.a(ADC_AMux.o)
 .debug_frame   0x00001be4       0xe0 .\CortexM3\ARM_GCC_541\Debug\3HC_Firmware_0_1.a(ADC_Ext_CP_Clk.o)
 .debug_frame   0x00001cc4      0x100 .\CortexM3\ARM_GCC_541\Debug\3HC_Firmware_0_1.a(ADC_theACLK.o)
 .debug_frame   0x00001dc4      0x230 .\CortexM3\ARM_GCC_541\Debug\3HC_Firmware_0_1.a(USBFS.o)
 .debug_frame   0x00001ff4      0x194 .\CortexM3\ARM_GCC_541\Debug\3HC_Firmware_0_1.a(USBFS_drv.o)
 .debug_frame   0x00002188       0x74 .\CortexM3\ARM_GCC_541\Debug\3HC_Firmware_0_1.a(USBFS_episr.o)
 .debug_frame   0x000021fc       0xa0 .\CortexM3\ARM_GCC_541\Debug\3HC_Firmware_0_1.a(USBFS_pm.o)
 .debug_frame   0x0000229c      0x180 .\CortexM3\ARM_GCC_541\Debug\3HC_Firmware_0_1.a(USBFS_std.o)
 .debug_frame   0x0000241c       0x2c .\CortexM3\ARM_GCC_541\Debug\3HC_Firmware_0_1.a(USBFS_vnd.o)
 .debug_frame   0x00002448       0x70 .\CortexM3\ARM_GCC_541\Debug\3HC_Firmware_0_1.a(USBFS_Dp.o)
 .debug_frame   0x000024b8       0x54 .\CortexM3\ARM_GCC_541\Debug\3HC_Firmware_0_1.a(USBFS_ep2_dma.o)
 .debug_frame   0x0000250c       0x54 .\CortexM3\ARM_GCC_541\Debug\3HC_Firmware_0_1.a(USBFS_ep1_dma.o)
 .debug_frame   0x00002560      0x194 .\CortexM3\ARM_GCC_541\Debug\3HC_Firmware_0_1.a(CyFlash.o)
 .debug_frame   0x000026f4      0x180 .\CortexM3\ARM_GCC_541\Debug\3HC_Firmware_0_1.a(CySpc.o)
 .debug_frame   0x00002874       0x20 .\CortexM3\ARM_GCC_541\Debug\3HC_Firmware_0_1.a(USBFS_cls.o)
 .debug_frame   0x00002894       0x20 c:/program files (x86)/cypress/psoc creator/4.2/psoc creator/import/gnu/arm/5.4.1/bin/../lib/gcc/arm-none-eabi/5.4.1/../../../../arm-none-eabi/lib/armv7-m\libg_nano.a(lib_a-errno.o)
 .debug_frame   0x000028b4       0x28 c:/program files (x86)/cypress/psoc creator/4.2/psoc creator/import/gnu/arm/5.4.1/bin/../lib/gcc/arm-none-eabi/5.4.1/../../../../arm-none-eabi/lib/armv7-m\libg_nano.a(lib_a-exit.o)
 .debug_frame   0x000028dc       0x2c c:/program files (x86)/cypress/psoc creator/4.2/psoc creator/import/gnu/arm/5.4.1/bin/../lib/gcc/arm-none-eabi/5.4.1/../../../../arm-none-eabi/lib/armv7-m\libg_nano.a(lib_a-init.o)
 .debug_frame   0x00002908       0x28 c:/program files (x86)/cypress/psoc creator/4.2/psoc creator/import/gnu/arm/5.4.1/bin/../lib/gcc/arm-none-eabi/5.4.1/../../../../arm-none-eabi/lib/armv7-m\libg_nano.a(lib_a-memcpy-stub.o)
 .debug_frame   0x00002930       0x20 c:/program files (x86)/cypress/psoc creator/4.2/psoc creator/import/gnu/arm/5.4.1/bin/../lib/gcc/arm-none-eabi/5.4.1/../../../../arm-none-eabi/lib/armv7-m\libg_nano.a(lib_a-memset.o)
 .debug_frame   0x00002950       0x8c c:/program files (x86)/cypress/psoc creator/4.2/psoc creator/import/gnu/arm/5.4.1/bin/../lib/gcc/arm-none-eabi/5.4.1/../../../../arm-none-eabi/lib/armv7-m\libg_nano.a(lib_a-nano-vfprintf_float.o)
 .debug_frame   0x000029dc       0x60 c:/program files (x86)/cypress/psoc creator/4.2/psoc creator/import/gnu/arm/5.4.1/bin/../lib/gcc/arm-none-eabi/5.4.1/../../../../arm-none-eabi/lib/armv7-m\libg_nano.a(lib_a-nano-vfprintf_i.o)
 .debug_frame   0x00002a3c       0x6c c:/program files (x86)/cypress/psoc creator/4.2/psoc creator/import/gnu/arm/5.4.1/bin/../lib/gcc/arm-none-eabi/5.4.1/../../../../arm-none-eabi/lib/armv7-m\libg_nano.a(lib_a-dtoa.o)
 .debug_frame   0x00002aa8       0x98 c:/program files (x86)/cypress/psoc creator/4.2/psoc creator/import/gnu/arm/5.4.1/bin/../lib/gcc/arm-none-eabi/5.4.1/../../../../arm-none-eabi/lib/armv7-m\libg_nano.a(lib_a-locale.o)
 .debug_frame   0x00002b40       0x30 c:/program files (x86)/cypress/psoc creator/4.2/psoc creator/import/gnu/arm/5.4.1/bin/../lib/gcc/arm-none-eabi/5.4.1/../../../../arm-none-eabi/lib/armv7-m\libg_nano.a(lib_a-malloc.o)
 .debug_frame   0x00002b70       0x28 c:/program files (x86)/cypress/psoc creator/4.2/psoc creator/import/gnu/arm/5.4.1/bin/../lib/gcc/arm-none-eabi/5.4.1/../../../../arm-none-eabi/lib/armv7-m\libg_nano.a(lib_a-memchr-stub.o)
 .debug_frame   0x00002b98      0x234 c:/program files (x86)/cypress/psoc creator/4.2/psoc creator/import/gnu/arm/5.4.1/bin/../lib/gcc/arm-none-eabi/5.4.1/../../../../arm-none-eabi/lib/armv7-m\libg_nano.a(lib_a-mprec.o)
 .debug_frame   0x00002dcc       0x2c c:/program files (x86)/cypress/psoc creator/4.2/psoc creator/import/gnu/arm/5.4.1/bin/../lib/gcc/arm-none-eabi/5.4.1/../../../../arm-none-eabi/lib/armv7-m\libg_nano.a(lib_a-nano-callocr.o)
 .debug_frame   0x00002df8       0x38 c:/program files (x86)/cypress/psoc creator/4.2/psoc creator/import/gnu/arm/5.4.1/bin/../lib/gcc/arm-none-eabi/5.4.1/../../../../arm-none-eabi/lib/armv7-m\libg_nano.a(lib_a-nano-freer.o)
 .debug_frame   0x00002e30       0x2c c:/program files (x86)/cypress/psoc creator/4.2/psoc creator/import/gnu/arm/5.4.1/bin/../lib/gcc/arm-none-eabi/5.4.1/../../../../arm-none-eabi/lib/armv7-m\libg_nano.a(lib_a-nano-mallocr.o)
 .debug_frame   0x00002e5c       0x2c c:/program files (x86)/cypress/psoc creator/4.2/psoc creator/import/gnu/arm/5.4.1/bin/../lib/gcc/arm-none-eabi/5.4.1/../../../../arm-none-eabi/lib/armv7-m\libg_nano.a(lib_a-sbrkr.o)
 .debug_frame   0x00002e88       0x20 c:/program files (x86)/cypress/psoc creator/4.2/psoc creator/import/gnu/arm/5.4.1/bin/../lib/gcc/arm-none-eabi/5.4.1/../../../../arm-none-eabi/lib/armv7-m\libg_nano.a(lib_a-strcmp.o)
 .debug_frame   0x00002ea8       0x30 c:/program files (x86)/cypress/psoc creator/4.2/psoc creator/import/gnu/arm/5.4.1/bin/../lib/gcc/arm-none-eabi/5.4.1/../../../../arm-none-eabi/lib/armv7-m\libg_nano.a(lib_a-mlock.o)
 .debug_frame   0x00002ed8       0x5c c:/program files (x86)/cypress/psoc creator/4.2/psoc creator/import/gnu/arm/5.4.1/bin/../lib/gcc/arm-none-eabi/5.4.1/../../../../arm-none-eabi/lib/armv7-m\libg_nano.a(lib_a-reent.o)

.debug_str      0x00000000     0x3b94
 *(.debug_str)
 .debug_str     0x00000000      0x327 .\CortexM3\ARM_GCC_541\Debug\main.o
                                0x36f (size before relaxing)
 .debug_str     0x00000327      0x121 .\CortexM3\ARM_GCC_541\Debug\I2C.o
                                0x2d4 (size before relaxing)
 .debug_str     0x00000448      0x27f .\CortexM3\ARM_GCC_541\Debug\MPU9250.o
                                0x3b9 (size before relaxing)
 .debug_str     0x000006c7      0x1c6 .\CortexM3\ARM_GCC_541\Debug\cyfitter_cfg.o
                                0x36e (size before relaxing)
 .debug_str     0x0000088d       0x7f .\CortexM3\ARM_GCC_541\Debug\cymetadata.o
                                0x1f1 (size before relaxing)
 .debug_str     0x0000090c      0x14e .\CortexM3\ARM_GCC_541\Debug\Cm3Start.o
                                0x327 (size before relaxing)
 .debug_str     0x00000a5a      0x179 .\CortexM3\ARM_GCC_541\Debug\3HC_Firmware_0_1.a(LCD.o)
                                0x338 (size before relaxing)
 .debug_str     0x00000bd3      0x197 .\CortexM3\ARM_GCC_541\Debug\3HC_Firmware_0_1.a(QuadDec.o)
                                0x377 (size before relaxing)
 .debug_str     0x00000d6a       0x42 .\CortexM3\ARM_GCC_541\Debug\3HC_Firmware_0_1.a(QuadDec_INT.o)
                                0x1f3 (size before relaxing)
 .debug_str     0x00000dac      0x1d4 .\CortexM3\ARM_GCC_541\Debug\3HC_Firmware_0_1.a(QuadDec_Cnt16.o)
                                0x3fd (size before relaxing)
 .debug_str     0x00000f80      0x33a .\CortexM3\ARM_GCC_541\Debug\3HC_Firmware_0_1.a(CyDmac.o)
                                0x557 (size before relaxing)
 .debug_str     0x000012ba      0x7b3 .\CortexM3\ARM_GCC_541\Debug\3HC_Firmware_0_1.a(CyLib.o)
                                0xa54 (size before relaxing)
 .debug_str     0x00001a6d      0x365 .\CortexM3\ARM_GCC_541\Debug\3HC_Firmware_0_1.a(cyPm.o)
                                0x740 (size before relaxing)
 .debug_str     0x00001dd2       0xf6 .\CortexM3\ARM_GCC_541\Debug\3HC_Firmware_0_1.a(UPDATE_UI.o)
                                0x2eb (size before relaxing)
 .debug_str     0x00001ec8      0x1c6 .\CortexM3\ARM_GCC_541\Debug\3HC_Firmware_0_1.a(UpdateTimer_UI.o)
                                0x392 (size before relaxing)
 .debug_str     0x0000208e      0x14d .\CortexM3\ARM_GCC_541\Debug\3HC_Firmware_0_1.a(X_PWM.o)
                                0x36b (size before relaxing)
 .debug_str     0x000021db      0x11a .\CortexM3\ARM_GCC_541\Debug\3HC_Firmware_0_1.a(I2C_Module.o)
                                0x342 (size before relaxing)
 .debug_str     0x000022f5       0xb7 .\CortexM3\ARM_GCC_541\Debug\3HC_Firmware_0_1.a(I2C_Module_INT.o)
                                0x2b9 (size before relaxing)
 .debug_str     0x000023ac       0x79 .\CortexM3\ARM_GCC_541\Debug\3HC_Firmware_0_1.a(I2C_Module_PM.o)
                                0x2c9 (size before relaxing)
 .debug_str     0x00002425      0x14b .\CortexM3\ARM_GCC_541\Debug\3HC_Firmware_0_1.a(I2C_Module_MASTER.o)
                                0x452 (size before relaxing)
 .debug_str     0x00002570      0x31f .\CortexM3\ARM_GCC_541\Debug\3HC_Firmware_0_1.a(ADC.o)
                                0x5d6 (size before relaxing)
 .debug_str     0x0000288f       0x45 .\CortexM3\ARM_GCC_541\Debug\3HC_Firmware_0_1.a(ADC_INT.o)
                                0x1cd (size before relaxing)
 .debug_str     0x000028d4       0x5f .\CortexM3\ARM_GCC_541\Debug\3HC_Firmware_0_1.a(ADC_AMux.o)
                                0x20c (size before relaxing)
 .debug_str     0x00002933      0x16d .\CortexM3\ARM_GCC_541\Debug\3HC_Firmware_0_1.a(ADC_Ext_CP_Clk.o)
                                0x34f (size before relaxing)
 .debug_str     0x00002aa0      0x14f .\CortexM3\ARM_GCC_541\Debug\3HC_Firmware_0_1.a(ADC_theACLK.o)
                                0x36e (size before relaxing)
 .debug_str     0x00002bef      0x3a3 .\CortexM3\ARM_GCC_541\Debug\3HC_Firmware_0_1.a(USBFS.o)
                                0x708 (size before relaxing)
 .debug_str     0x00002f92      0x31c .\CortexM3\ARM_GCC_541\Debug\3HC_Firmware_0_1.a(USBFS_drv.o)
                                0x601 (size before relaxing)
 .debug_str     0x000032ae       0x7c .\CortexM3\ARM_GCC_541\Debug\3HC_Firmware_0_1.a(USBFS_episr.o)
                                0x348 (size before relaxing)
 .debug_str     0x0000332a       0xb2 .\CortexM3\ARM_GCC_541\Debug\3HC_Firmware_0_1.a(USBFS_pm.o)
                                0x2f4 (size before relaxing)
 .debug_str     0x000033dc      0x28a .\CortexM3\ARM_GCC_541\Debug\3HC_Firmware_0_1.a(USBFS_std.o)
                                0x764 (size before relaxing)
 .debug_str     0x00003666       0x42 .\CortexM3\ARM_GCC_541\Debug\3HC_Firmware_0_1.a(USBFS_vnd.o)
                                0x28c (size before relaxing)
 .debug_str     0x000036a8       0x98 .\CortexM3\ARM_GCC_541\Debug\3HC_Firmware_0_1.a(USBFS_Dp.o)
                                0x240 (size before relaxing)
 .debug_str     0x00003740       0x8b .\CortexM3\ARM_GCC_541\Debug\3HC_Firmware_0_1.a(USBFS_ep2_dma.o)
                                0x289 (size before relaxing)
 .debug_str     0x000037cb       0x50 .\CortexM3\ARM_GCC_541\Debug\3HC_Firmware_0_1.a(USBFS_ep1_dma.o)
                                0x289 (size before relaxing)
 .debug_str     0x0000381b      0x1b4 .\CortexM3\ARM_GCC_541\Debug\3HC_Firmware_0_1.a(CyFlash.o)
                                0x3cd (size before relaxing)
 .debug_str     0x000039cf       0xac .\CortexM3\ARM_GCC_541\Debug\3HC_Firmware_0_1.a(CySpc.o)
                                0x345 (size before relaxing)
 .debug_str     0x00003a7b       0x23 .\CortexM3\ARM_GCC_541\Debug\3HC_Firmware_0_1.a(USBFS_cls.o)
                                0x27b (size before relaxing)
 .debug_str     0x00003a9e       0xf6 .\CortexM3\ARM_GCC_541\Debug\3HC_Firmware_0_1.a(USBFS_descr.o)
                                0x381 (size before relaxing)

.debug_loc      0x00000000     0x4e3d
 *(.debug_loc)
 .debug_loc     0x00000000      0x25c .\CortexM3\ARM_GCC_541\Debug\I2C.o
 .debug_loc     0x0000025c       0x34 .\CortexM3\ARM_GCC_541\Debug\MPU9250.o
 .debug_loc     0x00000290      0x219 .\CortexM3\ARM_GCC_541\Debug\cyfitter_cfg.o
 .debug_loc     0x000004a9      0x144 .\CortexM3\ARM_GCC_541\Debug\Cm3Start.o
 .debug_loc     0x000005ed      0x3c6 .\CortexM3\ARM_GCC_541\Debug\3HC_Firmware_0_1.a(LCD.o)
 .debug_loc     0x000009b3       0xb9 .\CortexM3\ARM_GCC_541\Debug\3HC_Firmware_0_1.a(QuadDec.o)
 .debug_loc     0x00000a6c       0x13 .\CortexM3\ARM_GCC_541\Debug\3HC_Firmware_0_1.a(QuadDec_INT.o)
 .debug_loc     0x00000a7f       0x3d .\CortexM3\ARM_GCC_541\Debug\3HC_Firmware_0_1.a(QuadDec_Cnt16.o)
 .debug_loc     0x00000abc      0xb8e .\CortexM3\ARM_GCC_541\Debug\3HC_Firmware_0_1.a(CyDmac.o)
 .debug_loc     0x0000164a      0xa11 .\CortexM3\ARM_GCC_541\Debug\3HC_Firmware_0_1.a(CyLib.o)
 .debug_loc     0x0000205b      0x1e4 .\CortexM3\ARM_GCC_541\Debug\3HC_Firmware_0_1.a(cyPm.o)
 .debug_loc     0x0000223f       0x56 .\CortexM3\ARM_GCC_541\Debug\3HC_Firmware_0_1.a(UPDATE_UI.o)