Archive member included to satisfy reference by file (symbol)

.\CortexM3\ARM_GCC_541\Debug\3HC_Firmware_0_1.a(LCD.o)
                              .\CortexM3\ARM_GCC_541\Debug\main.o (LCD_PrintString)
.\CortexM3\ARM_GCC_541\Debug\3HC_Firmware_0_1.a(QuadDec.o)
                              .\CortexM3\ARM_GCC_541\Debug\main.o (QuadDec_GetCounter)
.\CortexM3\ARM_GCC_541\Debug\3HC_Firmware_0_1.a(QuadDec_INT.o)
                              .\CortexM3\ARM_GCC_541\Debug\3HC_Firmware_0_1.a(QuadDec.o) (QuadDec_ISR)
.\CortexM3\ARM_GCC_541\Debug\3HC_Firmware_0_1.a(QuadDec_Cnt16.o)
                              .\CortexM3\ARM_GCC_541\Debug\3HC_Firmware_0_1.a(QuadDec.o) (QuadDec_Cnt16_Stop)
.\CortexM3\ARM_GCC_541\Debug\3HC_Firmware_0_1.a(CyDmac.o)
                              .\CortexM3\ARM_GCC_541\Debug\Cm3Start.o (CyDmacConfigure)
.\CortexM3\ARM_GCC_541\Debug\3HC_Firmware_0_1.a(CyLib.o)
                              .\CortexM3\ARM_GCC_541\Debug\Cm3Start.o (CyHalt)
.\CortexM3\ARM_GCC_541\Debug\3HC_Firmware_0_1.a(cyPm.o)
                              .\CortexM3\ARM_GCC_541\Debug\3HC_Firmware_0_1.a(CyLib.o) (CyPmReadStatus)
.\CortexM3\ARM_GCC_541\Debug\3HC_Firmware_0_1.a(UPDATE_UI.o)
                              .\CortexM3\ARM_GCC_541\Debug\main.o (UPDATE_UI_SetPriority)
.\CortexM3\ARM_GCC_541\Debug\3HC_Firmware_0_1.a(UpdateTimer_UI.o)
                              .\CortexM3\ARM_GCC_541\Debug\main.o (UpdateTimer_UI_Start)
.\CortexM3\ARM_GCC_541\Debug\3HC_Firmware_0_1.a(X_PWM.o)
                              .\CortexM3\ARM_GCC_541\Debug\main.o (X_PWM_WriteCompare)
.\CortexM3\ARM_GCC_541\Debug\3HC_Firmware_0_1.a(Y_PWM.o)
                              .\CortexM3\ARM_GCC_541\Debug\main.o (Y_PWM_WriteCompare)
.\CortexM3\ARM_GCC_541\Debug\3HC_Firmware_0_1.a(Z_PWM.o)
                              .\CortexM3\ARM_GCC_541\Debug\main.o (Z_PWM_WriteCompare)
.\CortexM3\ARM_GCC_541\Debug\3HC_Firmware_0_1.a(I2C_Module.o)
                              .\CortexM3\ARM_GCC_541\Debug\I2C.o (I2C_Module_Start)
.\CortexM3\ARM_GCC_541\Debug\3HC_Firmware_0_1.a(I2C_Module_INT.o)
                              .\CortexM3\ARM_GCC_541\Debug\3HC_Firmware_0_1.a(I2C_Module.o) (I2C_Module_ISR)
.\CortexM3\ARM_GCC_541\Debug\3HC_Firmware_0_1.a(I2C_Module_PM.o)
                              .\CortexM3\ARM_GCC_541\Debug\3HC_Firmware_0_1.a(I2C_Module.o) (I2C_Module_backup)
.\CortexM3\ARM_GCC_541\Debug\3HC_Firmware_0_1.a(I2C_Module_MASTER.o)
                              .\CortexM3\ARM_GCC_541\Debug\3HC_Firmware_0_1.a(I2C_Module.o) (I2C_Module_mstrStatus)
.\CortexM3\ARM_GCC_541\Debug\3HC_Firmware_0_1.a(ADC.o)
                              .\CortexM3\ARM_GCC_541\Debug\main.o (ADC_Start)
.\CortexM3\ARM_GCC_541\Debug\3HC_Firmware_0_1.a(ADC_INT.o)
                              .\CortexM3\ARM_GCC_541\Debug\3HC_Firmware_0_1.a(ADC.o) (ADC_ISR1)
.\CortexM3\ARM_GCC_541\Debug\3HC_Firmware_0_1.a(ADC_AMux.o)
                              .\CortexM3\ARM_GCC_541\Debug\3HC_Firmware_0_1.a(ADC.o) (ADC_AMux_Select)
.\CortexM3\ARM_GCC_541\Debug\3HC_Firmware_0_1.a(ADC_Ext_CP_Clk.o)
                              .\CortexM3\ARM_GCC_541\Debug\3HC_Firmware_0_1.a(ADC.o) (ADC_Ext_CP_Clk_SetModeRegister)
.\CortexM3\ARM_GCC_541\Debug\3HC_Firmware_0_1.a(ADC_theACLK.o)
                              .\CortexM3\ARM_GCC_541\Debug\3HC_Firmware_0_1.a(ADC.o) (ADC_theACLK_SetModeRegister)
.\CortexM3\ARM_GCC_541\Debug\3HC_Firmware_0_1.a(USBFS.o)
                              .\CortexM3\ARM_GCC_541\Debug\main.o (USBFS_Start)
.\CortexM3\ARM_GCC_541\Debug\3HC_Firmware_0_1.a(USBFS_drv.o)
                              .\CortexM3\ARM_GCC_541\Debug\3HC_Firmware_0_1.a(USBFS.o) (USBFS_lastPacketSize)
.\CortexM3\ARM_GCC_541\Debug\3HC_Firmware_0_1.a(USBFS_episr.o)
                              .\CortexM3\ARM_GCC_541\Debug\3HC_Firmware_0_1.a(USBFS.o) (USBFS_EP_1_ISR)
.\CortexM3\ARM_GCC_541\Debug\3HC_Firmware_0_1.a(USBFS_pm.o)
                              .\CortexM3\ARM_GCC_541\Debug\3HC_Firmware_0_1.a(USBFS.o) (USBFS_DP_ISR)
.\CortexM3\ARM_GCC_541\Debug\3HC_Firmware_0_1.a(USBFS_std.o)
                              .\CortexM3\ARM_GCC_541\Debug\3HC_Firmware_0_1.a(USBFS_pm.o) (USBFS_ConfigReg)
.\CortexM3\ARM_GCC_541\Debug\3HC_Firmware_0_1.a(USBFS_vnd.o)
                              .\CortexM3\ARM_GCC_541\Debug\3HC_Firmware_0_1.a(USBFS_drv.o) (USBFS_HandleVendorRqst)
.\CortexM3\ARM_GCC_541\Debug\3HC_Firmware_0_1.a(USBFS_Dp.o)
                              .\CortexM3\ARM_GCC_541\Debug\3HC_Firmware_0_1.a(USBFS.o) (USBFS_Dp_ClearInterrupt)
.\CortexM3\ARM_GCC_541\Debug\3HC_Firmware_0_1.a(USBFS_ep2_dma.o)
                              .\CortexM3\ARM_GCC_541\Debug\3HC_Firmware_0_1.a(USBFS.o) (USBFS_ep2_DmaInitialize)
.\CortexM3\ARM_GCC_541\Debug\3HC_Firmware_0_1.a(USBFS_ep1_dma.o)
                              .\CortexM3\ARM_GCC_541\Debug\3HC_Firmware_0_1.a(USBFS.o) (USBFS_ep1_DmaInitialize)
.\CortexM3\ARM_GCC_541\Debug\3HC_Firmware_0_1.a(AMux.o)
[...]
Memory Configuration

Name             Origin             Length             Attributes
rom              0x00000000         0x00040000         xr
ram              0x1fff8000         0x00010000         xrw
*default*        0x00000000         0xffffffff

Linker script and memory map

LOAD c:/program files (x86)/cypress/psoc creator/4.2/psoc creator/import/gnu/arm/5.4.1/bin/../lib/gcc/arm-none-eabi/5.4.1/armv7-m/crti.o
LOAD c:/program files (x86)/cypress/psoc creator/4.2/psoc creator/import/gnu/arm/5.4.1/bin/../lib/gcc/arm-none-eabi/5.4.1/armv7-m/crtbegin.o
LOAD c:/program files (x86)/cypress/psoc creator/4.2/psoc creator/import/gnu/arm/5.4.1/bin/../lib/gcc/arm-none-eabi/5.4.1/../../../../arm-none-eabi/lib/armv7-m/crt0.o
START GROUP
LOAD .\CortexM3\ARM_GCC_541\Debug\main.o
LOAD .\CortexM3\ARM_GCC_541\Debug\I2C.o
LOAD .\CortexM3\ARM_GCC_541\Debug\MPU9250.o
LOAD .\CortexM3\ARM_GCC_541\Debug\NMEA0183.o
LOAD .\CortexM3\ARM_GCC_541\Debug\HHC.o
LOAD .\CortexM3\ARM_GCC_541\Debug\cyfitter_cfg.o
LOAD .\CortexM3\ARM_GCC_541\Debug\cymetadata.o
LOAD .\CortexM3\ARM_GCC_541\Debug\Cm3Start.o
LOAD .\CortexM3\ARM_GCC_541\Debug\3HC_Firmware_0_1.a
LOAD C:\Program Files (x86)\Cypress\PSoC Creator\4.2\PSoC Creator\psoc\content\cycomponentlibrary\CyComponentLibrary.cylib\CortexM3\ARM_GCC_541\Debug\CyComponentLibrary.a
END GROUP
START GROUP
LOAD c:/program files (x86)/cypress/psoc creator/4.2/psoc creator/import/gnu/arm/5.4.1/bin/../lib/gcc/arm-none-eabi/5.4.1/armv7-m\libgcc.a
LOAD c:/program files (x86)/cypress/psoc creator/4.2/psoc creator/import/gnu/arm/5.4.1/bin/../lib/gcc/arm-none-eabi/5.4.1/../../../../arm-none-eabi/lib/armv7-m\libg_nano.a
LOAD c:/program files (x86)/cypress/psoc creator/4.2/psoc creator/import/gnu/arm/5.4.1/bin/../lib/gcc/arm-none-eabi/5.4.1/../../../../arm-none-eabi/lib/armv7-m\libc_nano.a
END GROUP
START GROUP
LOAD c:/program files (x86)/cypress/psoc creator/4.2/psoc creator/import/gnu/arm/5.4.1/bin/../lib/gcc/arm-none-eabi/5.4.1/armv7-m\libgcc.a
LOAD c:/program files (x86)/cypress/psoc creator/4.2/psoc creator/import/gnu/arm/5.4.1/bin/../lib/gcc/arm-none-eabi/5.4.1/../../../../arm-none-eabi/lib/armv7-m\libc_nano.a
END GROUP
LOAD c:/program files (x86)/cypress/psoc creator/4.2/psoc creator/import/gnu/arm/5.4.1/bin/../lib/gcc/arm-none-eabi/5.4.1/armv7-m/crtend.o
LOAD c:/program files (x86)/cypress/psoc creator/4.2/psoc creator/import/gnu/arm/5.4.1/bin/../lib/gcc/arm-none-eabi/5.4.1/armv7-m/crtn.o
START GROUP
LOAD c:/program files (x86)/cypress/psoc creator/4.2/psoc creator/import/gnu/arm/5.4.1/bin/../lib/gcc/arm-none-eabi/5.4.1/armv7-m\libgcc.a
LOAD c:/program files (x86)/cypress/psoc creator/4.2/psoc creator/import/gnu/arm/5.4.1/bin/../lib/gcc/arm-none-eabi/5.4.1/../../../../arm-none-eabi/lib/armv7-m\libc.a
LOAD c:/program files (x86)/cypress/psoc creator/4.2/psoc creator/import/gnu/arm/5.4.1/bin/../lib/gcc/arm-none-eabi/5.4.1/../../../../arm-none-eabi/lib/armv7-m\libnosys.a
END GROUP
                0x00000000                CY_APPL_ORIGIN = 0x0
                0x00000100                CY_FLASH_ROW_SIZE = 0x100
                0x00000020                CY_ECC_ROW_SIZE = 0x20
                0x00000000                CY_EE_IN_BTLDR = 0x0
                0x00000000                CY_APPL_LOADABLE = 0x0
                0x00000800                CY_EE_SIZE = 0x800
                0x00000001                CY_APPL_NUM = 0x1
                0x00000001                CY_APPL_MAX = 0x1
                0x00000040                CY_METADATA_SIZE = 0x40
                0x00000000                CY_APPL_LOADABLE = 0x0
                0x00000000                CY_CHECKSUM_EXCLUDE_SIZE = ALIGN (0x0, CY_FLASH_ROW_SIZE)
                [!provide]                PROVIDE (__cy_heap_start, _end)
                0x00000001                PROVIDE (__cy_region_num, ((__cy_regions_end - __cy_regions) / 0x10))
                0x20008000                PROVIDE (__cy_stack, (ORIGIN (ram) + LENGTH (ram)))
                [!provide]                PROVIDE (__cy_heap_end, (__cy_stack - 0x800))

.cybootloader   0x00000000        0x0
 *(.cybootloader)
                0x00000000                appl1_start = CY_APPL_ORIGIN?CY_APPL_ORIGIN:ALIGN (CY_FLASH_ROW_SIZE)
                0x0001ff00                appl2_start = (appl1_start + ALIGN ((((LENGTH (rom) - appl1_start) - (0x2 * CY_FLASH_ROW_SIZE)) / 0x2), CY_FLASH_ROW_SIZE))
                0x00000000                appl_start = (CY_APPL_NUM == 0x1)?appl1_start:appl2_start
                0x00000000                ecc_offset = ((appl_start / CY_FLASH_ROW_SIZE) * CY_ECC_ROW_SIZE)
                0x00000000                ee_offset = (CY_APPL_LOADABLE && ! (CY_EE_IN_BTLDR))?((CY_EE_SIZE / CY_APPL_MAX) * (CY_APPL_NUM - 0x1)):0x0
                0x00000800                ee_size = (CY_APPL_LOADABLE && ! (CY_EE_IN_BTLDR))?(CY_EE_SIZE / CY_APPL_MAX):CY_EE_SIZE
                [!provide]                PROVIDE (CY_ECC_OFFSET, ecc_offset)

.text           0x00000000     0x6484
 CREATE_OBJECT_SYMBOLS
                0x00000000                PROVIDE (__cy_interrupt_vector, RomVectors)
 *(.romvectors)
 .romvectors    0x00000000       0x10 .\CortexM3\ARM_GCC_541\Debug\Cm3Start.o
                0x00000000                RomVectors
                0x00000001                ASSERT ((. != __cy_interrupt_vector), No interrupt vector)
                0x00000001                ASSERT (CY_APPL_ORIGIN?(SIZEOF (.cybootloader) <= CY_APPL_ORIGIN):0x1, Wrong image location)
                0x00000010                PROVIDE (__cy_reset, Reset)
 *(.text.Reset)
 .text.Reset    0x00000010       0x18 .\CortexM3\ARM_GCC_541\Debug\Cm3Start.o
                0x00000010                Reset
                0x00000001                ASSERT ((. != __cy_reset), No reset code)
 *(.dma_init)
                0x00000001                ASSERT ((((appl_start + .) <= 0x10000) || 0x1), DMA Init must be within the first 64k of flash)
 *(.text .text.* .gnu.linkonce.t.*)
 .text          0x00000028       0x5c c:/program files (x86)/cypress/psoc creator/4.2/psoc creator/import/gnu/arm/5.4.1/bin/../lib/gcc/arm-none-eabi/5.4.1/armv7-m/crtbegin.o
 .text.UPDATE_UI
                0x00000084        0xc .\CortexM3\ARM_GCC_541\Debug\main.o
                0x00000084                UPDATE_UI
 .text.SAMPLE_CURRSENSOR
                0x00000090       0x98 .\CortexM3\ARM_GCC_541\Debug\main.o
                0x00000090                SAMPLE_CURRSENSOR
 .text.main     0x00000128      0x208 .\CortexM3\ARM_GCC_541\Debug\main.o
                0x00000128                main
 .text.I2C_Init
                0x00000330        0x8 .\CortexM3\ARM_GCC_541\Debug\I2C.o
                0x00000330                I2C_Init
 .text.I2C_ReadRegister
                0x00000338       0x38 .\CortexM3\ARM_GCC_541\Debug\I2C.o
                0x00000338                I2C_ReadRegister
 .text.I2C_WriteReg
                0x00000370       0x28 .\CortexM3\ARM_GCC_541\Debug\I2C.o
                0x00000370                I2C_WriteReg
 .text.I2C_ReadInt
                0x00000398       0x50 .\CortexM3\ARM_GCC_541\Debug\I2C.o
                0x00000398                I2C_ReadInt
 .text.MPU9250_Init
                0x000003e8       0x7c .\CortexM3\ARM_GCC_541\Debug\MPU9250.o
                0x000003e8                MPU9250_Init
 .text.MPU9250_ReadMagX
                0x00000464       0x1c .\CortexM3\ARM_GCC_541\Debug\MPU9250.o
                0x00000464                MPU9250_ReadMagX
 .text.MPU9250_ReadMagY
                0x00000480       0x1c .\CortexM3\ARM_GCC_541\Debug\MPU9250.o
                0x00000480                MPU9250_ReadMagY
 .text.MPU9250_ReadMagZ
                0x0000049c       0x1c .\CortexM3\ARM_GCC_541\Debug\MPU9250.o
                0x0000049c                MPU9250_ReadMagZ
 .text.CyClockStartupError
                0x000004b8        0x4 .\CortexM3\ARM_GCC_541\Debug\cyfitter_cfg.o
 .text.cfg_write_bytes32
                0x000004bc       0x34 .\CortexM3\ARM_GCC_541\Debug\cyfitter_cfg.o
 .text.AnalogSetDefault
                0x000004f0       0x30 .\CortexM3\ARM_GCC_541\Debug\cyfitter_cfg.o
 .text.CYMEMZERO
                0x00000520        0xc .\CortexM3\ARM_GCC_541\Debug\cyfitter_cfg.o
 .text.CYCONFIGCPY
                0x0000052c        0x8 .\CortexM3\ARM_GCC_541\Debug\cyfitter_cfg.o
 .text.ClockSetup
                0x00000534       0xf4 .\CortexM3\ARM_GCC_541\Debug\cyfitter_cfg.o
 .text.AMux_Set
                0x00000628       0x34 .\CortexM3\ARM_GCC_541\Debug\cyfitter_cfg.o
                0x00000628                AMux_Set
 .text.AMux_Unset
                0x0000065c       0x38 .\CortexM3\ARM_GCC_541\Debug\cyfitter_cfg.o
                0x0000065c                AMux_Unset
 .text.ADC_AMux_Set
                0x00000694       0x20 .\CortexM3\ARM_GCC_541\Debug\cyfitter_cfg.o
                0x00000694                ADC_AMux_Set
 .text.ADC_AMux_Unset
                0x000006b4       0x20 .\CortexM3\ARM_GCC_541\Debug\cyfitter_cfg.o
                0x000006b4                ADC_AMux_Unset
 .text.cyfitter_cfg
                0x000006d4      0x148 .\CortexM3\ARM_GCC_541\Debug\cyfitter_cfg.o
                0x000006d4                cyfitter_cfg
 .text.IntDefaultHandler
                0x0000081c       0x10 .\CortexM3\ARM_GCC_541\Debug\Cm3Start.o
                0x0000081c                IntDefaultHandler
 .text._sbrk    0x0000082c       0x30 .\CortexM3\ARM_GCC_541\Debug\Cm3Start.o
                0x0000082c                _sbrk
 .text.Start_c  0x0000085c       0x4c .\CortexM3\ARM_GCC_541\Debug\Cm3Start.o
                0x0000085c                Start_c
 .text.initialize_psoc
                0x000008a8       0x6c .\CortexM3\ARM_GCC_541\Debug\Cm3Start.o
                0x000008a8                initialize_psoc
 .text.LCD_WrCntrlNib
                0x00000914       0x34 .\CortexM3\ARM_GCC_541\Debug\3HC_Firmware_0_1.a(LCD.o)
 .text.LCD_WrDatNib
                0x00000948       0x44 .\CortexM3\ARM_GCC_541\Debug\3HC_Firmware_0_1.a(LCD.o)
 .text.LCD_IsReady
                0x0000098c       0xe4 .\CortexM3\ARM_GCC_541\Debug\3HC_Firmware_0_1.a(LCD.o)
                0x0000098c                LCD_IsReady
 .text.LCD_WriteData
                0x00000a70       0x18 .\CortexM3\ARM_GCC_541\Debug\3HC_Firmware_0_1.a(LCD.o)
                0x00000a70                LCD_WriteData
 .text.LCD_PrintString
                0x00000a88       0x1c .\CortexM3\ARM_GCC_541\Debug\3HC_Firmware_0_1.a(LCD.o)
                0x00000a88                LCD_PrintString
 .text.LCD_WriteControl
                0x00000aa4       0x18 .\CortexM3\ARM_GCC_541\Debug\3HC_Firmware_0_1.a(LCD.o)
                0x00000aa4                LCD_WriteControl
 .text.LCD_Init
                0x00000abc       0x6c .\CortexM3\ARM_GCC_541\Debug\3HC_Firmware_0_1.a(LCD.o)
                0x00000abc                LCD_Init
 .text.LCD_Enable
                0x00000b28       0x14 .\CortexM3\ARM_GCC_541\Debug\3HC_Firmware_0_1.a(LCD.o)
                0x00000b28                LCD_Enable
 .text.LCD_Start
                0x00000b3c       0x1c .\CortexM3\ARM_GCC_541\Debug\3HC_Firmware_0_1.a(LCD.o)
                0x00000b3c                LCD_Start
 .text.LCD_Position
                0x00000b58       0x3c .\CortexM3\ARM_GCC_541\Debug\3HC_Firmware_0_1.a(LCD.o)
                0x00000b58                LCD_Position
 .text.QuadDec_Init
                0x00000b94       0x24 .\CortexM3\ARM_GCC_541\Debug\3HC_Firmware_0_1.a(QuadDec.o)
                0x00000b94                QuadDec_Init
 .text.QuadDec_GetCounter
                0x00000bb8       0x2c .\CortexM3\ARM_GCC_541\Debug\3HC_Firmware_0_1.a(QuadDec.o)
                0x00000bb8                QuadDec_GetCounter
 .text.QuadDec_GetEvents
                0x00000be4       0x10 .\CortexM3\ARM_GCC_541\Debug\3HC_Firmware_0_1.a(QuadDec.o)
                0x00000be4                QuadDec_GetEvents
 .text.QuadDec_SetInterruptMask
                0x00000bf4       0x10 .\CortexM3\ARM_GCC_541\Debug\3HC_Firmware_0_1.a(QuadDec.o)
                0x00000bf4                QuadDec_SetInterruptMask
 .text.QuadDec_Enable
                0x00000c04       0x30 .\CortexM3\ARM_GCC_541\Debug\3HC_Firmware_0_1.a(QuadDec.o)
                0x00000c04                QuadDec_Enable
 .text.QuadDec_Start
                0x00000c34       0x34 .\CortexM3\ARM_GCC_541\Debug\3HC_Firmware_0_1.a(QuadDec.o)
                0x00000c34                QuadDec_Start
 .text.QuadDec_ISR
                0x00000c68       0x40 .\CortexM3\ARM_GCC_541\Debug\3HC_Firmware_0_1.a(QuadDec_INT.o)
                0x00000c68                QuadDec_ISR
 .text.QuadDec_Cnt16_Enable
                0x00000ca8       0x10 .\CortexM3\ARM_GCC_541\Debug\3HC_Firmware_0_1.a(QuadDec_Cnt16.o)
                0x00000ca8                QuadDec_Cnt16_Enable
 .text.QuadDec_Cnt16_SetInterruptMode
                0x00000cb8        0xc .\CortexM3\ARM_GCC_541\Debug\3HC_Firmware_0_1.a(QuadDec_Cnt16.o)
                0x00000cb8                QuadDec_Cnt16_SetInterruptMode
 .text.QuadDec_Cnt16_ReadStatusRegister
                0x00000cc4        0xc .\CortexM3\ARM_GCC_541\Debug\3HC_Firmware_0_1.a(QuadDec_Cnt16.o)
                0x00000cc4                QuadDec_Cnt16_ReadStatusRegister
 .text.QuadDec_Cnt16_WriteCounter
                0x00000cd0        0xc .\CortexM3\ARM_GCC_541\Debug\3HC_Firmware_0_1.a(QuadDec_Cnt16.o)
                0x00000cd0                QuadDec_Cnt16_WriteCounter
 .text.QuadDec_Cnt16_ReadCounter
                0x00000cdc       0x14 .\CortexM3\ARM_GCC_541\Debug\3HC_Firmware_0_1.a(QuadDec_Cnt16.o)
                0x00000cdc                QuadDec_Cnt16_ReadCounter
 .text.QuadDec_Cnt16_ReadCapture
                0x00000cf0        0xc .\CortexM3\ARM_GCC_541\Debug\3HC_Firmware_0_1.a(QuadDec_Cnt16.o)
                0x00000cf0                QuadDec_Cnt16_ReadCapture
 .text.QuadDec_Cnt16_WritePeriod
                0x00000cfc        0xc .\CortexM3\ARM_GCC_541\Debug\3HC_Firmware_0_1.a(QuadDec_Cnt16.o)
                0x00000cfc                QuadDec_Cnt16_WritePeriod
 .text.QuadDec_Cnt16_WriteCompare
                0x00000d08        0xc .\CortexM3\ARM_GCC_541\Debug\3HC_Firmware_0_1.a(QuadDec_Cnt16.o)
                0x00000d08                QuadDec_Cnt16_WriteCompare
 .text.QuadDec_Cnt16_ClearFIFO
                0x00000d14       0x14 .\CortexM3\ARM_GCC_541\Debug\3HC_Firmware_0_1.a(QuadDec_Cnt16.o)
                0x00000d14                QuadDec_Cnt16_ClearFIFO
 .text.QuadDec_Cnt16_Init
                0x00000d28       0x58 .\CortexM3\ARM_GCC_541\Debug\3HC_Firmware_0_1.a(QuadDec_Cnt16.o)
                0x00000d28                QuadDec_Cnt16_Init
 .text.QuadDec_Cnt16_Start
                0x00000d80       0x1c .\CortexM3\ARM_GCC_541\Debug\3HC_Firmware_0_1.a(QuadDec_Cnt16.o)
                0x00000d80                QuadDec_Cnt16_Start
 .text.CyDmacConfigure
                0x00000d9c       0x34 .\CortexM3\ARM_GCC_541\Debug\3HC_Firmware_0_1.a(CyDmac.o)
                0x00000d9c                CyDmacConfigure
 .text.CyDmaChEnable
                0x00000dd0       0x38 .\CortexM3\ARM_GCC_541\Debug\3HC_Firmware_0_1.a(CyDmac.o)
                0x00000dd0                CyDmaChEnable
 .text.CyDmaChDisable
                0x00000e08       0x24 .\CortexM3\ARM_GCC_541\Debug\3HC_Firmware_0_1.a(CyDmac.o)
                0x00000e08                CyDmaChDisable
 .text.CyDmaChPriority
                0x00000e2c       0x24 .\CortexM3\ARM_GCC_541\Debug\3HC_Firmware_0_1.a(CyDmac.o)
                0x00000e2c                CyDmaChPriority
 .text.CyDmaChSetExtendedAddress
                0x00000e50       0x34 .\CortexM3\ARM_GCC_541\Debug\3HC_Firmware_0_1.a(CyDmac.o)
                0x00000e50                CyDmaChSetExtendedAddress
 .text.CyDmaChSetInitialTd
                0x00000e84       0x18 .\CortexM3\ARM_GCC_541\Debug\3HC_Firmware_0_1.a(CyDmac.o)
                0x00000e84                CyDmaChSetInitialTd
 .text.CyDmaChSetConfiguration
                0x00000e9c       0x44 .\CortexM3\ARM_GCC_541\Debug\3HC_Firmware_0_1.a(CyDmac.o)
                0x00000e9c                CyDmaChSetConfiguration
 .text.CyDmaTdAllocate
                0x00000ee0       0x34 .\CortexM3\ARM_GCC_541\Debug\3HC_Firmware_0_1.a(CyDmac.o)
                0x00000ee0                CyDmaTdAllocate
 .text.CyDmaTdSetConfiguration
                0x00000f14       0x28 .\CortexM3\ARM_GCC_541\Debug\3HC_Firmware_0_1.a(CyDmac.o)
                0x00000f14                CyDmaTdSetConfiguration
 .text.CyDmaTdSetAddress
                0x00000f3c       0x1c .\CortexM3\ARM_GCC_541\Debug\3HC_Firmware_0_1.a(CyDmac.o)
                0x00000f3c                CyDmaTdSetAddress
 .text.CyHalt   0x00000f58        0x4 .\CortexM3\ARM_GCC_541\Debug\3HC_Firmware_0_1.a(CyLib.o)
                0x00000f58                CyHalt
 .text.CyDelay  0x00000f5c       0x2c .\CortexM3\ARM_GCC_541\Debug\3HC_Firmware_0_1.a(CyLib.o)
                0x00000f5c                CyDelay
 .text.CyDelayUs
                0x00000f88       0x14 .\CortexM3\ARM_GCC_541\Debug\3HC_Firmware_0_1.a(CyLib.o)
                0x00000f88                CyDelayUs
 .text.CyIntSetVector
                0x00000f9c       0x28 .\CortexM3\ARM_GCC_541\Debug\3HC_Firmware_0_1.a(CyLib.o)
                0x00000f9c                CyIntSetVector
 .text.CyIntSetPriority
                0x00000fc4       0x30 .\CortexM3\ARM_GCC_541\Debug\3HC_Firmware_0_1.a(CyLib.o)
                0x00000fc4                CyIntSetPriority
 .text.CyGetUniqueId
                0x00000ff4       0x70 .\CortexM3\ARM_GCC_541\Debug\3HC_Firmware_0_1.a(CyLib.o)
                0x00000ff4                CyGetUniqueId
 .text.UPDATE_UI_SetVector
                0x00001064        0xc .\CortexM3\ARM_GCC_541\Debug\3HC_Firmware_0_1.a(UPDATE_UI.o)
                0x00001064                UPDATE_UI_SetVector
 .text.UPDATE_UI_SetPriority
                0x00001070       0x10 .\CortexM3\ARM_GCC_541\Debug\3HC_Firmware_0_1.a(UPDATE_UI.o)
                0x00001070                UPDATE_UI_SetPriority
 .text.UPDATE_UI_Enable
                0x00001080        0xc .\CortexM3\ARM_GCC_541\Debug\3HC_Firmware_0_1.a(UPDATE_UI.o)
                0x00001080                UPDATE_UI_Enable
 .text.UPDATE_UI_Disable
                0x0000108c        0xc .\CortexM3\ARM_GCC_541\Debug\3HC_Firmware_0_1.a(UPDATE_UI.o)
                0x0000108c                UPDATE_UI_Disable
 .text.UPDATE_UI_StartEx
                0x00001098       0x1c .\CortexM3\ARM_GCC_541\Debug\3HC_Firmware_0_1.a(UPDATE_UI.o)
                0x00001098                UPDATE_UI_StartEx
 .text.UpdateTimer_UI_Enable
                0x000010b4       0x28 .\CortexM3\ARM_GCC_541\Debug\3HC_Firmware_0_1.a(UpdateTimer_UI.o)
                0x000010b4                UpdateTimer_UI_Enable
 .text.UpdateTimer_UI_SetInterruptMode
                0x000010dc        0xc .\CortexM3\ARM_GCC_541\Debug\3HC_Firmware_0_1.a(UpdateTimer_UI.o)
                0x000010dc                UpdateTimer_UI_SetInterruptMode
 .text.UpdateTimer_UI_WritePeriod
                0x000010e8        0xc .\CortexM3\ARM_GCC_541\Debug\3HC_Firmware_0_1.a(UpdateTimer_UI.o)
                0x000010e8                UpdateTimer_UI_WritePeriod
 .text.UpdateTimer_UI_WriteCounter
                0x000010f4        0xc .\CortexM3\ARM_GCC_541\Debug\3HC_Firmware_0_1.a(UpdateTimer_UI.o)
                0x000010f4                UpdateTimer_UI_WriteCounter
 .text.UpdateTimer_UI_Init
                0x00001100       0x64 .\CortexM3\ARM_GCC_541\Debug\3HC_Firmware_0_1.a(UpdateTimer_UI.o)
                0x00001100                UpdateTimer_UI_Init
 .text.UpdateTimer_UI_Start
                0x00001164       0x1c .\CortexM3\ARM_GCC_541\Debug\3HC_Firmware_0_1.a(UpdateTimer_UI.o)
                0x00001164                UpdateTimer_UI_Start
 .text.X_PWM_Enable
                0x00001180       0x10 .\CortexM3\ARM_GCC_541\Debug\3HC_Firmware_0_1.a(X_PWM.o)
                0x00001180                X_PWM_Enable
 .text.X_PWM_WriteCounter
                0x00001190        0xc .\CortexM3\ARM_GCC_541\Debug\3HC_Firmware_0_1.a(X_PWM.o)
                0x00001190                X_PWM_WriteCounter
 .text.X_PWM_WritePeriod
                0x0000119c        0xc .\CortexM3\ARM_GCC_541\Debug\3HC_Firmware_0_1.a(X_PWM.o)
                0x0000119c                X_PWM_WritePeriod
 .text.X_PWM_WriteCompare
                0x000011a8        0xc .\CortexM3\ARM_GCC_541\Debug\3HC_Firmware_0_1.a(X_PWM.o)
                0x000011a8                X_PWM_WriteCompare
 .text.X_PWM_SetInterruptMode
                0x000011b4        0xc .\CortexM3\ARM_GCC_541\Debug\3HC_Firmware_0_1.a(X_PWM.o)
                0x000011b4                X_PWM_SetInterruptMode
 .text.X_PWM_ReadStatusRegister
                0x000011c0        0xc .\CortexM3\ARM_GCC_541\Debug\3HC_Firmware_0_1.a(X_PWM.o)
                0x000011c0                X_PWM_ReadStatusRegister
 .text.X_PWM_ReadCapture
                0x000011cc        0xc .\CortexM3\ARM_GCC_541\Debug\3HC_Firmware_0_1.a(X_PWM.o)
                0x000011cc                X_PWM_ReadCapture
 .text.X_PWM_ClearFIFO
                0x000011d8       0x14 .\CortexM3\ARM_GCC_541\Debug\3HC_Firmware_0_1.a(X_PWM.o)
                0x000011d8                X_PWM_ClearFIFO
 .text.X_PWM_Init
                0x000011ec       0x60 .\CortexM3\ARM_GCC_541\Debug\3HC_Firmware_0_1.a(X_PWM.o)
                0x000011ec                X_PWM_Init
 .text.X_PWM_Start
                0x0000124c       0x1c .\CortexM3\ARM_GCC_541\Debug\3HC_Firmware_0_1.a(X_PWM.o)
                0x0000124c                X_PWM_Start
 .text.Y_PWM_Enable
                0x00001268       0x10 .\CortexM3\ARM_GCC_541\Debug\3HC_Firmware_0_1.a(Y_PWM.o)
                0x00001268                Y_PWM_Enable
 .text.Y_PWM_WriteCounter
                0x00001278        0xc .\CortexM3\ARM_GCC_541\Debug\3HC_Firmware_0_1.a(Y_PWM.o)
                0x00001278                Y_PWM_WriteCounter
 .text.Y_PWM_WritePeriod
                0x00001284        0xc .\CortexM3\ARM_GCC_541\Debug\3HC_Firmware_0_1.a(Y_PWM.o)
                0x00001284                Y_PWM_WritePeriod
 .text.Y_PWM_WriteCompare
                0x00001290        0xc .\CortexM3\ARM_GCC_541\Debug\3HC_Firmware_0_1.a(Y_PWM.o)
                0x00001290                Y_PWM_WriteCompare
 .text.Y_PWM_SetInterruptMode
                0x0000129c        0xc .\CortexM3\ARM_GCC_541\Debug\3HC_Firmware_0_1.a(Y_PWM.o)
                0x0000129c                Y_PWM_SetInterruptMode
 .text.Y_PWM_ReadStatusRegister
                0x000012a8        0xc .\CortexM3\ARM_GCC_541\Debug\3HC_Firmware_0_1.a(Y_PWM.o)
                0x000012a8                Y_PWM_ReadStatusRegister
 .text.Y_PWM_ReadCapture
                0x000012b4        0xc .\CortexM3\ARM_GCC_541\Debug\3HC_Firmware_0_1.a(Y_PWM.o)
                0x000012b4                Y_PWM_ReadCapture
 .text.Y_PWM_ClearFIFO
                0x000012c0       0x14 .\CortexM3\ARM_GCC_541\Debug\3HC_Firmware_0_1.a(Y_PWM.o)
                0x000012c0                Y_PWM_ClearFIFO
 .text.Y_PWM_Init
                0x000012d4       0x60 .\CortexM3\ARM_GCC_541\Debug\3HC_Firmware_0_1.a(Y_PWM.o)
                0x000012d4                Y_PWM_Init
 .text.Y_PWM_Start
                0x00001334       0x1c .\CortexM3\ARM_GCC_541\Debug\3HC_Firmware_0_1.a(Y_PWM.o)
                0x00001334                Y_PWM_Start
 .text.Z_PWM_Enable
                0x00001350       0x10 .\CortexM3\ARM_GCC_541\Debug\3HC_Firmware_0_1.a(Z_PWM.o)
                0x00001350                Z_PWM_Enable
 .text.Z_PWM_WriteCounter
                0x00001360        0xc .\CortexM3\ARM_GCC_541\Debug\3HC_Firmware_0_1.a(Z_PWM.o)
                0x00001360                Z_PWM_WriteCounter
 .text.Z_PWM_WritePeriod
                0x0000136c        0xc .\CortexM3\ARM_GCC_541\Debug\3HC_Firmware_0_1.a(Z_PWM.o)
                0x0000136c                Z_PWM_WritePeriod
 .text.Z_PWM_WriteCompare
                0x00001378        0xc .\CortexM3\ARM_GCC_541\Debug\3HC_Firmware_0_1.a(Z_PWM.o)
                0x00001378                Z_PWM_WriteCompare
 .text.Z_PWM_SetInterruptMode
                0x00001384        0xc .\CortexM3\ARM_GCC_541\Debug\3HC_Firmware_0_1.a(Z_PWM.o)
                0x00001384                Z_PWM_SetInterruptMode
 .text.Z_PWM_ReadStatusRegister
                0x00001390        0xc .\CortexM3\ARM_GCC_541\Debug\3HC_Firmware_0_1.a(Z_PWM.o)
                0x00001390                Z_PWM_ReadStatusRegister
 .text.Z_PWM_ReadCapture
                0x0000139c        0xc .\CortexM3\ARM_GCC_541\Debug\3HC_Firmware_0_1.a(Z_PWM.o)
                0x0000139c                Z_PWM_ReadCapture
 .text.Z_PWM_ClearFIFO
                0x000013a8       0x14 .\CortexM3\ARM_GCC_541\Debug\3HC_Firmware_0_1.a(Z_PWM.o)
                0x000013a8                Z_PWM_ClearFIFO
 .text.Z_PWM_Init
                0x000013bc       0x60 .\CortexM3\ARM_GCC_541\Debug\3HC_Firmware_0_1.a(Z_PWM.o)
                0x000013bc                Z_PWM_Init
 .text.Z_PWM_Start
                0x0000141c       0x1c .\CortexM3\ARM_GCC_541\Debug\3HC_Firmware_0_1.a(Z_PWM.o)
                0x0000141c                Z_PWM_Start
 .text.I2C_Module_Init
                0x00001438       0x68 .\CortexM3\ARM_GCC_541\Debug\3HC_Firmware_0_1.a(I2C_Module.o)
                0x00001438                I2C_Module_Init
 .text.I2C_Module_Enable
                0x000014a0       0x24 .\CortexM3\ARM_GCC_541\Debug\3HC_Firmware_0_1.a(I2C_Module.o)
                0x000014a0                I2C_Module_Enable
 .text.I2C_Module_Start
                0x000014c4       0x28 .\CortexM3\ARM_GCC_541\Debug\3HC_Firmware_0_1.a(I2C_Module.o)
                0x000014c4                I2C_Module_Start
 .text.I2C_Module_ISR
                0x000014ec      0x2d0 .\CortexM3\ARM_GCC_541\Debug\3HC_Firmware_0_1.a(I2C_Module_INT.o)
                0x000014ec                I2C_Module_ISR
 .text.I2C_Module_MasterSendStart
                0x000017bc       0x80 .\CortexM3\ARM_GCC_541\Debug\3HC_Firmware_0_1.a(I2C_Module_MASTER.o)
                0x000017bc                I2C_Module_MasterSendStart
 .text.I2C_Module_MasterSendRestart
                0x0000183c       0x6c .\CortexM3\ARM_GCC_541\Debug\3HC_Firmware_0_1.a(I2C_Module_MASTER.o)
                0x0000183c                I2C_Module_MasterSendRestart
 .text.I2C_Module_MasterSendStop
                0x000018a8       0x38 .\CortexM3\ARM_GCC_541\Debug\3HC_Firmware_0_1.a(I2C_Module_MASTER.o)
                0x000018a8                I2C_Module_MasterSendStop
 .text.I2C_Module_MasterWriteByte
                0x000018e0       0x58 .\CortexM3\ARM_GCC_541\Debug\3HC_Firmware_0_1.a(I2C_Module_MASTER.o)
                0x000018e0                I2C_Module_MasterWriteByte
 .text.I2C_Module_MasterReadByte
                0x00001938       0x58 .\CortexM3\ARM_GCC_541\Debug\3HC_Firmware_0_1.a(I2C_Module_MASTER.o)
                0x00001938                I2C_Module_MasterReadByte
 .text.ADC_GainCompensation
                0x00001990       0xdc .\CortexM3\ARM_GCC_541\Debug\3HC_Firmware_0_1.a(ADC.o)
 .text.ADC_SetDSMRef0Reg
                0x00001a6c       0x4c .\CortexM3\ARM_GCC_541\Debug\3HC_Firmware_0_1.a(ADC.o)
 .text.ADC_InitConfig
                0x00001ab8       0xe0 .\CortexM3\ARM_GCC_541\Debug\3HC_Firmware_0_1.a(ADC.o)
 .text.ADC_Init
                0x00001b98       0xc4 .\CortexM3\ARM_GCC_541\Debug\3HC_Firmware_0_1.a(ADC.o)
                0x00001b98                ADC_Init
 .text.ADC_Enable
                0x00001c5c       0xd4 .\CortexM3\ARM_GCC_541\Debug\3HC_Firmware_0_1.a(ADC.o)
                0x00001c5c                ADC_Enable
 .text.ADC_Start
                0x00001d30       0x28 .\CortexM3\ARM_GCC_541\Debug\3HC_Firmware_0_1.a(ADC.o)
                0x00001d30                ADC_Start
 .text.ADC_StartConvert
                0x00001d58       0x10 .\CortexM3\ARM_GCC_541\Debug\3HC_Firmware_0_1.a(ADC.o)
                0x00001d58                ADC_StartConvert
 .text.ADC_GetResult32
                0x00001d68       0x6c .\CortexM3\ARM_GCC_541\Debug\3HC_Firmware_0_1.a(ADC.o)
                0x00001d68                ADC_GetResult32
 .text.ADC_ISR1
                0x00001dd4        0x4 .\CortexM3\ARM_GCC_541\Debug\3HC_Firmware_0_1.a(ADC_INT.o)
                0x00001dd4                ADC_ISR1
 .text.ADC_AMux_Start
                0x00001dd8       0x20 .\CortexM3\ARM_GCC_541\Debug\3HC_Firmware_0_1.a(ADC_AMux.o)
                0x00001dd8                ADC_AMux_Start
 .text.ADC_AMux_Select
                0x00001df8       0x18 .\CortexM3\ARM_GCC_541\Debug\3HC_Firmware_0_1.a(ADC_AMux.o)
                0x00001df8                ADC_AMux_Select
 .text.ADC_Ext_CP_Clk_GetDividerRegister
                0x00001e10        0xc .\CortexM3\ARM_GCC_541\Debug\3HC_Firmware_0_1.a(ADC_Ext_CP_Clk.o)
                0x00001e10                ADC_Ext_CP_Clk_GetDividerRegister
 .text.ADC_Ext_CP_Clk_SetModeRegister
                0x00001e1c       0x14 .\CortexM3\ARM_GCC_541\Debug\3HC_Firmware_0_1.a(ADC_Ext_CP_Clk.o)
                0x00001e1c                ADC_Ext_CP_Clk_SetModeRegister
 .text.ADC_Ext_CP_Clk_GetSourceRegister
                0x00001e30       0x10 .\CortexM3\ARM_GCC_541\Debug\3HC_Firmware_0_1.a(ADC_Ext_CP_Clk.o)
                0x00001e30                ADC_Ext_CP_Clk_GetSourceRegister
 .text.ADC_Ext_CP_Clk_SetDividerRegister
                0x00001e40       0xd8 .\CortexM3\ARM_GCC_541\Debug\3HC_Firmware_0_1.a(ADC_Ext_CP_Clk.o)
                0x00001e40                ADC_Ext_CP_Clk_SetDividerRegister
 .text.ADC_theACLK_GetDividerRegister
                0x00001f18        0xc .\CortexM3\ARM_GCC_541\Debug\3HC_Firmware_0_1.a(ADC_theACLK.o)
                0x00001f18                ADC_theACLK_GetDividerRegister
 .text.ADC_theACLK_SetModeRegister
                0x00001f24       0x14 .\CortexM3\ARM_GCC_541\Debug\3HC_Firmware_0_1.a(ADC_theACLK.o)
                0x00001f24                ADC_theACLK_SetModeRegister
 .text.ADC_theACLK_GetSourceRegister
                0x00001f38       0x10 .\CortexM3\ARM_GCC_541\Debug\3HC_Firmware_0_1.a(ADC_theACLK.o)
                0x00001f38                ADC_theACLK_GetSourceRegister
 .text.ADC_theACLK_SetDividerRegister
                0x00001f48       0xd8 .\CortexM3\ARM_GCC_541\Debug\3HC_Firmware_0_1.a(ADC_theACLK.o)
                0x00001f48                ADC_theACLK_SetDividerRegister
 .text.USBFS_Init
                0x00002020      0x140 .\CortexM3\ARM_GCC_541\Debug\3HC_Firmware_0_1.a(USBFS.o)
                0x00002020                USBFS_Init
 .text.USBFS_InitComponent
                0x00002160       0xc8 .\CortexM3\ARM_GCC_541\Debug\3HC_Firmware_0_1.a(USBFS.o)
                0x00002160                USBFS_InitComponent
 .text.USBFS_Start
                0x00002228       0x24 .\CortexM3\ARM_GCC_541\Debug\3HC_Firmware_0_1.a(USBFS.o)
                0x00002228                USBFS_Start
 .text.USBFS_ReInitComponent
                0x0000224c       0x4c .\CortexM3\ARM_GCC_541\Debug\3HC_Firmware_0_1.a(USBFS.o)
                0x0000224c                USBFS_ReInitComponent
 .text.USBFS_GetConfiguration
                0x00002298        0xc .\CortexM3\ARM_GCC_541\Debug\3HC_Firmware_0_1.a(USBFS.o)
                0x00002298                USBFS_GetConfiguration
 .text.USBFS_IsConfigurationChanged
                0x000022a4       0x20 .\CortexM3\ARM_GCC_541\Debug\3HC_Firmware_0_1.a(USBFS.o)
                0x000022a4                USBFS_IsConfigurationChanged
 .text.USBFS_GetEPState
                0x000022c4       0x14 .\CortexM3\ARM_GCC_541\Debug\3HC_Firmware_0_1.a(USBFS.o)
                0x000022c4                USBFS_GetEPState
 .text.USBFS_GetEPCount
                0x000022d8       0x28 .\CortexM3\ARM_GCC_541\Debug\3HC_Firmware_0_1.a(USBFS.o)
                0x000022d8                USBFS_GetEPCount
 .text.USBFS_InitEP_DMA
                0x00002300       0x68 .\CortexM3\ARM_GCC_541\Debug\3HC_Firmware_0_1.a(USBFS.o)
                0x00002300                USBFS_InitEP_DMA
 .text.USBFS_LoadInEP
                0x00002368      0x104 .\CortexM3\ARM_GCC_541\Debug\3HC_Firmware_0_1.a(USBFS.o)
                0x00002368                USBFS_LoadInEP
 .text.USBFS_ReadOutEP
                0x0000246c       0xb0 .\CortexM3\ARM_GCC_541\Debug\3HC_Firmware_0_1.a(USBFS.o)
                0x0000246c                USBFS_ReadOutEP
 .text.USBFS_EnableOutEP
                0x0000251c       0x2c .\CortexM3\ARM_GCC_541\Debug\3HC_Firmware_0_1.a(USBFS.o)
                0x0000251c                USBFS_EnableOutEP
 .text.USBFS_LoadEP0
                0x00002548       0x98 .\CortexM3\ARM_GCC_541\Debug\3HC_Firmware_0_1.a(USBFS_drv.o)
                0x00002548                USBFS_LoadEP0
 .text.USBFS_InitZeroLengthControlTransfer
                0x000025e0       0x34 .\CortexM3\ARM_GCC_541\Debug\3HC_Firmware_0_1.a(USBFS_drv.o)
                0x000025e0                USBFS_InitZeroLengthControlTransfer
 .text.USBFS_ControlReadDataStage
                0x00002614        0x8 .\CortexM3\ARM_GCC_541\Debug\3HC_Firmware_0_1.a(USBFS_drv.o)
                0x00002614                USBFS_ControlReadDataStage
 .text.USBFS_ControlWriteDataStage
                0x0000261c       0x84 .\CortexM3\ARM_GCC_541\Debug\3HC_Firmware_0_1.a(USBFS_drv.o)
                0x0000261c                USBFS_ControlWriteDataStage
 .text.USBFS_InitNoDataControlTransfer
                0x000026a0       0x2c .\CortexM3\ARM_GCC_541\Debug\3HC_Firmware_0_1.a(USBFS_drv.o)
                0x000026a0                USBFS_InitNoDataControlTransfer
 .text.USBFS_UpdateStatusBlock
                0x000026cc       0x24 .\CortexM3\ARM_GCC_541\Debug\3HC_Firmware_0_1.a(USBFS_drv.o)
                0x000026cc                USBFS_UpdateStatusBlock
 .text.USBFS_HandleSetup
                0x000026f0       0x5c .\CortexM3\ARM_GCC_541\Debug\3HC_Firmware_0_1.a(USBFS_drv.o)
                0x000026f0                USBFS_HandleSetup
 .text.USBFS_ControlReadStatusStage
                0x0000274c       0x38 .\CortexM3\ARM_GCC_541\Debug\3HC_Firmware_0_1.a(USBFS_drv.o)
                0x0000274c                USBFS_ControlReadStatusStage
 .text.USBFS_HandleOUT
                0x00002784       0x38 .\CortexM3\ARM_GCC_541\Debug\3HC_Firmware_0_1.a(USBFS_drv.o)
                0x00002784                USBFS_HandleOUT
 .text.USBFS_ControlWriteStatusStage
                0x000027bc       0x20 .\CortexM3\ARM_GCC_541\Debug\3HC_Firmware_0_1.a(USBFS_drv.o)
                0x000027bc                USBFS_ControlWriteStatusStage
 .text.USBFS_NoDataControlStatusStage
                0x000027dc       0x40 .\CortexM3\ARM_GCC_541\Debug\3HC_Firmware_0_1.a(USBFS_drv.o)
                0x000027dc                USBFS_NoDataControlStatusStage
 .text.USBFS_HandleIN
                0x0000281c       0x2c .\CortexM3\ARM_GCC_541\Debug\3HC_Firmware_0_1.a(USBFS_drv.o)
                0x0000281c                USBFS_HandleIN
 .text.USBFS_EP_0_ISR
                0x00002848       0xb8 .\CortexM3\ARM_GCC_541\Debug\3HC_Firmware_0_1.a(USBFS_drv.o)
                0x00002848                USBFS_EP_0_ISR
 .text.USBFS_InitializeStatusBlock
                0x00002900       0x24 .\CortexM3\ARM_GCC_541\Debug\3HC_Firmware_0_1.a(USBFS_drv.o)
                0x00002900                USBFS_InitializeStatusBlock
 .text.USBFS_InitControlRead
                0x00002924       0x50 .\CortexM3\ARM_GCC_541\Debug\3HC_Firmware_0_1.a(USBFS_drv.o)
                0x00002924                USBFS_InitControlRead
 .text.USBFS_EP_1_ISR
                0x00002974       0x30 .\CortexM3\ARM_GCC_541\Debug\3HC_Firmware_0_1.a(USBFS_episr.o)
                0x00002974                USBFS_EP_1_ISR
 .text.USBFS_EP_2_ISR
                0x000029a4       0x34 .\CortexM3\ARM_GCC_541\Debug\3HC_Firmware_0_1.a(USBFS_episr.o)
                0x000029a4                USBFS_EP_2_ISR
 .text.USBFS_BUS_RESET_ISR
                0x000029d8        0x8 .\CortexM3\ARM_GCC_541\Debug\3HC_Firmware_0_1.a(USBFS_episr.o)
                0x000029d8                USBFS_BUS_RESET_ISR
 .text.USBFS_ARB_ISR
                0x000029e0       0xa4 .\CortexM3\ARM_GCC_541\Debug\3HC_Firmware_0_1.a(USBFS_episr.o)
                0x000029e0                USBFS_ARB_ISR
 .text.USBFS_DP_ISR
                0x00002a84        0x8 .\CortexM3\ARM_GCC_541\Debug\3HC_Firmware_0_1.a(USBFS_pm.o)
                0x00002a84                USBFS_DP_ISR
 .text.USBFS_ReadDieID
                0x00002a8c       0x6c .\CortexM3\ARM_GCC_541\Debug\3HC_Firmware_0_1.a(USBFS_std.o)
                0x00002a8c                USBFS_ReadDieID
 .text.USBFS_ConfigReg
                0x00002af8       0xa8 .\CortexM3\ARM_GCC_541\Debug\3HC_Firmware_0_1.a(USBFS_std.o)
                0x00002af8                USBFS_ConfigReg
 .text.USBFS_GetConfigTablePtr
                0x00002ba0       0x28 .\CortexM3\ARM_GCC_541\Debug\3HC_Firmware_0_1.a(USBFS_std.o)
                0x00002ba0                USBFS_GetConfigTablePtr
 .text.USBFS_ConfigAltChanged
                0x00002bc8      0x11c .\CortexM3\ARM_GCC_541\Debug\3HC_Firmware_0_1.a(USBFS_std.o)
                0x00002bc8                USBFS_ConfigAltChanged
 .text.USBFS_GetDeviceTablePtr
                0x00002ce4       0x18 .\CortexM3\ARM_GCC_541\Debug\3HC_Firmware_0_1.a(USBFS_std.o)
                0x00002ce4                USBFS_GetDeviceTablePtr
 .text.USBFS_GetInterfaceClassTablePtr
                0x00002cfc       0x28 .\CortexM3\ARM_GCC_541\Debug\3HC_Firmware_0_1.a(USBFS_std.o)
                0x00002cfc                USBFS_GetInterfaceClassTablePtr
 .text.USBFS_Config
                0x00002d24      0x1cc .\CortexM3\ARM_GCC_541\Debug\3HC_Firmware_0_1.a(USBFS_std.o)
                0x00002d24                USBFS_Config
 .text.USBFS_SetEndpointHalt
                0x00002ef0       0x64 .\CortexM3\ARM_GCC_541\Debug\3HC_Firmware_0_1.a(USBFS_std.o)
                0x00002ef0                USBFS_SetEndpointHalt
 .text.USBFS_ClearEndpointHalt
                0x00002f54       0xa8 .\CortexM3\ARM_GCC_541\Debug\3HC_Firmware_0_1.a(USBFS_std.o)
                0x00002f54                USBFS_ClearEndpointHalt
 .text.USBFS_ValidateAlternateSetting
                0x00002ffc       0x4c .\CortexM3\ARM_GCC_541\Debug\3HC_Firmware_0_1.a(USBFS_std.o)
                0x00002ffc                USBFS_ValidateAlternateSetting
 .text.USBFS_HandleStandardRqst
                0x00003048      0x35c .\CortexM3\ARM_GCC_541\Debug\3HC_Firmware_0_1.a(USBFS_std.o)
                0x00003048                USBFS_HandleStandardRqst
 .text.USBFS_HandleVendorRqst
                0x000033a4       0x3c .\CortexM3\ARM_GCC_541\Debug\3HC_Firmware_0_1.a(USBFS_vnd.o)
                0x000033a4                USBFS_HandleVendorRqst
 .text.USBFS_Dp_ClearInterrupt
                0x000033e0       0x10 .\CortexM3\ARM_GCC_541\Debug\3HC_Firmware_0_1.a(USBFS_Dp.o)
                0x000033e0                USBFS_Dp_ClearInterrupt
 .text.USBFS_ep2_DmaInitialize
                0x000033f0       0x3c .\CortexM3\ARM_GCC_541\Debug\3HC_Firmware_0_1.a(USBFS_ep2_dma.o)
                0x000033f0                USBFS_ep2_DmaInitialize
 .text.USBFS_ep1_DmaInitialize
                0x0000342c       0x3c .\CortexM3\ARM_GCC_541\Debug\3HC_Firmware_0_1.a(USBFS_ep1_dma.o)
                0x0000342c                USBFS_ep1_DmaInitialize
 .text.AMux_Start
                0x00003468       0x20 .\CortexM3\ARM_GCC_541\Debug\3HC_Firmware_0_1.a(AMux.o)
                0x00003468                AMux_Start
 .text.AMux_FastSelect
                0x00003488       0x20 .\CortexM3\ARM_GCC_541\Debug\3HC_Firmware_0_1.a(AMux.o)
                0x00003488                AMux_FastSelect
 .text.ADC_SAMPLECURRSENSOR_SetVector
                0x000034a8       0x10 .\CortexM3\ARM_GCC_541\Debug\3HC_Firmware_0_1.a(ADC_SAMPLECURRSENSOR.o)
                0x000034a8                ADC_SAMPLECURRSENSOR_SetVector
 .text.ADC_SAMPLECURRSENSOR_SetPriority
                0x000034b8       0x10 .\CortexM3\ARM_GCC_541\Debug\3HC_Firmware_0_1.a(ADC_SAMPLECURRSENSOR.o)
                0x000034b8                ADC_SAMPLECURRSENSOR_SetPriority
 .text.ADC_SAMPLECURRSENSOR_Enable
                0x000034c8       0x10 .\CortexM3\ARM_GCC_541\Debug\3HC_Firmware_0_1.a(ADC_SAMPLECURRSENSOR.o)
                0x000034c8                ADC_SAMPLECURRSENSOR_Enable
 .text.ADC_SAMPLECURRSENSOR_Disable
                0x000034d8       0x10 .\CortexM3\ARM_GCC_541\Debug\3HC_Firmware_0_1.a(ADC_SAMPLECURRSENSOR.o)
                0x000034d8                ADC_SAMPLECURRSENSOR_Disable
 .text.ADC_SAMPLECURRSENSOR_StartEx
                0x000034e8       0x1c .\CortexM3\ARM_GCC_541\Debug\3HC_Firmware_0_1.a(ADC_SAMPLECURRSENSOR.o)
                0x000034e8                ADC_SAMPLECURRSENSOR_StartEx
 *fill*         0x00003504        0x4 
 .text          0x00003508       0x20 .\CortexM3\ARM_GCC_541\Debug\3HC_Firmware_0_1.a(CyBootAsmGnu.o)
                0x00003508                CyDelayCycles
                0x00003518                CyEnterCriticalSection
                0x00003520                CyExitCriticalSection
 .text.USBFS_DispatchClassRqst
                0x00003528       0x38 .\CortexM3\ARM_GCC_541\Debug\3HC_Firmware_0_1.a(USBFS_cls.o)
                0x00003528                USBFS_DispatchClassRqst
 .text          0x00003560      0x370 c:/program files (x86)/cypress/psoc creator/4.2/psoc creator/import/gnu/arm/5.4.1/bin/../lib/gcc/arm-none-eabi/5.4.1/armv7-m\libgcc.a(_arm_addsubdf3.o)
                0x00003560                __aeabi_drsub
                0x00003568                __aeabi_dsub
                0x00003568                __subdf3
                0x0000356c                __aeabi_dadd
                0x0000356c                __adddf3
                0x000037e4                __floatunsidf
                0x000037e4                __aeabi_ui2d
                0x00003804                __floatsidf
                0x00003804                __aeabi_i2d
                0x00003828                __aeabi_f2d
                0x00003828                __extendsfdf2
                0x00003864                __floatundidf
                0x00003864                __aeabi_ul2d
                0x00003874                __floatdidf
                0x00003874                __aeabi_l2d
 .text          0x000038d0      0x424 c:/program files (x86)/cypress/psoc creator/4.2/psoc creator/import/gnu/arm/5.4.1/bin/../lib/gcc/arm-none-eabi/5.4.1/armv7-m\libgcc.a(_arm_muldivdf3.o)
                0x000038d0                __aeabi_dmul
                0x000038d0                __muldf3
                0x00003b24                __divdf3
                0x00003b24                __aeabi_ddiv
 .text          0x00003cf4      0x110 c:/program files (x86)/cypress/psoc creator/4.2/psoc creator/import/gnu/arm/5.4.1/bin/../lib/gcc/arm-none-eabi/5.4.1/armv7-m\libgcc.a(_arm_cmpdf2.o)
                0x00003cf4                __gtdf2
                0x00003cf4                __gedf2
                0x00003cfc                __ltdf2
                0x00003cfc                __ledf2
                0x00003d04                __nedf2
                0x00003d04                __eqdf2
                0x00003d04                __cmpdf2
                0x00003d80                __aeabi_cdrcmple
                0x00003d90                __aeabi_cdcmpeq
                0x00003d90                __aeabi_cdcmple
                0x00003da0                __aeabi_dcmpeq
                0x00003db4                __aeabi_dcmplt
                0x00003dc8                __aeabi_dcmple
                0x00003ddc                __aeabi_dcmpge
                0x00003df0                __aeabi_dcmpgt
 .text          0x00003e04       0xa0 c:/program files (x86)/cypress/psoc creator/4.2/psoc creator/import/gnu/arm/5.4.1/bin/../lib/gcc/arm-none-eabi/5.4.1/armv7-m\libgcc.a(_arm_truncdfsf2.o)
                0x00003e04                __truncdfsf2
                0x00003e04                __aeabi_d2f
 .text          0x00003ea4      0x21c c:/program files (x86)/cypress/psoc creator/4.2/psoc creator/import/gnu/arm/5.4.1/bin/../lib/gcc/arm-none-eabi/5.4.1/armv7-m\libgcc.a(_arm_addsubsf3.o)
                0x00003ea4                __aeabi_frsub
                0x00003eac                __subsf3
                0x00003eac                __aeabi_fsub
                0x00003eb0                __aeabi_fadd
                0x00003eb0                __addsf3
                0x00004010                __aeabi_ui2f
                0x00004010                __floatunsisf
                0x00004018                __aeabi_i2f
                0x00004018                __floatsisf
                0x00004034                __aeabi_ul2f
                0x00004034                __floatundisf
                0x00004044                __aeabi_l2f
                0x00004044                __floatdisf
 .text          0x000040c0      0x2a0 c:/program files (x86)/cypress/psoc creator/4.2/psoc creator/import/gnu/arm/5.4.1/bin/../lib/gcc/arm-none-eabi/5.4.1/armv7-m\libgcc.a(_arm_muldivsf3.o)
                0x000040c0                __mulsf3
                0x000040c0                __aeabi_fmul
                0x00004228                __aeabi_fdiv
                0x00004228                __divsf3
 .text.__errno  0x00004360        0xc c:/program files (x86)/cypress/psoc creator/4.2/psoc creator/import/gnu/arm/5.4.1/bin/../lib/gcc/arm-none-eabi/5.4.1/../../../../arm-none-eabi/lib/armv7-m\libg_nano.a(lib_a-errno.o)
                0x00004360                __errno
 .text.__libc_init_array
                0x0000436c       0x4c c:/program files (x86)/cypress/psoc creator/4.2/psoc creator/import/gnu/arm/5.4.1/bin/../lib/gcc/arm-none-eabi/5.4.1/../../../../arm-none-eabi/lib/armv7-m\libg_nano.a(lib_a-init.o)
                0x0000436c                __libc_init_array
 .text.memcpy   0x000043b8       0x16 c:/program files (x86)/cypress/psoc creator/4.2/psoc creator/import/gnu/arm/5.4.1/bin/../lib/gcc/arm-none-eabi/5.4.1/../../../../arm-none-eabi/lib/armv7-m\libg_nano.a(lib_a-memcpy-stub.o)
                0x000043b8                memcpy
 .text.memset   0x000043ce       0x10 c:/program files (x86)/cypress/psoc creator/4.2/psoc creator/import/gnu/arm/5.4.1/bin/../lib/gcc/arm-none-eabi/5.4.1/../../../../arm-none-eabi/lib/armv7-m\libg_nano.a(lib_a-memset.o)
                0x000043ce                memset
 .text.__cvt    0x000043de       0xc0 c:/program files (x86)/cypress/psoc creator/4.2/psoc creator/import/gnu/arm/5.4.1/bin/../lib/gcc/arm-none-eabi/5.4.1/../../../../arm-none-eabi/lib/armv7-m\libg_nano.a(lib_a-nano-vfprintf_float.o)
                0x000043de                __cvt
 .text.__exponent
                0x0000449e       0x62 c:/program files (x86)/cypress/psoc creator/4.2/psoc creator/import/gnu/arm/5.4.1/bin/../lib/gcc/arm-none-eabi/5.4.1/../../../../arm-none-eabi/lib/armv7-m\libg_nano.a(lib_a-nano-vfprintf_float.o)
                0x0000449e                __exponent
 .text._printf_float
                0x00004500      0x488 c:/program files (x86)/cypress/psoc creator/4.2/psoc creator/import/gnu/arm/5.4.1/bin/../lib/gcc/arm-none-eabi/5.4.1/../../../../arm-none-eabi/lib/armv7-m\libg_nano.a(lib_a-nano-vfprintf_float.o)
                0x00004500                _printf_float
 .text._printf_common
                0x00004988       0xec c:/program files (x86)/cypress/psoc creator/4.2/psoc creator/import/gnu/arm/5.4.1/bin/../lib/gcc/arm-none-eabi/5.4.1/../../../../arm-none-eabi/lib/armv7-m\libg_nano.a(lib_a-nano-vfprintf_i.o)
                0x00004988                _printf_common
 .text._printf_i
                0x00004a74      0x24c c:/program files (x86)/cypress/psoc creator/4.2/psoc creator/import/gnu/arm/5.4.1/bin/../lib/gcc/arm-none-eabi/5.4.1/../../../../arm-none-eabi/lib/armv7-m\libg_nano.a(lib_a-nano-vfprintf_i.o)
                0x00004a74                _printf_i
 .text.sprintf  0x00004cc0       0x48 c:/program files (x86)/cypress/psoc creator/4.2/psoc creator/import/gnu/arm/5.4.1/bin/../lib/gcc/arm-none-eabi/5.4.1/../../../../arm-none-eabi/lib/armv7-m\libg_nano.a(lib_a-sprintf.o)
                0x00004cc0                siprintf
                0x00004cc0                sprintf
 .text          0x00004d08       0x10 c:/program files (x86)/cypress/psoc creator/4.2/psoc creator/import/gnu/arm/5.4.1/bin/../lib/gcc/arm-none-eabi/5.4.1/../../../../arm-none-eabi/lib/armv7-m\libg_nano.a(lib_a-strlen.o)
                0x00004d08                strlen
 .text.quorem   0x00004d18      0x116 c:/program files (x86)/cypress/psoc creator/4.2/psoc creator/import/gnu/arm/5.4.1/bin/../lib/gcc/arm-none-eabi/5.4.1/../../../../arm-none-eabi/lib/armv7-m\libg_nano.a(lib_a-dtoa.o)
 *fill*         0x00004e2e        0x2 
 .text._dtoa_r  0x00004e30      0xb30 c:/program files (x86)/cypress/psoc creator/4.2/psoc creator/import/gnu/arm/5.4.1/bin/../lib/gcc/arm-none-eabi/5.4.1/../../../../arm-none-eabi/lib/armv7-m\libg_nano.a(lib_a-dtoa.o)
                0x00004e30                _dtoa_r
 .text._localeconv_r
                0x00005960        0x8 c:/program files (x86)/cypress/psoc creator/4.2/psoc creator/import/gnu/arm/5.4.1/bin/../lib/gcc/arm-none-eabi/5.4.1/../../../../arm-none-eabi/lib/armv7-m\libg_nano.a(lib_a-locale.o)
                0x00005960                _localeconv_r
 .text.malloc   0x00005968       0x10 c:/program files (x86)/cypress/psoc creator/4.2/psoc creator/import/gnu/arm/5.4.1/bin/../lib/gcc/arm-none-eabi/5.4.1/../../../../arm-none-eabi/lib/armv7-m\libg_nano.a(lib_a-malloc.o)
                0x00005968                malloc
 .text.memchr   0x00005978       0x1c c:/program files (x86)/cypress/psoc creator/4.2/psoc creator/import/gnu/arm/5.4.1/bin/../lib/gcc/arm-none-eabi/5.4.1/../../../../arm-none-eabi/lib/armv7-m\libg_nano.a(lib_a-memchr-stub.o)
                0x00005978                memchr
 .text._Balloc  0x00005994       0x6a c:/program files (x86)/cypress/psoc creator/4.2/psoc creator/import/gnu/arm/5.4.1/bin/../lib/gcc/arm-none-eabi/5.4.1/../../../../arm-none-eabi/lib/armv7-m\libg_nano.a(lib_a-mprec.o)
                0x00005994                _Balloc
 .text._Bfree   0x000059fe       0x2e c:/program files (x86)/cypress/psoc creator/4.2/psoc creator/import/gnu/arm/5.4.1/bin/../lib/gcc/arm-none-eabi/5.4.1/../../../../arm-none-eabi/lib/armv7-m\libg_nano.a(lib_a-mprec.o)
                0x000059fe                _Bfree
 .text.__multadd
                0x00005a2c       0x76 c:/program files (x86)/cypress/psoc creator/4.2/psoc creator/import/gnu/arm/5.4.1/bin/../lib/gcc/arm-none-eabi/5.4.1/../../../../arm-none-eabi/lib/armv7-m\libg_nano.a(lib_a-mprec.o)
                0x00005a2c                __multadd
 .text.__hi0bits
                0x00005aa2       0x40 c:/program files (x86)/cypress/psoc creator/4.2/psoc creator/import/gnu/arm/5.4.1/bin/../lib/gcc/arm-none-eabi/5.4.1/../../../../arm-none-eabi/lib/armv7-m\libg_nano.a(lib_a-mprec.o)
                0x00005aa2                __hi0bits
 .text.__lo0bits
                0x00005ae2       0x5a c:/program files (x86)/cypress/psoc creator/4.2/psoc creator/import/gnu/arm/5.4.1/bin/../lib/gcc/arm-none-eabi/5.4.1/../../../../arm-none-eabi/lib/armv7-m\libg_nano.a(lib_a-mprec.o)
                0x00005ae2                __lo0bits
 .text.__i2b    0x00005b3c       0x12 c:/program files (x86)/cypress/psoc creator/4.2/psoc creator/import/gnu/arm/5.4.1/bin/../lib/gcc/arm-none-eabi/5.4.1/../../../../arm-none-eabi/lib/armv7-m\libg_nano.a(lib_a-mprec.o)
                0x00005b3c                __i2b
 .text.__multiply
                0x00005b4e      0x120 c:/program files (x86)/cypress/psoc creator/4.2/psoc creator/import/gnu/arm/5.4.1/bin/../lib/gcc/arm-none-eabi/5.4.1/../../../../arm-none-eabi/lib/armv7-m\libg_nano.a(lib_a-mprec.o)
                0x00005b4e                __multiply
 *fill*         0x00005c6e        0x2 
 .text.__pow5mult
                0x00005c70       0x9c c:/program files (x86)/cypress/psoc creator/4.2/psoc creator/import/gnu/arm/5.4.1/bin/../lib/gcc/arm-none-eabi/5.4.1/../../../../arm-none-eabi/lib/armv7-m\libg_nano.a(lib_a-mprec.o)
                0x00005c70                __pow5mult
 .text.__lshift
                0x00005d0c       0xa2 c:/program files (x86)/cypress/psoc creator/4.2/psoc creator/import/gnu/arm/5.4.1/bin/../lib/gcc/arm-none-eabi/5.4.1/../../../../arm-none-eabi/lib/armv7-m\libg_nano.a(lib_a-mprec.o)
                0x00005d0c                __lshift
 .text.__mcmp   0x00005dae       0x38 c:/program files (x86)/cypress/psoc creator/4.2/psoc creator/import/gnu/arm/5.4.1/bin/../lib/gcc/arm-none-eabi/5.4.1/../../../../arm-none-eabi/lib/armv7-m\libg_nano.a(lib_a-mprec.o)
                0x00005dae                __mcmp
 .text.__mdiff  0x00005de6       0xbe c:/program files (x86)/cypress/psoc creator/4.2/psoc creator/import/gnu/arm/5.4.1/bin/../lib/gcc/arm-none-eabi/5.4.1/../../../../arm-none-eabi/lib/armv7-m\libg_nano.a(lib_a-mprec.o)
                0x00005de6                __mdiff
 .text.__d2b    0x00005ea4       0x9c c:/program files (x86)/cypress/psoc creator/4.2/psoc creator/import/gnu/arm/5.4.1/bin/../lib/gcc/arm-none-eabi/5.4.1/../../../../arm-none-eabi/lib/armv7-m\libg_nano.a(lib_a-mprec.o)
                0x00005ea4                __d2b
 .text._calloc_r
                0x00005f40       0x1c c:/program files (x86)/cypress/psoc creator/4.2/psoc creator/import/gnu/arm/5.4.1/bin/../lib/gcc/arm-none-eabi/5.4.1/../../../../arm-none-eabi/lib/armv7-m\libg_nano.a(lib_a-nano-callocr.o)
                0x00005f40                _calloc_r
 .text._free_r  0x00005f5c       0x98 c:/program files (x86)/cypress/psoc creator/4.2/psoc creator/import/gnu/arm/5.4.1/bin/../lib/gcc/arm-none-eabi/5.4.1/../../../../arm-none-eabi/lib/armv7-m\libg_nano.a(lib_a-nano-freer.o)
                0x00005f5c                _free_r
 .text._malloc_r
                0x00005ff4       0xbc c:/program files (x86)/cypress/psoc creator/4.2/psoc creator/import/gnu/arm/5.4.1/bin/../lib/gcc/arm-none-eabi/5.4.1/../../../../arm-none-eabi/lib/armv7-m\libg_nano.a(lib_a-nano-mallocr.o)
                0x00005ff4                _malloc_r
 .text.__ssputs_r
                0x000060b0       0xb2 c:/program files (x86)/cypress/psoc creator/4.2/psoc creator/import/gnu/arm/5.4.1/bin/../lib/gcc/arm-none-eabi/5.4.1/../../../../arm-none-eabi/lib/armv7-m\libg_nano.a(lib_a-nano-svfprintf.o)
                0x000060b0                __ssputs_r
 *fill*         0x00006162        0x2 
 .text._svfprintf_r
                0x00006164      0x1e8 c:/program files (x86)/cypress/psoc creator/4.2/psoc creator/import/gnu/arm/5.4.1/bin/../lib/gcc/arm-none-eabi/5.4.1/../../../../arm-none-eabi/lib/armv7-m\libg_nano.a(lib_a-nano-svfprintf.o)
                0x00006164                _svfiprintf_r
                0x00006164                _svfprintf_r
 .text._sbrk_r  0x0000634c       0x20 c:/program files (x86)/cypress/psoc creator/4.2/psoc creator/import/gnu/arm/5.4.1/bin/../lib/gcc/arm-none-eabi/5.4.1/../../../../arm-none-eabi/lib/armv7-m\libg_nano.a(lib_a-sbrkr.o)
                0x0000634c                _sbrk_r
 .text.memmove  0x0000636c       0x36 c:/program files (x86)/cypress/psoc creator/4.2/psoc creator/import/gnu/arm/5.4.1/bin/../lib/gcc/arm-none-eabi/5.4.1/../../../../arm-none-eabi/lib/armv7-m\libg_nano.a(lib_a-memmove.o)
                0x0000636c                memmove
 .text.__malloc_lock
                0x000063a2        0x2 c:/program files (x86)/cypress/psoc creator/4.2/psoc creator/import/gnu/arm/5.4.1/bin/../lib/gcc/arm-none-eabi/5.4.1/../../../../arm-none-eabi/lib/armv7-m\libg_nano.a(lib_a-mlock.o)
                0x000063a2                __malloc_lock
 .text.__malloc_unlock
                0x000063a4        0x2 c:/program files (x86)/cypress/psoc creator/4.2/psoc creator/import/gnu/arm/5.4.1/bin/../lib/gcc/arm-none-eabi/5.4.1/../../../../arm-none-eabi/lib/armv7-m\libg_nano.a(lib_a-mlock.o)
                0x000063a4                __malloc_unlock
 .text._realloc_r
                0x000063a6       0x4c c:/program files (x86)/cypress/psoc creator/4.2/psoc creator/import/gnu/arm/5.4.1/bin/../lib/gcc/arm-none-eabi/5.4.1/../../../../arm-none-eabi/lib/armv7-m\libg_nano.a(lib_a-nano-reallocr.o)
                0x000063a6                _realloc_r
 .text._malloc_usable_size_r
                0x000063f2       0x14 c:/program files (x86)/cypress/psoc creator/4.2/psoc creator/import/gnu/arm/5.4.1/bin/../lib/gcc/arm-none-eabi/5.4.1/../../../../arm-none-eabi/lib/armv7-m\libg_nano.a(lib_a-nano-msizer.o)
                0x000063f2                _malloc_usable_size_r
 *fill*         0x00006406        0x2 
 .text          0x00006408       0x2c c:/program files (x86)/cypress/psoc creator/4.2/psoc creator/import/gnu/arm/5.4.1/bin/../lib/gcc/arm-none-eabi/5.4.1/armv7-m\libgcc.a(_arm_unorddf2.o)
                0x00006408                __unorddf2
                0x00006408                __aeabi_dcmpun
 .text          0x00006434       0x50 c:/program files (x86)/cypress/psoc creator/4.2/psoc creator/import/gnu/arm/5.4.1/bin/../lib/gcc/arm-none-eabi/5.4.1/armv7-m\libgcc.a(_arm_fixdfsi.o)
                0x00006434                __aeabi_d2iz
                0x00006434                __fixdfsi
 *(.plt)
 *(.gnu.warning)
 *(.glue_7t)
 .glue_7t       0x00006484        0x0 linker stubs
 *(.glue_7)
 .glue_7        0x00006484        0x0 linker stubs
 *(.vfp11_veneer)
 .vfp11_veneer  0x00006484        0x0 linker stubs
 *(.bootloader)
 *(.ARM.extab* .gnu.linkonce.armextab.*)
 *(.gcc_except_table)

.v4_bx          0x00006484        0x0
 .v4_bx         0x00006484        0x0 linker stubs

.iplt           0x00006484        0x0
 .iplt          0x00006484        0x0 c:/program files (x86)/cypress/psoc creator/4.2/psoc creator/import/gnu/arm/5.4.1/bin/../lib/gcc/arm-none-eabi/5.4.1/armv7-m/crtbegin.o

.eh_frame_hdr
 *(.eh_frame_hdr)

.eh_frame       0x00006484        0x4
 *(.eh_frame)
 .eh_frame      0x00006484        0x0 c:/program files (x86)/cypress/psoc creator/4.2/psoc creator/import/gnu/arm/5.4.1/bin/../lib/gcc/arm-none-eabi/5.4.1/armv7-m/crtbegin.o
 .eh_frame      0x00006484        0x4 c:/program files (x86)/cypress/psoc creator/4.2/psoc creator/import/gnu/arm/5.4.1/bin/../lib/gcc/arm-none-eabi/5.4.1/armv7-m/crtend.o
                [!provide]                PROVIDE (__exidx_start, .)

.ARM.exidx
 *(.ARM.exidx* .gnu.linkonce.armexidx.*)
                0x00006488                __exidx_end = .

.rodata         0x00006488      0x390
 *(.rodata .rodata.* .gnu.linkonce.r.*)
 .rodata.str1.4
                0x00006488       0x26 .\CortexM3\ARM_GCC_541\Debug\main.o
 *fill*         0x000064ae        0x2 
 .rodata        0x000064b0       0x5c .\CortexM3\ARM_GCC_541\Debug\cyfitter_cfg.o
                0x000064b0                AMux__addrTable
                0x000064c8                AMux__maskTable
                0x000064d0                ADC_AMux__addrTable
                0x000064d8                ADC_AMux__maskTable
 .rodata.str1.4
                0x0000650c       0x14 .\CortexM3\ARM_GCC_541\Debug\3HC_Firmware_0_1.a(USBFS_std.o)
                                 0x11 (size before relaxing)
 .rodata        0x00006520      0x15e .\CortexM3\ARM_GCC_541\Debug\3HC_Firmware_0_1.a(USBFS_descr.o)
                0x00006520                USBFS_MSOS_CONFIGURATION_DESCR
                0x00006548                USBFS_MSOS_DESCRIPTOR
                0x0000655c                USBFS_TABLE
                0x00006564                USBFS_DEVICE0_TABLE
                0x0000657c                USBFS_DEVICE0_CONFIGURATION0_TABLE
                0x0000659c                USBFS_DEVICE0_CONFIGURATION0_INTERFACE_CLASS
                0x000065a0                USBFS_DEVICE0_CONFIGURATION0_EP_SETTINGS_TABLE
                0x000065b0                USBFS_SN_STRING_DESCRIPTOR
                0x000065b4                USBFS_STRING_DESCRIPTORS
                0x0000664c                USBFS_DEVICE0_CONFIGURATION0_DESCR
                0x0000666c                USBFS_DEVICE0_DESCR
 .rodata.str1.1
                0x0000667e        0x2 c:/program files (x86)/cypress/psoc creator/4.2/psoc creator/import/gnu/arm/5.4.1/bin/../lib/gcc/arm-none-eabi/5.4.1/../../../../arm-none-eabi/lib/armv7-m\libg_nano.a(lib_a-impure.o)
 .rodata.str1.1
                0x00006680       0x12 c:/program files (x86)/cypress/psoc creator/4.2/psoc creator/import/gnu/arm/5.4.1/bin/../lib/gcc/arm-none-eabi/5.4.1/../../../../arm-none-eabi/lib/armv7-m\libg_nano.a(lib_a-nano-vfprintf_float.o)
 .rodata.str1.1
                0x00006692       0x22 c:/program files (x86)/cypress/psoc creator/4.2/psoc creator/import/gnu/arm/5.4.1/bin/../lib/gcc/arm-none-eabi/5.4.1/../../../../arm-none-eabi/lib/armv7-m\libg_nano.a(lib_a-nano-vfprintf_i.o)
 .rodata.str1.1
                0x000066b4        0xd c:/program files (x86)/cypress/psoc creator/4.2/psoc creator/import/gnu/arm/5.4.1/bin/../lib/gcc/arm-none-eabi/5.4.1/../../../../arm-none-eabi/lib/armv7-m\libg_nano.a(lib_a-dtoa.o)
                                  0xf (size before relaxing)
 .rodata.str1.1
                0x000066c1        0x8 c:/program files (x86)/cypress/psoc creator/4.2/psoc creator/import/gnu/arm/5.4.1/bin/../lib/gcc/arm-none-eabi/5.4.1/../../../../arm-none-eabi/lib/armv7-m\libg_nano.a(lib_a-locale.o)
                                  0xb (size before relaxing)
 *fill*         0x000066c9        0x7 
 .rodata.__mprec_tens
                0x000066d0       0xc8 c:/program files (x86)/cypress/psoc creator/4.2/psoc creator/import/gnu/arm/5.4.1/bin/../lib/gcc/arm-none-eabi/5.4.1/../../../../arm-none-eabi/lib/armv7-m\libg_nano.a(lib_a-mprec.o)
                0x000066d0                __mprec_tens
 .rodata.p05.5408
                0x00006798        0xc c:/program files (x86)/cypress/psoc creator/4.2/psoc creator/import/gnu/arm/5.4.1/bin/../lib/gcc/arm-none-eabi/5.4.1/../../../../arm-none-eabi/lib/armv7-m\libg_nano.a(lib_a-mprec.o)
 *fill*         0x000067a4        0x4 
 .rodata.__mprec_bigtens
                0x000067a8       0x28 c:/program files (x86)/cypress/psoc creator/4.2/psoc creator/import/gnu/arm/5.4.1/bin/../lib/gcc/arm-none-eabi/5.4.1/../../../../arm-none-eabi/lib/armv7-m\libg_nano.a(lib_a-mprec.o)
                0x000067a8                __mprec_bigtens
 .rodata.str1.1
                0x000067d0       0x11 c:/program files (x86)/cypress/psoc creator/4.2/psoc creator/import/gnu/arm/5.4.1/bin/../lib/gcc/arm-none-eabi/5.4.1/../../../../arm-none-eabi/lib/armv7-m\libg_nano.a(lib_a-nano-svfprintf.o)
                0x000067e4                . = ALIGN (0x4)
 *fill*         0x000067e1        0x3 
 *(.init)
 .init          0x000067e4        0x4 c:/program files (x86)/cypress/psoc creator/4.2/psoc creator/import/gnu/arm/5.4.1/bin/../lib/gcc/arm-none-eabi/5.4.1/armv7-m/crti.o
                0x000067e4                _init
 .init          0x000067e8        0x8 c:/program files (x86)/cypress/psoc creator/4.2/psoc creator/import/gnu/arm/5.4.1/bin/../lib/gcc/arm-none-eabi/5.4.1/armv7-m/crtn.o
                0x000067f0                . = ALIGN (0x4)
                0x000067f0                __preinit_array_start = .
 *(.preinit_array)
                0x000067f0                __preinit_array_end = .
                0x000067f0                . = ALIGN (0x4)
                0x000067f0                __init_array_start = .
 *(SORT(.init_array.*))
 *(.init_array)
 .init_array    0x000067f0        0x4 c:/program files (x86)/cypress/psoc creator/4.2/psoc creator/import/gnu/arm/5.4.1/bin/../lib/gcc/arm-none-eabi/5.4.1/armv7-m/crtbegin.o
 .init_array    0x000067f4        0x4 .\CortexM3\ARM_GCC_541\Debug\Cm3Start.o
                0x000067f8                __init_array_end = .
                0x000067f8                . = ALIGN (0x4)
 *(.fini)
 .fini          0x000067f8        0x4 c:/program files (x86)/cypress/psoc creator/4.2/psoc creator/import/gnu/arm/5.4.1/bin/../lib/gcc/arm-none-eabi/5.4.1/armv7-m/crti.o
                0x000067f8                _fini
 .fini          0x000067fc        0x8 c:/program files (x86)/cypress/psoc creator/4.2/psoc creator/import/gnu/arm/5.4.1/bin/../lib/gcc/arm-none-eabi/5.4.1/armv7-m/crtn.o
                0x00006804                . = ALIGN (0x4)
                0x00006804                __fini_array_start = .
 *(.fini_array)
 .fini_array    0x00006804        0x4 c:/program files (x86)/cypress/psoc creator/4.2/psoc creator/import/gnu/arm/5.4.1/bin/../lib/gcc/arm-none-eabi/5.4.1/armv7-m/crtbegin.o
 *(SORT(.fini_array.*))
                0x00006808                __fini_array_end = .
                0x00006808                . = ALIGN (0x4)
 *crtbegin.o(.ctors)
 *(EXCLUDE_FILE(*crtend.o) .ctors)
 *(SORT(.ctors.*))
 *crtend.o(.ctors)
                0x00006808                . = ALIGN (0x4)
 *crtbegin.o(.dtors)
 *(EXCLUDE_FILE(*crtend.o) .dtors)
 *(SORT(.dtors.*))
 *crtend.o(.dtors)
                0x00006808                . = ALIGN (0x4)
                0x00006808                __cy_regions = .
                0x00006808        0x4 LONG 0x6818 __cy_region_init_ram
                0x0000680c        0x4 LONG 0x1fff80c8 __cy_region_start_data
                0x00006810        0x4 LONG 0xc8 __cy_region_init_size_ram
                0x00006814        0x4 LONG 0x200 __cy_region_zero_size_ram
                0x00006818                __cy_regions_end = .
                0x00006818                . = ALIGN (0x8)
                0x00006818                _etext = .

.cy_checksum_exclude
                0x00006818        0x0
 *(.cy_checksum_exclude)

.ramvectors     0x1fff8000       0xc0
                0x1fff8000                __cy_region_start_ram = .
 *(.ramvectors)
 .ramvectors    0x1fff8000       0xc0 .\CortexM3\ARM_GCC_541\Debug\Cm3Start.o
                0x1fff8000                CyRamVectors

.noinit         0x1fff80c0        0x1
 *(.noinit)
 .noinit        0x1fff80c0        0x1 .\CortexM3\ARM_GCC_541\Debug\3HC_Firmware_0_1.a(CyLib.o)
                0x1fff80c0                CyResetStatus

.data           0x1fff80c8       0xc8 load address 0x00006818
                0x1fff80c8                __cy_region_start_data = .
 *(.jcr)
 .jcr           0x1fff80c8        0x0 c:/program files (x86)/cypress/psoc creator/4.2/psoc creator/import/gnu/arm/5.4.1/bin/../lib/gcc/arm-none-eabi/5.4.1/armv7-m/crtbegin.o
 .jcr           0x1fff80c8        0x4 c:/program files (x86)/cypress/psoc creator/4.2/psoc creator/import/gnu/arm/5.4.1/bin/../lib/gcc/arm-none-eabi/5.4.1/armv7-m/crtend.o
 *(.got.plt)
 *(.got)
 *(.shdata)
 *(.data .data.* .gnu.linkonce.d.*)
 .data          0x1fff80cc        0x1 .\CortexM3\ARM_GCC_541\Debug\main.o
                0x1fff80cc                update
 *fill*         0x1fff80cd        0x3 
 .data          0x1fff80d0        0x4 .\CortexM3\ARM_GCC_541\Debug\Cm3Start.o
 .data          0x1fff80d4        0x8 .\CortexM3\ARM_GCC_541\Debug\3HC_Firmware_0_1.a(CyDmac.o)
 .data          0x1fff80dc       0x10 .\CortexM3\ARM_GCC_541\Debug\3HC_Firmware_0_1.a(CyLib.o)
                0x1fff80dc                cydelay_32k_ms
                0x1fff80e0                cydelay_freq_khz
                0x1fff80e4                cydelay_freq_mhz
                0x1fff80e8                cydelay_freq_hz
 .data          0x1fff80ec        0x1 .\CortexM3\ARM_GCC_541\Debug\3HC_Firmware_0_1.a(ADC.o)
                0x1fff80ec                ADC_Config
 .data          0x1fff80ed        0x1 .\CortexM3\ARM_GCC_541\Debug\3HC_Firmware_0_1.a(ADC_AMux.o)
 .data          0x1fff80ee        0x1 .\CortexM3\ARM_GCC_541\Debug\3HC_Firmware_0_1.a(USBFS_ep2_dma.o)
                0x1fff80ee                USBFS_ep2_DmaHandle
 .data          0x1fff80ef        0x1 .\CortexM3\ARM_GCC_541\Debug\3HC_Firmware_0_1.a(USBFS_ep1_dma.o)
                0x1fff80ef                USBFS_ep1_DmaHandle
 .data          0x1fff80f0        0x1 .\CortexM3\ARM_GCC_541\Debug\3HC_Firmware_0_1.a(AMux.o)
 *fill*         0x1fff80f1        0x3 
 .data.impure_data
                0x1fff80f4       0x60 c:/program files (x86)/cypress/psoc creator/4.2/psoc creator/import/gnu/arm/5.4.1/bin/../lib/gcc/arm-none-eabi/5.4.1/../../../../arm-none-eabi/lib/armv7-m\libg_nano.a(lib_a-impure.o)
 .data._impure_ptr
                0x1fff8154        0x4 c:/program files (x86)/cypress/psoc creator/4.2/psoc creator/import/gnu/arm/5.4.1/bin/../lib/gcc/arm-none-eabi/5.4.1/../../../../arm-none-eabi/lib/armv7-m\libg_nano.a(lib_a-impure.o)
                0x1fff8154                _impure_ptr
 .data.lconv    0x1fff8158       0x38 c:/program files (x86)/cypress/psoc creator/4.2/psoc creator/import/gnu/arm/5.4.1/bin/../lib/gcc/arm-none-eabi/5.4.1/../../../../arm-none-eabi/lib/armv7-m\libg_nano.a(lib_a-locale.o)
                0x1fff8190                . = ALIGN (0x8)
 *(.ram)
                0x1fff8190                _edata = .

.igot.plt       0x1fff8190        0x0 load address 0x000068e0
 .igot.plt      0x1fff8190        0x0 c:/program files (x86)/cypress/psoc creator/4.2/psoc creator/import/gnu/arm/5.4.1/bin/../lib/gcc/arm-none-eabi/5.4.1/armv7-m/crtbegin.o

.bss            0x1fff8190      0x200 load address 0x000068e0
                0x1fff8190                PROVIDE (__bss_start__, .)
 *(.shbss)
 *(.bss .bss.* .gnu.linkonce.b.*)
 .bss           0x1fff8190       0x1c c:/program files (x86)/cypress/psoc creator/4.2/psoc creator/import/gnu/arm/5.4.1/bin/../lib/gcc/arm-none-eabi/5.4.1/armv7-m/crtbegin.o
 .bss           0x1fff81ac        0x1 .\CortexM3\ARM_GCC_541\Debug\main.o
                0x1fff81ac                currReadState
 .bss           0x1fff81ad        0x2 .\CortexM3\ARM_GCC_541\Debug\3HC_Firmware_0_1.a(LCD.o)
                0x1fff81ad                LCD_enableState
                0x1fff81ae                LCD_initVar
 .bss           0x1fff81af        0x1 .\CortexM3\ARM_GCC_541\Debug\3HC_Firmware_0_1.a(QuadDec.o)
                0x1fff81af                QuadDec_initVar
 .bss           0x1fff81b0        0x4 .\CortexM3\ARM_GCC_541\Debug\3HC_Firmware_0_1.a(QuadDec_INT.o)
                0x1fff81b0                QuadDec_count32SoftPart
 .bss           0x1fff81b4        0x1 .\CortexM3\ARM_GCC_541\Debug\3HC_Firmware_0_1.a(QuadDec_Cnt16.o)
                0x1fff81b4                QuadDec_Cnt16_initVar
 .bss           0x1fff81b5        0x1 .\CortexM3\ARM_GCC_541\Debug\3HC_Firmware_0_1.a(UpdateTimer_UI.o)
                0x1fff81b5                UpdateTimer_UI_initVar
 .bss           0x1fff81b6        0x1 .\CortexM3\ARM_GCC_541\Debug\3HC_Firmware_0_1.a(X_PWM.o)
                0x1fff81b6                X_PWM_initVar
 .bss           0x1fff81b7        0x1 .\CortexM3\ARM_GCC_541\Debug\3HC_Firmware_0_1.a(Y_PWM.o)
                0x1fff81b7                Y_PWM_initVar
 .bss           0x1fff81b8        0x1 .\CortexM3\ARM_GCC_541\Debug\3HC_Firmware_0_1.a(Z_PWM.o)
                0x1fff81b8                Z_PWM_initVar
 .bss           0x1fff81b9        0x1 .\CortexM3\ARM_GCC_541\Debug\3HC_Firmware_0_1.a(I2C_Module.o)
                0x1fff81b9                I2C_Module_initVar
 *fill*         0x1fff81ba        0x2 
 .bss           0x1fff81bc        0xc .\CortexM3\ARM_GCC_541\Debug\3HC_Firmware_0_1.a(ADC.o)
                0x1fff81c0                ADC_stopConversion
                0x1fff81c1                ADC_convDone
                0x1fff81c2                ADC_initVar
                0x1fff81c3                ADC_started
                0x1fff81c4                ADC_Offset
 .bss           0x1fff81c8        0x1 .\CortexM3\ARM_GCC_541\Debug\3HC_Firmware_0_1.a(USBFS.o)
                0x1fff81c8                USBFS_initVar
 *fill*         0x1fff81c9        0x3 
 .bss           0x1fff81cc        0x2 .\CortexM3\ARM_GCC_541\Debug\3HC_Firmware_0_1.a(USBFS_std.o)
 *fill*         0x1fff81ce        0x2 
 .bss.__malloc_sbrk_start
                0x1fff81d0        0x4 c:/program files (x86)/cypress/psoc creator/4.2/psoc creator/import/gnu/arm/5.4.1/bin/../lib/gcc/arm-none-eabi/5.4.1/../../../../arm-none-eabi/lib/armv7-m\libg_nano.a(lib_a-nano-mallocr.o)
                0x1fff81d0                __malloc_sbrk_start
 .bss.__malloc_free_list
                0x1fff81d4        0x4 c:/program files (x86)/cypress/psoc creator/4.2/psoc creator/import/gnu/arm/5.4.1/bin/../lib/gcc/arm-none-eabi/5.4.1/../../../../arm-none-eabi/lib/armv7-m\libg_nano.a(lib_a-nano-mallocr.o)
                0x1fff81d4                __malloc_free_list
 *(COMMON)
 COMMON         0x1fff81d8       0xc0 .\CortexM3\ARM_GCC_541\Debug\main.o
                0x1fff81d8                LCD_MSG
                0x1fff81f8                currCoil
                0x1fff8204                length
                0x1fff8208                count
                0x1fff820c                USB_Buff_IN
                0x1fff824c                magField
                0x1fff8258                USB_Buff_OUT
 COMMON         0x1fff8298        0x1 .\CortexM3\ARM_GCC_541\Debug\3HC_Firmware_0_1.a(I2C_Module.o)
                0x1fff8298                I2C_Module_state
 *fill*         0x1fff8299        0x3 
 COMMON         0x1fff829c       0x13 .\CortexM3\ARM_GCC_541\Debug\3HC_Firmware_0_1.a(I2C_Module_MASTER.o)
                0x1fff829c                I2C_Module_mstrWrBufIndex
                0x1fff829d                I2C_Module_mstrStatus
                0x1fff82a0                I2C_Module_mstrRdBufPtr
                0x1fff82a4                I2C_Module_mstrRdBufSize
                0x1fff82a8                I2C_Module_mstrWrBufPtr
                0x1fff82ac                I2C_Module_mstrControl
                0x1fff82ad                I2C_Module_mstrRdBufIndex
                0x1fff82ae                I2C_Module_mstrWrBufSize
 *fill*         0x1fff82af        0x1 
 COMMON         0x1fff82b0        0x4 .\CortexM3\ARM_GCC_541\Debug\3HC_Firmware_0_1.a(ADC.o)
                0x1fff82b0                ADC_CountsPerVolt
 COMMON         0x1fff82b4       0x15 .\CortexM3\ARM_GCC_541\Debug\3HC_Firmware_0_1.a(USBFS.o)
                0x1fff82b4                USBFS_DmaChan
                0x1fff82c0                USBFS_DmaTd
 *fill*         0x1fff82c9        0x3 
 COMMON         0x1fff82cc       0x98 .\CortexM3\ARM_GCC_541\Debug\3HC_Firmware_0_1.a(USBFS_drv.o)
                0x1fff82cc                USBFS_deviceAddress
                0x1fff82cd                USBFS_ep0Mode
                0x1fff82d0                USBFS_interfaceSetting
                0x1fff82d4                USBFS_currentTD
                0x1fff82e0                USBFS_device
                0x1fff82e1                USBFS_interfaceNumber
                0x1fff82e2                USBFS_ep0Toggle
                0x1fff82e3                USBFS_deviceStatus
                0x1fff82e4                USBFS_configurationChanged
                0x1fff82e5                USBFS_configuration
                0x1fff82e6                USBFS_transferState
                0x1fff82e8                USBFS_interfaceStatus
                0x1fff82ec                USBFS_interfaceClass
                0x1fff82f0                USBFS_EP
                0x1fff835c                USBFS_lastPacketSize
                0x1fff835d                USBFS_ep0Count
                0x1fff8360                USBFS_interfaceSettingLast
                0x1fff8362                USBFS_transferByteCount
 COMMON         0x1fff8364       0x22 .\CortexM3\ARM_GCC_541\Debug\3HC_Firmware_0_1.a(USBFS_descr.o)
                0x1fff8364                USBFS_idSerialNumberStringDescriptor
 *fill*         0x1fff8386        0x2 
 COMMON         0x1fff8388        0x4 c:/program files (x86)/cypress/psoc creator/4.2/psoc creator/import/gnu/arm/5.4.1/bin/../lib/gcc/arm-none-eabi/5.4.1/../../../../arm-none-eabi/lib/armv7-m\libg_nano.a(lib_a-reent.o)
                0x1fff8388                errno
                0x1fff8390                . = ALIGN (0x8)
 *fill*         0x1fff838c        0x4 
 *(.ram.b)
                0x1fff8390                _end = .
                0x1fff8390                __end = .
                0x1fff8390                PROVIDE (end, .)
                0x1fff8390                PROVIDE (__bss_end__, .)
                0x00006818                __cy_region_init_ram = LOADADDR (.data)
                0x000000c8                __cy_region_init_size_ram = (_edata - ADDR (.data))
                0x00000200                __cy_region_zero_size_ram = (_end - _edata)

.heap           0x1fff8390      0x200 load address 0x000068e0
                0x1fff8390                . = _end
                0x1fff8590                . = (. + 0x200)
 *fill*         0x1fff8390      0x200 
                0x1fff8590                __cy_heap_limit = .

.stack          0x20007800      0x800
                0x20007800                __cy_stack_limit = .
                0x20008000                . = (. + 0x800)
 *fill*         0x20007800      0x800 
                0x00000001                ASSERT ((__cy_stack_limit >= __cy_heap_limit), region RAM overflowed with stack)
                0x00000000                cy_checksum_exclude_size = (CY_APPL_LOADABLE == 0x1)?SIZEOF (.cy_checksum_exclude):0x0
                0x00000001                ASSERT ((cy_checksum_exclude_size <= CY_CHECKSUM_EXCLUDE_SIZE), CY_BOOT: Section .cy_checksum_exclude size exceedes specified limit.)

.cyloadermeta
 *(.cyloadermeta)

.cyloadablemeta
 *(.cyloadablemeta)

.cyconfigecc    0x80000000      0x7d8
 *(.cyconfigecc)
 .cyconfigecc   0x80000000      0x7d8 .\CortexM3\ARM_GCC_541\Debug\cymetadata.o
                0x80000000                cy_meta_configecc

.cycustnvl      0x90000000        0x4
 *(.cycustnvl)
 .cycustnvl     0x90000000        0x4 .\CortexM3\ARM_GCC_541\Debug\cymetadata.o
                0x90000000                cy_meta_custnvl

.cywolatch      0x90100000        0x4
 *(.cywolatch)
 .cywolatch     0x90100000        0x4 .\CortexM3\ARM_GCC_541\Debug\cymetadata.o
                0x90100000                cy_meta_wonvl

.cyeeprom       0x90200000        0x0
 *(.cyeeprom)
                0x00000001                ASSERT ((. <= ((0x90200000 + ee_offset) + ee_size)), .cyeeprom data will not fit in EEPROM)

.cyflashprotect
                0x90400000      0x100
 *(.cyflashprotect)
 .cyflashprotect
                0x90400000      0x100 .\CortexM3\ARM_GCC_541\Debug\cymetadata.o
                0x90400000                cy_meta_flashprotect

.cymeta         0x90500000        0xc
 *(.cymeta)
 .cymeta        0x90500000        0xc .\CortexM3\ARM_GCC_541\Debug\cymetadata.o
                0x90500000                cy_metadata

.rel.dyn        0x000068e0        0x0 load address 0x9050000c
 .rel.iplt      0x000068e0        0x0 c:/program files (x86)/cypress/psoc creator/4.2/psoc creator/import/gnu/arm/5.4.1/bin/../lib/gcc/arm-none-eabi/5.4.1/armv7-m/crtbegin.o

.stab
 *(.stab)

.stabstr
 *(.stabstr)

.debug
 *(.debug)

.line
 *(.line)

.debug_srcinfo
 *(.debug_srcinfo)

.debug_sfnames
 *(.debug_sfnames)

.debug_aranges  0x00000000     0x12e0
 *(.debug_aranges)
 .debug_aranges
                0x00000000       0x30 .\CortexM3\ARM_GCC_541\Debug\main.o
 .debug_aranges
                0x00000030       0x38 .\CortexM3\ARM_GCC_541\Debug\I2C.o
 .debug_aranges
                0x00000068       0x68 .\CortexM3\ARM_GCC_541\Debug\MPU9250.o
 .debug_aranges
                0x000000d0       0x28 .\CortexM3\ARM_GCC_541\Debug\NMEA0183.o
 .debug_aranges
                0x000000f8       0x78 .\CortexM3\ARM_GCC_541\Debug\cyfitter_cfg.o
 .debug_aranges
                0x00000170       0x18 .\CortexM3\ARM_GCC_541\Debug\cymetadata.o
 .debug_aranges
                0x00000188       0x48 .\CortexM3\ARM_GCC_541\Debug\Cm3Start.o
 .debug_aranges
                0x000001d0       0x98 .\CortexM3\ARM_GCC_541\Debug\3HC_Firmware_0_1.a(LCD.o)
 .debug_aranges
                0x00000268       0x60 .\CortexM3\ARM_GCC_541\Debug\3HC_Firmware_0_1.a(QuadDec.o)
 .debug_aranges
                0x000002c8       0x20 .\CortexM3\ARM_GCC_541\Debug\3HC_Firmware_0_1.a(QuadDec_INT.o)
 .debug_aranges
                0x000002e8       0x98 .\CortexM3\ARM_GCC_541\Debug\3HC_Firmware_0_1.a(QuadDec_Cnt16.o)
 .debug_aranges
                0x00000380       0xd8 .\CortexM3\ARM_GCC_541\Debug\3HC_Firmware_0_1.a(CyDmac.o)
 .debug_aranges
                0x00000458      0x2a0 .\CortexM3\ARM_GCC_541\Debug\3HC_Firmware_0_1.a(CyLib.o)
 .debug_aranges
                0x000006f8       0x98 .\CortexM3\ARM_GCC_541\Debug\3HC_Firmware_0_1.a(cyPm.o)
 .debug_aranges
                0x00000790       0x80 .\CortexM3\ARM_GCC_541\Debug\3HC_Firmware_0_1.a(UPDATE_UI.o)
 .debug_aranges
                0x00000810       0x88 .\CortexM3\ARM_GCC_541\Debug\3HC_Firmware_0_1.a(UpdateTimer_UI.o)
 .debug_aranges
                0x00000898       0x98 .\CortexM3\ARM_GCC_541\Debug\3HC_Firmware_0_1.a(X_PWM.o)
 .debug_aranges
                0x00000930       0x98 .\CortexM3\ARM_GCC_541\Debug\3HC_Firmware_0_1.a(Y_PWM.o)
 .debug_aranges
                0x000009c8       0x98 .\CortexM3\ARM_GCC_541\Debug\3HC_Firmware_0_1.a(Z_PWM.o)
 .debug_aranges
                0x00000a60       0x38 .\CortexM3\ARM_GCC_541\Debug\3HC_Firmware_0_1.a(I2C_Module.o)
 .debug_aranges
                0x00000a98       0x20 .\CortexM3\ARM_GCC_541\Debug\3HC_Firmware_0_1.a(I2C_Module_INT.o)
 .debug_aranges
                0x00000ab8       0x38 .\CortexM3\ARM_GCC_541\Debug\3HC_Firmware_0_1.a(I2C_Module_PM.o)
 .debug_aranges
                0x00000af0       0x80 .\CortexM3\ARM_GCC_541\Debug\3HC_Firmware_0_1.a(I2C_Module_MASTER.o)
 .debug_aranges
                0x00000b70       0xe8 .\CortexM3\ARM_GCC_541\Debug\3HC_Firmware_0_1.a(ADC.o)
 .debug_aranges
                0x00000c58       0x38 .\CortexM3\ARM_GCC_541\Debug\3HC_Firmware_0_1.a(ADC_INT.o)
 .debug_aranges
                0x00000c90       0x30 .\CortexM3\ARM_GCC_541\Debug\3HC_Firmware_0_1.a(ADC_AMux.o)
 .debug_aranges
                0x00000cc0       0x70 .\CortexM3\ARM_GCC_541\Debug\3HC_Firmware_0_1.a(ADC_Ext_CP_Clk.o)
 .debug_aranges
                0x00000d30       0x80 .\CortexM3\ARM_GCC_541\Debug\3HC_Firmware_0_1.a(ADC_theACLK.o)
 .debug_aranges
                0x00000db0       0xd8 .\CortexM3\ARM_GCC_541\Debug\3HC_Firmware_0_1.a(USBFS.o)
 .debug_aranges
                0x00000e88       0x98 .\CortexM3\ARM_GCC_541\Debug\3HC_Firmware_0_1.a(USBFS_drv.o)
 .debug_aranges
                0x00000f20       0x38 .\CortexM3\ARM_GCC_541\Debug\3HC_Firmware_0_1.a(USBFS_episr.o)
 .debug_aranges
                0x00000f58       0x40 .\CortexM3\ARM_GCC_541\Debug\3HC_Firmware_0_1.a(USBFS_pm.o)
 .debug_aranges
                0x00000f98       0x80 .\CortexM3\ARM_GCC_541\Debug\3HC_Firmware_0_1.a(USBFS_std.o)
 .debug_aranges
                0x00001018       0x20 .\CortexM3\ARM_GCC_541\Debug\3HC_Firmware_0_1.a(USBFS_vnd.o)
 .debug_aranges
                0x00001038       0x48 .\CortexM3\ARM_GCC_541\Debug\3HC_Firmware_0_1.a(USBFS_Dp.o)
 .debug_aranges
                0x00001080       0x28 .\CortexM3\ARM_GCC_541\Debug\3HC_Firmware_0_1.a(USBFS_ep2_dma.o)
 .debug_aranges
                0x000010a8       0x28 .\CortexM3\ARM_GCC_541\Debug\3HC_Firmware_0_1.a(USBFS_ep1_dma.o)
 .debug_aranges
                0x000010d0       0x30 .\CortexM3\ARM_GCC_541\Debug\3HC_Firmware_0_1.a(AMux.o)
 .debug_aranges
                0x00001100       0x80 .\CortexM3\ARM_GCC_541\Debug\3HC_Firmware_0_1.a(ADC_SAMPLECURRSENSOR.o)
 .debug_aranges
                0x00001180       0x20 .\CortexM3\ARM_GCC_541\Debug\3HC_Firmware_0_1.a(CyBootAsmGnu.o)
 .debug_aranges
                0x000011a0       0x88 .\CortexM3\ARM_GCC_541\Debug\3HC_Firmware_0_1.a(CyFlash.o)
 .debug_aranges
                0x00001228       0x80 .\CortexM3\ARM_GCC_541\Debug\3HC_Firmware_0_1.a(CySpc.o)
 .debug_aranges
                0x000012a8       0x20 .\CortexM3\ARM_GCC_541\Debug\3HC_Firmware_0_1.a(USBFS_cls.o)
 .debug_aranges
                0x000012c8       0x18 .\CortexM3\ARM_GCC_541\Debug\3HC_Firmware_0_1.a(USBFS_descr.o)

.debug_pubnames
 *(.debug_pubnames)

.debug_info     0x00000000     0xbd0b
 *(.debug_info .gnu.linkonce.wi.*)
 .debug_info    0x00000000      0x7c2 .\CortexM3\ARM_GCC_541\Debug\main.o
 .debug_info    0x000007c2      0x361 .\CortexM3\ARM_GCC_541\Debug\I2C.o
 .debug_info    0x00000b23      0x502 .\CortexM3\ARM_GCC_541\Debug\MPU9250.o
 .debug_info    0x00001025      0x16a .\CortexM3\ARM_GCC_541\Debug\NMEA0183.o
 .debug_info    0x0000118f      0x6f1 .\CortexM3\ARM_GCC_541\Debug\cyfitter_cfg.o
 .debug_info    0x00001880      0x139 .\CortexM3\ARM_GCC_541\Debug\cymetadata.o
 .debug_info    0x000019b9      0x3cf .\CortexM3\ARM_GCC_541\Debug\Cm3Start.o
 .debug_info    0x00001d88      0x715 .\CortexM3\ARM_GCC_541\Debug\3HC_Firmware_0_1.a(LCD.o)
 .debug_info    0x0000249d      0x357 .\CortexM3\ARM_GCC_541\Debug\3HC_Firmware_0_1.a(QuadDec.o)
 .debug_info    0x000027f4       0xf3 .\CortexM3\ARM_GCC_541\Debug\3HC_Firmware_0_1.a(QuadDec_INT.o)
 .debug_info    0x000028e7      0x348 .\CortexM3\ARM_GCC_541\Debug\3HC_Firmware_0_1.a(QuadDec_Cnt16.o)
 .debug_info    0x00002c2f      0x94e .\CortexM3\ARM_GCC_541\Debug\3HC_Firmware_0_1.a(CyDmac.o)
 .debug_info    0x0000357d     0x1374 .\CortexM3\ARM_GCC_541\Debug\3HC_Firmware_0_1.a(CyLib.o)
 .debug_info    0x000048f1      0xa2a .\CortexM3\ARM_GCC_541\Debug\3HC_Firmware_0_1.a(cyPm.o)
 .debug_info    0x0000531b      0x2d2 .\CortexM3\ARM_GCC_541\Debug\3HC_Firmware_0_1.a(UPDATE_UI.o)
 .debug_info    0x000055ed      0x293 .\CortexM3\ARM_GCC_541\Debug\3HC_Firmware_0_1.a(UpdateTimer_UI.o)
 .debug_info    0x00005880      0x354 .\CortexM3\ARM_GCC_541\Debug\3HC_Firmware_0_1.a(X_PWM.o)
 .debug_info    0x00005bd4      0x354 .\CortexM3\ARM_GCC_541\Debug\3HC_Firmware_0_1.a(Y_PWM.o)
 .debug_info    0x00005f28      0x354 .\CortexM3\ARM_GCC_541\Debug\3HC_Firmware_0_1.a(Z_PWM.o)
 .debug_info    0x0000627c      0x2ad .\CortexM3\ARM_GCC_541\Debug\3HC_Firmware_0_1.a(I2C_Module.o)
 .debug_info    0x00006529      0x184 .\CortexM3\ARM_GCC_541\Debug\3HC_Firmware_0_1.a(I2C_Module_INT.o)
 .debug_info    0x000066ad      0x207 .\CortexM3\ARM_GCC_541\Debug\3HC_Firmware_0_1.a(I2C_Module_PM.o)
 .debug_info    0x000068b4      0x407 .\CortexM3\ARM_GCC_541\Debug\3HC_Firmware_0_1.a(I2C_Module_MASTER.o)
 .debug_info    0x00006cbb      0xa1b .\CortexM3\ARM_GCC_541\Debug\3HC_Firmware_0_1.a(ADC.o)
 .debug_info    0x000076d6       0xd3 .\CortexM3\ARM_GCC_541\Debug\3HC_Firmware_0_1.a(ADC_INT.o)
 .debug_info    0x000077a9      0x165 .\CortexM3\ARM_GCC_541\Debug\3HC_Firmware_0_1.a(ADC_AMux.o)
 .debug_info    0x0000790e      0x283 .\CortexM3\ARM_GCC_541\Debug\3HC_Firmware_0_1.a(ADC_Ext_CP_Clk.o)
 .debug_info    0x00007b91      0x2c4 .\CortexM3\ARM_GCC_541\Debug\3HC_Firmware_0_1.a(ADC_theACLK.o)
 .debug_info    0x00007e55      0xba8 .\CortexM3\ARM_GCC_541\Debug\3HC_Firmware_0_1.a(USBFS.o)
 .debug_info    0x000089fd      0x655 .\CortexM3\ARM_GCC_541\Debug\3HC_Firmware_0_1.a(USBFS_drv.o)
 .debug_info    0x00009052      0x346 .\CortexM3\ARM_GCC_541\Debug\3HC_Firmware_0_1.a(USBFS_episr.o)
 .debug_info    0x00009398      0x303 .\CortexM3\ARM_GCC_541\Debug\3HC_Firmware_0_1.a(USBFS_pm.o)
 .debug_info    0x0000969b      0xb00 .\CortexM3\ARM_GCC_541\Debug\3HC_Firmware_0_1.a(USBFS_std.o)
 .debug_info    0x0000a19b      0x1be .\CortexM3\ARM_GCC_541\Debug\3HC_Firmware_0_1.a(USBFS_vnd.o)
 .debug_info    0x0000a359      0x174 .\CortexM3\ARM_GCC_541\Debug\3HC_Firmware_0_1.a(USBFS_Dp.o)
 .debug_info    0x0000a4cd      0x1a7 .\CortexM3\ARM_GCC_541\Debug\3HC_Firmware_0_1.a(USBFS_ep2_dma.o)
 .debug_info    0x0000a674      0x1aa .\CortexM3\ARM_GCC_541\Debug\3HC_Firmware_0_1.a(USBFS_ep1_dma.o)
 .debug_info    0x0000a81e      0x146 .\CortexM3\ARM_GCC_541\Debug\3HC_Firmware_0_1.a(AMux.o)
 .debug_info    0x0000a964      0x2d2 .\CortexM3\ARM_GCC_541\Debug\3HC_Firmware_0_1.a(ADC_SAMPLECURRSENSOR.o)
 .debug_info    0x0000ac36       0x9d .\CortexM3\ARM_GCC_541\Debug\3HC_Firmware_0_1.a(CyBootAsmGnu.o)
 .debug_info    0x0000acd3      0x64d .\CortexM3\ARM_GCC_541\Debug\3HC_Firmware_0_1.a(CyFlash.o)
 .debug_info    0x0000b320      0x550 .\CortexM3\ARM_GCC_541\Debug\3HC_Firmware_0_1.a(CySpc.o)
 .debug_info    0x0000b870      0x1ad .\CortexM3\ARM_GCC_541\Debug\3HC_Firmware_0_1.a(USBFS_cls.o)
 .debug_info    0x0000ba1d      0x2ee .\CortexM3\ARM_GCC_541\Debug\3HC_Firmware_0_1.a(USBFS_descr.o)

.debug_abbrev   0x00000000     0x3324
 *(.debug_abbrev)
 .debug_abbrev  0x00000000      0x16f .\CortexM3\ARM_GCC_541\Debug\main.o
 .debug_abbrev  0x0000016f       0xd6 .\CortexM3\ARM_GCC_541\Debug\I2C.o
 .debug_abbrev  0x00000245       0xc9 .\CortexM3\ARM_GCC_541\Debug\MPU9250.o
 .debug_abbrev  0x0000030e       0xc9 .\CortexM3\ARM_GCC_541\Debug\NMEA0183.o
 .debug_abbrev  0x000003d7      0x21e .\CortexM3\ARM_GCC_541\Debug\cyfitter_cfg.o
 .debug_abbrev  0x000005f5       0x77 .\CortexM3\ARM_GCC_541\Debug\cymetadata.o
 .debug_abbrev  0x0000066c      0x1e8 .\CortexM3\ARM_GCC_541\Debug\Cm3Start.o
 .debug_abbrev  0x00000854      0x157 .\CortexM3\ARM_GCC_541\Debug\3HC_Firmware_0_1.a(LCD.o)
 .debug_abbrev  0x000009ab      0x128 .\CortexM3\ARM_GCC_541\Debug\3HC_Firmware_0_1.a(QuadDec.o)
 .debug_abbrev  0x00000ad3       0x78 .\CortexM3\ARM_GCC_541\Debug\3HC_Firmware_0_1.a(QuadDec_INT.o)
 .debug_abbrev  0x00000b4b      0x117 .\CortexM3\ARM_GCC_541\Debug\3HC_Firmware_0_1.a(QuadDec_Cnt16.o)
 .debug_abbrev  0x00000c62      0x1b2 .\CortexM3\ARM_GCC_541\Debug\3HC_Firmware_0_1.a(CyDmac.o)
 .debug_abbrev  0x00000e14      0x254 .\CortexM3\ARM_GCC_541\Debug\3HC_Firmware_0_1.a(CyLib.o)
 .debug_abbrev  0x00001068      0x1ab .\CortexM3\ARM_GCC_541\Debug\3HC_Firmware_0_1.a(cyPm.o)
 .debug_abbrev  0x00001213      0x173 .\CortexM3\ARM_GCC_541\Debug\3HC_Firmware_0_1.a(UPDATE_UI.o)
 .debug_abbrev  0x00001386      0x11a .\CortexM3\ARM_GCC_541\Debug\3HC_Firmware_0_1.a(UpdateTimer_UI.o)
 .debug_abbrev  0x000014a0      0x133 .\CortexM3\ARM_GCC_541\Debug\3HC_Firmware_0_1.a(X_PWM.o)
 .debug_abbrev  0x000015d3      0x133 .\CortexM3\ARM_GCC_541\Debug\3HC_Firmware_0_1.a(Y_PWM.o)
 .debug_abbrev  0x00001706      0x133 .\CortexM3\ARM_GCC_541\Debug\3HC_Firmware_0_1.a(Z_PWM.o)
 .debug_abbrev  0x00001839      0x10a .\CortexM3\ARM_GCC_541\Debug\3HC_Firmware_0_1.a(I2C_Module.o)
 .debug_abbrev  0x00001943       0xb6 .\CortexM3\ARM_GCC_541\Debug\3HC_Firmware_0_1.a(I2C_Module_INT.o)
 .debug_abbrev  0x000019f9       0xfe .\CortexM3\ARM_GCC_541\Debug\3HC_Firmware_0_1.a(I2C_Module_PM.o)
 .debug_abbrev  0x00001af7      0x13c .\CortexM3\ARM_GCC_541\Debug\3HC_Firmware_0_1.a(I2C_Module_MASTER.o)
 .debug_abbrev  0x00001c33      0x1eb .\CortexM3\ARM_GCC_541\Debug\3HC_Firmware_0_1.a(ADC.o)
 .debug_abbrev  0x00001e1e       0x42 .\CortexM3\ARM_GCC_541\Debug\3HC_Firmware_0_1.a(ADC_INT.o)
 .debug_abbrev  0x00001e60       0xb1 .\CortexM3\ARM_GCC_541\Debug\3HC_Firmware_0_1.a(ADC_AMux.o)
 .debug_abbrev  0x00001f11      0x139 .\CortexM3\ARM_GCC_541\Debug\3HC_Firmware_0_1.a(ADC_Ext_CP_Clk.o)
 .debug_abbrev  0x0000204a      0x121 .\CortexM3\ARM_GCC_541\Debug\3HC_Firmware_0_1.a(ADC_theACLK.o)
 .debug_abbrev  0x0000216b      0x212 .\CortexM3\ARM_GCC_541\Debug\3HC_Firmware_0_1.a(USBFS.o)
 .debug_abbrev  0x0000237d      0x189 .\CortexM3\ARM_GCC_541\Debug\3HC_Firmware_0_1.a(USBFS_drv.o)
 .debug_abbrev  0x00002506      0x121 .\CortexM3\ARM_GCC_541\Debug\3HC_Firmware_0_1.a(USBFS_episr.o)
 .debug_abbrev  0x00002627      0x119 .\CortexM3\ARM_GCC_541\Debug\3HC_Firmware_0_1.a(USBFS_pm.o)
 .debug_abbrev  0x00002740      0x201 .\CortexM3\ARM_GCC_541\Debug\3HC_Firmware_0_1.a(USBFS_std.o)
 .debug_abbrev  0x00002941       0xe1 .\CortexM3\ARM_GCC_541\Debug\3HC_Firmware_0_1.a(USBFS_vnd.o)
 .debug_abbrev  0x00002a22       0x90 .\CortexM3\ARM_GCC_541\Debug\3HC_Firmware_0_1.a(USBFS_Dp.o)
 .debug_abbrev  0x00002ab2       0xcd .\CortexM3\ARM_GCC_541\Debug\3HC_Firmware_0_1.a(USBFS_ep2_dma.o)
 .debug_abbrev  0x00002b7f       0xcd .\CortexM3\ARM_GCC_541\Debug\3HC_Firmware_0_1.a(USBFS_ep1_dma.o)
 .debug_abbrev  0x00002c4c       0xb1 .\CortexM3\ARM_GCC_541\Debug\3HC_Firmware_0_1.a(AMux.o)
 .debug_abbrev  0x00002cfd      0x173 .\CortexM3\ARM_GCC_541\Debug\3HC_Firmware_0_1.a(ADC_SAMPLECURRSENSOR.o)
 .debug_abbrev  0x00002e70       0x14 .\CortexM3\ARM_GCC_541\Debug\3HC_Firmware_0_1.a(CyBootAsmGnu.o)
 .debug_abbrev  0x00002e84      0x1a7 .\CortexM3\ARM_GCC_541\Debug\3HC_Firmware_0_1.a(CyFlash.o)
 .debug_abbrev  0x0000302b      0x194 .\CortexM3\ARM_GCC_541\Debug\3HC_Firmware_0_1.a(CySpc.o)
 .debug_abbrev  0x000031bf       0xc2 .\CortexM3\ARM_GCC_541\Debug\3HC_Firmware_0_1.a(USBFS_cls.o)
 .debug_abbrev  0x00003281       0xa3 .\CortexM3\ARM_GCC_541\Debug\3HC_Firmware_0_1.a(USBFS_descr.o)

.debug_line     0x00000000     0x497d
 *(.debug_line)
 .debug_line    0x00000000      0x2e5 .\CortexM3\ARM_GCC_541\Debug\main.o
 .debug_line    0x000002e5      0x1bc .\CortexM3\ARM_GCC_541\Debug\I2C.o
 .debug_line    0x000004a1       0xff .\CortexM3\ARM_GCC_541\Debug\MPU9250.o
 .debug_line    0x000005a0      0x1fc .\CortexM3\ARM_GCC_541\Debug\NMEA0183.o
 .debug_line    0x0000079c        0x0 .\CortexM3\ARM_GCC_541\Debug\HHC.o
 .debug_line    0x0000079c      0x236 .\CortexM3\ARM_GCC_541\Debug\cyfitter_cfg.o
 .debug_line    0x000009d2      0x141 .\CortexM3\ARM_GCC_541\Debug\cymetadata.o
 .debug_line    0x00000b13      0x241 .\CortexM3\ARM_GCC_541\Debug\Cm3Start.o
 .debug_line    0x00000d54      0x1dc .\CortexM3\ARM_GCC_541\Debug\3HC_Firmware_0_1.a(LCD.o)
 .debug_line    0x00000f30      0x137 .\CortexM3\ARM_GCC_541\Debug\3HC_Firmware_0_1.a(QuadDec.o)
 .debug_line    0x00001067       0x6a .\CortexM3\ARM_GCC_541\Debug\3HC_Firmware_0_1.a(QuadDec_INT.o)
 .debug_line    0x000010d1      0x18d .\CortexM3\ARM_GCC_541\Debug\3HC_Firmware_0_1.a(QuadDec_Cnt16.o)
 .debug_line    0x0000125e      0x2e4 .\CortexM3\ARM_GCC_541\Debug\3HC_Firmware_0_1.a(CyDmac.o)
 .debug_line    0x00001542      0x816 .\CortexM3\ARM_GCC_541\Debug\3HC_Firmware_0_1.a(CyLib.o)
 .debug_line    0x00001d58      0x367 .\CortexM3\ARM_GCC_541\Debug\3HC_Firmware_0_1.a(cyPm.o)
 .debug_line    0x000020bf      0x136 .\CortexM3\ARM_GCC_541\Debug\3HC_Firmware_0_1.a(UPDATE_UI.o)
 .debug_line    0x000021f5      0x15c .\CortexM3\ARM_GCC_541\Debug\3HC_Firmware_0_1.a(UpdateTimer_UI.o)
 .debug_line    0x00002351      0x188 .\CortexM3\ARM_GCC_541\Debug\3HC_Firmware_0_1.a(X_PWM.o)
 .debug_line    0x000024d9      0x188 .\CortexM3\ARM_GCC_541\Debug\3HC_Firmware_0_1.a(Y_PWM.o)
 .debug_line    0x00002661      0x188 .\CortexM3\ARM_GCC_541\Debug\3HC_Firmware_0_1.a(Z_PWM.o)
 .debug_line    0x000027e9       0xee .\CortexM3\ARM_GCC_541\Debug\3HC_Firmware_0_1.a(I2C_Module.o)
 .debug_line    0x000028d7      0x122 .\CortexM3\ARM_GCC_541\Debug\3HC_Firmware_0_1.a(I2C_Module_INT.o)
 .debug_line    0x000029f9       0xc9 .\CortexM3\ARM_GCC_541\Debug\3HC_Firmware_0_1.a(I2C_Module_PM.o)
 .debug_line    0x00002ac2      0x20b .\CortexM3\ARM_GCC_541\Debug\3HC_Firmware_0_1.a(I2C_Module_MASTER.o)
 .debug_line    0x00002ccd      0x350 .\CortexM3\ARM_GCC_541\Debug\3HC_Firmware_0_1.a(ADC.o)
 .debug_line    0x0000301d       0x80 .\CortexM3\ARM_GCC_541\Debug\3HC_Firmware_0_1.a(ADC_INT.o)
 .debug_line    0x0000309d       0xac .\CortexM3\ARM_GCC_541\Debug\3HC_Firmware_0_1.a(ADC_AMux.o)