ARM GAS  C:\Users\CALEBC~1\AppData\Local\Temp\ccj76eyA.s 			page 1


   1              		.syntax unified
   2              		.cpu cortex-m3
   3              		.fpu softvfp
   4              		.eabi_attribute 20, 1
   5              		.eabi_attribute 21, 1
   6              		.eabi_attribute 23, 3
   7              		.eabi_attribute 24, 1
   8              		.eabi_attribute 25, 1
   9              		.eabi_attribute 26, 1
  10              		.eabi_attribute 30, 1
  11              		.eabi_attribute 34, 1
  12              		.eabi_attribute 18, 4
  13              		.thumb
  14              		.syntax unified
  15              		.file	"ADC_AMux.c"
  16              		.text
  17              	.Ltext0:
  18              		.cfi_sections	.debug_frame
  19              		.section	.text.ADC_AMux_Start,"ax",%progbits
  20              		.align	2
  21              		.global	ADC_AMux_Start
  22              		.thumb
  23              		.thumb_func
  24              		.type	ADC_AMux_Start, %function
  25              	ADC_AMux_Start:
  26              	.LFB0:
  27              		.file 1 "Generated_Source\\PSoC5\\ADC_AMux.c"
   1:Generated_Source\PSoC5/ADC_AMux.c **** /*******************************************************************************
   2:Generated_Source\PSoC5/ADC_AMux.c **** * File Name: ADC_AMux.c
   3:Generated_Source\PSoC5/ADC_AMux.c **** * Version 1.80
   4:Generated_Source\PSoC5/ADC_AMux.c **** *
   5:Generated_Source\PSoC5/ADC_AMux.c **** *  Description:
   6:Generated_Source\PSoC5/ADC_AMux.c **** *    This file contains all functions required for the analog multiplexer
   7:Generated_Source\PSoC5/ADC_AMux.c **** *    AMux User Module.
   8:Generated_Source\PSoC5/ADC_AMux.c **** *
   9:Generated_Source\PSoC5/ADC_AMux.c **** *   Note:
  10:Generated_Source\PSoC5/ADC_AMux.c **** *
  11:Generated_Source\PSoC5/ADC_AMux.c **** *******************************************************************************
  12:Generated_Source\PSoC5/ADC_AMux.c **** * Copyright 2008-2010, Cypress Semiconductor Corporation.  All rights reserved.
  13:Generated_Source\PSoC5/ADC_AMux.c **** * You may use this file only in accordance with the license, terms, conditions, 
  14:Generated_Source\PSoC5/ADC_AMux.c **** * disclaimers, and limitations in the end user license agreement accompanying 
  15:Generated_Source\PSoC5/ADC_AMux.c **** * the software package with which this file was provided.
  16:Generated_Source\PSoC5/ADC_AMux.c **** ********************************************************************************/
  17:Generated_Source\PSoC5/ADC_AMux.c **** 
  18:Generated_Source\PSoC5/ADC_AMux.c **** #include "ADC_AMux.h"
  19:Generated_Source\PSoC5/ADC_AMux.c **** 
  20:Generated_Source\PSoC5/ADC_AMux.c **** static uint8 ADC_AMux_lastChannel = ADC_AMux_NULL_CHANNEL;
  21:Generated_Source\PSoC5/ADC_AMux.c **** 
  22:Generated_Source\PSoC5/ADC_AMux.c **** 
  23:Generated_Source\PSoC5/ADC_AMux.c **** /*******************************************************************************
  24:Generated_Source\PSoC5/ADC_AMux.c **** * Function Name: ADC_AMux_Start
  25:Generated_Source\PSoC5/ADC_AMux.c **** ********************************************************************************
  26:Generated_Source\PSoC5/ADC_AMux.c **** * Summary:
  27:Generated_Source\PSoC5/ADC_AMux.c **** *  Disconnect all channels.
  28:Generated_Source\PSoC5/ADC_AMux.c **** *
  29:Generated_Source\PSoC5/ADC_AMux.c **** * Parameters:
  30:Generated_Source\PSoC5/ADC_AMux.c **** *  void
ARM GAS  C:\Users\CALEBC~1\AppData\Local\Temp\ccj76eyA.s 			page 2


  31:Generated_Source\PSoC5/ADC_AMux.c **** *
  32:Generated_Source\PSoC5/ADC_AMux.c **** * Return:
  33:Generated_Source\PSoC5/ADC_AMux.c **** *  void
  34:Generated_Source\PSoC5/ADC_AMux.c **** *
  35:Generated_Source\PSoC5/ADC_AMux.c **** *******************************************************************************/
  36:Generated_Source\PSoC5/ADC_AMux.c **** void ADC_AMux_Start(void) 
  37:Generated_Source\PSoC5/ADC_AMux.c **** {
  28              		.loc 1 37 0
  29              		.cfi_startproc
  30              		@ args = 0, pretend = 0, frame = 0
  31              		@ frame_needed = 0, uses_anonymous_args = 0
  32 0000 10B5     		push	{r4, lr}
  33              		.cfi_def_cfa_offset 8
  34              		.cfi_offset 4, -8
  35              		.cfi_offset 14, -4
  36              	.LVL0:
  38:Generated_Source\PSoC5/ADC_AMux.c ****     uint8 chan;
  39:Generated_Source\PSoC5/ADC_AMux.c **** 
  40:Generated_Source\PSoC5/ADC_AMux.c ****     for(chan = 0u; chan < ADC_AMux_CHANNELS ; chan++)
  37              		.loc 1 40 0
  38 0002 0024     		movs	r4, #0
  39 0004 04E0     		b	.L2
  40              	.LVL1:
  41              	.L3:
  41:Generated_Source\PSoC5/ADC_AMux.c ****     {
  42:Generated_Source\PSoC5/ADC_AMux.c **** #if (ADC_AMux_MUXTYPE == ADC_AMux_MUX_SINGLE)
  43:Generated_Source\PSoC5/ADC_AMux.c ****         ADC_AMux_Unset(chan);
  42              		.loc 1 43 0 discriminator 3
  43 0006 2046     		mov	r0, r4
  44 0008 FFF7FEFF 		bl	ADC_AMux_Unset
  45              	.LVL2:
  40:Generated_Source\PSoC5/ADC_AMux.c ****     {
  46              		.loc 1 40 0 discriminator 3
  47 000c 0134     		adds	r4, r4, #1
  48              	.LVL3:
  49 000e E4B2     		uxtb	r4, r4
  50              	.LVL4:
  51              	.L2:
  40:Generated_Source\PSoC5/ADC_AMux.c ****     {
  52              		.loc 1 40 0 is_stmt 0 discriminator 1
  53 0010 012C     		cmp	r4, #1
  54 0012 F8D9     		bls	.L3
  44:Generated_Source\PSoC5/ADC_AMux.c **** #else
  45:Generated_Source\PSoC5/ADC_AMux.c ****         ADC_AMux_CYAMUXSIDE_A_Unset(chan);
  46:Generated_Source\PSoC5/ADC_AMux.c ****         ADC_AMux_CYAMUXSIDE_B_Unset(chan);
  47:Generated_Source\PSoC5/ADC_AMux.c **** #endif
  48:Generated_Source\PSoC5/ADC_AMux.c ****     }
  49:Generated_Source\PSoC5/ADC_AMux.c **** 
  50:Generated_Source\PSoC5/ADC_AMux.c ****     ADC_AMux_lastChannel = ADC_AMux_NULL_CHANNEL;
  55              		.loc 1 50 0 is_stmt 1
  56 0014 FF22     		movs	r2, #255
  57 0016 014B     		ldr	r3, .L5
  58 0018 1A70     		strb	r2, [r3]
  59 001a 10BD     		pop	{r4, pc}
  60              	.LVL5:
  61              	.L6:
  62              		.align	2
ARM GAS  C:\Users\CALEBC~1\AppData\Local\Temp\ccj76eyA.s 			page 3


  63              	.L5:
  64 001c 00000000 		.word	.LANCHOR0
  65              		.cfi_endproc
  66              	.LFE0:
  67              		.size	ADC_AMux_Start, .-ADC_AMux_Start
  68              		.section	.text.ADC_AMux_Select,"ax",%progbits
  69              		.align	2
  70              		.global	ADC_AMux_Select
  71              		.thumb
  72              		.thumb_func
  73              		.type	ADC_AMux_Select, %function
  74              	ADC_AMux_Select:
  75              	.LFB1:
  51:Generated_Source\PSoC5/ADC_AMux.c **** }
  52:Generated_Source\PSoC5/ADC_AMux.c **** 
  53:Generated_Source\PSoC5/ADC_AMux.c **** 
  54:Generated_Source\PSoC5/ADC_AMux.c **** #if (!ADC_AMux_ATMOSTONE)
  55:Generated_Source\PSoC5/ADC_AMux.c **** /*******************************************************************************
  56:Generated_Source\PSoC5/ADC_AMux.c **** * Function Name: ADC_AMux_Select
  57:Generated_Source\PSoC5/ADC_AMux.c **** ********************************************************************************
  58:Generated_Source\PSoC5/ADC_AMux.c **** * Summary:
  59:Generated_Source\PSoC5/ADC_AMux.c **** *  This functions first disconnects all channels then connects the given
  60:Generated_Source\PSoC5/ADC_AMux.c **** *  channel.
  61:Generated_Source\PSoC5/ADC_AMux.c **** *
  62:Generated_Source\PSoC5/ADC_AMux.c **** * Parameters:
  63:Generated_Source\PSoC5/ADC_AMux.c **** *  channel:  The channel to connect to the common terminal.
  64:Generated_Source\PSoC5/ADC_AMux.c **** *
  65:Generated_Source\PSoC5/ADC_AMux.c **** * Return:
  66:Generated_Source\PSoC5/ADC_AMux.c **** *  void
  67:Generated_Source\PSoC5/ADC_AMux.c **** *
  68:Generated_Source\PSoC5/ADC_AMux.c **** *******************************************************************************/
  69:Generated_Source\PSoC5/ADC_AMux.c **** void ADC_AMux_Select(uint8 channel) 
  70:Generated_Source\PSoC5/ADC_AMux.c **** {
  76              		.loc 1 70 0
  77              		.cfi_startproc
  78              		@ args = 0, pretend = 0, frame = 0
  79              		@ frame_needed = 0, uses_anonymous_args = 0
  80              	.LVL6:
  81 0000 10B5     		push	{r4, lr}
  82              		.cfi_def_cfa_offset 8
  83              		.cfi_offset 4, -8
  84              		.cfi_offset 14, -4
  85 0002 0446     		mov	r4, r0
  71:Generated_Source\PSoC5/ADC_AMux.c ****     ADC_AMux_DisconnectAll();        /* Disconnect all previous connections */
  86              		.loc 1 71 0
  87 0004 FFF7FEFF 		bl	ADC_AMux_Start
  88              	.LVL7:
  72:Generated_Source\PSoC5/ADC_AMux.c ****     ADC_AMux_Connect(channel);       /* Make the given selection */
  89              		.loc 1 72 0
  90 0008 2046     		mov	r0, r4
  91 000a FFF7FEFF 		bl	ADC_AMux_Set
  92              	.LVL8:
  73:Generated_Source\PSoC5/ADC_AMux.c ****     ADC_AMux_lastChannel = channel;  /* Update last channel */
  93              		.loc 1 73 0
  94 000e 014B     		ldr	r3, .L9
  95 0010 1C70     		strb	r4, [r3]
  96 0012 10BD     		pop	{r4, pc}
ARM GAS  C:\Users\CALEBC~1\AppData\Local\Temp\ccj76eyA.s 			page 4


  97              	.L10:
  98              		.align	2
  99              	.L9:
 100 0014 00000000 		.word	.LANCHOR0
 101              		.cfi_endproc
 102              	.LFE1:
 103              		.size	ADC_AMux_Select, .-ADC_AMux_Select
 104              		.section	.text.ADC_AMux_FastSelect,"ax",%progbits
 105              		.align	2
 106              		.global	ADC_AMux_FastSelect
 107              		.thumb
 108              		.thumb_func
 109              		.type	ADC_AMux_FastSelect, %function
 110              	ADC_AMux_FastSelect:
 111              	.LFB2:
  74:Generated_Source\PSoC5/ADC_AMux.c **** }
  75:Generated_Source\PSoC5/ADC_AMux.c **** #endif
  76:Generated_Source\PSoC5/ADC_AMux.c **** 
  77:Generated_Source\PSoC5/ADC_AMux.c **** 
  78:Generated_Source\PSoC5/ADC_AMux.c **** /*******************************************************************************
  79:Generated_Source\PSoC5/ADC_AMux.c **** * Function Name: ADC_AMux_FastSelect
  80:Generated_Source\PSoC5/ADC_AMux.c **** ********************************************************************************
  81:Generated_Source\PSoC5/ADC_AMux.c **** * Summary:
  82:Generated_Source\PSoC5/ADC_AMux.c **** *  This function first disconnects the last connection made with FastSelect or
  83:Generated_Source\PSoC5/ADC_AMux.c **** *  Select, then connects the given channel. The FastSelect function is similar
  84:Generated_Source\PSoC5/ADC_AMux.c **** *  to the Select function, except it is faster since it only disconnects the
  85:Generated_Source\PSoC5/ADC_AMux.c **** *  last channel selected rather than all channels.
  86:Generated_Source\PSoC5/ADC_AMux.c **** *
  87:Generated_Source\PSoC5/ADC_AMux.c **** * Parameters:
  88:Generated_Source\PSoC5/ADC_AMux.c **** *  channel:  The channel to connect to the common terminal.
  89:Generated_Source\PSoC5/ADC_AMux.c **** *
  90:Generated_Source\PSoC5/ADC_AMux.c **** * Return:
  91:Generated_Source\PSoC5/ADC_AMux.c **** *  void
  92:Generated_Source\PSoC5/ADC_AMux.c **** *
  93:Generated_Source\PSoC5/ADC_AMux.c **** *******************************************************************************/
  94:Generated_Source\PSoC5/ADC_AMux.c **** void ADC_AMux_FastSelect(uint8 channel) 
  95:Generated_Source\PSoC5/ADC_AMux.c **** {
 112              		.loc 1 95 0
 113              		.cfi_startproc
 114              		@ args = 0, pretend = 0, frame = 0
 115              		@ frame_needed = 0, uses_anonymous_args = 0
 116              	.LVL9:
 117 0000 10B5     		push	{r4, lr}
 118              		.cfi_def_cfa_offset 8
 119              		.cfi_offset 4, -8
 120              		.cfi_offset 14, -4
 121 0002 0446     		mov	r4, r0
  96:Generated_Source\PSoC5/ADC_AMux.c ****     /* Disconnect the last valid channel */
  97:Generated_Source\PSoC5/ADC_AMux.c ****     if( ADC_AMux_lastChannel != ADC_AMux_NULL_CHANNEL)
 122              		.loc 1 97 0
 123 0004 054B     		ldr	r3, .L14
 124 0006 1878     		ldrb	r0, [r3]	@ zero_extendqisi2
 125              	.LVL10:
 126 0008 FF28     		cmp	r0, #255
 127 000a 01D0     		beq	.L12
  98:Generated_Source\PSoC5/ADC_AMux.c ****     {
  99:Generated_Source\PSoC5/ADC_AMux.c ****         ADC_AMux_Disconnect(ADC_AMux_lastChannel);
ARM GAS  C:\Users\CALEBC~1\AppData\Local\Temp\ccj76eyA.s 			page 5


 128              		.loc 1 99 0
 129 000c FFF7FEFF 		bl	ADC_AMux_Unset
 130              	.LVL11:
 131              	.L12:
 100:Generated_Source\PSoC5/ADC_AMux.c ****     }
 101:Generated_Source\PSoC5/ADC_AMux.c **** 
 102:Generated_Source\PSoC5/ADC_AMux.c ****     /* Make the new channel connection */
 103:Generated_Source\PSoC5/ADC_AMux.c **** #if (ADC_AMux_MUXTYPE == ADC_AMux_MUX_SINGLE)
 104:Generated_Source\PSoC5/ADC_AMux.c ****     ADC_AMux_Set(channel);
 132              		.loc 1 104 0
 133 0010 2046     		mov	r0, r4
 134 0012 FFF7FEFF 		bl	ADC_AMux_Set
 135              	.LVL12:
 105:Generated_Source\PSoC5/ADC_AMux.c **** #else
 106:Generated_Source\PSoC5/ADC_AMux.c ****     ADC_AMux_CYAMUXSIDE_A_Set(channel);
 107:Generated_Source\PSoC5/ADC_AMux.c ****     ADC_AMux_CYAMUXSIDE_B_Set(channel);
 108:Generated_Source\PSoC5/ADC_AMux.c **** #endif
 109:Generated_Source\PSoC5/ADC_AMux.c **** 
 110:Generated_Source\PSoC5/ADC_AMux.c **** 
 111:Generated_Source\PSoC5/ADC_AMux.c ****     ADC_AMux_lastChannel = channel;   /* Update last channel */
 136              		.loc 1 111 0
 137 0016 014B     		ldr	r3, .L14
 138 0018 1C70     		strb	r4, [r3]
 139 001a 10BD     		pop	{r4, pc}
 140              	.L15:
 141              		.align	2
 142              	.L14:
 143 001c 00000000 		.word	.LANCHOR0
 144              		.cfi_endproc
 145              	.LFE2:
 146              		.size	ADC_AMux_FastSelect, .-ADC_AMux_FastSelect
 147              		.data
 148              		.set	.LANCHOR0,. + 0
 149              		.type	ADC_AMux_lastChannel, %object
 150              		.size	ADC_AMux_lastChannel, 1
 151              	ADC_AMux_lastChannel:
 152 0000 FF       		.byte	-1
 153              		.text
 154              	.Letext0:
 155              		.file 2 "Generated_Source\\PSoC5\\cyfitter_cfg.h"
 156              		.file 3 "Generated_Source\\PSoC5\\cytypes.h"
 157              		.section	.debug_info,"",%progbits
 158              	.Ldebug_info0:
 159 0000 61010000 		.4byte	0x161
 160 0004 0400     		.2byte	0x4
 161 0006 00000000 		.4byte	.Ldebug_abbrev0
 162 000a 04       		.byte	0x4
 163 000b 01       		.uleb128 0x1
 164 000c 40000000 		.4byte	.LASF20
 165 0010 0C       		.byte	0xc
 166 0011 EA010000 		.4byte	.LASF21
 167 0015 3F010000 		.4byte	.LASF22
 168 0019 00000000 		.4byte	.Ldebug_ranges0+0
 169 001d 00000000 		.4byte	0
 170 0021 00000000 		.4byte	.Ldebug_line0
 171 0025 02       		.uleb128 0x2
 172 0026 01       		.byte	0x1
ARM GAS  C:\Users\CALEBC~1\AppData\Local\Temp\ccj76eyA.s 			page 6


 173 0027 06       		.byte	0x6
 174 0028 DE010000 		.4byte	.LASF0
 175 002c 02       		.uleb128 0x2
 176 002d 01       		.byte	0x1
 177 002e 08       		.byte	0x8
 178 002f 32000000 		.4byte	.LASF1
 179 0033 02       		.uleb128 0x2
 180 0034 02       		.byte	0x2
 181 0035 05       		.byte	0x5
 182 0036 B5010000 		.4byte	.LASF2
 183 003a 02       		.uleb128 0x2
 184 003b 02       		.byte	0x2
 185 003c 07       		.byte	0x7
 186 003d ED000000 		.4byte	.LASF3
 187 0041 02       		.uleb128 0x2
 188 0042 04       		.byte	0x4
 189 0043 05       		.byte	0x5
 190 0044 C5010000 		.4byte	.LASF4
 191 0048 02       		.uleb128 0x2
 192 0049 04       		.byte	0x4
 193 004a 07       		.byte	0x7
 194 004b DB000000 		.4byte	.LASF5
 195 004f 02       		.uleb128 0x2
 196 0050 08       		.byte	0x8
 197 0051 05       		.byte	0x5
 198 0052 8E010000 		.4byte	.LASF6
 199 0056 02       		.uleb128 0x2
 200 0057 08       		.byte	0x8
 201 0058 07       		.byte	0x7
 202 0059 28010000 		.4byte	.LASF7
 203 005d 03       		.uleb128 0x3
 204 005e 04       		.byte	0x4
 205 005f 05       		.byte	0x5
 206 0060 696E7400 		.ascii	"int\000"
 207 0064 02       		.uleb128 0x2
 208 0065 04       		.byte	0x4
 209 0066 07       		.byte	0x7
 210 0067 1B010000 		.4byte	.LASF8
 211 006b 04       		.uleb128 0x4
 212 006c BF010000 		.4byte	.LASF23
 213 0070 03       		.byte	0x3
 214 0071 E401     		.2byte	0x1e4
 215 0073 2C000000 		.4byte	0x2c
 216 0077 02       		.uleb128 0x2
 217 0078 04       		.byte	0x4
 218 0079 04       		.byte	0x4
 219 007a 2C000000 		.4byte	.LASF9
 220 007e 02       		.uleb128 0x2
 221 007f 08       		.byte	0x8
 222 0080 04       		.byte	0x4
 223 0081 00010000 		.4byte	.LASF10
 224 0085 02       		.uleb128 0x2
 225 0086 01       		.byte	0x1
 226 0087 08       		.byte	0x8
 227 0088 9C010000 		.4byte	.LASF11
 228 008c 05       		.uleb128 0x5
 229 008d 08000000 		.4byte	.LASF12
ARM GAS  C:\Users\CALEBC~1\AppData\Local\Temp\ccj76eyA.s 			page 7


 230 0091 01       		.byte	0x1
 231 0092 24       		.byte	0x24
 232 0093 00000000 		.4byte	.LFB0
 233 0097 20000000 		.4byte	.LFE0-.LFB0
 234 009b 01       		.uleb128 0x1
 235 009c 9C       		.byte	0x9c
 236 009d C1000000 		.4byte	0xc1
 237 00a1 06       		.uleb128 0x6
 238 00a2 B0010000 		.4byte	.LASF16
 239 00a6 01       		.byte	0x1
 240 00a7 26       		.byte	0x26
 241 00a8 6B000000 		.4byte	0x6b
 242 00ac 00000000 		.4byte	.LLST0
 243 00b0 07       		.uleb128 0x7
 244 00b1 0C000000 		.4byte	.LVL2
 245 00b5 4E010000 		.4byte	0x14e
 246 00b9 08       		.uleb128 0x8
 247 00ba 01       		.uleb128 0x1
 248 00bb 50       		.byte	0x50
 249 00bc 02       		.uleb128 0x2
 250 00bd 74       		.byte	0x74
 251 00be 00       		.sleb128 0
 252 00bf 00       		.byte	0
 253 00c0 00       		.byte	0
 254 00c1 05       		.uleb128 0x5
 255 00c2 CE010000 		.4byte	.LASF13
 256 00c6 01       		.byte	0x1
 257 00c7 45       		.byte	0x45
 258 00c8 00000000 		.4byte	.LFB1
 259 00cc 18000000 		.4byte	.LFE1-.LFB1
 260 00d0 01       		.uleb128 0x1
 261 00d1 9C       		.byte	0x9c
 262 00d2 FF000000 		.4byte	0xff
 263 00d6 09       		.uleb128 0x9
 264 00d7 00000000 		.4byte	.LASF15
 265 00db 01       		.byte	0x1
 266 00dc 45       		.byte	0x45
 267 00dd 6B000000 		.4byte	0x6b
 268 00e1 2A000000 		.4byte	.LLST1
 269 00e5 0A       		.uleb128 0xa
 270 00e6 08000000 		.4byte	.LVL7
 271 00ea 8C000000 		.4byte	0x8c
 272 00ee 07       		.uleb128 0x7
 273 00ef 0E000000 		.4byte	.LVL8
 274 00f3 59010000 		.4byte	0x159
 275 00f7 08       		.uleb128 0x8
 276 00f8 01       		.uleb128 0x1
 277 00f9 50       		.byte	0x50
 278 00fa 02       		.uleb128 0x2
 279 00fb 74       		.byte	0x74
 280 00fc 00       		.sleb128 0
 281 00fd 00       		.byte	0
 282 00fe 00       		.byte	0
 283 00ff 05       		.uleb128 0x5
 284 0100 07010000 		.4byte	.LASF14
 285 0104 01       		.byte	0x1
 286 0105 5E       		.byte	0x5e
ARM GAS  C:\Users\CALEBC~1\AppData\Local\Temp\ccj76eyA.s 			page 8


 287 0106 00000000 		.4byte	.LFB2
 288 010a 20000000 		.4byte	.LFE2-.LFB2
 289 010e 01       		.uleb128 0x1
 290 010f 9C       		.byte	0x9c
 291 0110 3D010000 		.4byte	0x13d
 292 0114 09       		.uleb128 0x9
 293 0115 00000000 		.4byte	.LASF15
 294 0119 01       		.byte	0x1
 295 011a 5E       		.byte	0x5e
 296 011b 6B000000 		.4byte	0x6b
 297 011f 4B000000 		.4byte	.LLST2
 298 0123 0A       		.uleb128 0xa
 299 0124 10000000 		.4byte	.LVL11
 300 0128 4E010000 		.4byte	0x14e
 301 012c 07       		.uleb128 0x7
 302 012d 16000000 		.4byte	.LVL12
 303 0131 59010000 		.4byte	0x159
 304 0135 08       		.uleb128 0x8
 305 0136 01       		.uleb128 0x1
 306 0137 50       		.byte	0x50
 307 0138 02       		.uleb128 0x2
 308 0139 74       		.byte	0x74
 309 013a 00       		.sleb128 0
 310 013b 00       		.byte	0
 311 013c 00       		.byte	0
 312 013d 0B       		.uleb128 0xb
 313 013e 17000000 		.4byte	.LASF17
 314 0142 01       		.byte	0x1
 315 0143 14       		.byte	0x14
 316 0144 6B000000 		.4byte	0x6b
 317 0148 05       		.uleb128 0x5
 318 0149 03       		.byte	0x3
 319 014a 00000000 		.4byte	ADC_AMux_lastChannel
 320 014e 0C       		.uleb128 0xc
 321 014f A1010000 		.4byte	.LASF18
 322 0153 A1010000 		.4byte	.LASF18
 323 0157 02       		.byte	0x2
 324 0158 25       		.byte	0x25
 325 0159 0C       		.uleb128 0xc
 326 015a CE000000 		.4byte	.LASF19
 327 015e CE000000 		.4byte	.LASF19
 328 0162 02       		.byte	0x2
 329 0163 24       		.byte	0x24
 330 0164 00       		.byte	0
 331              		.section	.debug_abbrev,"",%progbits
 332              	.Ldebug_abbrev0:
 333 0000 01       		.uleb128 0x1
 334 0001 11       		.uleb128 0x11
 335 0002 01       		.byte	0x1
 336 0003 25       		.uleb128 0x25
 337 0004 0E       		.uleb128 0xe
 338 0005 13       		.uleb128 0x13
 339 0006 0B       		.uleb128 0xb
 340 0007 03       		.uleb128 0x3
 341 0008 0E       		.uleb128 0xe
 342 0009 1B       		.uleb128 0x1b
 343 000a 0E       		.uleb128 0xe
ARM GAS  C:\Users\CALEBC~1\AppData\Local\Temp\ccj76eyA.s 			page 9


 344 000b 55       		.uleb128 0x55
 345 000c 17       		.uleb128 0x17
 346 000d 11       		.uleb128 0x11
 347 000e 01       		.uleb128 0x1
 348 000f 10       		.uleb128 0x10
 349 0010 17       		.uleb128 0x17
 350 0011 00       		.byte	0
 351 0012 00       		.byte	0
 352 0013 02       		.uleb128 0x2
 353 0014 24       		.uleb128 0x24
 354 0015 00       		.byte	0
 355 0016 0B       		.uleb128 0xb
 356 0017 0B       		.uleb128 0xb
 357 0018 3E       		.uleb128 0x3e
 358 0019 0B       		.uleb128 0xb
 359 001a 03       		.uleb128 0x3
 360 001b 0E       		.uleb128 0xe
 361 001c 00       		.byte	0
 362 001d 00       		.byte	0
 363 001e 03       		.uleb128 0x3
 364 001f 24       		.uleb128 0x24
 365 0020 00       		.byte	0
 366 0021 0B       		.uleb128 0xb
 367 0022 0B       		.uleb128 0xb
 368 0023 3E       		.uleb128 0x3e
 369 0024 0B       		.uleb128 0xb
 370 0025 03       		.uleb128 0x3
 371 0026 08       		.uleb128 0x8
 372 0027 00       		.byte	0
 373 0028 00       		.byte	0
 374 0029 04       		.uleb128 0x4
 375 002a 16       		.uleb128 0x16
 376 002b 00       		.byte	0
 377 002c 03       		.uleb128 0x3
 378 002d 0E       		.uleb128 0xe
 379 002e 3A       		.uleb128 0x3a
 380 002f 0B       		.uleb128 0xb
 381 0030 3B       		.uleb128 0x3b
 382 0031 05       		.uleb128 0x5
 383 0032 49       		.uleb128 0x49
 384 0033 13       		.uleb128 0x13
 385 0034 00       		.byte	0
 386 0035 00       		.byte	0
 387 0036 05       		.uleb128 0x5
 388 0037 2E       		.uleb128 0x2e
 389 0038 01       		.byte	0x1
 390 0039 3F       		.uleb128 0x3f
 391 003a 19       		.uleb128 0x19
 392 003b 03       		.uleb128 0x3
 393 003c 0E       		.uleb128 0xe
 394 003d 3A       		.uleb128 0x3a
 395 003e 0B       		.uleb128 0xb
 396 003f 3B       		.uleb128 0x3b
 397 0040 0B       		.uleb128 0xb
 398 0041 27       		.uleb128 0x27
 399 0042 19       		.uleb128 0x19
 400 0043 11       		.uleb128 0x11
ARM GAS  C:\Users\CALEBC~1\AppData\Local\Temp\ccj76eyA.s 			page 10


 401 0044 01       		.uleb128 0x1
 402 0045 12       		.uleb128 0x12
 403 0046 06       		.uleb128 0x6
 404 0047 40       		.uleb128 0x40
 405 0048 18       		.uleb128 0x18
 406 0049 9742     		.uleb128 0x2117
 407 004b 19       		.uleb128 0x19
 408 004c 01       		.uleb128 0x1
 409 004d 13       		.uleb128 0x13
 410 004e 00       		.byte	0
 411 004f 00       		.byte	0
 412 0050 06       		.uleb128 0x6
 413 0051 34       		.uleb128 0x34
 414 0052 00       		.byte	0
 415 0053 03       		.uleb128 0x3
 416 0054 0E       		.uleb128 0xe
 417 0055 3A       		.uleb128 0x3a
 418 0056 0B       		.uleb128 0xb
 419 0057 3B       		.uleb128 0x3b
 420 0058 0B       		.uleb128 0xb
 421 0059 49       		.uleb128 0x49
 422 005a 13       		.uleb128 0x13
 423 005b 02       		.uleb128 0x2
 424 005c 17       		.uleb128 0x17
 425 005d 00       		.byte	0
 426 005e 00       		.byte	0
 427 005f 07       		.uleb128 0x7
 428 0060 898201   		.uleb128 0x4109
 429 0063 01       		.byte	0x1
 430 0064 11       		.uleb128 0x11
 431 0065 01       		.uleb128 0x1
 432 0066 31       		.uleb128 0x31
 433 0067 13       		.uleb128 0x13
 434 0068 00       		.byte	0
 435 0069 00       		.byte	0
 436 006a 08       		.uleb128 0x8
 437 006b 8A8201   		.uleb128 0x410a
 438 006e 00       		.byte	0
 439 006f 02       		.uleb128 0x2
 440 0070 18       		.uleb128 0x18
 441 0071 9142     		.uleb128 0x2111
 442 0073 18       		.uleb128 0x18
 443 0074 00       		.byte	0
 444 0075 00       		.byte	0
 445 0076 09       		.uleb128 0x9
 446 0077 05       		.uleb128 0x5
 447 0078 00       		.byte	0
 448 0079 03       		.uleb128 0x3
 449 007a 0E       		.uleb128 0xe
 450 007b 3A       		.uleb128 0x3a
 451 007c 0B       		.uleb128 0xb
 452 007d 3B       		.uleb128 0x3b
 453 007e 0B       		.uleb128 0xb
 454 007f 49       		.uleb128 0x49
 455 0080 13       		.uleb128 0x13
 456 0081 02       		.uleb128 0x2
 457 0082 17       		.uleb128 0x17
ARM GAS  C:\Users\CALEBC~1\AppData\Local\Temp\ccj76eyA.s 			page 11


 458 0083 00       		.byte	0
 459 0084 00       		.byte	0
 460 0085 0A       		.uleb128 0xa
 461 0086 898201   		.uleb128 0x4109
 462 0089 00       		.byte	0
 463 008a 11       		.uleb128 0x11
 464 008b 01       		.uleb128 0x1
 465 008c 31       		.uleb128 0x31
 466 008d 13       		.uleb128 0x13
 467 008e 00       		.byte	0
 468 008f 00       		.byte	0
 469 0090 0B       		.uleb128 0xb
 470 0091 34       		.uleb128 0x34
 471 0092 00       		.byte	0
 472 0093 03       		.uleb128 0x3
 473 0094 0E       		.uleb128 0xe
 474 0095 3A       		.uleb128 0x3a
 475 0096 0B       		.uleb128 0xb
 476 0097 3B       		.uleb128 0x3b
 477 0098 0B       		.uleb128 0xb
 478 0099 49       		.uleb128 0x49
 479 009a 13       		.uleb128 0x13
 480 009b 02       		.uleb128 0x2
 481 009c 18       		.uleb128 0x18
 482 009d 00       		.byte	0
 483 009e 00       		.byte	0
 484 009f 0C       		.uleb128 0xc
 485 00a0 2E       		.uleb128 0x2e
 486 00a1 00       		.byte	0
 487 00a2 3F       		.uleb128 0x3f
 488 00a3 19       		.uleb128 0x19
 489 00a4 3C       		.uleb128 0x3c
 490 00a5 19       		.uleb128 0x19
 491 00a6 6E       		.uleb128 0x6e
 492 00a7 0E       		.uleb128 0xe
 493 00a8 03       		.uleb128 0x3
 494 00a9 0E       		.uleb128 0xe
 495 00aa 3A       		.uleb128 0x3a
 496 00ab 0B       		.uleb128 0xb
 497 00ac 3B       		.uleb128 0x3b
 498 00ad 0B       		.uleb128 0xb
 499 00ae 00       		.byte	0
 500 00af 00       		.byte	0
 501 00b0 00       		.byte	0
 502              		.section	.debug_loc,"",%progbits
 503              	.Ldebug_loc0:
 504              	.LLST0:
 505 0000 02000000 		.4byte	.LVL0
 506 0004 06000000 		.4byte	.LVL1
 507 0008 0200     		.2byte	0x2
 508 000a 30       		.byte	0x30
 509 000b 9F       		.byte	0x9f
 510 000c 06000000 		.4byte	.LVL1
 511 0010 0E000000 		.4byte	.LVL3
 512 0014 0100     		.2byte	0x1
 513 0016 54       		.byte	0x54
 514 0017 10000000 		.4byte	.LVL4
ARM GAS  C:\Users\CALEBC~1\AppData\Local\Temp\ccj76eyA.s 			page 12


 515 001b 1C000000 		.4byte	.LVL5
 516 001f 0100     		.2byte	0x1
 517 0021 54       		.byte	0x54
 518 0022 00000000 		.4byte	0
 519 0026 00000000 		.4byte	0
 520              	.LLST1:
 521 002a 00000000 		.4byte	.LVL6
 522 002e 07000000 		.4byte	.LVL7-1
 523 0032 0100     		.2byte	0x1
 524 0034 50       		.byte	0x50
 525 0035 07000000 		.4byte	.LVL7-1
 526 0039 18000000 		.4byte	.LFE1
 527 003d 0400     		.2byte	0x4
 528 003f F3       		.byte	0xf3
 529 0040 01       		.uleb128 0x1
 530 0041 50       		.byte	0x50
 531 0042 9F       		.byte	0x9f
 532 0043 00000000 		.4byte	0
 533 0047 00000000 		.4byte	0
 534              	.LLST2:
 535 004b 00000000 		.4byte	.LVL9
 536 004f 08000000 		.4byte	.LVL10
 537 0053 0100     		.2byte	0x1
 538 0055 50       		.byte	0x50
 539 0056 08000000 		.4byte	.LVL10
 540 005a 20000000 		.4byte	.LFE2
 541 005e 0400     		.2byte	0x4
 542 0060 F3       		.byte	0xf3
 543 0061 01       		.uleb128 0x1
 544 0062 50       		.byte	0x50
 545 0063 9F       		.byte	0x9f
 546 0064 00000000 		.4byte	0
 547 0068 00000000 		.4byte	0
 548              		.section	.debug_aranges,"",%progbits
 549 0000 2C000000 		.4byte	0x2c
 550 0004 0200     		.2byte	0x2
 551 0006 00000000 		.4byte	.Ldebug_info0
 552 000a 04       		.byte	0x4
 553 000b 00       		.byte	0
 554 000c 0000     		.2byte	0
 555 000e 0000     		.2byte	0
 556 0010 00000000 		.4byte	.LFB0
 557 0014 20000000 		.4byte	.LFE0-.LFB0
 558 0018 00000000 		.4byte	.LFB1
 559 001c 18000000 		.4byte	.LFE1-.LFB1
 560 0020 00000000 		.4byte	.LFB2
 561 0024 20000000 		.4byte	.LFE2-.LFB2
 562 0028 00000000 		.4byte	0
 563 002c 00000000 		.4byte	0
 564              		.section	.debug_ranges,"",%progbits
 565              	.Ldebug_ranges0:
 566 0000 00000000 		.4byte	.LFB0
 567 0004 20000000 		.4byte	.LFE0
 568 0008 00000000 		.4byte	.LFB1
 569 000c 18000000 		.4byte	.LFE1
 570 0010 00000000 		.4byte	.LFB2
 571 0014 20000000 		.4byte	.LFE2
ARM GAS  C:\Users\CALEBC~1\AppData\Local\Temp\ccj76eyA.s 			page 13


 572 0018 00000000 		.4byte	0
 573 001c 00000000 		.4byte	0
 574              		.section	.debug_line,"",%progbits
 575              	.Ldebug_line0:
 576 0000 A8000000 		.section	.debug_str,"MS",%progbits,1
 576      02005700 
 576      00000201 
 576      FB0E0D00 
 576      01010101 
 577              	.LASF15:
 578 0000 6368616E 		.ascii	"channel\000"
 578      6E656C00 
 579              	.LASF12:
 580 0008 4144435F 		.ascii	"ADC_AMux_Start\000"
 580      414D7578 
 580      5F537461 
 580      727400
 581              	.LASF17:
 582 0017 4144435F 		.ascii	"ADC_AMux_lastChannel\000"
 582      414D7578 
 582      5F6C6173 
 582      74436861 
 582      6E6E656C 
 583              	.LASF9:
 584 002c 666C6F61 		.ascii	"float\000"
 584      7400
 585              	.LASF1:
 586 0032 756E7369 		.ascii	"unsigned char\000"
 586      676E6564 
 586      20636861 
 586      7200
 587              	.LASF20:
 588 0040 474E5520 		.ascii	"GNU C11 5.4.1 20160609 (release) [ARM/embedded-5-br"
 588      43313120 
 588      352E342E 
 588      31203230 
 588      31363036 
 589 0073 616E6368 		.ascii	"anch revision 237715] -mcpu=cortex-m3 -mthumb -g -O"
 589      20726576 
 589      6973696F 
 589      6E203233 
 589      37373135 
 590 00a6 67202D66 		.ascii	"g -ffunction-sections -ffat-lto-objects\000"
 590      66756E63 
 590      74696F6E 
 590      2D736563 
 590      74696F6E 
 591              	.LASF19:
 592 00ce 4144435F 		.ascii	"ADC_AMux_Set\000"
 592      414D7578 
 592      5F536574 
 592      00
 593              	.LASF5:
 594 00db 6C6F6E67 		.ascii	"long unsigned int\000"
 594      20756E73 
 594      69676E65 
 594      6420696E 
ARM GAS  C:\Users\CALEBC~1\AppData\Local\Temp\ccj76eyA.s 			page 14


 594      7400
 595              	.LASF3:
 596 00ed 73686F72 		.ascii	"short unsigned int\000"
 596      7420756E 
 596      7369676E 
 596      65642069 
 596      6E7400
 597              	.LASF10:
 598 0100 646F7562 		.ascii	"double\000"
 598      6C6500
 599              	.LASF14:
 600 0107 4144435F 		.ascii	"ADC_AMux_FastSelect\000"
 600      414D7578 
 600      5F466173 
 600      7453656C 
 600      65637400 
 601              	.LASF8:
 602 011b 756E7369 		.ascii	"unsigned int\000"
 602      676E6564 
 602      20696E74 
 602      00
 603              	.LASF7:
 604 0128 6C6F6E67 		.ascii	"long long unsigned int\000"
 604      206C6F6E 
 604      6720756E 
 604      7369676E 
 604      65642069 
 605              	.LASF22:
 606 013f 433A5C55 		.ascii	"C:\\Users\\Caleb Cotter\\Documents\\GitHub\\3HC\\3H"
 606      73657273 
 606      5C43616C 
 606      65622043 
 606      6F747465 
 607 016c 435F4669 		.ascii	"C_Firmware\\3HC_Firmware_0_1.cydsn\000"
 607      726D7761 
 607      72655C33 
 607      48435F46 
 607      69726D77 
 608              	.LASF6:
 609 018e 6C6F6E67 		.ascii	"long long int\000"
 609      206C6F6E 
 609      6720696E 
 609      7400
 610              	.LASF11:
 611 019c 63686172 		.ascii	"char\000"
 611      00
 612              	.LASF18:
 613 01a1 4144435F 		.ascii	"ADC_AMux_Unset\000"
 613      414D7578 
 613      5F556E73 
 613      657400
 614              	.LASF16:
 615 01b0 6368616E 		.ascii	"chan\000"
 615      00
 616              	.LASF2:
 617 01b5 73686F72 		.ascii	"short int\000"
 617      7420696E 
ARM GAS  C:\Users\CALEBC~1\AppData\Local\Temp\ccj76eyA.s 			page 15


 617      7400
 618              	.LASF23:
 619 01bf 75696E74 		.ascii	"uint8\000"
 619      3800
 620              	.LASF4:
 621 01c5 6C6F6E67 		.ascii	"long int\000"
 621      20696E74 
 621      00
 622              	.LASF13:
 623 01ce 4144435F 		.ascii	"ADC_AMux_Select\000"
 623      414D7578 
 623      5F53656C 
 623      65637400 
 624              	.LASF0:
 625 01de 7369676E 		.ascii	"signed char\000"
 625      65642063 
 625      68617200 
 626              	.LASF21:
 627 01ea 47656E65 		.ascii	"Generated_Source\\PSoC5\\ADC_AMux.c\000"
 627      72617465 
 627      645F536F 
 627      75726365 
 627      5C50536F 
 628              		.ident	"GCC: (GNU Tools for ARM Embedded Processors) 5.4.1 20160609 (release) [ARM/embedded-5-bran
