ARM GAS  C:\Users\CALEBC~1\AppData\Local\Temp\ccrEEWCn.s 			page 1


   1              		.syntax unified
   2              		.cpu cortex-m3
   3              		.fpu softvfp
   4              		.eabi_attribute 20, 1
   5              		.eabi_attribute 21, 1
   6              		.eabi_attribute 23, 3
   7              		.eabi_attribute 24, 1
   8              		.eabi_attribute 25, 1
   9              		.eabi_attribute 26, 1
  10              		.eabi_attribute 30, 1
  11              		.eabi_attribute 34, 1
  12              		.eabi_attribute 18, 4
  13              		.thumb
  14              		.syntax unified
  15              		.file	"AMux.c"
  16              		.text
  17              	.Ltext0:
  18              		.cfi_sections	.debug_frame
  19              		.section	.text.AMux_Start,"ax",%progbits
  20              		.align	2
  21              		.global	AMux_Start
  22              		.thumb
  23              		.thumb_func
  24              		.type	AMux_Start, %function
  25              	AMux_Start:
  26              	.LFB0:
  27              		.file 1 "Generated_Source\\PSoC5\\AMux.c"
   1:Generated_Source\PSoC5/AMux.c **** /*******************************************************************************
   2:Generated_Source\PSoC5/AMux.c **** * File Name: AMux.c
   3:Generated_Source\PSoC5/AMux.c **** * Version 1.80
   4:Generated_Source\PSoC5/AMux.c **** *
   5:Generated_Source\PSoC5/AMux.c **** *  Description:
   6:Generated_Source\PSoC5/AMux.c **** *    This file contains all functions required for the analog multiplexer
   7:Generated_Source\PSoC5/AMux.c **** *    AMux User Module.
   8:Generated_Source\PSoC5/AMux.c **** *
   9:Generated_Source\PSoC5/AMux.c **** *   Note:
  10:Generated_Source\PSoC5/AMux.c **** *
  11:Generated_Source\PSoC5/AMux.c **** *******************************************************************************
  12:Generated_Source\PSoC5/AMux.c **** * Copyright 2008-2010, Cypress Semiconductor Corporation.  All rights reserved.
  13:Generated_Source\PSoC5/AMux.c **** * You may use this file only in accordance with the license, terms, conditions, 
  14:Generated_Source\PSoC5/AMux.c **** * disclaimers, and limitations in the end user license agreement accompanying 
  15:Generated_Source\PSoC5/AMux.c **** * the software package with which this file was provided.
  16:Generated_Source\PSoC5/AMux.c **** ********************************************************************************/
  17:Generated_Source\PSoC5/AMux.c **** 
  18:Generated_Source\PSoC5/AMux.c **** #include "AMux.h"
  19:Generated_Source\PSoC5/AMux.c **** 
  20:Generated_Source\PSoC5/AMux.c **** static uint8 AMux_lastChannel = AMux_NULL_CHANNEL;
  21:Generated_Source\PSoC5/AMux.c **** 
  22:Generated_Source\PSoC5/AMux.c **** 
  23:Generated_Source\PSoC5/AMux.c **** /*******************************************************************************
  24:Generated_Source\PSoC5/AMux.c **** * Function Name: AMux_Start
  25:Generated_Source\PSoC5/AMux.c **** ********************************************************************************
  26:Generated_Source\PSoC5/AMux.c **** * Summary:
  27:Generated_Source\PSoC5/AMux.c **** *  Disconnect all channels.
  28:Generated_Source\PSoC5/AMux.c **** *
  29:Generated_Source\PSoC5/AMux.c **** * Parameters:
  30:Generated_Source\PSoC5/AMux.c **** *  void
ARM GAS  C:\Users\CALEBC~1\AppData\Local\Temp\ccrEEWCn.s 			page 2


  31:Generated_Source\PSoC5/AMux.c **** *
  32:Generated_Source\PSoC5/AMux.c **** * Return:
  33:Generated_Source\PSoC5/AMux.c **** *  void
  34:Generated_Source\PSoC5/AMux.c **** *
  35:Generated_Source\PSoC5/AMux.c **** *******************************************************************************/
  36:Generated_Source\PSoC5/AMux.c **** void AMux_Start(void) 
  37:Generated_Source\PSoC5/AMux.c **** {
  28              		.loc 1 37 0
  29              		.cfi_startproc
  30              		@ args = 0, pretend = 0, frame = 0
  31              		@ frame_needed = 0, uses_anonymous_args = 0
  32 0000 10B5     		push	{r4, lr}
  33              		.cfi_def_cfa_offset 8
  34              		.cfi_offset 4, -8
  35              		.cfi_offset 14, -4
  36              	.LVL0:
  38:Generated_Source\PSoC5/AMux.c ****     uint8 chan;
  39:Generated_Source\PSoC5/AMux.c **** 
  40:Generated_Source\PSoC5/AMux.c ****     for(chan = 0u; chan < AMux_CHANNELS ; chan++)
  37              		.loc 1 40 0
  38 0002 0024     		movs	r4, #0
  39 0004 04E0     		b	.L2
  40              	.LVL1:
  41              	.L3:
  41:Generated_Source\PSoC5/AMux.c ****     {
  42:Generated_Source\PSoC5/AMux.c **** #if (AMux_MUXTYPE == AMux_MUX_SINGLE)
  43:Generated_Source\PSoC5/AMux.c ****         AMux_Unset(chan);
  42              		.loc 1 43 0 discriminator 3
  43 0006 2046     		mov	r0, r4
  44 0008 FFF7FEFF 		bl	AMux_Unset
  45              	.LVL2:
  40:Generated_Source\PSoC5/AMux.c ****     {
  46              		.loc 1 40 0 discriminator 3
  47 000c 0134     		adds	r4, r4, #1
  48              	.LVL3:
  49 000e E4B2     		uxtb	r4, r4
  50              	.LVL4:
  51              	.L2:
  40:Generated_Source\PSoC5/AMux.c ****     {
  52              		.loc 1 40 0 is_stmt 0 discriminator 1
  53 0010 022C     		cmp	r4, #2
  54 0012 F8D9     		bls	.L3
  44:Generated_Source\PSoC5/AMux.c **** #else
  45:Generated_Source\PSoC5/AMux.c ****         AMux_CYAMUXSIDE_A_Unset(chan);
  46:Generated_Source\PSoC5/AMux.c ****         AMux_CYAMUXSIDE_B_Unset(chan);
  47:Generated_Source\PSoC5/AMux.c **** #endif
  48:Generated_Source\PSoC5/AMux.c ****     }
  49:Generated_Source\PSoC5/AMux.c **** 
  50:Generated_Source\PSoC5/AMux.c ****     AMux_lastChannel = AMux_NULL_CHANNEL;
  55              		.loc 1 50 0 is_stmt 1
  56 0014 FF22     		movs	r2, #255
  57 0016 014B     		ldr	r3, .L5
  58 0018 1A70     		strb	r2, [r3]
  59 001a 10BD     		pop	{r4, pc}
  60              	.LVL5:
  61              	.L6:
  62              		.align	2
ARM GAS  C:\Users\CALEBC~1\AppData\Local\Temp\ccrEEWCn.s 			page 3


  63              	.L5:
  64 001c 00000000 		.word	.LANCHOR0
  65              		.cfi_endproc
  66              	.LFE0:
  67              		.size	AMux_Start, .-AMux_Start
  68              		.section	.text.AMux_FastSelect,"ax",%progbits
  69              		.align	2
  70              		.global	AMux_FastSelect
  71              		.thumb
  72              		.thumb_func
  73              		.type	AMux_FastSelect, %function
  74              	AMux_FastSelect:
  75              	.LFB1:
  51:Generated_Source\PSoC5/AMux.c **** }
  52:Generated_Source\PSoC5/AMux.c **** 
  53:Generated_Source\PSoC5/AMux.c **** 
  54:Generated_Source\PSoC5/AMux.c **** #if (!AMux_ATMOSTONE)
  55:Generated_Source\PSoC5/AMux.c **** /*******************************************************************************
  56:Generated_Source\PSoC5/AMux.c **** * Function Name: AMux_Select
  57:Generated_Source\PSoC5/AMux.c **** ********************************************************************************
  58:Generated_Source\PSoC5/AMux.c **** * Summary:
  59:Generated_Source\PSoC5/AMux.c **** *  This functions first disconnects all channels then connects the given
  60:Generated_Source\PSoC5/AMux.c **** *  channel.
  61:Generated_Source\PSoC5/AMux.c **** *
  62:Generated_Source\PSoC5/AMux.c **** * Parameters:
  63:Generated_Source\PSoC5/AMux.c **** *  channel:  The channel to connect to the common terminal.
  64:Generated_Source\PSoC5/AMux.c **** *
  65:Generated_Source\PSoC5/AMux.c **** * Return:
  66:Generated_Source\PSoC5/AMux.c **** *  void
  67:Generated_Source\PSoC5/AMux.c **** *
  68:Generated_Source\PSoC5/AMux.c **** *******************************************************************************/
  69:Generated_Source\PSoC5/AMux.c **** void AMux_Select(uint8 channel) 
  70:Generated_Source\PSoC5/AMux.c **** {
  71:Generated_Source\PSoC5/AMux.c ****     AMux_DisconnectAll();        /* Disconnect all previous connections */
  72:Generated_Source\PSoC5/AMux.c ****     AMux_Connect(channel);       /* Make the given selection */
  73:Generated_Source\PSoC5/AMux.c ****     AMux_lastChannel = channel;  /* Update last channel */
  74:Generated_Source\PSoC5/AMux.c **** }
  75:Generated_Source\PSoC5/AMux.c **** #endif
  76:Generated_Source\PSoC5/AMux.c **** 
  77:Generated_Source\PSoC5/AMux.c **** 
  78:Generated_Source\PSoC5/AMux.c **** /*******************************************************************************
  79:Generated_Source\PSoC5/AMux.c **** * Function Name: AMux_FastSelect
  80:Generated_Source\PSoC5/AMux.c **** ********************************************************************************
  81:Generated_Source\PSoC5/AMux.c **** * Summary:
  82:Generated_Source\PSoC5/AMux.c **** *  This function first disconnects the last connection made with FastSelect or
  83:Generated_Source\PSoC5/AMux.c **** *  Select, then connects the given channel. The FastSelect function is similar
  84:Generated_Source\PSoC5/AMux.c **** *  to the Select function, except it is faster since it only disconnects the
  85:Generated_Source\PSoC5/AMux.c **** *  last channel selected rather than all channels.
  86:Generated_Source\PSoC5/AMux.c **** *
  87:Generated_Source\PSoC5/AMux.c **** * Parameters:
  88:Generated_Source\PSoC5/AMux.c **** *  channel:  The channel to connect to the common terminal.
  89:Generated_Source\PSoC5/AMux.c **** *
  90:Generated_Source\PSoC5/AMux.c **** * Return:
  91:Generated_Source\PSoC5/AMux.c **** *  void
  92:Generated_Source\PSoC5/AMux.c **** *
  93:Generated_Source\PSoC5/AMux.c **** *******************************************************************************/
  94:Generated_Source\PSoC5/AMux.c **** void AMux_FastSelect(uint8 channel) 
ARM GAS  C:\Users\CALEBC~1\AppData\Local\Temp\ccrEEWCn.s 			page 4


  95:Generated_Source\PSoC5/AMux.c **** {
  76              		.loc 1 95 0
  77              		.cfi_startproc
  78              		@ args = 0, pretend = 0, frame = 0
  79              		@ frame_needed = 0, uses_anonymous_args = 0
  80              	.LVL6:
  81 0000 10B5     		push	{r4, lr}
  82              		.cfi_def_cfa_offset 8
  83              		.cfi_offset 4, -8
  84              		.cfi_offset 14, -4
  85 0002 0446     		mov	r4, r0
  96:Generated_Source\PSoC5/AMux.c ****     /* Disconnect the last valid channel */
  97:Generated_Source\PSoC5/AMux.c ****     if( AMux_lastChannel != AMux_NULL_CHANNEL)
  86              		.loc 1 97 0
  87 0004 054B     		ldr	r3, .L10
  88 0006 1878     		ldrb	r0, [r3]	@ zero_extendqisi2
  89              	.LVL7:
  90 0008 FF28     		cmp	r0, #255
  91 000a 01D0     		beq	.L8
  98:Generated_Source\PSoC5/AMux.c ****     {
  99:Generated_Source\PSoC5/AMux.c ****         AMux_Disconnect(AMux_lastChannel);
  92              		.loc 1 99 0
  93 000c FFF7FEFF 		bl	AMux_Unset
  94              	.LVL8:
  95              	.L8:
 100:Generated_Source\PSoC5/AMux.c ****     }
 101:Generated_Source\PSoC5/AMux.c **** 
 102:Generated_Source\PSoC5/AMux.c ****     /* Make the new channel connection */
 103:Generated_Source\PSoC5/AMux.c **** #if (AMux_MUXTYPE == AMux_MUX_SINGLE)
 104:Generated_Source\PSoC5/AMux.c ****     AMux_Set(channel);
  96              		.loc 1 104 0
  97 0010 2046     		mov	r0, r4
  98 0012 FFF7FEFF 		bl	AMux_Set
  99              	.LVL9:
 105:Generated_Source\PSoC5/AMux.c **** #else
 106:Generated_Source\PSoC5/AMux.c ****     AMux_CYAMUXSIDE_A_Set(channel);
 107:Generated_Source\PSoC5/AMux.c ****     AMux_CYAMUXSIDE_B_Set(channel);
 108:Generated_Source\PSoC5/AMux.c **** #endif
 109:Generated_Source\PSoC5/AMux.c **** 
 110:Generated_Source\PSoC5/AMux.c **** 
 111:Generated_Source\PSoC5/AMux.c ****     AMux_lastChannel = channel;   /* Update last channel */
 100              		.loc 1 111 0
 101 0016 014B     		ldr	r3, .L10
 102 0018 1C70     		strb	r4, [r3]
 103 001a 10BD     		pop	{r4, pc}
 104              	.L11:
 105              		.align	2
 106              	.L10:
 107 001c 00000000 		.word	.LANCHOR0
 108              		.cfi_endproc
 109              	.LFE1:
 110              		.size	AMux_FastSelect, .-AMux_FastSelect
 111              		.section	.text.AMux_DisconnectAll,"ax",%progbits
 112              		.align	2
 113              		.global	AMux_DisconnectAll
 114              		.thumb
 115              		.thumb_func
ARM GAS  C:\Users\CALEBC~1\AppData\Local\Temp\ccrEEWCn.s 			page 5


 116              		.type	AMux_DisconnectAll, %function
 117              	AMux_DisconnectAll:
 118              	.LFB2:
 112:Generated_Source\PSoC5/AMux.c **** }
 113:Generated_Source\PSoC5/AMux.c **** 
 114:Generated_Source\PSoC5/AMux.c **** 
 115:Generated_Source\PSoC5/AMux.c **** #if (AMux_MUXTYPE == AMux_MUX_DIFF)
 116:Generated_Source\PSoC5/AMux.c **** #if (!AMux_ATMOSTONE)
 117:Generated_Source\PSoC5/AMux.c **** /*******************************************************************************
 118:Generated_Source\PSoC5/AMux.c **** * Function Name: AMux_Connect
 119:Generated_Source\PSoC5/AMux.c **** ********************************************************************************
 120:Generated_Source\PSoC5/AMux.c **** * Summary:
 121:Generated_Source\PSoC5/AMux.c **** *  This function connects the given channel without affecting other connections.
 122:Generated_Source\PSoC5/AMux.c **** *
 123:Generated_Source\PSoC5/AMux.c **** * Parameters:
 124:Generated_Source\PSoC5/AMux.c **** *  channel:  The channel to connect to the common terminal.
 125:Generated_Source\PSoC5/AMux.c **** *
 126:Generated_Source\PSoC5/AMux.c **** * Return:
 127:Generated_Source\PSoC5/AMux.c **** *  void
 128:Generated_Source\PSoC5/AMux.c **** *
 129:Generated_Source\PSoC5/AMux.c **** *******************************************************************************/
 130:Generated_Source\PSoC5/AMux.c **** void AMux_Connect(uint8 channel) 
 131:Generated_Source\PSoC5/AMux.c **** {
 132:Generated_Source\PSoC5/AMux.c ****     AMux_CYAMUXSIDE_A_Set(channel);
 133:Generated_Source\PSoC5/AMux.c ****     AMux_CYAMUXSIDE_B_Set(channel);
 134:Generated_Source\PSoC5/AMux.c **** }
 135:Generated_Source\PSoC5/AMux.c **** #endif
 136:Generated_Source\PSoC5/AMux.c **** 
 137:Generated_Source\PSoC5/AMux.c **** /*******************************************************************************
 138:Generated_Source\PSoC5/AMux.c **** * Function Name: AMux_Disconnect
 139:Generated_Source\PSoC5/AMux.c **** ********************************************************************************
 140:Generated_Source\PSoC5/AMux.c **** * Summary:
 141:Generated_Source\PSoC5/AMux.c **** *  This function disconnects the given channel from the common or output
 142:Generated_Source\PSoC5/AMux.c **** *  terminal without affecting other connections.
 143:Generated_Source\PSoC5/AMux.c **** *
 144:Generated_Source\PSoC5/AMux.c **** * Parameters:
 145:Generated_Source\PSoC5/AMux.c **** *  channel:  The channel to disconnect from the common terminal.
 146:Generated_Source\PSoC5/AMux.c **** *
 147:Generated_Source\PSoC5/AMux.c **** * Return:
 148:Generated_Source\PSoC5/AMux.c **** *  void
 149:Generated_Source\PSoC5/AMux.c **** *
 150:Generated_Source\PSoC5/AMux.c **** *******************************************************************************/
 151:Generated_Source\PSoC5/AMux.c **** void AMux_Disconnect(uint8 channel) 
 152:Generated_Source\PSoC5/AMux.c **** {
 153:Generated_Source\PSoC5/AMux.c ****     AMux_CYAMUXSIDE_A_Unset(channel);
 154:Generated_Source\PSoC5/AMux.c ****     AMux_CYAMUXSIDE_B_Unset(channel);
 155:Generated_Source\PSoC5/AMux.c **** }
 156:Generated_Source\PSoC5/AMux.c **** #endif
 157:Generated_Source\PSoC5/AMux.c **** 
 158:Generated_Source\PSoC5/AMux.c **** #if (AMux_ATMOSTONE)
 159:Generated_Source\PSoC5/AMux.c **** /*******************************************************************************
 160:Generated_Source\PSoC5/AMux.c **** * Function Name: AMux_DisconnectAll
 161:Generated_Source\PSoC5/AMux.c **** ********************************************************************************
 162:Generated_Source\PSoC5/AMux.c **** * Summary:
 163:Generated_Source\PSoC5/AMux.c **** *  This function disconnects all channels.
 164:Generated_Source\PSoC5/AMux.c **** *
 165:Generated_Source\PSoC5/AMux.c **** * Parameters:
ARM GAS  C:\Users\CALEBC~1\AppData\Local\Temp\ccrEEWCn.s 			page 6


 166:Generated_Source\PSoC5/AMux.c **** *  void
 167:Generated_Source\PSoC5/AMux.c **** *
 168:Generated_Source\PSoC5/AMux.c **** * Return:
 169:Generated_Source\PSoC5/AMux.c **** *  void
 170:Generated_Source\PSoC5/AMux.c **** *
 171:Generated_Source\PSoC5/AMux.c **** *******************************************************************************/
 172:Generated_Source\PSoC5/AMux.c **** void AMux_DisconnectAll(void) 
 173:Generated_Source\PSoC5/AMux.c **** {
 119              		.loc 1 173 0
 120              		.cfi_startproc
 121              		@ args = 0, pretend = 0, frame = 0
 122              		@ frame_needed = 0, uses_anonymous_args = 0
 123 0000 08B5     		push	{r3, lr}
 124              		.cfi_def_cfa_offset 8
 125              		.cfi_offset 3, -8
 126              		.cfi_offset 14, -4
 174:Generated_Source\PSoC5/AMux.c ****     if(AMux_lastChannel != AMux_NULL_CHANNEL) 
 127              		.loc 1 174 0
 128 0002 054B     		ldr	r3, .L15
 129 0004 1878     		ldrb	r0, [r3]	@ zero_extendqisi2
 130 0006 FF28     		cmp	r0, #255
 131 0008 04D0     		beq	.L12
 175:Generated_Source\PSoC5/AMux.c ****     {
 176:Generated_Source\PSoC5/AMux.c ****         AMux_Disconnect(AMux_lastChannel);
 132              		.loc 1 176 0
 133 000a FFF7FEFF 		bl	AMux_Unset
 134              	.LVL10:
 177:Generated_Source\PSoC5/AMux.c ****         AMux_lastChannel = AMux_NULL_CHANNEL;
 135              		.loc 1 177 0
 136 000e FF22     		movs	r2, #255
 137 0010 014B     		ldr	r3, .L15
 138 0012 1A70     		strb	r2, [r3]
 139              	.L12:
 140 0014 08BD     		pop	{r3, pc}
 141              	.L16:
 142 0016 00BF     		.align	2
 143              	.L15:
 144 0018 00000000 		.word	.LANCHOR0
 145              		.cfi_endproc
 146              	.LFE2:
 147              		.size	AMux_DisconnectAll, .-AMux_DisconnectAll
 148              		.data
 149              		.set	.LANCHOR0,. + 0
 150              		.type	AMux_lastChannel, %object
 151              		.size	AMux_lastChannel, 1
 152              	AMux_lastChannel:
 153 0000 FF       		.byte	-1
 154              		.text
 155              	.Letext0:
 156              		.file 2 "Generated_Source\\PSoC5\\cyfitter_cfg.h"
 157              		.file 3 "Generated_Source\\PSoC5\\cytypes.h"
 158              		.section	.debug_info,"",%progbits
 159              	.Ldebug_info0:
 160 0000 42010000 		.4byte	0x142
 161 0004 0400     		.2byte	0x4
 162 0006 00000000 		.4byte	.Ldebug_abbrev0
 163 000a 04       		.byte	0x4
ARM GAS  C:\Users\CALEBC~1\AppData\Local\Temp\ccrEEWCn.s 			page 7


 164 000b 01       		.uleb128 0x1
 165 000c 2F000000 		.4byte	.LASF19
 166 0010 0C       		.byte	0xc
 167 0011 A8010000 		.4byte	.LASF20
 168 0015 31010000 		.4byte	.LASF21
 169 0019 00000000 		.4byte	.Ldebug_ranges0+0
 170 001d 00000000 		.4byte	0
 171 0021 00000000 		.4byte	.Ldebug_line0
 172 0025 02       		.uleb128 0x2
 173 0026 01       		.byte	0x1
 174 0027 06       		.byte	0x6
 175 0028 CF010000 		.4byte	.LASF0
 176 002c 02       		.uleb128 0x2
 177 002d 01       		.byte	0x1
 178 002e 08       		.byte	0x8
 179 002f 21000000 		.4byte	.LASF1
 180 0033 02       		.uleb128 0x2
 181 0034 02       		.byte	0x2
 182 0035 05       		.byte	0x5
 183 0036 98010000 		.4byte	.LASF2
 184 003a 02       		.uleb128 0x2
 185 003b 02       		.byte	0x2
 186 003c 07       		.byte	0x7
 187 003d DA000000 		.4byte	.LASF3
 188 0041 02       		.uleb128 0x2
 189 0042 04       		.byte	0x4
 190 0043 05       		.byte	0x5
 191 0044 C6010000 		.4byte	.LASF4
 192 0048 02       		.uleb128 0x2
 193 0049 04       		.byte	0x4
 194 004a 07       		.byte	0x7
 195 004b C8000000 		.4byte	.LASF5
 196 004f 02       		.uleb128 0x2
 197 0050 08       		.byte	0x8
 198 0051 05       		.byte	0x5
 199 0052 80010000 		.4byte	.LASF6
 200 0056 02       		.uleb128 0x2
 201 0057 08       		.byte	0x8
 202 0058 07       		.byte	0x7
 203 0059 0A010000 		.4byte	.LASF7
 204 005d 03       		.uleb128 0x3
 205 005e 04       		.byte	0x4
 206 005f 05       		.byte	0x5
 207 0060 696E7400 		.ascii	"int\000"
 208 0064 02       		.uleb128 0x2
 209 0065 04       		.byte	0x4
 210 0066 07       		.byte	0x7
 211 0067 FD000000 		.4byte	.LASF8
 212 006b 04       		.uleb128 0x4
 213 006c A2010000 		.4byte	.LASF22
 214 0070 03       		.byte	0x3
 215 0071 E401     		.2byte	0x1e4
 216 0073 2C000000 		.4byte	0x2c
 217 0077 02       		.uleb128 0x2
 218 0078 04       		.byte	0x4
 219 0079 04       		.byte	0x4
 220 007a 1B000000 		.4byte	.LASF9
ARM GAS  C:\Users\CALEBC~1\AppData\Local\Temp\ccrEEWCn.s 			page 8


 221 007e 02       		.uleb128 0x2
 222 007f 08       		.byte	0x8
 223 0080 04       		.byte	0x4
 224 0081 F6000000 		.4byte	.LASF10
 225 0085 02       		.uleb128 0x2
 226 0086 01       		.byte	0x1
 227 0087 08       		.byte	0x8
 228 0088 8E010000 		.4byte	.LASF11
 229 008c 05       		.uleb128 0x5
 230 008d BD000000 		.4byte	.LASF12
 231 0091 01       		.byte	0x1
 232 0092 24       		.byte	0x24
 233 0093 00000000 		.4byte	.LFB0
 234 0097 20000000 		.4byte	.LFE0-.LFB0
 235 009b 01       		.uleb128 0x1
 236 009c 9C       		.byte	0x9c
 237 009d C1000000 		.4byte	0xc1
 238 00a1 06       		.uleb128 0x6
 239 00a2 93010000 		.4byte	.LASF15
 240 00a6 01       		.byte	0x1
 241 00a7 26       		.byte	0x26
 242 00a8 6B000000 		.4byte	0x6b
 243 00ac 00000000 		.4byte	.LLST0
 244 00b0 07       		.uleb128 0x7
 245 00b1 0C000000 		.4byte	.LVL2
 246 00b5 2F010000 		.4byte	0x12f
 247 00b9 08       		.uleb128 0x8
 248 00ba 01       		.uleb128 0x1
 249 00bb 50       		.byte	0x50
 250 00bc 02       		.uleb128 0x2
 251 00bd 74       		.byte	0x74
 252 00be 00       		.sleb128 0
 253 00bf 00       		.byte	0
 254 00c0 00       		.byte	0
 255 00c1 05       		.uleb128 0x5
 256 00c2 21010000 		.4byte	.LASF13
 257 00c6 01       		.byte	0x1
 258 00c7 5E       		.byte	0x5e
 259 00c8 00000000 		.4byte	.LFB1
 260 00cc 20000000 		.4byte	.LFE1-.LFB1
 261 00d0 01       		.uleb128 0x1
 262 00d1 9C       		.byte	0x9c
 263 00d2 FF000000 		.4byte	0xff
 264 00d6 09       		.uleb128 0x9
 265 00d7 00000000 		.4byte	.LASF23
 266 00db 01       		.byte	0x1
 267 00dc 5E       		.byte	0x5e
 268 00dd 6B000000 		.4byte	0x6b
 269 00e1 2A000000 		.4byte	.LLST1
 270 00e5 0A       		.uleb128 0xa
 271 00e6 10000000 		.4byte	.LVL8
 272 00ea 2F010000 		.4byte	0x12f
 273 00ee 07       		.uleb128 0x7
 274 00ef 16000000 		.4byte	.LVL9
 275 00f3 3A010000 		.4byte	0x13a
 276 00f7 08       		.uleb128 0x8
 277 00f8 01       		.uleb128 0x1
ARM GAS  C:\Users\CALEBC~1\AppData\Local\Temp\ccrEEWCn.s 			page 9


 278 00f9 50       		.byte	0x50
 279 00fa 02       		.uleb128 0x2
 280 00fb 74       		.byte	0x74
 281 00fc 00       		.sleb128 0
 282 00fd 00       		.byte	0
 283 00fe 00       		.byte	0
 284 00ff 05       		.uleb128 0x5
 285 0100 08000000 		.4byte	.LASF14
 286 0104 01       		.byte	0x1
 287 0105 AC       		.byte	0xac
 288 0106 00000000 		.4byte	.LFB2
 289 010a 1C000000 		.4byte	.LFE2-.LFB2
 290 010e 01       		.uleb128 0x1
 291 010f 9C       		.byte	0x9c
 292 0110 1E010000 		.4byte	0x11e
 293 0114 0A       		.uleb128 0xa
 294 0115 0E000000 		.4byte	.LVL10
 295 0119 2F010000 		.4byte	0x12f
 296 011d 00       		.byte	0
 297 011e 0B       		.uleb128 0xb
 298 011f E6010000 		.4byte	.LASF16
 299 0123 01       		.byte	0x1
 300 0124 14       		.byte	0x14
 301 0125 6B000000 		.4byte	0x6b
 302 0129 05       		.uleb128 0x5
 303 012a 03       		.byte	0x3
 304 012b 00000000 		.4byte	AMux_lastChannel
 305 012f 0C       		.uleb128 0xc
 306 0130 DB010000 		.4byte	.LASF17
 307 0134 DB010000 		.4byte	.LASF17
 308 0138 02       		.byte	0x2
 309 0139 1B       		.byte	0x1b
 310 013a 0C       		.uleb128 0xc
 311 013b ED000000 		.4byte	.LASF18
 312 013f ED000000 		.4byte	.LASF18
 313 0143 02       		.byte	0x2
 314 0144 1A       		.byte	0x1a
 315 0145 00       		.byte	0
 316              		.section	.debug_abbrev,"",%progbits
 317              	.Ldebug_abbrev0:
 318 0000 01       		.uleb128 0x1
 319 0001 11       		.uleb128 0x11
 320 0002 01       		.byte	0x1
 321 0003 25       		.uleb128 0x25
 322 0004 0E       		.uleb128 0xe
 323 0005 13       		.uleb128 0x13
 324 0006 0B       		.uleb128 0xb
 325 0007 03       		.uleb128 0x3
 326 0008 0E       		.uleb128 0xe
 327 0009 1B       		.uleb128 0x1b
 328 000a 0E       		.uleb128 0xe
 329 000b 55       		.uleb128 0x55
 330 000c 17       		.uleb128 0x17
 331 000d 11       		.uleb128 0x11
 332 000e 01       		.uleb128 0x1
 333 000f 10       		.uleb128 0x10
 334 0010 17       		.uleb128 0x17
ARM GAS  C:\Users\CALEBC~1\AppData\Local\Temp\ccrEEWCn.s 			page 10


 335 0011 00       		.byte	0
 336 0012 00       		.byte	0
 337 0013 02       		.uleb128 0x2
 338 0014 24       		.uleb128 0x24
 339 0015 00       		.byte	0
 340 0016 0B       		.uleb128 0xb
 341 0017 0B       		.uleb128 0xb
 342 0018 3E       		.uleb128 0x3e
 343 0019 0B       		.uleb128 0xb
 344 001a 03       		.uleb128 0x3
 345 001b 0E       		.uleb128 0xe
 346 001c 00       		.byte	0
 347 001d 00       		.byte	0
 348 001e 03       		.uleb128 0x3
 349 001f 24       		.uleb128 0x24
 350 0020 00       		.byte	0
 351 0021 0B       		.uleb128 0xb
 352 0022 0B       		.uleb128 0xb
 353 0023 3E       		.uleb128 0x3e
 354 0024 0B       		.uleb128 0xb
 355 0025 03       		.uleb128 0x3
 356 0026 08       		.uleb128 0x8
 357 0027 00       		.byte	0
 358 0028 00       		.byte	0
 359 0029 04       		.uleb128 0x4
 360 002a 16       		.uleb128 0x16
 361 002b 00       		.byte	0
 362 002c 03       		.uleb128 0x3
 363 002d 0E       		.uleb128 0xe
 364 002e 3A       		.uleb128 0x3a
 365 002f 0B       		.uleb128 0xb
 366 0030 3B       		.uleb128 0x3b
 367 0031 05       		.uleb128 0x5
 368 0032 49       		.uleb128 0x49
 369 0033 13       		.uleb128 0x13
 370 0034 00       		.byte	0
 371 0035 00       		.byte	0
 372 0036 05       		.uleb128 0x5
 373 0037 2E       		.uleb128 0x2e
 374 0038 01       		.byte	0x1
 375 0039 3F       		.uleb128 0x3f
 376 003a 19       		.uleb128 0x19
 377 003b 03       		.uleb128 0x3
 378 003c 0E       		.uleb128 0xe
 379 003d 3A       		.uleb128 0x3a
 380 003e 0B       		.uleb128 0xb
 381 003f 3B       		.uleb128 0x3b
 382 0040 0B       		.uleb128 0xb
 383 0041 27       		.uleb128 0x27
 384 0042 19       		.uleb128 0x19
 385 0043 11       		.uleb128 0x11
 386 0044 01       		.uleb128 0x1
 387 0045 12       		.uleb128 0x12
 388 0046 06       		.uleb128 0x6
 389 0047 40       		.uleb128 0x40
 390 0048 18       		.uleb128 0x18
 391 0049 9742     		.uleb128 0x2117
ARM GAS  C:\Users\CALEBC~1\AppData\Local\Temp\ccrEEWCn.s 			page 11


 392 004b 19       		.uleb128 0x19
 393 004c 01       		.uleb128 0x1
 394 004d 13       		.uleb128 0x13
 395 004e 00       		.byte	0
 396 004f 00       		.byte	0
 397 0050 06       		.uleb128 0x6
 398 0051 34       		.uleb128 0x34
 399 0052 00       		.byte	0
 400 0053 03       		.uleb128 0x3
 401 0054 0E       		.uleb128 0xe
 402 0055 3A       		.uleb128 0x3a
 403 0056 0B       		.uleb128 0xb
 404 0057 3B       		.uleb128 0x3b
 405 0058 0B       		.uleb128 0xb
 406 0059 49       		.uleb128 0x49
 407 005a 13       		.uleb128 0x13
 408 005b 02       		.uleb128 0x2
 409 005c 17       		.uleb128 0x17
 410 005d 00       		.byte	0
 411 005e 00       		.byte	0
 412 005f 07       		.uleb128 0x7
 413 0060 898201   		.uleb128 0x4109
 414 0063 01       		.byte	0x1
 415 0064 11       		.uleb128 0x11
 416 0065 01       		.uleb128 0x1
 417 0066 31       		.uleb128 0x31
 418 0067 13       		.uleb128 0x13
 419 0068 00       		.byte	0
 420 0069 00       		.byte	0
 421 006a 08       		.uleb128 0x8
 422 006b 8A8201   		.uleb128 0x410a
 423 006e 00       		.byte	0
 424 006f 02       		.uleb128 0x2
 425 0070 18       		.uleb128 0x18
 426 0071 9142     		.uleb128 0x2111
 427 0073 18       		.uleb128 0x18
 428 0074 00       		.byte	0
 429 0075 00       		.byte	0
 430 0076 09       		.uleb128 0x9
 431 0077 05       		.uleb128 0x5
 432 0078 00       		.byte	0
 433 0079 03       		.uleb128 0x3
 434 007a 0E       		.uleb128 0xe
 435 007b 3A       		.uleb128 0x3a
 436 007c 0B       		.uleb128 0xb
 437 007d 3B       		.uleb128 0x3b
 438 007e 0B       		.uleb128 0xb
 439 007f 49       		.uleb128 0x49
 440 0080 13       		.uleb128 0x13
 441 0081 02       		.uleb128 0x2
 442 0082 17       		.uleb128 0x17
 443 0083 00       		.byte	0
 444 0084 00       		.byte	0
 445 0085 0A       		.uleb128 0xa
 446 0086 898201   		.uleb128 0x4109
 447 0089 00       		.byte	0
 448 008a 11       		.uleb128 0x11
ARM GAS  C:\Users\CALEBC~1\AppData\Local\Temp\ccrEEWCn.s 			page 12


 449 008b 01       		.uleb128 0x1
 450 008c 31       		.uleb128 0x31
 451 008d 13       		.uleb128 0x13
 452 008e 00       		.byte	0
 453 008f 00       		.byte	0
 454 0090 0B       		.uleb128 0xb
 455 0091 34       		.uleb128 0x34
 456 0092 00       		.byte	0
 457 0093 03       		.uleb128 0x3
 458 0094 0E       		.uleb128 0xe
 459 0095 3A       		.uleb128 0x3a
 460 0096 0B       		.uleb128 0xb
 461 0097 3B       		.uleb128 0x3b
 462 0098 0B       		.uleb128 0xb
 463 0099 49       		.uleb128 0x49
 464 009a 13       		.uleb128 0x13
 465 009b 02       		.uleb128 0x2
 466 009c 18       		.uleb128 0x18
 467 009d 00       		.byte	0
 468 009e 00       		.byte	0
 469 009f 0C       		.uleb128 0xc
 470 00a0 2E       		.uleb128 0x2e
 471 00a1 00       		.byte	0
 472 00a2 3F       		.uleb128 0x3f
 473 00a3 19       		.uleb128 0x19
 474 00a4 3C       		.uleb128 0x3c
 475 00a5 19       		.uleb128 0x19
 476 00a6 6E       		.uleb128 0x6e
 477 00a7 0E       		.uleb128 0xe
 478 00a8 03       		.uleb128 0x3
 479 00a9 0E       		.uleb128 0xe
 480 00aa 3A       		.uleb128 0x3a
 481 00ab 0B       		.uleb128 0xb
 482 00ac 3B       		.uleb128 0x3b
 483 00ad 0B       		.uleb128 0xb
 484 00ae 00       		.byte	0
 485 00af 00       		.byte	0
 486 00b0 00       		.byte	0
 487              		.section	.debug_loc,"",%progbits
 488              	.Ldebug_loc0:
 489              	.LLST0:
 490 0000 02000000 		.4byte	.LVL0
 491 0004 06000000 		.4byte	.LVL1
 492 0008 0200     		.2byte	0x2
 493 000a 30       		.byte	0x30
 494 000b 9F       		.byte	0x9f
 495 000c 06000000 		.4byte	.LVL1
 496 0010 0E000000 		.4byte	.LVL3
 497 0014 0100     		.2byte	0x1
 498 0016 54       		.byte	0x54
 499 0017 10000000 		.4byte	.LVL4
 500 001b 1C000000 		.4byte	.LVL5
 501 001f 0100     		.2byte	0x1
 502 0021 54       		.byte	0x54
 503 0022 00000000 		.4byte	0
 504 0026 00000000 		.4byte	0
 505              	.LLST1:
ARM GAS  C:\Users\CALEBC~1\AppData\Local\Temp\ccrEEWCn.s 			page 13


 506 002a 00000000 		.4byte	.LVL6
 507 002e 08000000 		.4byte	.LVL7
 508 0032 0100     		.2byte	0x1
 509 0034 50       		.byte	0x50
 510 0035 08000000 		.4byte	.LVL7
 511 0039 20000000 		.4byte	.LFE1
 512 003d 0400     		.2byte	0x4
 513 003f F3       		.byte	0xf3
 514 0040 01       		.uleb128 0x1
 515 0041 50       		.byte	0x50
 516 0042 9F       		.byte	0x9f
 517 0043 00000000 		.4byte	0
 518 0047 00000000 		.4byte	0
 519              		.section	.debug_aranges,"",%progbits
 520 0000 2C000000 		.4byte	0x2c
 521 0004 0200     		.2byte	0x2
 522 0006 00000000 		.4byte	.Ldebug_info0
 523 000a 04       		.byte	0x4
 524 000b 00       		.byte	0
 525 000c 0000     		.2byte	0
 526 000e 0000     		.2byte	0
 527 0010 00000000 		.4byte	.LFB0
 528 0014 20000000 		.4byte	.LFE0-.LFB0
 529 0018 00000000 		.4byte	.LFB1
 530 001c 20000000 		.4byte	.LFE1-.LFB1
 531 0020 00000000 		.4byte	.LFB2
 532 0024 1C000000 		.4byte	.LFE2-.LFB2
 533 0028 00000000 		.4byte	0
 534 002c 00000000 		.4byte	0
 535              		.section	.debug_ranges,"",%progbits
 536              	.Ldebug_ranges0:
 537 0000 00000000 		.4byte	.LFB0
 538 0004 20000000 		.4byte	.LFE0
 539 0008 00000000 		.4byte	.LFB1
 540 000c 20000000 		.4byte	.LFE1
 541 0010 00000000 		.4byte	.LFB2
 542 0014 1C000000 		.4byte	.LFE2
 543 0018 00000000 		.4byte	0
 544 001c 00000000 		.4byte	0
 545              		.section	.debug_line,"",%progbits
 546              	.Ldebug_line0:
 547 0000 A4000000 		.section	.debug_str,"MS",%progbits,1
 547      02005300 
 547      00000201 
 547      FB0E0D00 
 547      01010101 
 548              	.LASF23:
 549 0000 6368616E 		.ascii	"channel\000"
 549      6E656C00 
 550              	.LASF14:
 551 0008 414D7578 		.ascii	"AMux_DisconnectAll\000"
 551      5F446973 
 551      636F6E6E 
 551      65637441 
 551      6C6C00
 552              	.LASF9:
 553 001b 666C6F61 		.ascii	"float\000"
ARM GAS  C:\Users\CALEBC~1\AppData\Local\Temp\ccrEEWCn.s 			page 14


 553      7400
 554              	.LASF1:
 555 0021 756E7369 		.ascii	"unsigned char\000"
 555      676E6564 
 555      20636861 
 555      7200
 556              	.LASF19:
 557 002f 474E5520 		.ascii	"GNU C11 5.4.1 20160609 (release) [ARM/embedded-5-br"
 557      43313120 
 557      352E342E 
 557      31203230 
 557      31363036 
 558 0062 616E6368 		.ascii	"anch revision 237715] -mcpu=cortex-m3 -mthumb -g -O"
 558      20726576 
 558      6973696F 
 558      6E203233 
 558      37373135 
 559 0095 67202D66 		.ascii	"g -ffunction-sections -ffat-lto-objects\000"
 559      66756E63 
 559      74696F6E 
 559      2D736563 
 559      74696F6E 
 560              	.LASF12:
 561 00bd 414D7578 		.ascii	"AMux_Start\000"
 561      5F537461 
 561      727400
 562              	.LASF5:
 563 00c8 6C6F6E67 		.ascii	"long unsigned int\000"
 563      20756E73 
 563      69676E65 
 563      6420696E 
 563      7400
 564              	.LASF3:
 565 00da 73686F72 		.ascii	"short unsigned int\000"
 565      7420756E 
 565      7369676E 
 565      65642069 
 565      6E7400
 566              	.LASF18:
 567 00ed 414D7578 		.ascii	"AMux_Set\000"
 567      5F536574 
 567      00
 568              	.LASF10:
 569 00f6 646F7562 		.ascii	"double\000"
 569      6C6500
 570              	.LASF8:
 571 00fd 756E7369 		.ascii	"unsigned int\000"
 571      676E6564 
 571      20696E74 
 571      00
 572              	.LASF7:
 573 010a 6C6F6E67 		.ascii	"long long unsigned int\000"
 573      206C6F6E 
 573      6720756E 
 573      7369676E 
 573      65642069 
 574              	.LASF13:
ARM GAS  C:\Users\CALEBC~1\AppData\Local\Temp\ccrEEWCn.s 			page 15


 575 0121 414D7578 		.ascii	"AMux_FastSelect\000"
 575      5F466173 
 575      7453656C 
 575      65637400 
 576              	.LASF21:
 577 0131 433A5C55 		.ascii	"C:\\Users\\Caleb Cotter\\Documents\\GitHub\\3HC\\3H"
 577      73657273 
 577      5C43616C 
 577      65622043 
 577      6F747465 
 578 015e 435F4669 		.ascii	"C_Firmware\\3HC_Firmware_0_1.cydsn\000"
 578      726D7761 
 578      72655C33 
 578      48435F46 
 578      69726D77 
 579              	.LASF6:
 580 0180 6C6F6E67 		.ascii	"long long int\000"
 580      206C6F6E 
 580      6720696E 
 580      7400
 581              	.LASF11:
 582 018e 63686172 		.ascii	"char\000"
 582      00
 583              	.LASF15:
 584 0193 6368616E 		.ascii	"chan\000"
 584      00
 585              	.LASF2:
 586 0198 73686F72 		.ascii	"short int\000"
 586      7420696E 
 586      7400
 587              	.LASF22:
 588 01a2 75696E74 		.ascii	"uint8\000"
 588      3800
 589              	.LASF20:
 590 01a8 47656E65 		.ascii	"Generated_Source\\PSoC5\\AMux.c\000"
 590      72617465 
 590      645F536F 
 590      75726365 
 590      5C50536F 
 591              	.LASF4:
 592 01c6 6C6F6E67 		.ascii	"long int\000"
 592      20696E74 
 592      00
 593              	.LASF0:
 594 01cf 7369676E 		.ascii	"signed char\000"
 594      65642063 
 594      68617200 
 595              	.LASF17:
 596 01db 414D7578 		.ascii	"AMux_Unset\000"
 596      5F556E73 
 596      657400
 597              	.LASF16:
 598 01e6 414D7578 		.ascii	"AMux_lastChannel\000"
 598      5F6C6173 
 598      74436861 
 598      6E6E656C 
 598      00
ARM GAS  C:\Users\CALEBC~1\AppData\Local\Temp\ccrEEWCn.s 			page 16


 599              		.ident	"GCC: (GNU Tools for ARM Embedded Processors) 5.4.1 20160609 (release) [ARM/embedded-5-bran
